Initialized native services in: C:\Users\Administrator\.gradle\native
Initialized jansi services in: C:\Users\Administrator\.gradle\native
To honour the JVM settings for this build a single-use Daemon process will be forked. For more on this, please refer to https://docs.gradle.org/8.11.1/userguide/gradle_daemon.html#sec:disabling_the_daemon in the Gradle documentation.
Starting process 'Gradle build daemon'. Working directory: C:\Users\Administrator\.gradle\daemon\8.11.1 Command: C:\Program Files\Android\Android Studio\jbr\bin\java.exe --add-opens=java.base/java.lang=ALL-UNNAMED --add-opens=java.base/java.lang.invoke=ALL-UNNAMED --add-opens=java.base/java.util=ALL-UNNAMED --add-opens=java.prefs/java.util.prefs=ALL-UNNAMED --add-exports=jdk.compiler/com.sun.tools.javac.api=ALL-UNNAMED --add-exports=jdk.compiler/com.sun.tools.javac.util=ALL-UNNAMED --add-opens=java.base/java.util=ALL-UNNAMED --add-opens=java.prefs/java.util.prefs=ALL-UNNAMED --add-opens=java.base/java.nio.charset=ALL-UNNAMED --add-opens=java.base/java.net=ALL-UNNAMED --add-opens=java.base/java.util.concurrent.atomic=ALL-UNNAMED --add-opens=java.xml/javax.xml.namespace=ALL-UNNAMED -Xmx2048m -Dfile.encoding=UTF-8 -Duser.country=US -Duser.language=en -Duser.variant -cp C:\Users\Administrator\.gradle\wrapper\dists\gradle-8.11.1-all\2qik7nd48slq1ooc2496ixf4i\gradle-8.11.1\lib\gradle-daemon-main-8.11.1.jar -javaagent:C:\Users\Administrator\.gradle\wrapper\dists\gradle-8.11.1-all\2qik7nd48slq1ooc2496ixf4i\gradle-8.11.1\lib\agents\gradle-instrumentation-agent-8.11.1.jar org.gradle.launcher.daemon.bootstrap.GradleDaemon 8.11.1
Successfully started process 'Gradle build daemon'
An attempt to start the daemon took 11.041 secs.
The client will now receive all logging from the daemon (pid: 10500). The daemon log file: C:\Users\Administrator\.gradle\daemon\8.11.1\daemon-10500.out.log
Daemon will be stopped at the end of the build 
Using 4 worker leases.
Received JVM installation metadata from 'C:\Program Files\Android\Android Studio\jbr': {JAVA_HOME=C:\Program Files\Android\Android Studio\jbr, JAVA_VERSION=21.0.5, JAVA_VENDOR=JetBrains s.r.o., RUNTIME_NAME=OpenJDK Runtime Environment, RUNTIME_VERSION=21.0.5+-13047016-b750.29, VM_NAME=OpenJDK 64-Bit Server VM, VM_VERSION=21.0.5+-13047016-b750.29, VM_VENDOR=JetBrains s.r.o., OS_ARCH=amd64}
Watching the file system is configured to be enabled if available
Now considering [C:\Users\Administrator\Desktop\new app - Copy - Copy\nsfw-shield] as hierarchies to watch
File system watching is active
Starting Build
Settings evaluated using settings file 'C:\Users\Administrator\Desktop\new app - Copy - Copy\nsfw-shield\settings.gradle.kts'.
Using local directory build cache for the root build (location = C:\Users\Administrator\.gradle\caches\build-cache-1, remove unused entries = after 7 days).
Projects loaded. Root project using build file 'C:\Users\Administrator\Desktop\new app - Copy - Copy\nsfw-shield\build.gradle.kts'.
Included projects: [root project 'NSFWShield', project ':app']

> Configure project :
Evaluating root project 'NSFWShield' using build file 'C:\Users\Administrator\Desktop\new app - Copy - Copy\nsfw-shield\build.gradle.kts'.
Transforming hilt-android-gradle-plugin-2.50.jar (com.google.dagger:hilt-android-gradle-plugin:2.50) with InstrumentationAnalysisTransform
Transforming gradle-8.2.2.jar (com.android.tools.build:gradle:8.2.2) with InstrumentationAnalysisTransform
Transforming symbol-processing-gradle-plugin-1.9.22-1.0.17.jar (com.google.devtools.ksp:symbol-processing-gradle-plugin:1.9.22-1.0.17) with InstrumentationAnalysisTransform
Transforming gradle-settings-api-8.2.2.jar (com.android.tools.build:gradle-settings-api:8.2.2) with InstrumentationAnalysisTransform
Transforming lint-model-31.2.2.jar (com.android.tools.lint:lint-model:31.2.2) with InstrumentationAnalysisTransform
Transforming builder-8.2.2.jar (com.android.tools.build:builder:8.2.2) with InstrumentationAnalysisTransform
Transforming manifest-merger-31.2.2.jar (com.android.tools.build:manifest-merger:31.2.2) with InstrumentationAnalysisTransform
Transforming sdk-common-31.2.2.jar (com.android.tools:sdk-common:31.2.2) with InstrumentationAnalysisTransform
Transforming sdklib-31.2.2.jar (com.android.tools:sdklib:31.2.2) with InstrumentationAnalysisTransform
Transforming repository-31.2.2.jar (com.android.tools:repository:31.2.2) with InstrumentationAnalysisTransform
Transforming aaptcompiler-8.2.2.jar (com.android.tools.build:aaptcompiler:8.2.2) with InstrumentationAnalysisTransform
Transforming tracker-31.2.2.jar (com.android.tools.analytics-library:tracker:31.2.2) with InstrumentationAnalysisTransform
Transforming shared-31.2.2.jar (com.android.tools.analytics-library:shared:31.2.2) with InstrumentationAnalysisTransform
Transforming databinding-compiler-common-8.2.2.jar (androidx.databinding:databinding-compiler-common:8.2.2) with InstrumentationAnalysisTransform
Transforming android-test-plugin-host-emulator-control-proto-31.2.2.jar (com.android.tools.utp:android-test-plugin-host-emulator-control-proto:31.2.2) with InstrumentationAnalysisTransform
Transforming android-test-plugin-host-retention-proto-31.2.2.jar (com.android.tools.utp:android-test-plugin-host-retention-proto:31.2.2) with InstrumentationAnalysisTransform
Transforming builder-model-8.2.2.jar (com.android.tools.build:builder-model:8.2.2) with InstrumentationAnalysisTransform
Transforming gradle-api-8.2.2.jar (com.android.tools.build:gradle-api:8.2.2) with InstrumentationAnalysisTransform
Transforming symbol-processing-api-1.9.22-1.0.17.jar (com.google.devtools.ksp:symbol-processing-api:1.9.22-1.0.17) with InstrumentationAnalysisTransform
Transforming symbol-processing-common-deps-1.9.22-1.0.17.jar (com.google.devtools.ksp:symbol-processing-common-deps:1.9.22-1.0.17) with InstrumentationAnalysisTransform
Transforming builder-test-api-8.2.2.jar (com.android.tools.build:builder-test-api:8.2.2) with InstrumentationAnalysisTransform
Transforming ddmlib-31.2.2.jar (com.android.tools.ddms:ddmlib:31.2.2) with InstrumentationAnalysisTransform
Transforming layoutlib-api-31.2.2.jar (com.android.tools.layoutlib:layoutlib-api:31.2.2) with InstrumentationAnalysisTransform
Transforming dvlib-31.2.2.jar (com.android.tools:dvlib:31.2.2) with InstrumentationAnalysisTransform
Transforming common-31.2.2.jar (com.android.tools:common:31.2.2) with InstrumentationAnalysisTransform
Transforming kotlin-stdlib-jdk8-1.9.0.jar (org.jetbrains.kotlin:kotlin-stdlib-jdk8:1.9.0) with InstrumentationAnalysisTransform
Transforming jetifier-processor-1.0.0-beta10.jar (com.android.tools.build.jetifier:jetifier-processor:1.0.0-beta10) with InstrumentationAnalysisTransform
Transforming jetifier-core-1.0.0-beta10.jar (com.android.tools.build.jetifier:jetifier-core:1.0.0-beta10) with InstrumentationAnalysisTransform
Transforming kotlin-reflect-2.0.20.jar (org.jetbrains.kotlin:kotlin-reflect:2.0.20) with InstrumentationAnalysisTransform
Transforming kotlin-stdlib-jdk7-1.9.0.jar (org.jetbrains.kotlin:kotlin-stdlib-jdk7:1.9.0) with InstrumentationAnalysisTransform
Transforming kotlin-stdlib-2.0.20.jar (org.jetbrains.kotlin:kotlin-stdlib:2.0.20) with InstrumentationAnalysisTransform
Transforming annotations-13.0.jar (org.jetbrains:annotations:13.0) with InstrumentationAnalysisTransform
Transforming kotlin-gradle-plugin-model-1.9.22.jar (org.jetbrains.kotlin:kotlin-gradle-plugin-model:1.9.22) with InstrumentationAnalysisTransform
Transforming kotlin-gradle-plugin-api-1.9.22.jar (org.jetbrains.kotlin:kotlin-gradle-plugin-api:1.9.22) with InstrumentationAnalysisTransform
Transforming kotlin-gradle-plugin-1.9.22-gradle82.jar (org.jetbrains.kotlin:kotlin-gradle-plugin:1.9.22) with InstrumentationAnalysisTransform
Transforming bundletool-1.15.2.jar (com.android.tools.build:bundletool:1.15.2) with InstrumentationAnalysisTransform
Transforming aapt2-proto-8.2.2-10154469.jar (com.android.tools.build:aapt2-proto:8.2.2-10154469) with InstrumentationAnalysisTransform
Transforming crash-31.2.2.jar (com.android.tools.analytics-library:crash:31.2.2) with InstrumentationAnalysisTransform
Transforming lint-typedef-remover-31.2.2.jar (com.android.tools.lint:lint-typedef-remover:31.2.2) with InstrumentationAnalysisTransform
Transforming databinding-common-8.2.2.jar (androidx.databinding:databinding-common:8.2.2) with InstrumentationAnalysisTransform
Transforming baseLibrary-8.2.2.jar (com.android.databinding:baseLibrary:8.2.2) with InstrumentationAnalysisTransform
Transforming android-device-provider-ddmlib-proto-31.2.2.jar (com.android.tools.utp:android-device-provider-ddmlib-proto:31.2.2) with InstrumentationAnalysisTransform
Transforming android-device-provider-gradle-proto-31.2.2.jar (com.android.tools.utp:android-device-provider-gradle-proto:31.2.2) with InstrumentationAnalysisTransform
Transforming android-test-plugin-host-additional-test-output-proto-31.2.2.jar (com.android.tools.utp:android-test-plugin-host-additional-test-output-proto:31.2.2) with InstrumentationAnalysisTransform
Transforming android-test-plugin-host-coverage-proto-31.2.2.jar (com.android.tools.utp:android-test-plugin-host-coverage-proto:31.2.2) with InstrumentationAnalysisTransform
Transforming android-test-plugin-host-logcat-proto-31.2.2.jar (com.android.tools.utp:android-test-plugin-host-logcat-proto:31.2.2) with InstrumentationAnalysisTransform
Transforming android-test-plugin-host-apk-installer-proto-31.2.2.jar (com.android.tools.utp:android-test-plugin-host-apk-installer-proto:31.2.2) with InstrumentationAnalysisTransform
Transforming android-test-plugin-result-listener-gradle-proto-31.2.2.jar (com.android.tools.utp:android-test-plugin-result-listener-gradle-proto:31.2.2) with InstrumentationAnalysisTransform
Transforming transform-api-2.0.0-deprecated-use-gradle-api.jar (com.android.tools.build:transform-api:2.0.0-deprecated-use-gradle-api) with InstrumentationAnalysisTransform
Transforming httpmime-4.5.6.jar (org.apache.httpcomponents:httpmime:4.5.6) with InstrumentationAnalysisTransform
Transforming commons-io-2.4.jar (commons-io:commons-io:2.4) with InstrumentationAnalysisTransform
Transforming asm-commons-9.2.jar (org.ow2.asm:asm-commons:9.2) with InstrumentationAnalysisTransform
Transforming asm-util-9.2.jar (org.ow2.asm:asm-util:9.2) with InstrumentationAnalysisTransform
Transforming asm-analysis-9.2.jar (org.ow2.asm:asm-analysis:9.2) with InstrumentationAnalysisTransform
Transforming asm-tree-9.2.jar (org.ow2.asm:asm-tree:9.2) with InstrumentationAnalysisTransform
Transforming asm-9.6.jar (org.ow2.asm:asm:9.6) with InstrumentationAnalysisTransform
Transforming apkzlib-8.2.2.jar (com.android.tools.build:apkzlib:8.2.2) with InstrumentationAnalysisTransform
Transforming bcpkix-jdk15on-1.67.jar (org.bouncycastle:bcpkix-jdk15on:1.67) with InstrumentationAnalysisTransform
Transforming jaxb-runtime-2.3.2.jar (org.glassfish.jaxb:jaxb-runtime:2.3.2) with InstrumentationAnalysisTransform
Transforming jopt-simple-4.9.jar (net.sf.jopt-simple:jopt-simple:4.9) with InstrumentationAnalysisTransform
Transforming javapoet-1.13.0.jar (com.squareup:javapoet:1.13.0) with InstrumentationAnalysisTransform
Transforming protobuf-java-util-3.19.3.jar (com.google.protobuf:protobuf-java-util:3.19.3) with InstrumentationAnalysisTransform
Transforming grpc-protobuf-1.45.1.jar (io.grpc:grpc-protobuf:1.45.1) with InstrumentationAnalysisTransform
Transforming tink-1.7.0.jar (com.google.crypto.tink:tink:1.7.0) with InstrumentationAnalysisTransform
Transforming protos-31.2.2.jar (com.android.tools.analytics-library:protos:31.2.2) with InstrumentationAnalysisTransform
Transforming proto-google-common-protos-2.0.1.jar (com.google.api.grpc:proto-google-common-protos:2.0.1) with InstrumentationAnalysisTransform
Transforming protobuf-java-3.19.3.jar (com.google.protobuf:protobuf-java:3.19.3) with InstrumentationAnalysisTransform
Transforming grpc-netty-1.45.1.jar (io.grpc:grpc-netty:1.45.1) with InstrumentationAnalysisTransform
Transforming grpc-core-1.45.1.jar (io.grpc:grpc-core:1.45.1) with InstrumentationAnalysisTransform
Transforming gson-2.10.jar (com.google.code.gson:gson:2.10) with InstrumentationAnalysisTransform
Transforming grpc-stub-1.45.1.jar (io.grpc:grpc-stub:1.45.1) with InstrumentationAnalysisTransform
Transforming core-proto-0.0.8-alpha08.jar (com.google.testing.platform:core-proto:0.0.8-alpha08) with InstrumentationAnalysisTransform
Transforming tensorflow-lite-metadata-0.1.0-rc2.jar (org.tensorflow:tensorflow-lite-metadata:0.1.0-rc2) with InstrumentationAnalysisTransform
Transforming flatbuffers-java-1.12.0.jar (com.google.flatbuffers:flatbuffers-java:1.12.0) with InstrumentationAnalysisTransform
Transforming kotlin-gradle-plugin-idea-proto-1.9.22.jar (org.jetbrains.kotlin:kotlin-gradle-plugin-idea-proto:1.9.22) with InstrumentationAnalysisTransform
Transforming kotlin-gradle-plugin-idea-1.9.22.jar (org.jetbrains.kotlin:kotlin-gradle-plugin-idea:1.9.22) with InstrumentationAnalysisTransform
Transforming kotlin-klib-commonizer-api-1.9.22.jar (org.jetbrains.kotlin:kotlin-klib-commonizer-api:1.9.22) with InstrumentationAnalysisTransform
Transforming kotlin-native-utils-1.9.22.jar (org.jetbrains.kotlin:kotlin-native-utils:1.9.22) with InstrumentationAnalysisTransform
Transforming kotlin-util-klib-1.9.22.jar (org.jetbrains.kotlin:kotlin-util-klib:1.9.22) with InstrumentationAnalysisTransform
Transforming kotlin-build-tools-api-1.9.22.jar (org.jetbrains.kotlin:kotlin-build-tools-api:1.9.22) with InstrumentationAnalysisTransform
Transforming kotlin-android-extensions-1.9.22.jar (org.jetbrains.kotlin:kotlin-android-extensions:1.9.22) with InstrumentationAnalysisTransform
Transforming kotlin-compiler-runner-1.9.22.jar (org.jetbrains.kotlin:kotlin-compiler-runner:1.9.22) with InstrumentationAnalysisTransform
Transforming kotlin-compiler-embeddable-1.9.22.jar (org.jetbrains.kotlin:kotlin-compiler-embeddable:1.9.22) with InstrumentationAnalysisTransform
Transforming kotlin-scripting-compiler-embeddable-1.9.22.jar (org.jetbrains.kotlin:kotlin-scripting-compiler-embeddable:1.9.22) with InstrumentationAnalysisTransform
Transforming kotlin-scripting-compiler-impl-embeddable-1.9.22.jar (org.jetbrains.kotlin:kotlin-scripting-compiler-impl-embeddable:1.9.22) with InstrumentationAnalysisTransform
Transforming jimfs-1.1.jar (com.google.jimfs:jimfs:1.1) with InstrumentationAnalysisTransform
Transforming grpc-protobuf-lite-1.45.1.jar (io.grpc:grpc-protobuf-lite:1.45.1) with InstrumentationAnalysisTransform
Transforming grpc-api-1.45.1.jar (io.grpc:grpc-api:1.45.1) with InstrumentationAnalysisTransform
Transforming guava-31.1-jre.jar (com.google.guava:guava:31.1-jre) with InstrumentationAnalysisTransform
Transforming dagger-2.28.3.jar (com.google.dagger:dagger:2.28.3) with InstrumentationAnalysisTransform
Transforming javax.inject-1.jar (javax.inject:javax.inject:1) with InstrumentationAnalysisTransform
Transforming kxml2-2.3.0.jar (net.sf.kxml:kxml2:2.3.0) with InstrumentationAnalysisTransform
Transforming bcprov-jdk15on-1.67.jar (org.bouncycastle:bcprov-jdk15on:1.67) with InstrumentationAnalysisTransform
Transforming trove4j-1.0.20200330.jar (org.jetbrains.intellij.deps:trove4j:1.0.20200330) with InstrumentationAnalysisTransform
Transforming xercesImpl-2.12.0.jar (xerces:xercesImpl:2.12.0) with InstrumentationAnalysisTransform
Transforming commons-compress-1.21.jar (org.apache.commons:commons-compress:1.21) with InstrumentationAnalysisTransform
Transforming httpclient-4.5.14.jar (org.apache.httpcomponents:httpclient:4.5.14) with InstrumentationAnalysisTransform
Transforming httpcore-4.4.16.jar (org.apache.httpcomponents:httpcore:4.4.16) with InstrumentationAnalysisTransform
Transforming javax.activation-1.2.0.jar (com.sun.activation:javax.activation:1.2.0) with InstrumentationAnalysisTransform
Transforming signflinger-8.2.2.jar (com.android:signflinger:8.2.2) with InstrumentationAnalysisTransform
Transforming zipflinger-8.2.2.jar (com.android:zipflinger:8.2.2) with InstrumentationAnalysisTransform
Transforming annotations-31.2.2.jar (com.android.tools:annotations:31.2.2) with InstrumentationAnalysisTransform
Transforming jna-platform-5.6.0.jar (net.java.dev.jna:jna-platform:5.6.0) with InstrumentationAnalysisTransform
Transforming juniversalchardet-1.0.3.jar (com.googlecode.juniversalchardet:juniversalchardet:1.0.3) with InstrumentationAnalysisTransform
Transforming javax.annotation-api-1.3.2.jar (javax.annotation:javax.annotation-api:1.3.2) with InstrumentationAnalysisTransform
Transforming stax-ex-1.8.1.jar (org.jvnet.staxex:stax-ex:1.8.1) with InstrumentationAnalysisTransform
Transforming jakarta.xml.bind-api-2.3.2.jar (jakarta.xml.bind:jakarta.xml.bind-api:2.3.2) with InstrumentationAnalysisTransform
Transforming txw2-2.3.2.jar (org.glassfish.jaxb:txw2:2.3.2) with InstrumentationAnalysisTransform
Transforming istack-commons-runtime-3.0.8.jar (com.sun.istack:istack-commons-runtime:3.0.8) with InstrumentationAnalysisTransform
Transforming FastInfoset-1.2.16.jar (com.sun.xml.fastinfoset:FastInfoset:1.2.16) with InstrumentationAnalysisTransform
Transforming jakarta.activation-api-1.2.1.jar (jakarta.activation:jakarta.activation-api:1.2.1) with InstrumentationAnalysisTransform
Transforming auto-value-annotations-1.6.2.jar (com.google.auto.value:auto-value-annotations:1.6.2) with InstrumentationAnalysisTransform
Transforming error_prone_annotations-2.11.0.jar (com.google.errorprone:error_prone_annotations:2.11.0) with InstrumentationAnalysisTransform
Transforming jose4j-0.7.0.jar (org.bitbucket.b_c:jose4j:0.7.0) with InstrumentationAnalysisTransform
Transforming slf4j-api-1.7.30.jar (org.slf4j:slf4j-api:1.7.30) with InstrumentationAnalysisTransform
Transforming jdom2-2.0.6.jar (org.jdom:jdom2:2.0.6) with InstrumentationAnalysisTransform
Transforming j2objc-annotations-1.3.jar (com.google.j2objc:j2objc-annotations:1.3) with InstrumentationAnalysisTransform
Transforming jsr305-3.0.2.jar (com.google.code.findbugs:jsr305:3.0.2) with InstrumentationAnalysisTransform
Transforming annotations-4.1.1.4.jar (com.google.android:annotations:4.1.1.4) with InstrumentationAnalysisTransform
Transforming animal-sniffer-annotations-1.19.jar (org.codehaus.mojo:animal-sniffer-annotations:1.19) with InstrumentationAnalysisTransform
Transforming perfmark-api-0.23.0.jar (io.perfmark:perfmark-api:0.23.0) with InstrumentationAnalysisTransform
Transforming netty-codec-http2-4.1.72.Final.jar (io.netty:netty-codec-http2:4.1.72.Final) with InstrumentationAnalysisTransform
Transforming netty-handler-proxy-4.1.72.Final.jar (io.netty:netty-handler-proxy:4.1.72.Final) with InstrumentationAnalysisTransform
Transforming checker-qual-3.12.0.jar (org.checkerframework:checker-qual:3.12.0) with InstrumentationAnalysisTransform
Transforming commons-codec-1.11.jar (commons-codec:commons-codec:1.11) with InstrumentationAnalysisTransform
Transforming apksig-8.2.2.jar (com.android.tools.build:apksig:8.2.2) with InstrumentationAnalysisTransform
Transforming javawriter-2.5.0.jar (com.squareup:javawriter:2.5.0) with InstrumentationAnalysisTransform
Transforming kotlin-gradle-plugin-annotations-1.9.22.jar (org.jetbrains.kotlin:kotlin-gradle-plugin-annotations:1.9.22) with InstrumentationAnalysisTransform
Transforming kotlin-project-model-1.9.22.jar (org.jetbrains.kotlin:kotlin-project-model:1.9.22) with InstrumentationAnalysisTransform
Transforming kotlin-tooling-core-1.9.22.jar (org.jetbrains.kotlin:kotlin-tooling-core:1.9.22) with InstrumentationAnalysisTransform
Transforming kotlin-util-io-1.9.22.jar (org.jetbrains.kotlin:kotlin-util-io:1.9.22) with InstrumentationAnalysisTransform
Transforming kotlin-daemon-embeddable-1.9.22.jar (org.jetbrains.kotlin:kotlin-daemon-embeddable:1.9.22) with InstrumentationAnalysisTransform
Transforming kotlin-daemon-client-1.9.22.jar (org.jetbrains.kotlin:kotlin-daemon-client:1.9.22) with InstrumentationAnalysisTransform
Transforming kotlinx-coroutines-core-jvm-1.5.0.jar (org.jetbrains.kotlinx:kotlinx-coroutines-core-jvm:1.5.0) with InstrumentationAnalysisTransform
Transforming kotlin-scripting-jvm-1.9.22.jar (org.jetbrains.kotlin:kotlin-scripting-jvm:1.9.22) with InstrumentationAnalysisTransform
Transforming kotlin-scripting-common-1.9.22.jar (org.jetbrains.kotlin:kotlin-scripting-common:1.9.22) with InstrumentationAnalysisTransform
Transforming failureaccess-1.0.1.jar (com.google.guava:failureaccess:1.0.1) with InstrumentationAnalysisTransform
Transforming listenablefuture-9999.0-empty-to-avoid-conflict-with-guava.jar (com.google.guava:listenablefuture:9999.0-empty-to-avoid-conflict-with-guava) with InstrumentationAnalysisTransform
Transforming xml-apis-1.4.01.jar (xml-apis:xml-apis:1.4.01) with InstrumentationAnalysisTransform
Transforming commons-logging-1.2.jar (commons-logging:commons-logging:1.2) with InstrumentationAnalysisTransform
Transforming jna-5.6.0.jar (net.java.dev.jna:jna:5.6.0) with InstrumentationAnalysisTransform
Transforming grpc-context-1.45.1.jar (io.grpc:grpc-context:1.45.1) with InstrumentationAnalysisTransform
Transforming netty-codec-http-4.1.72.Final.jar (io.netty:netty-codec-http:4.1.72.Final) with InstrumentationAnalysisTransform
Transforming netty-handler-4.1.72.Final.jar (io.netty:netty-handler:4.1.72.Final) with InstrumentationAnalysisTransform
Transforming netty-codec-socks-4.1.72.Final.jar (io.netty:netty-codec-socks:4.1.72.Final) with InstrumentationAnalysisTransform
Transforming netty-codec-4.1.72.Final.jar (io.netty:netty-codec:4.1.72.Final) with InstrumentationAnalysisTransform
Transforming netty-transport-4.1.72.Final.jar (io.netty:netty-transport:4.1.72.Final) with InstrumentationAnalysisTransform
Transforming netty-buffer-4.1.72.Final.jar (io.netty:netty-buffer:4.1.72.Final) with InstrumentationAnalysisTransform
Transforming netty-resolver-4.1.72.Final.jar (io.netty:netty-resolver:4.1.72.Final) with InstrumentationAnalysisTransform
Transforming netty-common-4.1.72.Final.jar (io.netty:netty-common:4.1.72.Final) with InstrumentationAnalysisTransform
Transforming netty-tcnative-classes-2.0.46.Final.jar (io.netty:netty-tcnative-classes:2.0.46.Final) with InstrumentationAnalysisTransform
Transforming hilt-android-gradle-plugin-2.50.jar (com.google.dagger:hilt-android-gradle-plugin:2.50) with InstrumentationAnalysisTransform
Transforming hilt-android-gradle-plugin-2.50.jar (com.google.dagger:hilt-android-gradle-plugin:2.50) with MergeInstrumentationAnalysisTransform
Transforming gradle-8.2.2.jar (com.android.tools.build:gradle:8.2.2) with InstrumentationAnalysisTransform
Transforming gradle-8.2.2.jar (com.android.tools.build:gradle:8.2.2) with MergeInstrumentationAnalysisTransform
Transforming symbol-processing-gradle-plugin-1.9.22-1.0.17.jar (com.google.devtools.ksp:symbol-processing-gradle-plugin:1.9.22-1.0.17) with InstrumentationAnalysisTransform
Transforming symbol-processing-gradle-plugin-1.9.22-1.0.17.jar (com.google.devtools.ksp:symbol-processing-gradle-plugin:1.9.22-1.0.17) with MergeInstrumentationAnalysisTransform
Transforming gradle-settings-api-8.2.2.jar (com.android.tools.build:gradle-settings-api:8.2.2) with InstrumentationAnalysisTransform
Transforming gradle-settings-api-8.2.2.jar (com.android.tools.build:gradle-settings-api:8.2.2) with MergeInstrumentationAnalysisTransform
Transforming lint-model-31.2.2.jar (com.android.tools.lint:lint-model:31.2.2) with InstrumentationAnalysisTransform
Transforming lint-model-31.2.2.jar (com.android.tools.lint:lint-model:31.2.2) with MergeInstrumentationAnalysisTransform
Transforming builder-8.2.2.jar (com.android.tools.build:builder:8.2.2) with InstrumentationAnalysisTransform
Transforming builder-8.2.2.jar (com.android.tools.build:builder:8.2.2) with MergeInstrumentationAnalysisTransform
Transforming manifest-merger-31.2.2.jar (com.android.tools.build:manifest-merger:31.2.2) with InstrumentationAnalysisTransform
Transforming manifest-merger-31.2.2.jar (com.android.tools.build:manifest-merger:31.2.2) with MergeInstrumentationAnalysisTransform
Transforming sdk-common-31.2.2.jar (com.android.tools:sdk-common:31.2.2) with InstrumentationAnalysisTransform
Transforming sdk-common-31.2.2.jar (com.android.tools:sdk-common:31.2.2) with MergeInstrumentationAnalysisTransform
Transforming sdklib-31.2.2.jar (com.android.tools:sdklib:31.2.2) with InstrumentationAnalysisTransform
Transforming sdklib-31.2.2.jar (com.android.tools:sdklib:31.2.2) with MergeInstrumentationAnalysisTransform
Transforming repository-31.2.2.jar (com.android.tools:repository:31.2.2) with InstrumentationAnalysisTransform
Transforming repository-31.2.2.jar (com.android.tools:repository:31.2.2) with MergeInstrumentationAnalysisTransform
Transforming aaptcompiler-8.2.2.jar (com.android.tools.build:aaptcompiler:8.2.2) with InstrumentationAnalysisTransform
Transforming aaptcompiler-8.2.2.jar (com.android.tools.build:aaptcompiler:8.2.2) with MergeInstrumentationAnalysisTransform
Transforming tracker-31.2.2.jar (com.android.tools.analytics-library:tracker:31.2.2) with InstrumentationAnalysisTransform
Transforming tracker-31.2.2.jar (com.android.tools.analytics-library:tracker:31.2.2) with MergeInstrumentationAnalysisTransform
Transforming shared-31.2.2.jar (com.android.tools.analytics-library:shared:31.2.2) with InstrumentationAnalysisTransform
Transforming shared-31.2.2.jar (com.android.tools.analytics-library:shared:31.2.2) with MergeInstrumentationAnalysisTransform
Transforming databinding-compiler-common-8.2.2.jar (androidx.databinding:databinding-compiler-common:8.2.2) with InstrumentationAnalysisTransform
Transforming databinding-compiler-common-8.2.2.jar (androidx.databinding:databinding-compiler-common:8.2.2) with MergeInstrumentationAnalysisTransform
Transforming android-test-plugin-host-emulator-control-proto-31.2.2.jar (com.android.tools.utp:android-test-plugin-host-emulator-control-proto:31.2.2) with InstrumentationAnalysisTransform
Transforming android-test-plugin-host-emulator-control-proto-31.2.2.jar (com.android.tools.utp:android-test-plugin-host-emulator-control-proto:31.2.2) with MergeInstrumentationAnalysisTransform
Transforming android-test-plugin-host-retention-proto-31.2.2.jar (com.android.tools.utp:android-test-plugin-host-retention-proto:31.2.2) with InstrumentationAnalysisTransform
Transforming android-test-plugin-host-retention-proto-31.2.2.jar (com.android.tools.utp:android-test-plugin-host-retention-proto:31.2.2) with MergeInstrumentationAnalysisTransform
Transforming builder-model-8.2.2.jar (com.android.tools.build:builder-model:8.2.2) with InstrumentationAnalysisTransform
Transforming builder-model-8.2.2.jar (com.android.tools.build:builder-model:8.2.2) with MergeInstrumentationAnalysisTransform
Transforming gradle-api-8.2.2.jar (com.android.tools.build:gradle-api:8.2.2) with InstrumentationAnalysisTransform
Transforming gradle-api-8.2.2.jar (com.android.tools.build:gradle-api:8.2.2) with MergeInstrumentationAnalysisTransform
Transforming symbol-processing-api-1.9.22-1.0.17.jar (com.google.devtools.ksp:symbol-processing-api:1.9.22-1.0.17) with InstrumentationAnalysisTransform
Transforming symbol-processing-api-1.9.22-1.0.17.jar (com.google.devtools.ksp:symbol-processing-api:1.9.22-1.0.17) with MergeInstrumentationAnalysisTransform
Transforming symbol-processing-common-deps-1.9.22-1.0.17.jar (com.google.devtools.ksp:symbol-processing-common-deps:1.9.22-1.0.17) with InstrumentationAnalysisTransform
Transforming hilt-android-gradle-plugin-2.50.jar (com.google.dagger:hilt-android-gradle-plugin:2.50) with ExternalDependencyInstrumentingArtifactTransform
Transforming symbol-processing-gradle-plugin-1.9.22-1.0.17.jar (com.google.devtools.ksp:symbol-processing-gradle-plugin:1.9.22-1.0.17) with ExternalDependencyInstrumentingArtifactTransform
Transforming symbol-processing-common-deps-1.9.22-1.0.17.jar (com.google.devtools.ksp:symbol-processing-common-deps:1.9.22-1.0.17) with MergeInstrumentationAnalysisTransform
Transforming builder-test-api-8.2.2.jar (com.android.tools.build:builder-test-api:8.2.2) with InstrumentationAnalysisTransform
Transforming builder-test-api-8.2.2.jar (com.android.tools.build:builder-test-api:8.2.2) with MergeInstrumentationAnalysisTransform
Transforming ddmlib-31.2.2.jar (com.android.tools.ddms:ddmlib:31.2.2) with InstrumentationAnalysisTransform
Transforming ddmlib-31.2.2.jar (com.android.tools.ddms:ddmlib:31.2.2) with MergeInstrumentationAnalysisTransform
Transforming layoutlib-api-31.2.2.jar (com.android.tools.layoutlib:layoutlib-api:31.2.2) with InstrumentationAnalysisTransform
Transforming layoutlib-api-31.2.2.jar (com.android.tools.layoutlib:layoutlib-api:31.2.2) with MergeInstrumentationAnalysisTransform
Transforming dvlib-31.2.2.jar (com.android.tools:dvlib:31.2.2) with InstrumentationAnalysisTransform
Transforming dvlib-31.2.2.jar (com.android.tools:dvlib:31.2.2) with MergeInstrumentationAnalysisTransform
Transforming common-31.2.2.jar (com.android.tools:common:31.2.2) with InstrumentationAnalysisTransform
Transforming common-31.2.2.jar (com.android.tools:common:31.2.2) with MergeInstrumentationAnalysisTransform
Transforming kotlin-stdlib-jdk8-1.9.0.jar (org.jetbrains.kotlin:kotlin-stdlib-jdk8:1.9.0) with InstrumentationAnalysisTransform
Transforming kotlin-stdlib-jdk8-1.9.0.jar (org.jetbrains.kotlin:kotlin-stdlib-jdk8:1.9.0) with MergeInstrumentationAnalysisTransform
Transforming jetifier-processor-1.0.0-beta10.jar (com.android.tools.build.jetifier:jetifier-processor:1.0.0-beta10) with InstrumentationAnalysisTransform
Transforming jetifier-processor-1.0.0-beta10.jar (com.android.tools.build.jetifier:jetifier-processor:1.0.0-beta10) with MergeInstrumentationAnalysisTransform
Transforming jetifier-core-1.0.0-beta10.jar (com.android.tools.build.jetifier:jetifier-core:1.0.0-beta10) with InstrumentationAnalysisTransform
Transforming jetifier-core-1.0.0-beta10.jar (com.android.tools.build.jetifier:jetifier-core:1.0.0-beta10) with MergeInstrumentationAnalysisTransform
Transforming kotlin-reflect-2.0.20.jar (org.jetbrains.kotlin:kotlin-reflect:2.0.20) with InstrumentationAnalysisTransform
Transforming kotlin-reflect-2.0.20.jar (org.jetbrains.kotlin:kotlin-reflect:2.0.20) with MergeInstrumentationAnalysisTransform
Transforming kotlin-stdlib-jdk7-1.9.0.jar (org.jetbrains.kotlin:kotlin-stdlib-jdk7:1.9.0) with InstrumentationAnalysisTransform
Transforming kotlin-stdlib-jdk7-1.9.0.jar (org.jetbrains.kotlin:kotlin-stdlib-jdk7:1.9.0) with MergeInstrumentationAnalysisTransform
Transforming kotlin-stdlib-2.0.20.jar (org.jetbrains.kotlin:kotlin-stdlib:2.0.20) with InstrumentationAnalysisTransform
Transforming kotlin-stdlib-2.0.20.jar (org.jetbrains.kotlin:kotlin-stdlib:2.0.20) with MergeInstrumentationAnalysisTransform
Transforming annotations-13.0.jar (org.jetbrains:annotations:13.0) with InstrumentationAnalysisTransform
Transforming lint-model-31.2.2.jar (com.android.tools.lint:lint-model:31.2.2) with ExternalDependencyInstrumentingArtifactTransform
Transforming annotations-13.0.jar (org.jetbrains:annotations:13.0) with MergeInstrumentationAnalysisTransform
Transforming kotlin-gradle-plugin-model-1.9.22.jar (org.jetbrains.kotlin:kotlin-gradle-plugin-model:1.9.22) with InstrumentationAnalysisTransform
Transforming kotlin-gradle-plugin-model-1.9.22.jar (org.jetbrains.kotlin:kotlin-gradle-plugin-model:1.9.22) with MergeInstrumentationAnalysisTransform
Transforming kotlin-gradle-plugin-api-1.9.22.jar (org.jetbrains.kotlin:kotlin-gradle-plugin-api:1.9.22) with InstrumentationAnalysisTransform
Transforming kotlin-gradle-plugin-api-1.9.22.jar (org.jetbrains.kotlin:kotlin-gradle-plugin-api:1.9.22) with MergeInstrumentationAnalysisTransform
Transforming kotlin-gradle-plugin-1.9.22-gradle82.jar (org.jetbrains.kotlin:kotlin-gradle-plugin:1.9.22) with InstrumentationAnalysisTransform
Transforming kotlin-gradle-plugin-1.9.22-gradle82.jar (org.jetbrains.kotlin:kotlin-gradle-plugin:1.9.22) with MergeInstrumentationAnalysisTransform
Transforming bundletool-1.15.2.jar (com.android.tools.build:bundletool:1.15.2) with InstrumentationAnalysisTransform
Transforming bundletool-1.15.2.jar (com.android.tools.build:bundletool:1.15.2) with MergeInstrumentationAnalysisTransform
Transforming aapt2-proto-8.2.2-10154469.jar (com.android.tools.build:aapt2-proto:8.2.2-10154469) with InstrumentationAnalysisTransform
Transforming aapt2-proto-8.2.2-10154469.jar (com.android.tools.build:aapt2-proto:8.2.2-10154469) with MergeInstrumentationAnalysisTransform
Transforming crash-31.2.2.jar (com.android.tools.analytics-library:crash:31.2.2) with InstrumentationAnalysisTransform
Transforming crash-31.2.2.jar (com.android.tools.analytics-library:crash:31.2.2) with MergeInstrumentationAnalysisTransform
Transforming lint-typedef-remover-31.2.2.jar (com.android.tools.lint:lint-typedef-remover:31.2.2) with InstrumentationAnalysisTransform
Transforming lint-typedef-remover-31.2.2.jar (com.android.tools.lint:lint-typedef-remover:31.2.2) with MergeInstrumentationAnalysisTransform
Transforming databinding-common-8.2.2.jar (androidx.databinding:databinding-common:8.2.2) with InstrumentationAnalysisTransform
Transforming databinding-common-8.2.2.jar (androidx.databinding:databinding-common:8.2.2) with MergeInstrumentationAnalysisTransform
Transforming baseLibrary-8.2.2.jar (com.android.databinding:baseLibrary:8.2.2) with InstrumentationAnalysisTransform
Transforming baseLibrary-8.2.2.jar (com.android.databinding:baseLibrary:8.2.2) with MergeInstrumentationAnalysisTransform
Transforming android-device-provider-ddmlib-proto-31.2.2.jar (com.android.tools.utp:android-device-provider-ddmlib-proto:31.2.2) with InstrumentationAnalysisTransform
Transforming android-device-provider-ddmlib-proto-31.2.2.jar (com.android.tools.utp:android-device-provider-ddmlib-proto:31.2.2) with MergeInstrumentationAnalysisTransform
Transforming android-device-provider-gradle-proto-31.2.2.jar (com.android.tools.utp:android-device-provider-gradle-proto:31.2.2) with InstrumentationAnalysisTransform
Transforming android-device-provider-gradle-proto-31.2.2.jar (com.android.tools.utp:android-device-provider-gradle-proto:31.2.2) with MergeInstrumentationAnalysisTransform
Transforming android-test-plugin-host-additional-test-output-proto-31.2.2.jar (com.android.tools.utp:android-test-plugin-host-additional-test-output-proto:31.2.2) with InstrumentationAnalysisTransform
Transforming android-test-plugin-host-additional-test-output-proto-31.2.2.jar (com.android.tools.utp:android-test-plugin-host-additional-test-output-proto:31.2.2) with MergeInstrumentationAnalysisTransform
Transforming android-test-plugin-host-coverage-proto-31.2.2.jar (com.android.tools.utp:android-test-plugin-host-coverage-proto:31.2.2) with InstrumentationAnalysisTransform
Transforming android-test-plugin-host-coverage-proto-31.2.2.jar (com.android.tools.utp:android-test-plugin-host-coverage-proto:31.2.2) with MergeInstrumentationAnalysisTransform
Transforming android-test-plugin-host-logcat-proto-31.2.2.jar (com.android.tools.utp:android-test-plugin-host-logcat-proto:31.2.2) with InstrumentationAnalysisTransform
Transforming android-test-plugin-host-logcat-proto-31.2.2.jar (com.android.tools.utp:android-test-plugin-host-logcat-proto:31.2.2) with MergeInstrumentationAnalysisTransform
Transforming android-test-plugin-host-apk-installer-proto-31.2.2.jar (com.android.tools.utp:android-test-plugin-host-apk-installer-proto:31.2.2) with InstrumentationAnalysisTransform
Transforming android-test-plugin-host-apk-installer-proto-31.2.2.jar (com.android.tools.utp:android-test-plugin-host-apk-installer-proto:31.2.2) with MergeInstrumentationAnalysisTransform
Transforming android-test-plugin-result-listener-gradle-proto-31.2.2.jar (com.android.tools.utp:android-test-plugin-result-listener-gradle-proto:31.2.2) with InstrumentationAnalysisTransform
Transforming android-test-plugin-result-listener-gradle-proto-31.2.2.jar (com.android.tools.utp:android-test-plugin-result-listener-gradle-proto:31.2.2) with MergeInstrumentationAnalysisTransform
Transforming transform-api-2.0.0-deprecated-use-gradle-api.jar (com.android.tools.build:transform-api:2.0.0-deprecated-use-gradle-api) with InstrumentationAnalysisTransform
Transforming transform-api-2.0.0-deprecated-use-gradle-api.jar (com.android.tools.build:transform-api:2.0.0-deprecated-use-gradle-api) with MergeInstrumentationAnalysisTransform
Transforming httpmime-4.5.6.jar (org.apache.httpcomponents:httpmime:4.5.6) with InstrumentationAnalysisTransform
Transforming httpmime-4.5.6.jar (org.apache.httpcomponents:httpmime:4.5.6) with MergeInstrumentationAnalysisTransform
Transforming commons-io-2.4.jar (commons-io:commons-io:2.4) with InstrumentationAnalysisTransform
Transforming commons-io-2.4.jar (commons-io:commons-io:2.4) with MergeInstrumentationAnalysisTransform
Transforming asm-commons-9.2.jar (org.ow2.asm:asm-commons:9.2) with InstrumentationAnalysisTransform
Transforming asm-commons-9.2.jar (org.ow2.asm:asm-commons:9.2) with MergeInstrumentationAnalysisTransform
Transforming asm-util-9.2.jar (org.ow2.asm:asm-util:9.2) with InstrumentationAnalysisTransform
Transforming asm-util-9.2.jar (org.ow2.asm:asm-util:9.2) with MergeInstrumentationAnalysisTransform
Transforming asm-analysis-9.2.jar (org.ow2.asm:asm-analysis:9.2) with InstrumentationAnalysisTransform
Transforming asm-analysis-9.2.jar (org.ow2.asm:asm-analysis:9.2) with MergeInstrumentationAnalysisTransform
Transforming asm-tree-9.2.jar (org.ow2.asm:asm-tree:9.2) with InstrumentationAnalysisTransform
Transforming asm-tree-9.2.jar (org.ow2.asm:asm-tree:9.2) with MergeInstrumentationAnalysisTransform
Transforming asm-9.6.jar (org.ow2.asm:asm:9.6) with InstrumentationAnalysisTransform
Transforming asm-9.6.jar (org.ow2.asm:asm:9.6) with MergeInstrumentationAnalysisTransform
Transforming apkzlib-8.2.2.jar (com.android.tools.build:apkzlib:8.2.2) with InstrumentationAnalysisTransform
Transforming apkzlib-8.2.2.jar (com.android.tools.build:apkzlib:8.2.2) with MergeInstrumentationAnalysisTransform
Transforming bcpkix-jdk15on-1.67.jar (org.bouncycastle:bcpkix-jdk15on:1.67) with InstrumentationAnalysisTransform
Transforming bcpkix-jdk15on-1.67.jar (org.bouncycastle:bcpkix-jdk15on:1.67) with MergeInstrumentationAnalysisTransform
Transforming jaxb-runtime-2.3.2.jar (org.glassfish.jaxb:jaxb-runtime:2.3.2) with InstrumentationAnalysisTransform
Transforming jaxb-runtime-2.3.2.jar (org.glassfish.jaxb:jaxb-runtime:2.3.2) with MergeInstrumentationAnalysisTransform
Transforming jopt-simple-4.9.jar (net.sf.jopt-simple:jopt-simple:4.9) with InstrumentationAnalysisTransform
Transforming jopt-simple-4.9.jar (net.sf.jopt-simple:jopt-simple:4.9) with MergeInstrumentationAnalysisTransform
Transforming javapoet-1.13.0.jar (com.squareup:javapoet:1.13.0) with InstrumentationAnalysisTransform
Transforming javapoet-1.13.0.jar (com.squareup:javapoet:1.13.0) with MergeInstrumentationAnalysisTransform
Transforming protobuf-java-util-3.19.3.jar (com.google.protobuf:protobuf-java-util:3.19.3) with InstrumentationAnalysisTransform
Transforming protobuf-java-util-3.19.3.jar (com.google.protobuf:protobuf-java-util:3.19.3) with MergeInstrumentationAnalysisTransform
Transforming grpc-protobuf-1.45.1.jar (io.grpc:grpc-protobuf:1.45.1) with InstrumentationAnalysisTransform
Transforming grpc-protobuf-1.45.1.jar (io.grpc:grpc-protobuf:1.45.1) with MergeInstrumentationAnalysisTransform
Transforming gradle-settings-api-8.2.2.jar (com.android.tools.build:gradle-settings-api:8.2.2) with ExternalDependencyInstrumentingArtifactTransform
Transforming tink-1.7.0.jar (com.google.crypto.tink:tink:1.7.0) with InstrumentationAnalysisTransform
Transforming tink-1.7.0.jar (com.google.crypto.tink:tink:1.7.0) with MergeInstrumentationAnalysisTransform
Transforming protos-31.2.2.jar (com.android.tools.analytics-library:protos:31.2.2) with InstrumentationAnalysisTransform
Transforming protos-31.2.2.jar (com.android.tools.analytics-library:protos:31.2.2) with MergeInstrumentationAnalysisTransform
Transforming proto-google-common-protos-2.0.1.jar (com.google.api.grpc:proto-google-common-protos:2.0.1) with InstrumentationAnalysisTransform
Transforming proto-google-common-protos-2.0.1.jar (com.google.api.grpc:proto-google-common-protos:2.0.1) with MergeInstrumentationAnalysisTransform
Transforming protobuf-java-3.19.3.jar (com.google.protobuf:protobuf-java:3.19.3) with InstrumentationAnalysisTransform
Transforming protobuf-java-3.19.3.jar (com.google.protobuf:protobuf-java:3.19.3) with MergeInstrumentationAnalysisTransform
Transforming grpc-netty-1.45.1.jar (io.grpc:grpc-netty:1.45.1) with InstrumentationAnalysisTransform
Transforming grpc-netty-1.45.1.jar (io.grpc:grpc-netty:1.45.1) with MergeInstrumentationAnalysisTransform
Transforming grpc-core-1.45.1.jar (io.grpc:grpc-core:1.45.1) with InstrumentationAnalysisTransform
Transforming grpc-core-1.45.1.jar (io.grpc:grpc-core:1.45.1) with MergeInstrumentationAnalysisTransform
Transforming gson-2.10.jar (com.google.code.gson:gson:2.10) with InstrumentationAnalysisTransform
Transforming gson-2.10.jar (com.google.code.gson:gson:2.10) with MergeInstrumentationAnalysisTransform
Transforming grpc-stub-1.45.1.jar (io.grpc:grpc-stub:1.45.1) with InstrumentationAnalysisTransform
Transforming grpc-stub-1.45.1.jar (io.grpc:grpc-stub:1.45.1) with MergeInstrumentationAnalysisTransform
Transforming core-proto-0.0.8-alpha08.jar (com.google.testing.platform:core-proto:0.0.8-alpha08) with InstrumentationAnalysisTransform
Transforming core-proto-0.0.8-alpha08.jar (com.google.testing.platform:core-proto:0.0.8-alpha08) with MergeInstrumentationAnalysisTransform
Transforming tensorflow-lite-metadata-0.1.0-rc2.jar (org.tensorflow:tensorflow-lite-metadata:0.1.0-rc2) with InstrumentationAnalysisTransform
Transforming tensorflow-lite-metadata-0.1.0-rc2.jar (org.tensorflow:tensorflow-lite-metadata:0.1.0-rc2) with MergeInstrumentationAnalysisTransform
Transforming flatbuffers-java-1.12.0.jar (com.google.flatbuffers:flatbuffers-java:1.12.0) with InstrumentationAnalysisTransform
Transforming flatbuffers-java-1.12.0.jar (com.google.flatbuffers:flatbuffers-java:1.12.0) with MergeInstrumentationAnalysisTransform
Transforming kotlin-gradle-plugin-idea-proto-1.9.22.jar (org.jetbrains.kotlin:kotlin-gradle-plugin-idea-proto:1.9.22) with InstrumentationAnalysisTransform
Transforming kotlin-gradle-plugin-idea-proto-1.9.22.jar (org.jetbrains.kotlin:kotlin-gradle-plugin-idea-proto:1.9.22) with MergeInstrumentationAnalysisTransform
Transforming kotlin-gradle-plugin-idea-1.9.22.jar (org.jetbrains.kotlin:kotlin-gradle-plugin-idea:1.9.22) with InstrumentationAnalysisTransform
Transforming kotlin-gradle-plugin-idea-1.9.22.jar (org.jetbrains.kotlin:kotlin-gradle-plugin-idea:1.9.22) with MergeInstrumentationAnalysisTransform
Transforming kotlin-klib-commonizer-api-1.9.22.jar (org.jetbrains.kotlin:kotlin-klib-commonizer-api:1.9.22) with InstrumentationAnalysisTransform
Transforming kotlin-klib-commonizer-api-1.9.22.jar (org.jetbrains.kotlin:kotlin-klib-commonizer-api:1.9.22) with MergeInstrumentationAnalysisTransform
Transforming kotlin-native-utils-1.9.22.jar (org.jetbrains.kotlin:kotlin-native-utils:1.9.22) with InstrumentationAnalysisTransform
Transforming kotlin-native-utils-1.9.22.jar (org.jetbrains.kotlin:kotlin-native-utils:1.9.22) with MergeInstrumentationAnalysisTransform
Transforming kotlin-util-klib-1.9.22.jar (org.jetbrains.kotlin:kotlin-util-klib:1.9.22) with InstrumentationAnalysisTransform
Transforming kotlin-util-klib-1.9.22.jar (org.jetbrains.kotlin:kotlin-util-klib:1.9.22) with MergeInstrumentationAnalysisTransform
Transforming kotlin-build-tools-api-1.9.22.jar (org.jetbrains.kotlin:kotlin-build-tools-api:1.9.22) with InstrumentationAnalysisTransform
Transforming kotlin-build-tools-api-1.9.22.jar (org.jetbrains.kotlin:kotlin-build-tools-api:1.9.22) with MergeInstrumentationAnalysisTransform
Transforming kotlin-android-extensions-1.9.22.jar (org.jetbrains.kotlin:kotlin-android-extensions:1.9.22) with InstrumentationAnalysisTransform
Transforming kotlin-android-extensions-1.9.22.jar (org.jetbrains.kotlin:kotlin-android-extensions:1.9.22) with MergeInstrumentationAnalysisTransform
Transforming builder-8.2.2.jar (com.android.tools.build:builder:8.2.2) with ExternalDependencyInstrumentingArtifactTransform
Transforming kotlin-compiler-runner-1.9.22.jar (org.jetbrains.kotlin:kotlin-compiler-runner:1.9.22) with InstrumentationAnalysisTransform
Transforming kotlin-compiler-runner-1.9.22.jar (org.jetbrains.kotlin:kotlin-compiler-runner:1.9.22) with MergeInstrumentationAnalysisTransform
Transforming kotlin-compiler-embeddable-1.9.22.jar (org.jetbrains.kotlin:kotlin-compiler-embeddable:1.9.22) with InstrumentationAnalysisTransform
Transforming kotlin-compiler-embeddable-1.9.22.jar (org.jetbrains.kotlin:kotlin-compiler-embeddable:1.9.22) with MergeInstrumentationAnalysisTransform
Transforming kotlin-scripting-compiler-embeddable-1.9.22.jar (org.jetbrains.kotlin:kotlin-scripting-compiler-embeddable:1.9.22) with InstrumentationAnalysisTransform
Transforming kotlin-scripting-compiler-embeddable-1.9.22.jar (org.jetbrains.kotlin:kotlin-scripting-compiler-embeddable:1.9.22) with MergeInstrumentationAnalysisTransform
Transforming kotlin-scripting-compiler-impl-embeddable-1.9.22.jar (org.jetbrains.kotlin:kotlin-scripting-compiler-impl-embeddable:1.9.22) with InstrumentationAnalysisTransform
Transforming kotlin-scripting-compiler-impl-embeddable-1.9.22.jar (org.jetbrains.kotlin:kotlin-scripting-compiler-impl-embeddable:1.9.22) with MergeInstrumentationAnalysisTransform
Transforming jimfs-1.1.jar (com.google.jimfs:jimfs:1.1) with InstrumentationAnalysisTransform
Transforming jimfs-1.1.jar (com.google.jimfs:jimfs:1.1) with MergeInstrumentationAnalysisTransform
Transforming grpc-protobuf-lite-1.45.1.jar (io.grpc:grpc-protobuf-lite:1.45.1) with InstrumentationAnalysisTransform
Transforming grpc-protobuf-lite-1.45.1.jar (io.grpc:grpc-protobuf-lite:1.45.1) with MergeInstrumentationAnalysisTransform
Transforming grpc-api-1.45.1.jar (io.grpc:grpc-api:1.45.1) with InstrumentationAnalysisTransform
Transforming grpc-api-1.45.1.jar (io.grpc:grpc-api:1.45.1) with MergeInstrumentationAnalysisTransform
Transforming guava-31.1-jre.jar (com.google.guava:guava:31.1-jre) with InstrumentationAnalysisTransform
Transforming guava-31.1-jre.jar (com.google.guava:guava:31.1-jre) with MergeInstrumentationAnalysisTransform
Transforming dagger-2.28.3.jar (com.google.dagger:dagger:2.28.3) with InstrumentationAnalysisTransform
Transforming dagger-2.28.3.jar (com.google.dagger:dagger:2.28.3) with MergeInstrumentationAnalysisTransform
Transforming javax.inject-1.jar (javax.inject:javax.inject:1) with InstrumentationAnalysisTransform
Transforming javax.inject-1.jar (javax.inject:javax.inject:1) with MergeInstrumentationAnalysisTransform
Transforming kxml2-2.3.0.jar (net.sf.kxml:kxml2:2.3.0) with InstrumentationAnalysisTransform
Transforming kxml2-2.3.0.jar (net.sf.kxml:kxml2:2.3.0) with MergeInstrumentationAnalysisTransform
Transforming bcprov-jdk15on-1.67.jar (org.bouncycastle:bcprov-jdk15on:1.67) with InstrumentationAnalysisTransform
Transforming bcprov-jdk15on-1.67.jar (org.bouncycastle:bcprov-jdk15on:1.67) with MergeInstrumentationAnalysisTransform
Transforming trove4j-1.0.20200330.jar (org.jetbrains.intellij.deps:trove4j:1.0.20200330) with InstrumentationAnalysisTransform
Transforming trove4j-1.0.20200330.jar (org.jetbrains.intellij.deps:trove4j:1.0.20200330) with MergeInstrumentationAnalysisTransform
Transforming xercesImpl-2.12.0.jar (xerces:xercesImpl:2.12.0) with InstrumentationAnalysisTransform
Transforming xercesImpl-2.12.0.jar (xerces:xercesImpl:2.12.0) with MergeInstrumentationAnalysisTransform
Transforming commons-compress-1.21.jar (org.apache.commons:commons-compress:1.21) with InstrumentationAnalysisTransform
Transforming commons-compress-1.21.jar (org.apache.commons:commons-compress:1.21) with MergeInstrumentationAnalysisTransform
Transforming httpclient-4.5.14.jar (org.apache.httpcomponents:httpclient:4.5.14) with InstrumentationAnalysisTransform
Transforming httpclient-4.5.14.jar (org.apache.httpcomponents:httpclient:4.5.14) with MergeInstrumentationAnalysisTransform
Transforming httpcore-4.4.16.jar (org.apache.httpcomponents:httpcore:4.4.16) with InstrumentationAnalysisTransform
Transforming httpcore-4.4.16.jar (org.apache.httpcomponents:httpcore:4.4.16) with MergeInstrumentationAnalysisTransform
Transforming javax.activation-1.2.0.jar (com.sun.activation:javax.activation:1.2.0) with InstrumentationAnalysisTransform
Transforming javax.activation-1.2.0.jar (com.sun.activation:javax.activation:1.2.0) with MergeInstrumentationAnalysisTransform
Transforming signflinger-8.2.2.jar (com.android:signflinger:8.2.2) with InstrumentationAnalysisTransform
Transforming signflinger-8.2.2.jar (com.android:signflinger:8.2.2) with MergeInstrumentationAnalysisTransform
Transforming zipflinger-8.2.2.jar (com.android:zipflinger:8.2.2) with InstrumentationAnalysisTransform
Transforming zipflinger-8.2.2.jar (com.android:zipflinger:8.2.2) with MergeInstrumentationAnalysisTransform
Transforming annotations-31.2.2.jar (com.android.tools:annotations:31.2.2) with InstrumentationAnalysisTransform
Transforming annotations-31.2.2.jar (com.android.tools:annotations:31.2.2) with MergeInstrumentationAnalysisTransform
Transforming jna-platform-5.6.0.jar (net.java.dev.jna:jna-platform:5.6.0) with InstrumentationAnalysisTransform
Transforming jna-platform-5.6.0.jar (net.java.dev.jna:jna-platform:5.6.0) with MergeInstrumentationAnalysisTransform
Transforming juniversalchardet-1.0.3.jar (com.googlecode.juniversalchardet:juniversalchardet:1.0.3) with InstrumentationAnalysisTransform
Transforming juniversalchardet-1.0.3.jar (com.googlecode.juniversalchardet:juniversalchardet:1.0.3) with MergeInstrumentationAnalysisTransform
Transforming javax.annotation-api-1.3.2.jar (javax.annotation:javax.annotation-api:1.3.2) with InstrumentationAnalysisTransform
Transforming javax.annotation-api-1.3.2.jar (javax.annotation:javax.annotation-api:1.3.2) with MergeInstrumentationAnalysisTransform
Transforming stax-ex-1.8.1.jar (org.jvnet.staxex:stax-ex:1.8.1) with InstrumentationAnalysisTransform
Transforming manifest-merger-31.2.2.jar (com.android.tools.build:manifest-merger:31.2.2) with ExternalDependencyInstrumentingArtifactTransform
Transforming stax-ex-1.8.1.jar (org.jvnet.staxex:stax-ex:1.8.1) with MergeInstrumentationAnalysisTransform
Transforming jakarta.xml.bind-api-2.3.2.jar (jakarta.xml.bind:jakarta.xml.bind-api:2.3.2) with InstrumentationAnalysisTransform
Transforming jakarta.xml.bind-api-2.3.2.jar (jakarta.xml.bind:jakarta.xml.bind-api:2.3.2) with MergeInstrumentationAnalysisTransform
Transforming txw2-2.3.2.jar (org.glassfish.jaxb:txw2:2.3.2) with InstrumentationAnalysisTransform
Transforming txw2-2.3.2.jar (org.glassfish.jaxb:txw2:2.3.2) with MergeInstrumentationAnalysisTransform
Transforming istack-commons-runtime-3.0.8.jar (com.sun.istack:istack-commons-runtime:3.0.8) with InstrumentationAnalysisTransform
Transforming istack-commons-runtime-3.0.8.jar (com.sun.istack:istack-commons-runtime:3.0.8) with MergeInstrumentationAnalysisTransform
Transforming FastInfoset-1.2.16.jar (com.sun.xml.fastinfoset:FastInfoset:1.2.16) with InstrumentationAnalysisTransform
Transforming FastInfoset-1.2.16.jar (com.sun.xml.fastinfoset:FastInfoset:1.2.16) with MergeInstrumentationAnalysisTransform
Transforming jakarta.activation-api-1.2.1.jar (jakarta.activation:jakarta.activation-api:1.2.1) with InstrumentationAnalysisTransform
Transforming jakarta.activation-api-1.2.1.jar (jakarta.activation:jakarta.activation-api:1.2.1) with MergeInstrumentationAnalysisTransform
Transforming auto-value-annotations-1.6.2.jar (com.google.auto.value:auto-value-annotations:1.6.2) with InstrumentationAnalysisTransform
Transforming auto-value-annotations-1.6.2.jar (com.google.auto.value:auto-value-annotations:1.6.2) with MergeInstrumentationAnalysisTransform
Transforming error_prone_annotations-2.11.0.jar (com.google.errorprone:error_prone_annotations:2.11.0) with InstrumentationAnalysisTransform
Transforming error_prone_annotations-2.11.0.jar (com.google.errorprone:error_prone_annotations:2.11.0) with MergeInstrumentationAnalysisTransform
Transforming jose4j-0.7.0.jar (org.bitbucket.b_c:jose4j:0.7.0) with InstrumentationAnalysisTransform
Transforming jose4j-0.7.0.jar (org.bitbucket.b_c:jose4j:0.7.0) with MergeInstrumentationAnalysisTransform
Transforming slf4j-api-1.7.30.jar (org.slf4j:slf4j-api:1.7.30) with InstrumentationAnalysisTransform
Transforming slf4j-api-1.7.30.jar (org.slf4j:slf4j-api:1.7.30) with MergeInstrumentationAnalysisTransform
Transforming jdom2-2.0.6.jar (org.jdom:jdom2:2.0.6) with InstrumentationAnalysisTransform
Transforming jdom2-2.0.6.jar (org.jdom:jdom2:2.0.6) with MergeInstrumentationAnalysisTransform
Transforming j2objc-annotations-1.3.jar (com.google.j2objc:j2objc-annotations:1.3) with InstrumentationAnalysisTransform
Transforming j2objc-annotations-1.3.jar (com.google.j2objc:j2objc-annotations:1.3) with MergeInstrumentationAnalysisTransform
Transforming jsr305-3.0.2.jar (com.google.code.findbugs:jsr305:3.0.2) with InstrumentationAnalysisTransform
Transforming jsr305-3.0.2.jar (com.google.code.findbugs:jsr305:3.0.2) with MergeInstrumentationAnalysisTransform
Transforming annotations-4.1.1.4.jar (com.google.android:annotations:4.1.1.4) with InstrumentationAnalysisTransform
Transforming annotations-4.1.1.4.jar (com.google.android:annotations:4.1.1.4) with MergeInstrumentationAnalysisTransform
Transforming animal-sniffer-annotations-1.19.jar (org.codehaus.mojo:animal-sniffer-annotations:1.19) with InstrumentationAnalysisTransform
Transforming animal-sniffer-annotations-1.19.jar (org.codehaus.mojo:animal-sniffer-annotations:1.19) with MergeInstrumentationAnalysisTransform
Transforming perfmark-api-0.23.0.jar (io.perfmark:perfmark-api:0.23.0) with InstrumentationAnalysisTransform
Transforming perfmark-api-0.23.0.jar (io.perfmark:perfmark-api:0.23.0) with MergeInstrumentationAnalysisTransform
Transforming netty-codec-http2-4.1.72.Final.jar (io.netty:netty-codec-http2:4.1.72.Final) with InstrumentationAnalysisTransform
Transforming netty-codec-http2-4.1.72.Final.jar (io.netty:netty-codec-http2:4.1.72.Final) with MergeInstrumentationAnalysisTransform
Transforming netty-handler-proxy-4.1.72.Final.jar (io.netty:netty-handler-proxy:4.1.72.Final) with InstrumentationAnalysisTransform
Transforming netty-handler-proxy-4.1.72.Final.jar (io.netty:netty-handler-proxy:4.1.72.Final) with MergeInstrumentationAnalysisTransform
Transforming checker-qual-3.12.0.jar (org.checkerframework:checker-qual:3.12.0) with InstrumentationAnalysisTransform
Transforming checker-qual-3.12.0.jar (org.checkerframework:checker-qual:3.12.0) with MergeInstrumentationAnalysisTransform
Transforming commons-codec-1.11.jar (commons-codec:commons-codec:1.11) with InstrumentationAnalysisTransform
Transforming gradle-8.2.2.jar (com.android.tools.build:gradle:8.2.2) with ExternalDependencyInstrumentingArtifactTransform
Transforming sdklib-31.2.2.jar (com.android.tools:sdklib:31.2.2) with ExternalDependencyInstrumentingArtifactTransform
Transforming sdk-common-31.2.2.jar (com.android.tools:sdk-common:31.2.2) with ExternalDependencyInstrumentingArtifactTransform
Transforming repository-31.2.2.jar (com.android.tools:repository:31.2.2) with ExternalDependencyInstrumentingArtifactTransform
Transforming aaptcompiler-8.2.2.jar (com.android.tools.build:aaptcompiler:8.2.2) with ExternalDependencyInstrumentingArtifactTransform
Transforming commons-codec-1.11.jar (commons-codec:commons-codec:1.11) with MergeInstrumentationAnalysisTransform
Transforming apksig-8.2.2.jar (com.android.tools.build:apksig:8.2.2) with InstrumentationAnalysisTransform
Transforming apksig-8.2.2.jar (com.android.tools.build:apksig:8.2.2) with MergeInstrumentationAnalysisTransform
Transforming javawriter-2.5.0.jar (com.squareup:javawriter:2.5.0) with InstrumentationAnalysisTransform
Transforming javawriter-2.5.0.jar (com.squareup:javawriter:2.5.0) with MergeInstrumentationAnalysisTransform
Transforming kotlin-gradle-plugin-annotations-1.9.22.jar (org.jetbrains.kotlin:kotlin-gradle-plugin-annotations:1.9.22) with InstrumentationAnalysisTransform
Transforming kotlin-gradle-plugin-annotations-1.9.22.jar (org.jetbrains.kotlin:kotlin-gradle-plugin-annotations:1.9.22) with MergeInstrumentationAnalysisTransform
Transforming kotlin-project-model-1.9.22.jar (org.jetbrains.kotlin:kotlin-project-model:1.9.22) with InstrumentationAnalysisTransform
Transforming kotlin-project-model-1.9.22.jar (org.jetbrains.kotlin:kotlin-project-model:1.9.22) with MergeInstrumentationAnalysisTransform
Transforming kotlin-tooling-core-1.9.22.jar (org.jetbrains.kotlin:kotlin-tooling-core:1.9.22) with InstrumentationAnalysisTransform
Transforming kotlin-tooling-core-1.9.22.jar (org.jetbrains.kotlin:kotlin-tooling-core:1.9.22) with MergeInstrumentationAnalysisTransform
Transforming kotlin-util-io-1.9.22.jar (org.jetbrains.kotlin:kotlin-util-io:1.9.22) with InstrumentationAnalysisTransform
Transforming kotlin-util-io-1.9.22.jar (org.jetbrains.kotlin:kotlin-util-io:1.9.22) with MergeInstrumentationAnalysisTransform
Transforming kotlin-daemon-embeddable-1.9.22.jar (org.jetbrains.kotlin:kotlin-daemon-embeddable:1.9.22) with InstrumentationAnalysisTransform
Transforming kotlin-daemon-embeddable-1.9.22.jar (org.jetbrains.kotlin:kotlin-daemon-embeddable:1.9.22) with MergeInstrumentationAnalysisTransform
Transforming kotlin-daemon-client-1.9.22.jar (org.jetbrains.kotlin:kotlin-daemon-client:1.9.22) with InstrumentationAnalysisTransform
Transforming kotlin-daemon-client-1.9.22.jar (org.jetbrains.kotlin:kotlin-daemon-client:1.9.22) with MergeInstrumentationAnalysisTransform
Transforming kotlinx-coroutines-core-jvm-1.5.0.jar (org.jetbrains.kotlinx:kotlinx-coroutines-core-jvm:1.5.0) with InstrumentationAnalysisTransform
Transforming kotlinx-coroutines-core-jvm-1.5.0.jar (org.jetbrains.kotlinx:kotlinx-coroutines-core-jvm:1.5.0) with MergeInstrumentationAnalysisTransform
Transforming kotlin-scripting-jvm-1.9.22.jar (org.jetbrains.kotlin:kotlin-scripting-jvm:1.9.22) with InstrumentationAnalysisTransform
Transforming kotlin-scripting-jvm-1.9.22.jar (org.jetbrains.kotlin:kotlin-scripting-jvm:1.9.22) with MergeInstrumentationAnalysisTransform
Transforming kotlin-scripting-common-1.9.22.jar (org.jetbrains.kotlin:kotlin-scripting-common:1.9.22) with InstrumentationAnalysisTransform
Transforming kotlin-scripting-common-1.9.22.jar (org.jetbrains.kotlin:kotlin-scripting-common:1.9.22) with MergeInstrumentationAnalysisTransform
Transforming failureaccess-1.0.1.jar (com.google.guava:failureaccess:1.0.1) with InstrumentationAnalysisTransform
Transforming failureaccess-1.0.1.jar (com.google.guava:failureaccess:1.0.1) with MergeInstrumentationAnalysisTransform
Transforming listenablefuture-9999.0-empty-to-avoid-conflict-with-guava.jar (com.google.guava:listenablefuture:9999.0-empty-to-avoid-conflict-with-guava) with InstrumentationAnalysisTransform
Transforming listenablefuture-9999.0-empty-to-avoid-conflict-with-guava.jar (com.google.guava:listenablefuture:9999.0-empty-to-avoid-conflict-with-guava) with MergeInstrumentationAnalysisTransform
Transforming xml-apis-1.4.01.jar (xml-apis:xml-apis:1.4.01) with InstrumentationAnalysisTransform
Transforming xml-apis-1.4.01.jar (xml-apis:xml-apis:1.4.01) with MergeInstrumentationAnalysisTransform
Transforming commons-logging-1.2.jar (commons-logging:commons-logging:1.2) with InstrumentationAnalysisTransform
Transforming commons-logging-1.2.jar (commons-logging:commons-logging:1.2) with MergeInstrumentationAnalysisTransform
Transforming jna-5.6.0.jar (net.java.dev.jna:jna:5.6.0) with InstrumentationAnalysisTransform
Transforming jna-5.6.0.jar (net.java.dev.jna:jna:5.6.0) with MergeInstrumentationAnalysisTransform
Transforming grpc-context-1.45.1.jar (io.grpc:grpc-context:1.45.1) with InstrumentationAnalysisTransform
Transforming grpc-context-1.45.1.jar (io.grpc:grpc-context:1.45.1) with MergeInstrumentationAnalysisTransform
Transforming netty-codec-http-4.1.72.Final.jar (io.netty:netty-codec-http:4.1.72.Final) with InstrumentationAnalysisTransform
Transforming netty-codec-http-4.1.72.Final.jar (io.netty:netty-codec-http:4.1.72.Final) with MergeInstrumentationAnalysisTransform
Transforming netty-handler-4.1.72.Final.jar (io.netty:netty-handler:4.1.72.Final) with InstrumentationAnalysisTransform
Transforming netty-handler-4.1.72.Final.jar (io.netty:netty-handler:4.1.72.Final) with MergeInstrumentationAnalysisTransform
Transforming netty-codec-socks-4.1.72.Final.jar (io.netty:netty-codec-socks:4.1.72.Final) with InstrumentationAnalysisTransform
Transforming netty-codec-socks-4.1.72.Final.jar (io.netty:netty-codec-socks:4.1.72.Final) with MergeInstrumentationAnalysisTransform
Transforming netty-codec-4.1.72.Final.jar (io.netty:netty-codec:4.1.72.Final) with InstrumentationAnalysisTransform
Transforming netty-codec-4.1.72.Final.jar (io.netty:netty-codec:4.1.72.Final) with MergeInstrumentationAnalysisTransform
Transforming netty-transport-4.1.72.Final.jar (io.netty:netty-transport:4.1.72.Final) with InstrumentationAnalysisTransform
Transforming netty-transport-4.1.72.Final.jar (io.netty:netty-transport:4.1.72.Final) with MergeInstrumentationAnalysisTransform
Transforming netty-buffer-4.1.72.Final.jar (io.netty:netty-buffer:4.1.72.Final) with InstrumentationAnalysisTransform
Transforming netty-buffer-4.1.72.Final.jar (io.netty:netty-buffer:4.1.72.Final) with MergeInstrumentationAnalysisTransform
Transforming netty-resolver-4.1.72.Final.jar (io.netty:netty-resolver:4.1.72.Final) with InstrumentationAnalysisTransform
Transforming netty-resolver-4.1.72.Final.jar (io.netty:netty-resolver:4.1.72.Final) with MergeInstrumentationAnalysisTransform
Transforming netty-common-4.1.72.Final.jar (io.netty:netty-common:4.1.72.Final) with InstrumentationAnalysisTransform
Transforming netty-common-4.1.72.Final.jar (io.netty:netty-common:4.1.72.Final) with MergeInstrumentationAnalysisTransform
Transforming netty-tcnative-classes-2.0.46.Final.jar (io.netty:netty-tcnative-classes:2.0.46.Final) with InstrumentationAnalysisTransform
Transforming netty-tcnative-classes-2.0.46.Final.jar (io.netty:netty-tcnative-classes:2.0.46.Final) with MergeInstrumentationAnalysisTransform
Transforming tracker-31.2.2.jar (com.android.tools.analytics-library:tracker:31.2.2) with ExternalDependencyInstrumentingArtifactTransform
Transforming databinding-compiler-common-8.2.2.jar (androidx.databinding:databinding-compiler-common:8.2.2) with ExternalDependencyInstrumentingArtifactTransform
Transforming android-test-plugin-host-emulator-control-proto-31.2.2.jar (com.android.tools.utp:android-test-plugin-host-emulator-control-proto:31.2.2) with ExternalDependencyInstrumentingArtifactTransform
Transforming builder-model-8.2.2.jar (com.android.tools.build:builder-model:8.2.2) with ExternalDependencyInstrumentingArtifactTransform
Transforming shared-31.2.2.jar (com.android.tools.analytics-library:shared:31.2.2) with ExternalDependencyInstrumentingArtifactTransform
Transforming symbol-processing-api-1.9.22-1.0.17.jar (com.google.devtools.ksp:symbol-processing-api:1.9.22-1.0.17) with ExternalDependencyInstrumentingArtifactTransform
Transforming gradle-api-8.2.2.jar (com.android.tools.build:gradle-api:8.2.2) with ExternalDependencyInstrumentingArtifactTransform
Transforming symbol-processing-common-deps-1.9.22-1.0.17.jar (com.google.devtools.ksp:symbol-processing-common-deps:1.9.22-1.0.17) with ExternalDependencyInstrumentingArtifactTransform
Transforming android-test-plugin-host-retention-proto-31.2.2.jar (com.android.tools.utp:android-test-plugin-host-retention-proto:31.2.2) with ExternalDependencyInstrumentingArtifactTransform
Transforming builder-test-api-8.2.2.jar (com.android.tools.build:builder-test-api:8.2.2) with ExternalDependencyInstrumentingArtifactTransform
Transforming ddmlib-31.2.2.jar (com.android.tools.ddms:ddmlib:31.2.2) with ExternalDependencyInstrumentingArtifactTransform
Transforming layoutlib-api-31.2.2.jar (com.android.tools.layoutlib:layoutlib-api:31.2.2) with ExternalDependencyInstrumentingArtifactTransform
Transforming dvlib-31.2.2.jar (com.android.tools:dvlib:31.2.2) with ExternalDependencyInstrumentingArtifactTransform
Transforming common-31.2.2.jar (com.android.tools:common:31.2.2) with ExternalDependencyInstrumentingArtifactTransform
Transforming jetifier-processor-1.0.0-beta10.jar (com.android.tools.build.jetifier:jetifier-processor:1.0.0-beta10) with ExternalDependencyInstrumentingArtifactTransform
Transforming kotlin-stdlib-jdk8-1.9.0.jar (org.jetbrains.kotlin:kotlin-stdlib-jdk8:1.9.0) with ExternalDependencyInstrumentingArtifactTransform
Transforming kotlin-stdlib-jdk7-1.9.0.jar (org.jetbrains.kotlin:kotlin-stdlib-jdk7:1.9.0) with ExternalDependencyInstrumentingArtifactTransform
Transforming jetifier-core-1.0.0-beta10.jar (com.android.tools.build.jetifier:jetifier-core:1.0.0-beta10) with ExternalDependencyInstrumentingArtifactTransform
Transforming kotlin-reflect-2.0.20.jar (org.jetbrains.kotlin:kotlin-reflect:2.0.20) with ExternalDependencyInstrumentingArtifactTransform
Transforming kotlin-gradle-plugin-model-1.9.22.jar (org.jetbrains.kotlin:kotlin-gradle-plugin-model:1.9.22) with ExternalDependencyInstrumentingArtifactTransform
Transforming annotations-13.0.jar (org.jetbrains:annotations:13.0) with ExternalDependencyInstrumentingArtifactTransform
Transforming kotlin-stdlib-2.0.20.jar (org.jetbrains.kotlin:kotlin-stdlib:2.0.20) with ExternalDependencyInstrumentingArtifactTransform
Transforming bundletool-1.15.2.jar (com.android.tools.build:bundletool:1.15.2) with ExternalDependencyInstrumentingArtifactTransform
Transforming kotlin-gradle-plugin-1.9.22-gradle82.jar (org.jetbrains.kotlin:kotlin-gradle-plugin:1.9.22) with ExternalDependencyInstrumentingArtifactTransform
Transforming kotlin-gradle-plugin-api-1.9.22.jar (org.jetbrains.kotlin:kotlin-gradle-plugin-api:1.9.22) with ExternalDependencyInstrumentingArtifactTransform
Transforming crash-31.2.2.jar (com.android.tools.analytics-library:crash:31.2.2) with ExternalDependencyInstrumentingArtifactTransform
Transforming lint-typedef-remover-31.2.2.jar (com.android.tools.lint:lint-typedef-remover:31.2.2) with ExternalDependencyInstrumentingArtifactTransform
Transforming databinding-common-8.2.2.jar (androidx.databinding:databinding-common:8.2.2) with ExternalDependencyInstrumentingArtifactTransform
Transforming baseLibrary-8.2.2.jar (com.android.databinding:baseLibrary:8.2.2) with ExternalDependencyInstrumentingArtifactTransform
Transforming android-device-provider-ddmlib-proto-31.2.2.jar (com.android.tools.utp:android-device-provider-ddmlib-proto:31.2.2) with ExternalDependencyInstrumentingArtifactTransform
Transforming android-device-provider-gradle-proto-31.2.2.jar (com.android.tools.utp:android-device-provider-gradle-proto:31.2.2) with ExternalDependencyInstrumentingArtifactTransform
Transforming android-test-plugin-host-coverage-proto-31.2.2.jar (com.android.tools.utp:android-test-plugin-host-coverage-proto:31.2.2) with ExternalDependencyInstrumentingArtifactTransform
Transforming android-test-plugin-host-additional-test-output-proto-31.2.2.jar (com.android.tools.utp:android-test-plugin-host-additional-test-output-proto:31.2.2) with ExternalDependencyInstrumentingArtifactTransform
Transforming aapt2-proto-8.2.2-10154469.jar (com.android.tools.build:aapt2-proto:8.2.2-10154469) with ExternalDependencyInstrumentingArtifactTransform
Transforming android-test-plugin-result-listener-gradle-proto-31.2.2.jar (com.android.tools.utp:android-test-plugin-result-listener-gradle-proto:31.2.2) with ExternalDependencyInstrumentingArtifactTransform
Transforming transform-api-2.0.0-deprecated-use-gradle-api.jar (com.android.tools.build:transform-api:2.0.0-deprecated-use-gradle-api) with ExternalDependencyInstrumentingArtifactTransform
Transforming httpmime-4.5.6.jar (org.apache.httpcomponents:httpmime:4.5.6) with ExternalDependencyInstrumentingArtifactTransform
Transforming commons-io-2.4.jar (commons-io:commons-io:2.4) with ExternalDependencyInstrumentingArtifactTransform
Transforming android-test-plugin-host-apk-installer-proto-31.2.2.jar (com.android.tools.utp:android-test-plugin-host-apk-installer-proto:31.2.2) with ExternalDependencyInstrumentingArtifactTransform
Transforming asm-commons-9.2.jar (org.ow2.asm:asm-commons:9.2) with ExternalDependencyInstrumentingArtifactTransform
Transforming asm-util-9.2.jar (org.ow2.asm:asm-util:9.2) with ExternalDependencyInstrumentingArtifactTransform
Transforming asm-tree-9.2.jar (org.ow2.asm:asm-tree:9.2) with ExternalDependencyInstrumentingArtifactTransform
Transforming android-test-plugin-host-logcat-proto-31.2.2.jar (com.android.tools.utp:android-test-plugin-host-logcat-proto:31.2.2) with ExternalDependencyInstrumentingArtifactTransform
Transforming asm-9.6.jar (org.ow2.asm:asm:9.6) with ExternalDependencyInstrumentingArtifactTransform
Transforming apkzlib-8.2.2.jar (com.android.tools.build:apkzlib:8.2.2) with ExternalDependencyInstrumentingArtifactTransform
Transforming asm-analysis-9.2.jar (org.ow2.asm:asm-analysis:9.2) with ExternalDependencyInstrumentingArtifactTransform
Transforming jaxb-runtime-2.3.2.jar (org.glassfish.jaxb:jaxb-runtime:2.3.2) with ExternalDependencyInstrumentingArtifactTransform
Transforming jopt-simple-4.9.jar (net.sf.jopt-simple:jopt-simple:4.9) with ExternalDependencyInstrumentingArtifactTransform
Transforming javapoet-1.13.0.jar (com.squareup:javapoet:1.13.0) with ExternalDependencyInstrumentingArtifactTransform
Transforming bcpkix-jdk15on-1.67.jar (org.bouncycastle:bcpkix-jdk15on:1.67) with ExternalDependencyInstrumentingArtifactTransform
Transforming protobuf-java-util-3.19.3.jar (com.google.protobuf:protobuf-java-util:3.19.3) with ExternalDependencyInstrumentingArtifactTransform
Transforming grpc-protobuf-1.45.1.jar (io.grpc:grpc-protobuf:1.45.1) with ExternalDependencyInstrumentingArtifactTransform
Transforming tink-1.7.0.jar (com.google.crypto.tink:tink:1.7.0) with ExternalDependencyInstrumentingArtifactTransform
Transforming protos-31.2.2.jar (com.android.tools.analytics-library:protos:31.2.2) with ExternalDependencyInstrumentingArtifactTransform
Transforming proto-google-common-protos-2.0.1.jar (com.google.api.grpc:proto-google-common-protos:2.0.1) with ExternalDependencyInstrumentingArtifactTransform
Transforming grpc-netty-1.45.1.jar (io.grpc:grpc-netty:1.45.1) with ExternalDependencyInstrumentingArtifactTransform
Transforming protobuf-java-3.19.3.jar (com.google.protobuf:protobuf-java:3.19.3) with ExternalDependencyInstrumentingArtifactTransform
Transforming grpc-core-1.45.1.jar (io.grpc:grpc-core:1.45.1) with ExternalDependencyInstrumentingArtifactTransform
Transforming gson-2.10.jar (com.google.code.gson:gson:2.10) with ExternalDependencyInstrumentingArtifactTransform
Transforming core-proto-0.0.8-alpha08.jar (com.google.testing.platform:core-proto:0.0.8-alpha08) with ExternalDependencyInstrumentingArtifactTransform
Transforming flatbuffers-java-1.12.0.jar (com.google.flatbuffers:flatbuffers-java:1.12.0) with ExternalDependencyInstrumentingArtifactTransform
Transforming kotlin-gradle-plugin-idea-proto-1.9.22.jar (org.jetbrains.kotlin:kotlin-gradle-plugin-idea-proto:1.9.22) with ExternalDependencyInstrumentingArtifactTransform
Transforming kotlin-gradle-plugin-idea-1.9.22.jar (org.jetbrains.kotlin:kotlin-gradle-plugin-idea:1.9.22) with ExternalDependencyInstrumentingArtifactTransform
Transforming grpc-stub-1.45.1.jar (io.grpc:grpc-stub:1.45.1) with ExternalDependencyInstrumentingArtifactTransform
Transforming tensorflow-lite-metadata-0.1.0-rc2.jar (org.tensorflow:tensorflow-lite-metadata:0.1.0-rc2) with ExternalDependencyInstrumentingArtifactTransform
Transforming kotlin-klib-commonizer-api-1.9.22.jar (org.jetbrains.kotlin:kotlin-klib-commonizer-api:1.9.22) with ExternalDependencyInstrumentingArtifactTransform
Transforming kotlin-util-klib-1.9.22.jar (org.jetbrains.kotlin:kotlin-util-klib:1.9.22) with ExternalDependencyInstrumentingArtifactTransform
Transforming kotlin-android-extensions-1.9.22.jar (org.jetbrains.kotlin:kotlin-android-extensions:1.9.22) with ExternalDependencyInstrumentingArtifactTransform
Transforming kotlin-native-utils-1.9.22.jar (org.jetbrains.kotlin:kotlin-native-utils:1.9.22) with ExternalDependencyInstrumentingArtifactTransform
Transforming kotlin-build-tools-api-1.9.22.jar (org.jetbrains.kotlin:kotlin-build-tools-api:1.9.22) with ExternalDependencyInstrumentingArtifactTransform
Transforming kotlin-compiler-embeddable-1.9.22.jar (org.jetbrains.kotlin:kotlin-compiler-embeddable:1.9.22) with ExternalDependencyInstrumentingArtifactTransform
Transforming kotlin-scripting-compiler-embeddable-1.9.22.jar (org.jetbrains.kotlin:kotlin-scripting-compiler-embeddable:1.9.22) with ExternalDependencyInstrumentingArtifactTransform
Transforming kotlin-scripting-compiler-impl-embeddable-1.9.22.jar (org.jetbrains.kotlin:kotlin-scripting-compiler-impl-embeddable:1.9.22) with ExternalDependencyInstrumentingArtifactTransform
Transforming kotlin-compiler-runner-1.9.22.jar (org.jetbrains.kotlin:kotlin-compiler-runner:1.9.22) with ExternalDependencyInstrumentingArtifactTransform
Transforming jimfs-1.1.jar (com.google.jimfs:jimfs:1.1) with ExternalDependencyInstrumentingArtifactTransform
Transforming grpc-api-1.45.1.jar (io.grpc:grpc-api:1.45.1) with ExternalDependencyInstrumentingArtifactTransform
Transforming javax.inject-1.jar (javax.inject:javax.inject:1) with ExternalDependencyInstrumentingArtifactTransform
Transforming grpc-protobuf-lite-1.45.1.jar (io.grpc:grpc-protobuf-lite:1.45.1) with ExternalDependencyInstrumentingArtifactTransform
Transforming dagger-2.28.3.jar (com.google.dagger:dagger:2.28.3) with ExternalDependencyInstrumentingArtifactTransform
Transforming guava-31.1-jre.jar (com.google.guava:guava:31.1-jre) with ExternalDependencyInstrumentingArtifactTransform
Transforming kxml2-2.3.0.jar (net.sf.kxml:kxml2:2.3.0) with ExternalDependencyInstrumentingArtifactTransform
Transforming trove4j-1.0.20200330.jar (org.jetbrains.intellij.deps:trove4j:1.0.20200330) with ExternalDependencyInstrumentingArtifactTransform
Transforming bcprov-jdk15on-1.67.jar (org.bouncycastle:bcprov-jdk15on:1.67) with ExternalDependencyInstrumentingArtifactTransform
Transforming xercesImpl-2.12.0.jar (xerces:xercesImpl:2.12.0) with ExternalDependencyInstrumentingArtifactTransform
Transforming httpclient-4.5.14.jar (org.apache.httpcomponents:httpclient:4.5.14) with ExternalDependencyInstrumentingArtifactTransform
Transforming commons-compress-1.21.jar (org.apache.commons:commons-compress:1.21) with ExternalDependencyInstrumentingArtifactTransform
Transforming httpcore-4.4.16.jar (org.apache.httpcomponents:httpcore:4.4.16) with ExternalDependencyInstrumentingArtifactTransform
Transforming signflinger-8.2.2.jar (com.android:signflinger:8.2.2) with ExternalDependencyInstrumentingArtifactTransform
Transforming annotations-31.2.2.jar (com.android.tools:annotations:31.2.2) with ExternalDependencyInstrumentingArtifactTransform
Transforming javax.activation-1.2.0.jar (com.sun.activation:javax.activation:1.2.0) with ExternalDependencyInstrumentingArtifactTransform
Transforming zipflinger-8.2.2.jar (com.android:zipflinger:8.2.2) with ExternalDependencyInstrumentingArtifactTransform
Transforming jna-platform-5.6.0.jar (net.java.dev.jna:jna-platform:5.6.0) with ExternalDependencyInstrumentingArtifactTransform
Transforming javax.annotation-api-1.3.2.jar (javax.annotation:javax.annotation-api:1.3.2) with ExternalDependencyInstrumentingArtifactTransform
Transforming juniversalchardet-1.0.3.jar (com.googlecode.juniversalchardet:juniversalchardet:1.0.3) with ExternalDependencyInstrumentingArtifactTransform
Transforming stax-ex-1.8.1.jar (org.jvnet.staxex:stax-ex:1.8.1) with ExternalDependencyInstrumentingArtifactTransform
Transforming jakarta.xml.bind-api-2.3.2.jar (jakarta.xml.bind:jakarta.xml.bind-api:2.3.2) with ExternalDependencyInstrumentingArtifactTransform
Transforming txw2-2.3.2.jar (org.glassfish.jaxb:txw2:2.3.2) with ExternalDependencyInstrumentingArtifactTransform
Transforming istack-commons-runtime-3.0.8.jar (com.sun.istack:istack-commons-runtime:3.0.8) with ExternalDependencyInstrumentingArtifactTransform
Transforming auto-value-annotations-1.6.2.jar (com.google.auto.value:auto-value-annotations:1.6.2) with ExternalDependencyInstrumentingArtifactTransform
Transforming jakarta.activation-api-1.2.1.jar (jakarta.activation:jakarta.activation-api:1.2.1) with ExternalDependencyInstrumentingArtifactTransform
Transforming jose4j-0.7.0.jar (org.bitbucket.b_c:jose4j:0.7.0) with ExternalDependencyInstrumentingArtifactTransform
Transforming FastInfoset-1.2.16.jar (com.sun.xml.fastinfoset:FastInfoset:1.2.16) with ExternalDependencyInstrumentingArtifactTransform
Transforming slf4j-api-1.7.30.jar (org.slf4j:slf4j-api:1.7.30) with ExternalDependencyInstrumentingArtifactTransform
./gradlew : Warning: 
SDK processing. This 
version only 
understands SDK XML 
versions up to 3 but 
an SDK XML file of 
version 4 was 
encountered. This can 
happen if you use 
versions of Android 
Studio and the 
command-line tools 
that were released at 
different times.
At line:1 char:130
+ ... o\jbr\bin"; 
./gradlew clean 
assembleDebug 
--no-daemon --info 
2>&1 | T ...
+                 ~~~~
~~~~~~~~~~~~~~~~~~~~~~
~~~~~~~~~~~~~~~~~~~~~~
~~~~~
    + CategoryInfo    
      : NotSpecified: 
(Warning: SDK pr...   
 ifferent 
times.:String) [], 
RemoteException
    + 
FullyQualifiedErrorId 
: NativeCommandError
 
Transforming jdom2-2.0.6.jar (org.jdom:jdom2:2.0.6) with ExternalDependencyInstrumentingArtifactTransform
Transforming error_prone_annotations-2.11.0.jar (com.google.errorprone:error_prone_annotations:2.11.0) with ExternalDependencyInstrumentingArtifactTransform
Transforming j2objc-annotations-1.3.jar (com.google.j2objc:j2objc-annotations:1.3) with ExternalDependencyInstrumentingArtifactTransform
Transforming annotations-4.1.1.4.jar (com.google.android:annotations:4.1.1.4) with ExternalDependencyInstrumentingArtifactTransform
Transforming jsr305-3.0.2.jar (com.google.code.findbugs:jsr305:3.0.2) with ExternalDependencyInstrumentingArtifactTransform
Transforming netty-handler-proxy-4.1.72.Final.jar (io.netty:netty-handler-proxy:4.1.72.Final) with ExternalDependencyInstrumentingArtifactTransform
Transforming netty-codec-http2-4.1.72.Final.jar (io.netty:netty-codec-http2:4.1.72.Final) with ExternalDependencyInstrumentingArtifactTransform
Transforming animal-sniffer-annotations-1.19.jar (org.codehaus.mojo:animal-sniffer-annotations:1.19) with ExternalDependencyInstrumentingArtifactTransform
Transforming perfmark-api-0.23.0.jar (io.perfmark:perfmark-api:0.23.0) with ExternalDependencyInstrumentingArtifactTransform
Transforming commons-codec-1.11.jar (commons-codec:commons-codec:1.11) with ExternalDependencyInstrumentingArtifactTransform
Transforming apksig-8.2.2.jar (com.android.tools.build:apksig:8.2.2) with ExternalDependencyInstrumentingArtifactTransform
Transforming javawriter-2.5.0.jar (com.squareup:javawriter:2.5.0) with ExternalDependencyInstrumentingArtifactTransform
Transforming checker-qual-3.12.0.jar (org.checkerframework:checker-qual:3.12.0) with ExternalDependencyInstrumentingArtifactTransform
Transforming kotlin-gradle-plugin-annotations-1.9.22.jar (org.jetbrains.kotlin:kotlin-gradle-plugin-annotations:1.9.22) with ExternalDependencyInstrumentingArtifactTransform
Transforming kotlin-tooling-core-1.9.22.jar (org.jetbrains.kotlin:kotlin-tooling-core:1.9.22) with ExternalDependencyInstrumentingArtifactTransform
Transforming kotlin-project-model-1.9.22.jar (org.jetbrains.kotlin:kotlin-project-model:1.9.22) with ExternalDependencyInstrumentingArtifactTransform
Transforming kotlin-util-io-1.9.22.jar (org.jetbrains.kotlin:kotlin-util-io:1.9.22) with ExternalDependencyInstrumentingArtifactTransform
Transforming kotlin-daemon-embeddable-1.9.22.jar (org.jetbrains.kotlin:kotlin-daemon-embeddable:1.9.22) with ExternalDependencyInstrumentingArtifactTransform
Transforming kotlin-daemon-client-1.9.22.jar (org.jetbrains.kotlin:kotlin-daemon-client:1.9.22) with ExternalDependencyInstrumentingArtifactTransform
Transforming kotlin-scripting-jvm-1.9.22.jar (org.jetbrains.kotlin:kotlin-scripting-jvm:1.9.22) with ExternalDependencyInstrumentingArtifactTransform
Transforming kotlin-scripting-common-1.9.22.jar (org.jetbrains.kotlin:kotlin-scripting-common:1.9.22) with ExternalDependencyInstrumentingArtifactTransform
Transforming kotlinx-coroutines-core-jvm-1.5.0.jar (org.jetbrains.kotlinx:kotlinx-coroutines-core-jvm:1.5.0) with ExternalDependencyInstrumentingArtifactTransform
Transforming listenablefuture-9999.0-empty-to-avoid-conflict-with-guava.jar (com.google.guava:listenablefuture:9999.0-empty-to-avoid-conflict-with-guava) with ExternalDependencyInstrumentingArtifactTransform
Transforming xml-apis-1.4.01.jar (xml-apis:xml-apis:1.4.01) with ExternalDependencyInstrumentingArtifactTransform
Transforming failureaccess-1.0.1.jar (com.google.guava:failureaccess:1.0.1) with ExternalDependencyInstrumentingArtifactTransform
Transforming jna-5.6.0.jar (net.java.dev.jna:jna:5.6.0) with ExternalDependencyInstrumentingArtifactTransform
Transforming grpc-context-1.45.1.jar (io.grpc:grpc-context:1.45.1) with ExternalDependencyInstrumentingArtifactTransform
Transforming netty-handler-4.1.72.Final.jar (io.netty:netty-handler:4.1.72.Final) with ExternalDependencyInstrumentingArtifactTransform
Transforming netty-codec-socks-4.1.72.Final.jar (io.netty:netty-codec-socks:4.1.72.Final) with ExternalDependencyInstrumentingArtifactTransform
Transforming netty-codec-http-4.1.72.Final.jar (io.netty:netty-codec-http:4.1.72.Final) with ExternalDependencyInstrumentingArtifactTransform
Transforming commons-logging-1.2.jar (commons-logging:commons-logging:1.2) with ExternalDependencyInstrumentingArtifactTransform
Transforming netty-transport-4.1.72.Final.jar (io.netty:netty-transport:4.1.72.Final) with ExternalDependencyInstrumentingArtifactTransform
Transforming netty-codec-4.1.72.Final.jar (io.netty:netty-codec:4.1.72.Final) with ExternalDependencyInstrumentingArtifactTransform
Transforming netty-buffer-4.1.72.Final.jar (io.netty:netty-buffer:4.1.72.Final) with ExternalDependencyInstrumentingArtifactTransform
Transforming netty-common-4.1.72.Final.jar (io.netty:netty-common:4.1.72.Final) with ExternalDependencyInstrumentingArtifactTransform
Transforming netty-resolver-4.1.72.Final.jar (io.netty:netty-resolver:4.1.72.Final) with ExternalDependencyInstrumentingArtifactTransform
Transforming netty-tcnative-classes-2.0.46.Final.jar (io.netty:netty-tcnative-classes:2.0.46.Final) with ExternalDependencyInstrumentingArtifactTransform

> Configure project :app
Evaluating project ':app' using build file 'C:\Users\Administrator\Desktop\new app - Copy - Copy\nsfw-shield\app\build.gradle.kts'.
Using default execution profile
Using Kotlin Gradle Plugin gradle82 variant
Parsed shrinker version: 8.2.47
All projects evaluated.
Task name matched 'clean'
Task name matched 'assembleDebug'
Selected primary task 'clean' from project :
Selected primary task 'assembleDebug' from project :
Tasks to be executed: [task ':app:clean', task ':app:preBuild', task ':app:preDebugBuild', task ':app:mergeDebugNativeDebugMetadata', task ':app:checkKotlinGradlePluginConfigurationErrors', task ':app:checkDebugAarMetadata', task ':app:generateDebugResValues', task ':app:mapDebugSourceSetPaths', task ':app:generateDebugResources', task ':app:mergeDebugResources', task ':app:packageDebugResources', task ':app:parseDebugLocalResources', task ':app:createDebugCompatibleScreenManifests', task ':app:extractDeepLinksDebug', task ':app:processDebugMainManifest', task ':app:processDebugManifest', task ':app:processDebugManifestForPackage', task ':app:processDebugResources', task ':app:kspDebugKotlin', task ':app:compileDebugKotlin', task ':app:javaPreCompileDebug', task ':app:compileDebugJavaWithJavac', task ':app:mergeDebugShaders', task ':app:compileDebugShaders', task ':app:generateDebugAssets', task ':app:mergeDebugAssets', task ':app:compressDebugAssets', task ':app:desugarDebugFileDependencies', task ':app:hiltAggregateDepsDebug', task ':app:hiltJavaCompileDebug', task ':app:transformDebugClassesWithAsm', task ':app:dexBuilderDebug', task ':app:mergeDebugGlobalSynthetics', task ':app:processDebugJavaRes', task ':app:mergeDebugJavaResource', task ':app:checkDebugDuplicateClasses', task ':app:mergeExtDexDebug', task ':app:mergeLibDexDebug', task ':app:mergeProjectDexDebug', task ':app:mergeDebugJniLibFolders', task ':app:mergeDebugNativeLibs', task ':app:stripDebugDebugSymbols', task ':app:validateSigningDebug', task ':app:writeDebugAppMetadata', task ':app:writeDebugSigningConfigVersions', task ':app:packageDebug', task ':app:createDebugApkListingFileRedirect', task ':app:assembleDebug']
Tasks that were excluded: []
Resolve mutations for :app:clean (Thread[#58,included builds,5,main]) started.
:app:clean (Thread[#59,Execution worker,5,main]) started.
destroyer locations for task group 0 (Thread[#58,included builds,5,main]) started.

> Task :app:clean
Caching disabled for task ':app:clean' because:
  Deletion cannot be cached
Task ':app:clean' is not up-to-date because:
  Task has not declared any outputs despite executing actions.
Resolve mutations for :app:preBuild (Thread[#59,Execution worker,5,main]) started.
:app:preBuild (Thread[#58,included builds,5,main]) started.

> Task :app:preBuild
Skipping task ':app:preBuild' as it has no actions.

> Task :app:preBuild UP-TO-DATE
Resolve mutations for :app:preDebugBuild (Thread[#58,included builds,5,main]) started.
:app:preDebugBuild (Thread[#58,included builds,5,main]) started.
> Task :app:preDebugBuild
Skipping task ':app:preDebugBuild' as it has no actions.

> Task :app:preDebugBuild UP-TO-DATE
Resolve mutations for :app:mergeDebugNativeDebugMetadata (Thread[#58,included builds,5,main]) started.
:app:mergeDebugNativeDebugMetadata (Thread[#58,included builds,5,main]) started.

> Task :app:mergeDebugNativeDebugMetadata NO-SOURCE
Skipping task ':app:mergeDebugNativeDebugMetadata' as it has no source files and no previous output files.
Resolve mutations for :app:checkKotlinGradlePluginConfigurationErrors (Thread[#58,included builds,5,main]) started.
:app:checkKotlinGradlePluginConfigurationErrors (Thread[#58,included builds,5,main]) started.

> Task :app:checkKotlinGradlePluginConfigurationErrors
Caching disabled for task ':app:checkKotlinGradlePluginConfigurationErrors' because:
  This task renders reported diagnostics; caching this task will hide diagnostics and obscure issues in the build
Task ':app:checkKotlinGradlePluginConfigurationErrors' is not up-to-date because:
  Task has not declared any outputs despite executing actions.
Resolve mutations for :app:checkDebugAarMetadata (Thread[#58,included builds,5,main]) started.
:app:checkDebugAarMetadata (Thread[#59,Execution worker,5,main]) started.
Resolve mutations for :app:generateDebugResValues (Thread[#58,included builds,5,main]) started.
:app:generateDebugResValues (Thread[#58,included builds,5,main]) started.

> Task :app:generateDebugResValues FROM-CACHE
Build cache key for task ':app:generateDebugResValues' is 41c933acf6e63a9c023a8db1051ad321
Task ':app:generateDebugResValues' is not up-to-date because:
  Output property 'outputDirectory' file C:\Users\Administrator\Desktop\new app - Copy - Copy\nsfw-shield\app\build\generated\res\resValues\debug has been removed.
Loaded cache entry for task ':app:generateDebugResValues' with cache key 41c933acf6e63a9c023a8db1051ad321
Resolve mutations for :app:mapDebugSourceSetPaths (Thread[#58,included builds,5,main]) started.
:app:mapDebugSourceSetPaths (Thread[#58,included builds,5,main]) started.

> Task :app:checkDebugAarMetadata
Transforming camera-video-1.3.1.aar (androidx.camera:camera-video:1.3.1) with ExtractAarTransform
Transforming camera-view-1.3.1.aar (androidx.camera:camera-view:1.3.1) with ExtractAarTransform
Transforming camera-lifecycle-1.3.1.aar (androidx.camera:camera-lifecycle:1.3.1) with ExtractAarTransform
Transforming camera-view-1.3.1.aar (androidx.camera:camera-view:1.3.1) with AarTransform
Transforming camera-camera2-1.3.1.aar (androidx.camera:camera-camera2:1.3.1) with ExtractAarTransform
Transforming camera-lifecycle-1.3.1.aar (androidx.camera:camera-lifecycle:1.3.1) with AarTransform
Transforming camera-core-1.3.1.aar (androidx.camera:camera-core:1.3.1) with ExtractAarTransform
Transforming camera-camera2-1.3.1.aar (androidx.camera:camera-camera2:1.3.1) with AarTransform
Transforming work-runtime-ktx-2.9.0.aar (androidx.work:work-runtime-ktx:2.9.0) with ExtractAarTransform
Transforming work-runtime-ktx-2.9.0.aar (androidx.work:work-runtime-ktx:2.9.0) with AarTransform
Transforming hilt-work-1.1.0.aar (androidx.hilt:hilt-work:1.1.0) with ExtractAarTransform
Transforming hilt-work-1.1.0.aar (androidx.hilt:hilt-work:1.1.0) with AarTransform
Transforming camera-video-1.3.1.aar (androidx.camera:camera-video:1.3.1) with AarTransform
Transforming work-runtime-2.9.0.aar (androidx.work:work-runtime:2.9.0) with ExtractAarTransform
Transforming text-recognition-16.0.0.aar (com.google.mlkit:text-recognition:16.0.0) with ExtractAarTransform
Transforming camera-core-1.3.1.aar (androidx.camera:camera-core:1.3.1) with AarTransform
Transforming billing-ktx-6.1.0.aar (com.android.billingclient:billing-ktx:6.1.0) with ExtractAarTransform
Transforming billing-ktx-6.1.0.aar (com.android.billingclient:billing-ktx:6.1.0) with AarTransform
Transforming text-recognition-16.0.0.aar (com.google.mlkit:text-recognition:16.0.0) with AarTransform
Transforming billing-6.1.0.aar (com.android.billingclient:billing:6.1.0) with ExtractAarTransform
Transforming play-services-mlkit-text-recognition-19.0.0.aar (com.google.android.gms:play-services-mlkit-text-recognition:19.0.0) with ExtractAarTransform
Transforming text-recognition-bundled-common-16.0.0.aar (com.google.mlkit:text-recognition-bundled-common:16.0.0) with ExtractAarTransform
Transforming work-runtime-2.9.0.aar (androidx.work:work-runtime:2.9.0) with AarTransform
Transforming barcode-scanning-17.2.0.aar (com.google.mlkit:barcode-scanning:17.2.0) with ExtractAarTransform
Transforming billing-6.1.0.aar (com.android.billingclient:billing:6.1.0) with AarTransform
Transforming text-recognition-bundled-common-16.0.0.aar (com.google.mlkit:text-recognition-bundled-common:16.0.0) with AarTransform
Transforming play-services-mlkit-barcode-scanning-18.3.0.aar (com.google.android.gms:play-services-mlkit-barcode-scanning:18.3.0) with ExtractAarTransform
Transforming barcode-scanning-common-17.0.0.aar (com.google.mlkit:barcode-scanning-common:17.0.0) with ExtractAarTransform
Transforming play-services-mlkit-text-recognition-19.0.0.aar (com.google.android.gms:play-services-mlkit-text-recognition:19.0.0) with AarTransform
Transforming barcode-scanning-17.2.0.aar (com.google.mlkit:barcode-scanning:17.2.0) with AarTransform
Transforming barcode-scanning-common-17.0.0.aar (com.google.mlkit:barcode-scanning-common:17.0.0) with ExtractAarTransform
Transforming barcode-scanning-common-17.0.0.aar (com.google.mlkit:barcode-scanning-common:17.0.0) with AarTransform
Transforming barcode-scanning-common-17.0.0.aar (com.google.mlkit:barcode-scanning-common:17.0.0) with AarTransform
Transforming play-services-mlkit-text-recognition-common-19.0.0.aar (com.google.android.gms:play-services-mlkit-text-recognition-common:19.0.0) with ExtractAarTransform
Transforming vision-common-17.3.0.aar (com.google.mlkit:vision-common:17.3.0) with ExtractAarTransform
Transforming vision-common-17.3.0.aar (com.google.mlkit:vision-common:17.3.0) with ExtractAarTransform
Transforming play-services-mlkit-text-recognition-common-19.0.0.aar (com.google.android.gms:play-services-mlkit-text-recognition-common:19.0.0) with AarTransform
Transforming vision-common-17.3.0.aar (com.google.mlkit:vision-common:17.3.0) with AarTransform
Transforming vision-common-17.3.0.aar (com.google.mlkit:vision-common:17.3.0) with AarTransform
Transforming vision-common-17.3.0.aar (com.google.mlkit:vision-common:17.3.0) with ExtractAarTransform
Transforming vision-common-17.3.0.aar (com.google.mlkit:vision-common:17.3.0) with AarTransform
Transforming common-18.9.0.aar (com.google.mlkit:common:18.9.0) with ExtractAarTransform
Transforming common-18.9.0.aar (com.google.mlkit:common:18.9.0) with ExtractAarTransform
Transforming common-18.9.0.aar (com.google.mlkit:common:18.9.0) with ExtractAarTransform
Transforming common-18.9.0.aar (com.google.mlkit:common:18.9.0) with AarTransform
Transforming common-18.9.0.aar (com.google.mlkit:common:18.9.0) with AarTransform
Transforming common-18.9.0.aar (com.google.mlkit:common:18.9.0) with AarTransform
Transforming play-services-location-19.0.0.aar (com.google.android.gms:play-services-location:19.0.0) with ExtractAarTransform
Transforming play-services-base-18.1.0.aar (com.google.android.gms:play-services-base:18.1.0) with ExtractAarTransform
Transforming play-services-base-18.1.0.aar (com.google.android.gms:play-services-base:18.1.0) with ExtractAarTransform
Transforming play-services-location-19.0.0.aar (com.google.android.gms:play-services-location:19.0.0) with AarTransform
Transforming play-services-base-18.1.0.aar (com.google.android.gms:play-services-base:18.1.0) with ExtractAarTransform
Transforming play-services-mlkit-barcode-scanning-18.3.0.aar (com.google.android.gms:play-services-mlkit-barcode-scanning:18.3.0) with AarTransform
Transforming play-services-base-18.1.0.aar (com.google.android.gms:play-services-base:18.1.0) with ExtractAarTransform
Transforming play-services-base-18.1.0.aar (com.google.android.gms:play-services-base:18.1.0) with AarTransform
Transforming play-services-base-18.1.0.aar (com.google.android.gms:play-services-base:18.1.0) with AarTransform
Transforming play-services-base-18.1.0.aar (com.google.android.gms:play-services-base:18.1.0) with AarTransform
Transforming play-services-base-18.1.0.aar (com.google.android.gms:play-services-base:18.1.0) with AarTransform
Transforming play-services-tasks-18.0.2.aar (com.google.android.gms:play-services-tasks:18.0.2) with ExtractAarTransform
Transforming vision-interfaces-16.2.0.aar (com.google.mlkit:vision-interfaces:16.2.0) with ExtractAarTransform
Transforming vision-interfaces-16.2.0.aar (com.google.mlkit:vision-interfaces:16.2.0) with ExtractAarTransform
Transforming play-services-tasks-18.0.2.aar (com.google.android.gms:play-services-tasks:18.0.2) with ExtractAarTransform
Transforming vision-interfaces-16.2.0.aar (com.google.mlkit:vision-interfaces:16.2.0) with AarTransform
Transforming play-services-tasks-18.0.2.aar (com.google.android.gms:play-services-tasks:18.0.2) with AarTransform
Transforming vision-interfaces-16.2.0.aar (com.google.mlkit:vision-interfaces:16.2.0) with AarTransform
Transforming play-services-tasks-18.0.2.aar (com.google.android.gms:play-services-tasks:18.0.2) with AarTransform
Transforming play-services-basement-18.1.0.aar (com.google.android.gms:play-services-basement:18.1.0) with ExtractAarTransform
Transforming play-services-basement-18.1.0.aar (com.google.android.gms:play-services-basement:18.1.0) with ExtractAarTransform
Transforming play-services-places-placereport-17.0.0.aar (com.google.android.gms:play-services-places-placereport:17.0.0) with ExtractAarTransform
Transforming play-services-basement-18.1.0.aar (com.google.android.gms:play-services-basement:18.1.0) with ExtractAarTransform
Transforming play-services-places-placereport-17.0.0.aar (com.google.android.gms:play-services-places-placereport:17.0.0) with AarTransform
Transforming play-services-basement-18.1.0.aar (com.google.android.gms:play-services-basement:18.1.0) with ExtractAarTransform
Transforming play-services-basement-18.1.0.aar (com.google.android.gms:play-services-basement:18.1.0) with AarTransform
Transforming play-services-basement-18.1.0.aar (com.google.android.gms:play-services-basement:18.1.0) with AarTransform
Transforming play-services-basement-18.1.0.aar (com.google.android.gms:play-services-basement:18.1.0) with AarTransform
Transforming appcompat-1.1.0.aar (androidx.appcompat:appcompat:1.1.0) with ExtractAarTransform
Transforming material3-1.1.2.aar (androidx.compose.material3:material3:1.1.2) with ExtractAarTransform
Transforming hilt-navigation-compose-1.1.0.aar (androidx.hilt:hilt-navigation-compose:1.1.0) with ExtractAarTransform
Transforming hilt-navigation-compose-1.1.0.aar (androidx.hilt:hilt-navigation-compose:1.1.0) with AarTransform
Transforming play-services-basement-18.1.0.aar (com.google.android.gms:play-services-basement:18.1.0) with AarTransform
Transforming hilt-navigation-1.1.0.aar (androidx.hilt:hilt-navigation:1.1.0) with ExtractAarTransform
Transforming hilt-navigation-1.1.0.aar (androidx.hilt:hilt-navigation:1.1.0) with AarTransform
Transforming material3-1.1.2.aar (androidx.compose.material3:material3:1.1.2) with AarTransform
Transforming hilt-android-2.50.aar (com.google.dagger:hilt-android:2.50) with ExtractAarTransform
Transforming hilt-android-2.50.aar (com.google.dagger:hilt-android:2.50) with AarTransform
Transforming navigation-common-2.7.6.aar (androidx.navigation:navigation-common:2.7.6) with ExtractAarTransform
Transforming navigation-common-2.7.6.aar (androidx.navigation:navigation-common:2.7.6) with AarTransform
Transforming navigation-runtime-2.7.6.aar (androidx.navigation:navigation-runtime:2.7.6) with ExtractAarTransform
Transforming navigation-runtime-2.7.6.aar (androidx.navigation:navigation-runtime:2.7.6) with AarTransform
Transforming navigation-common-ktx-2.7.6.aar (androidx.navigation:navigation-common-ktx:2.7.6) with ExtractAarTransform
Transforming navigation-common-ktx-2.7.6.aar (androidx.navigation:navigation-common-ktx:2.7.6) with AarTransform
Transforming navigation-runtime-ktx-2.7.6.aar (androidx.navigation:navigation-runtime-ktx:2.7.6) with ExtractAarTransform
Transforming appcompat-1.1.0.aar (androidx.appcompat:appcompat:1.1.0) with AarTransform
Transforming navigation-compose-2.7.6.aar (androidx.navigation:navigation-compose:2.7.6) with ExtractAarTransform
Transforming material-ripple-release.aar (androidx.compose.material:material-ripple-android:1.6.0) with ExtractAarTransform
Transforming material-icons-core-release.aar (androidx.compose.material:material-icons-core-android:1.6.0) with ExtractAarTransform
Transforming navigation-runtime-ktx-2.7.6.aar (androidx.navigation:navigation-runtime-ktx:2.7.6) with AarTransform
Transforming navigation-compose-2.7.6.aar (androidx.navigation:navigation-compose:2.7.6) with AarTransform
Transforming material-release.aar (androidx.compose.material:material-android:1.6.0) with ExtractAarTransform
Transforming material-icons-extended-release.aar (androidx.compose.material:material-icons-extended-android:1.6.0) with ExtractAarTransform
Transforming material-release.aar (androidx.compose.material:material-android:1.6.0) with AarTransform
Transforming animation-core-release.aar (androidx.compose.animation:animation-core-android:1.6.0) with ExtractAarTransform
Transforming material-ripple-release.aar (androidx.compose.material:material-ripple-android:1.6.0) with AarTransform
Transforming material-icons-extended-release.aar (androidx.compose.material:material-icons-extended-android:1.6.0) with AarTransform
Transforming animation-release.aar (androidx.compose.animation:animation-android:1.6.0) with ExtractAarTransform
Transforming foundation-layout-release.aar (androidx.compose.foundation:foundation-layout-android:1.6.0) with ExtractAarTransform
Transforming animation-release.aar (androidx.compose.animation:animation-android:1.6.0) with AarTransform
Transforming foundation-release.aar (androidx.compose.foundation:foundation-android:1.6.0) with ExtractAarTransform
Transforming material-icons-core-release.aar (androidx.compose.material:material-icons-core-android:1.6.0) with AarTransform
Transforming ui-tooling-data-release.aar (androidx.compose.ui:ui-tooling-data-android:1.6.0) with ExtractAarTransform
Transforming animation-core-release.aar (androidx.compose.animation:animation-core-android:1.6.0) with AarTransform
Transforming ui-tooling-data-release.aar (androidx.compose.ui:ui-tooling-data-android:1.6.0) with AarTransform
Transforming foundation-layout-release.aar (androidx.compose.foundation:foundation-layout-android:1.6.0) with AarTransform
Transforming ui-unit-release.aar (androidx.compose.ui:ui-unit-android:1.6.0) with ExtractAarTransform
Transforming ui-geometry-release.aar (androidx.compose.ui:ui-geometry-android:1.6.0) with ExtractAarTransform
Transforming ui-geometry-release.aar (androidx.compose.ui:ui-geometry-android:1.6.0) with AarTransform
Transforming ui-util-release.aar (androidx.compose.ui:ui-util-android:1.6.0) with ExtractAarTransform
Transforming foundation-release.aar (androidx.compose.foundation:foundation-android:1.6.0) with AarTransform
Transforming ui-text-release.aar (androidx.compose.ui:ui-text-android:1.6.0) with ExtractAarTransform
Transforming ui-unit-release.aar (androidx.compose.ui:ui-unit-android:1.6.0) with AarTransform
Transforming ui-util-release.aar (androidx.compose.ui:ui-util-android:1.6.0) with AarTransform
Transforming ui-tooling-preview-release.aar (androidx.compose.ui:ui-tooling-preview-android:1.6.0) with ExtractAarTransform
Transforming ui-tooling-release.aar (androidx.compose.ui:ui-tooling-android:1.6.0) with ExtractAarTransform
Transforming ui-tooling-preview-release.aar (androidx.compose.ui:ui-tooling-preview-android:1.6.0) with AarTransform
Transforming ui-graphics-release.aar (androidx.compose.ui:ui-graphics-android:1.6.0) with ExtractAarTransform
Transforming ui-test-manifest-1.6.0.aar (androidx.compose.ui:ui-test-manifest:1.6.0) with ExtractAarTransform
Transforming ui-text-release.aar (androidx.compose.ui:ui-text-android:1.6.0) with AarTransform
Transforming fragment-1.5.1.aar (androidx.fragment:fragment:1.5.1) with ExtractAarTransform
Transforming ui-tooling-release.aar (androidx.compose.ui:ui-tooling-android:1.6.0) with AarTransform
Transforming ui-graphics-release.aar (androidx.compose.ui:ui-graphics-android:1.6.0) with AarTransform
Transforming fragment-1.5.1.aar (androidx.fragment:fragment:1.5.1) with AarTransform
Transforming fragment-1.5.1.aar (androidx.fragment:fragment:1.5.1) with ExtractAarTransform
Transforming fragment-1.5.1.aar (androidx.fragment:fragment:1.5.1) with AarTransform
Transforming fragment-1.5.1.aar (androidx.fragment:fragment:1.5.1) with ExtractAarTransform
Transforming fragment-1.5.1.aar (androidx.fragment:fragment:1.5.1) with AarTransform
Transforming ui-test-manifest-1.6.0.aar (androidx.compose.ui:ui-test-manifest:1.6.0) with AarTransform
Transforming activity-1.8.2.aar (androidx.activity:activity:1.8.2) with ExtractAarTransform
Transforming activity-ktx-1.8.2.aar (androidx.activity:activity-ktx:1.8.2) with ExtractAarTransform
Transforming activity-1.8.2.aar (androidx.activity:activity:1.8.2) with ExtractAarTransform
Transforming activity-compose-1.8.2.aar (androidx.activity:activity-compose:1.8.2) with ExtractAarTransform
Transforming activity-1.8.2.aar (androidx.activity:activity:1.8.2) with AarTransform
Transforming activity-1.8.2.aar (androidx.activity:activity:1.8.2) with AarTransform
Transforming activity-ktx-1.8.2.aar (androidx.activity:activity-ktx:1.8.2) with AarTransform
Transforming emoji2-1.3.0.aar (androidx.emoji2:emoji2:1.3.0) with ExtractAarTransform
Transforming lifecycle-process-2.7.0.aar (androidx.lifecycle:lifecycle-process:2.7.0) with ExtractAarTransform
Transforming lifecycle-livedata-core-ktx-2.7.0.aar (androidx.lifecycle:lifecycle-livedata-core-ktx:2.7.0) with ExtractAarTransform
Transforming emoji2-1.3.0.aar (androidx.emoji2:emoji2:1.3.0) with AarTransform
Transforming lifecycle-livedata-core-ktx-2.7.0.aar (androidx.lifecycle:lifecycle-livedata-core-ktx:2.7.0) with AarTransform
Transforming activity-compose-1.8.2.aar (androidx.activity:activity-compose:1.8.2) with AarTransform
Transforming lifecycle-service-2.7.0.aar (androidx.lifecycle:lifecycle-service:2.7.0) with ExtractAarTransform
Transforming lifecycle-livedata-core-2.7.0.aar (androidx.lifecycle:lifecycle-livedata-core:2.7.0) with ExtractAarTransform
Transforming loader-1.0.0.aar (androidx.loader:loader:1.0.0) with ExtractAarTransform
Transforming lifecycle-service-2.7.0.aar (androidx.lifecycle:lifecycle-service:2.7.0) with AarTransform
Transforming loader-1.0.0.aar (androidx.loader:loader:1.0.0) with AarTransform
Transforming lifecycle-livedata-core-2.7.0.aar (androidx.lifecycle:lifecycle-livedata-core:2.7.0) with AarTransform
Transforming lifecycle-livedata-2.7.0.aar (androidx.lifecycle:lifecycle-livedata:2.7.0) with ExtractAarTransform
Transforming lifecycle-livedata-2.7.0.aar (androidx.lifecycle:lifecycle-livedata:2.7.0) with ExtractAarTransform
Transforming lifecycle-livedata-2.7.0.aar (androidx.lifecycle:lifecycle-livedata:2.7.0) with AarTransform
Transforming lifecycle-livedata-2.7.0.aar (androidx.lifecycle:lifecycle-livedata:2.7.0) with AarTransform
Transforming lifecycle-process-2.7.0.aar (androidx.lifecycle:lifecycle-process:2.7.0) with AarTransform
Transforming savedstate-ktx-1.2.1.aar (androidx.savedstate:savedstate-ktx:1.2.1) with ExtractAarTransform
Transforming savedstate-1.2.1.aar (androidx.savedstate:savedstate:1.2.1) with ExtractAarTransform
Transforming savedstate-ktx-1.2.1.aar (androidx.savedstate:savedstate-ktx:1.2.1) with AarTransform
Transforming lifecycle-viewmodel-2.7.0.aar (androidx.lifecycle:lifecycle-viewmodel:2.7.0) with ExtractAarTransform
Transforming savedstate-1.2.1.aar (androidx.savedstate:savedstate:1.2.1) with AarTransform
Transforming lifecycle-viewmodel-2.7.0.aar (androidx.lifecycle:lifecycle-viewmodel:2.7.0) with ExtractAarTransform
Transforming lifecycle-viewmodel-2.7.0.aar (androidx.lifecycle:lifecycle-viewmodel:2.7.0) with AarTransform
Transforming lifecycle-viewmodel-2.7.0.aar (androidx.lifecycle:lifecycle-viewmodel:2.7.0) with AarTransform
Transforming lifecycle-viewmodel-savedstate-2.7.0.aar (androidx.lifecycle:lifecycle-viewmodel-savedstate:2.7.0) with ExtractAarTransform
Transforming lifecycle-viewmodel-ktx-2.7.0.aar (androidx.lifecycle:lifecycle-viewmodel-ktx:2.7.0) with ExtractAarTransform
Transforming lifecycle-viewmodel-savedstate-2.7.0.aar (androidx.lifecycle:lifecycle-viewmodel-savedstate:2.7.0) with AarTransform
Transforming lifecycle-viewmodel-ktx-2.7.0.aar (androidx.lifecycle:lifecycle-viewmodel-ktx:2.7.0) with AarTransform
Transforming lifecycle-runtime-2.7.0.aar (androidx.lifecycle:lifecycle-runtime:2.7.0) with ExtractAarTransform
Transforming lifecycle-runtime-ktx-2.7.0.aar (androidx.lifecycle:lifecycle-runtime-ktx:2.7.0) with ExtractAarTransform
Transforming lifecycle-viewmodel-compose-2.7.0.aar (androidx.lifecycle:lifecycle-viewmodel-compose:2.7.0) with ExtractAarTransform
Transforming lifecycle-viewmodel-compose-2.7.0.aar (androidx.lifecycle:lifecycle-viewmodel-compose:2.7.0) with AarTransform
Transforming ui-release.aar (androidx.compose.ui:ui-android:1.6.0) with ExtractAarTransform
Transforming viewpager-1.0.0.aar (androidx.viewpager:viewpager:1.0.0) with ExtractAarTransform
Transforming viewpager-1.0.0.aar (androidx.viewpager:viewpager:1.0.0) with AarTransform
Transforming appcompat-resources-1.1.0.aar (androidx.appcompat:appcompat-resources:1.1.0) with ExtractAarTransform
Transforming appcompat-resources-1.1.0.aar (androidx.appcompat:appcompat-resources:1.1.0) with AarTransform
Transforming drawerlayout-1.0.0.aar (androidx.drawerlayout:drawerlayout:1.0.0) with ExtractAarTransform
Transforming drawerlayout-1.0.0.aar (androidx.drawerlayout:drawerlayout:1.0.0) with AarTransform
Transforming autofill-1.0.0.aar (androidx.autofill:autofill:1.0.0) with ExtractAarTransform
Transforming autofill-1.0.0.aar (androidx.autofill:autofill:1.0.0) with AarTransform
Transforming lifecycle-runtime-ktx-2.7.0.aar (androidx.lifecycle:lifecycle-runtime-ktx:2.7.0) with AarTransform
Transforming customview-1.0.0.aar (androidx.customview:customview:1.0.0) with ExtractAarTransform
Transforming lifecycle-runtime-2.7.0.aar (androidx.lifecycle:lifecycle-runtime:2.7.0) with AarTransform
Transforming customview-1.0.0.aar (androidx.customview:customview:1.0.0) with ExtractAarTransform
Transforming customview-1.0.0.aar (androidx.customview:customview:1.0.0) with AarTransform
Transforming customview-1.0.0.aar (androidx.customview:customview:1.0.0) with AarTransform
Transforming ui-release.aar (androidx.compose.ui:ui-android:1.6.0) with AarTransform
Transforming vectordrawable-animated-1.1.0.aar (androidx.vectordrawable:vectordrawable-animated:1.1.0) with ExtractAarTransform
Transforming vectordrawable-1.1.0.aar (androidx.vectordrawable:vectordrawable:1.1.0) with ExtractAarTransform
Transforming vectordrawable-1.1.0.aar (androidx.vectordrawable:vectordrawable:1.1.0) with ExtractAarTransform
Transforming vectordrawable-animated-1.1.0.aar (androidx.vectordrawable:vectordrawable-animated:1.1.0) with AarTransform
Transforming core-1.12.0.aar (androidx.core:core:1.12.0) with ExtractAarTransform
Transforming core-1.12.0.aar (androidx.core:core:1.12.0) with ExtractAarTransform
Transforming vectordrawable-1.1.0.aar (androidx.vectordrawable:vectordrawable:1.1.0) with AarTransform
Transforming vectordrawable-1.1.0.aar (androidx.vectordrawable:vectordrawable:1.1.0) with AarTransform
Transforming core-1.12.0.aar (androidx.core:core:1.12.0) with ExtractAarTransform
Transforming core-1.12.0.aar (androidx.core:core:1.12.0) with ExtractAarTransform
Transforming core-1.12.0.aar (androidx.core:core:1.12.0) with AarTransform
Transforming core-1.12.0.aar (androidx.core:core:1.12.0) with AarTransform
Transforming core-1.12.0.aar (androidx.core:core:1.12.0) with AarTransform
Transforming core-1.12.0.aar (androidx.core:core:1.12.0) with AarTransform
Transforming customview-poolingcontainer-1.0.0.aar (androidx.customview:customview-poolingcontainer:1.0.0) with ExtractAarTransform
Transforming core-ktx-1.12.0.aar (androidx.core:core-ktx:1.12.0) with ExtractAarTransform
Transforming room-runtime-2.6.1.aar (androidx.room:room-runtime:2.6.1) with ExtractAarTransform
Transforming core-splashscreen-1.0.1.aar (androidx.core:core-splashscreen:1.0.1) with ExtractAarTransform
Transforming customview-poolingcontainer-1.0.0.aar (androidx.customview:customview-poolingcontainer:1.0.0) with AarTransform
Transforming core-ktx-1.12.0.aar (androidx.core:core-ktx:1.12.0) with AarTransform
Transforming room-runtime-2.6.1.aar (androidx.room:room-runtime:2.6.1) with AarTransform
Transforming room-ktx-2.6.1.aar (androidx.room:room-ktx:2.6.1) with ExtractAarTransform
Transforming datastore-preferences-1.0.0.aar (androidx.datastore:datastore-preferences:1.0.0) with ExtractAarTransform
Transforming core-splashscreen-1.0.1.aar (androidx.core:core-splashscreen:1.0.1) with AarTransform
Transforming room-ktx-2.6.1.aar (androidx.room:room-ktx:2.6.1) with AarTransform
Transforming datastore-preferences-1.0.0.aar (androidx.datastore:datastore-preferences:1.0.0) with AarTransform
Transforming sqlite-framework-2.4.0.aar (androidx.sqlite:sqlite-framework:2.4.0) with ExtractAarTransform
Transforming sqlite-2.4.0.aar (androidx.sqlite:sqlite:2.4.0) with ExtractAarTransform
Transforming sqlite-framework-2.4.0.aar (androidx.sqlite:sqlite-framework:2.4.0) with AarTransform
Transforming sqlite-2.4.0.aar (androidx.sqlite:sqlite:2.4.0) with AarTransform
Transforming annotation-experimental-1.3.1.aar (androidx.annotation:annotation-experimental:1.3.1) with ExtractAarTransform
Transforming datastore-1.0.0.aar (androidx.datastore:datastore:1.0.0) with ExtractAarTransform
Transforming annotation-experimental-1.3.1.aar (androidx.annotation:annotation-experimental:1.3.1) with AarTransform
Transforming runtime-release.aar (androidx.compose.runtime:runtime-android:1.6.0) with ExtractAarTransform
Transforming runtime-saveable-release.aar (androidx.compose.runtime:runtime-saveable-android:1.6.0) with ExtractAarTransform
Transforming security-crypto-1.1.0-alpha06.aar (androidx.security:security-crypto:1.1.0-alpha06) with ExtractAarTransform
Transforming runtime-release.aar (androidx.compose.runtime:runtime-android:1.6.0) with AarTransform
Transforming runtime-saveable-release.aar (androidx.compose.runtime:runtime-saveable-android:1.6.0) with AarTransform
Transforming versionedparcelable-1.1.1.aar (androidx.versionedparcelable:versionedparcelable:1.1.1) with ExtractAarTransform
Transforming core-runtime-2.2.0.aar (androidx.arch.core:core-runtime:2.2.0) with ExtractAarTransform
Transforming versionedparcelable-1.1.1.aar (androidx.versionedparcelable:versionedparcelable:1.1.1) with AarTransform
Transforming core-runtime-2.2.0.aar (androidx.arch.core:core-runtime:2.2.0) with AarTransform
Transforming exifinterface-1.3.2.aar (androidx.exifinterface:exifinterface:1.3.2) with ExtractAarTransform
Transforming exifinterface-1.3.2.aar (androidx.exifinterface:exifinterface:1.3.2) with ExtractAarTransform
Transforming datastore-1.0.0.aar (androidx.datastore:datastore:1.0.0) with AarTransform
Transforming interpolator-1.0.0.aar (androidx.interpolator:interpolator:1.0.0) with ExtractAarTransform
Transforming security-crypto-1.1.0-alpha06.aar (androidx.security:security-crypto:1.1.0-alpha06) with AarTransform
Transforming interpolator-1.0.0.aar (androidx.interpolator:interpolator:1.0.0) with ExtractAarTransform
Transforming interpolator-1.0.0.aar (androidx.interpolator:interpolator:1.0.0) with AarTransform
Transforming interpolator-1.0.0.aar (androidx.interpolator:interpolator:1.0.0) with AarTransform
Transforming transport-backend-cct-3.1.8.aar (com.google.android.datatransport:transport-backend-cct:3.1.8) with ExtractAarTransform
Transforming profileinstaller-1.3.0.aar (androidx.profileinstaller:profileinstaller:1.3.0) with ExtractAarTransform
Transforming transport-backend-cct-3.1.8.aar (com.google.android.datatransport:transport-backend-cct:3.1.8) with AarTransform
Transforming profileinstaller-1.3.0.aar (androidx.profileinstaller:profileinstaller:1.3.0) with AarTransform
Transforming transport-runtime-3.1.8.aar (com.google.android.datatransport:transport-runtime:3.1.8) with ExtractAarTransform
Transforming transport-runtime-3.1.8.aar (com.google.android.datatransport:transport-runtime:3.1.8) with ExtractAarTransform
Transforming transport-runtime-3.1.8.aar (com.google.android.datatransport:transport-runtime:3.1.8) with AarTransform
Transforming transport-runtime-3.1.8.aar (com.google.android.datatransport:transport-runtime:3.1.8) with AarTransform
Transforming transport-api-3.0.0.aar (com.google.android.datatransport:transport-api:3.0.0) with ExtractAarTransform
Transforming transport-api-3.0.0.aar (com.google.android.datatransport:transport-api:3.0.0) with AarTransform
Transforming startup-runtime-1.1.1.aar (androidx.startup:startup-runtime:1.1.1) with ExtractAarTransform
Transforming exifinterface-1.3.2.aar (androidx.exifinterface:exifinterface:1.3.2) with AarTransform
Transforming cursoradapter-1.0.0.aar (androidx.cursoradapter:cursoradapter:1.0.0) with ExtractAarTransform
Transforming firebase-components-16.1.0.aar (com.google.firebase:firebase-components:16.1.0) with ExtractAarTransform
Transforming exifinterface-1.3.2.aar (androidx.exifinterface:exifinterface:1.3.2) with AarTransform
Transforming cursoradapter-1.0.0.aar (androidx.cursoradapter:cursoradapter:1.0.0) with AarTransform
Transforming firebase-components-16.1.0.aar (com.google.firebase:firebase-components:16.1.0) with AarTransform
Transforming firebase-components-16.1.0.aar (com.google.firebase:firebase-components:16.1.0) with ExtractAarTransform
Transforming firebase-components-16.1.0.aar (com.google.firebase:firebase-components:16.1.0) with AarTransform
Transforming tracing-1.0.0.aar (androidx.tracing:tracing:1.0.0) with ExtractAarTransform
Transforming startup-runtime-1.1.1.aar (androidx.startup:startup-runtime:1.1.1) with AarTransform
Transforming firebase-encoders-json-18.0.0.aar (com.google.firebase:firebase-encoders-json:18.0.0) with ExtractAarTransform
Transforming firebase-encoders-json-18.0.0.aar (com.google.firebase:firebase-encoders-json:18.0.0) with ExtractAarTransform
Transforming firebase-encoders-json-18.0.0.aar (com.google.firebase:firebase-encoders-json:18.0.0) with AarTransform
Transforming firebase-encoders-json-18.0.0.aar (com.google.firebase:firebase-encoders-json:18.0.0) with AarTransform
Transforming tensorflow-lite-support-0.4.4.aar (org.tensorflow:tensorflow-lite-support:0.4.4) with ExtractAarTransform
Transforming tensorflow-lite-2.14.0.aar (org.tensorflow:tensorflow-lite:2.14.0) with ExtractAarTransform
Transforming tensorflow-lite-support-0.4.4.aar (org.tensorflow:tensorflow-lite-support:0.4.4) with AarTransform
Transforming tracing-1.0.0.aar (androidx.tracing:tracing:1.0.0) with AarTransform
Transforming tensorflow-lite-2.14.0.aar (org.tensorflow:tensorflow-lite:2.14.0) with AarTransform
Transforming tensorflow-lite-gpu-2.14.0.aar (org.tensorflow:tensorflow-lite-gpu:2.14.0) with ExtractAarTransform
Transforming tensorflow-lite-api-2.14.0.aar (org.tensorflow:tensorflow-lite-api:2.14.0) with ExtractAarTransform
Transforming tensorflow-lite-support-api-0.4.4.aar (org.tensorflow:tensorflow-lite-support-api:0.4.4) with ExtractAarTransform
Transforming dagger-lint-aar-2.50.aar (com.google.dagger:dagger-lint-aar:2.50) with ExtractAarTransform
Transforming tensorflow-lite-support-api-0.4.4.aar (org.tensorflow:tensorflow-lite-support-api:0.4.4) with AarTransform
Transforming dagger-lint-aar-2.50.aar (com.google.dagger:dagger-lint-aar:2.50) with AarTransform
Transforming tensorflow-lite-api-2.14.0.aar (org.tensorflow:tensorflow-lite-api:2.14.0) with AarTransform
Transforming image-1.0.0-beta1.aar (com.google.android.odml:image:1.0.0-beta1) with ExtractAarTransform
Transforming image-1.0.0-beta1.aar (com.google.android.odml:image:1.0.0-beta1) with ExtractAarTransform
Transforming image-1.0.0-beta1.aar (com.google.android.odml:image:1.0.0-beta1) with ExtractAarTransform
Transforming image-1.0.0-beta1.aar (com.google.android.odml:image:1.0.0-beta1) with AarTransform
Transforming image-1.0.0-beta1.aar (com.google.android.odml:image:1.0.0-beta1) with AarTransform
Transforming image-1.0.0-beta1.aar (com.google.android.odml:image:1.0.0-beta1) with AarTransform
Transforming tensorflow-lite-gpu-2.14.0.aar (org.tensorflow:tensorflow-lite-gpu:2.14.0) with AarTransform
Transforming image-1.0.0-beta1.aar (com.google.android.odml:image:1.0.0-beta1) with ExtractAarTransform
Transforming image-1.0.0-beta1.aar (com.google.android.odml:image:1.0.0-beta1) with AarTransform
Caching disabled for task ':app:checkDebugAarMetadata' because:
  Caching has been disabled for the task
Task ':app:checkDebugAarMetadata' is not up-to-date because:
  Output property 'dummyOutputDirectory' file C:\Users\Administrator\Desktop\new app - Copy - Copy\nsfw-shield\app\build\intermediates\aar_metadata_check\debug has been removed.

> Task :app:mapDebugSourceSetPaths
Transforming camera-video-1.3.1.aar (androidx.camera:camera-video:1.3.1) with ExtractAarTransform
Transforming camera-video-1.3.1.aar (androidx.camera:camera-video:1.3.1) with AarTransform
Transforming camera-view-1.3.1.aar (androidx.camera:camera-view:1.3.1) with ExtractAarTransform
Transforming camera-view-1.3.1.aar (androidx.camera:camera-view:1.3.1) with AarTransform
Transforming camera-lifecycle-1.3.1.aar (androidx.camera:camera-lifecycle:1.3.1) with ExtractAarTransform
Transforming camera-lifecycle-1.3.1.aar (androidx.camera:camera-lifecycle:1.3.1) with AarTransform
Transforming camera-camera2-1.3.1.aar (androidx.camera:camera-camera2:1.3.1) with ExtractAarTransform
Transforming camera-camera2-1.3.1.aar (androidx.camera:camera-camera2:1.3.1) with AarTransform
Transforming camera-core-1.3.1.aar (androidx.camera:camera-core:1.3.1) with ExtractAarTransform
Transforming camera-core-1.3.1.aar (androidx.camera:camera-core:1.3.1) with AarTransform
Transforming work-runtime-ktx-2.9.0.aar (androidx.work:work-runtime-ktx:2.9.0) with ExtractAarTransform
Transforming work-runtime-ktx-2.9.0.aar (androidx.work:work-runtime-ktx:2.9.0) with AarTransform
Transforming hilt-work-1.1.0.aar (androidx.hilt:hilt-work:1.1.0) with ExtractAarTransform
Transforming hilt-work-1.1.0.aar (androidx.hilt:hilt-work:1.1.0) with AarTransform
Transforming work-runtime-2.9.0.aar (androidx.work:work-runtime:2.9.0) with ExtractAarTransform
Transforming work-runtime-2.9.0.aar (androidx.work:work-runtime:2.9.0) with AarTransform
Transforming text-recognition-16.0.0.aar (com.google.mlkit:text-recognition:16.0.0) with ExtractAarTransform
Transforming text-recognition-16.0.0.aar (com.google.mlkit:text-recognition:16.0.0) with AarTransform
Transforming billing-ktx-6.1.0.aar (com.android.billingclient:billing-ktx:6.1.0) with ExtractAarTransform
Transforming billing-ktx-6.1.0.aar (com.android.billingclient:billing-ktx:6.1.0) with AarTransform
Transforming billing-6.1.0.aar (com.android.billingclient:billing:6.1.0) with ExtractAarTransform
Transforming billing-6.1.0.aar (com.android.billingclient:billing:6.1.0) with AarTransform
Transforming play-services-mlkit-text-recognition-19.0.0.aar (com.google.android.gms:play-services-mlkit-text-recognition:19.0.0) with ExtractAarTransform
Transforming play-services-mlkit-text-recognition-19.0.0.aar (com.google.android.gms:play-services-mlkit-text-recognition:19.0.0) with AarTransform
Transforming text-recognition-bundled-common-16.0.0.aar (com.google.mlkit:text-recognition-bundled-common:16.0.0) with ExtractAarTransform
Transforming text-recognition-bundled-common-16.0.0.aar (com.google.mlkit:text-recognition-bundled-common:16.0.0) with AarTransform
Transforming barcode-scanning-17.2.0.aar (com.google.mlkit:barcode-scanning:17.2.0) with ExtractAarTransform
Transforming barcode-scanning-17.2.0.aar (com.google.mlkit:barcode-scanning:17.2.0) with AarTransform
Transforming play-services-mlkit-barcode-scanning-18.3.0.aar (com.google.android.gms:play-services-mlkit-barcode-scanning:18.3.0) with ExtractAarTransform
Transforming play-services-mlkit-barcode-scanning-18.3.0.aar (com.google.android.gms:play-services-mlkit-barcode-scanning:18.3.0) with AarTransform
Transforming barcode-scanning-common-17.0.0.aar (com.google.mlkit:barcode-scanning-common:17.0.0) with ExtractAarTransform
Transforming barcode-scanning-common-17.0.0.aar (com.google.mlkit:barcode-scanning-common:17.0.0) with AarTransform
Transforming barcode-scanning-common-17.0.0.aar (com.google.mlkit:barcode-scanning-common:17.0.0) with ExtractAarTransform
Transforming barcode-scanning-common-17.0.0.aar (com.google.mlkit:barcode-scanning-common:17.0.0) with AarTransform
Transforming play-services-mlkit-text-recognition-common-19.0.0.aar (com.google.android.gms:play-services-mlkit-text-recognition-common:19.0.0) with ExtractAarTransform
Transforming play-services-mlkit-text-recognition-common-19.0.0.aar (com.google.android.gms:play-services-mlkit-text-recognition-common:19.0.0) with AarTransform
Transforming vision-common-17.3.0.aar (com.google.mlkit:vision-common:17.3.0) with ExtractAarTransform
Transforming vision-common-17.3.0.aar (com.google.mlkit:vision-common:17.3.0) with AarTransform
Transforming vision-common-17.3.0.aar (com.google.mlkit:vision-common:17.3.0) with ExtractAarTransform
Transforming vision-common-17.3.0.aar (com.google.mlkit:vision-common:17.3.0) with AarTransform
Transforming vision-common-17.3.0.aar (com.google.mlkit:vision-common:17.3.0) with ExtractAarTransform
Transforming vision-common-17.3.0.aar (com.google.mlkit:vision-common:17.3.0) with AarTransform
Transforming vision-common-17.3.0.aar (com.google.mlkit:vision-common:17.3.0) with ExtractAarTransform
Transforming vision-common-17.3.0.aar (com.google.mlkit:vision-common:17.3.0) with AarTransform
Transforming vision-common-17.3.0.aar (com.google.mlkit:vision-common:17.3.0) with ExtractAarTransform
Transforming vision-common-17.3.0.aar (com.google.mlkit:vision-common:17.3.0) with AarTransform
Transforming common-18.9.0.aar (com.google.mlkit:common:18.9.0) with ExtractAarTransform
Transforming common-18.9.0.aar (com.google.mlkit:common:18.9.0) with AarTransform
Transforming common-18.9.0.aar (com.google.mlkit:common:18.9.0) with ExtractAarTransform
Transforming common-18.9.0.aar (com.google.mlkit:common:18.9.0) with AarTransform
Transforming common-18.9.0.aar (com.google.mlkit:common:18.9.0) with ExtractAarTransform
Transforming common-18.9.0.aar (com.google.mlkit:common:18.9.0) with AarTransform
Transforming common-18.9.0.aar (com.google.mlkit:common:18.9.0) with ExtractAarTransform
Transforming common-18.9.0.aar (com.google.mlkit:common:18.9.0) with AarTransform
Transforming common-18.9.0.aar (com.google.mlkit:common:18.9.0) with ExtractAarTransform
Transforming common-18.9.0.aar (com.google.mlkit:common:18.9.0) with AarTransform
Transforming common-18.9.0.aar (com.google.mlkit:common:18.9.0) with ExtractAarTransform
Transforming common-18.9.0.aar (com.google.mlkit:common:18.9.0) with AarTransform
Transforming common-18.9.0.aar (com.google.mlkit:common:18.9.0) with ExtractAarTransform
Transforming common-18.9.0.aar (com.google.mlkit:common:18.9.0) with AarTransform
Transforming play-services-location-19.0.0.aar (com.google.android.gms:play-services-location:19.0.0) with ExtractAarTransform
Transforming play-services-location-19.0.0.aar (com.google.android.gms:play-services-location:19.0.0) with AarTransform
Transforming play-services-base-18.1.0.aar (com.google.android.gms:play-services-base:18.1.0) with ExtractAarTransform
Transforming play-services-base-18.1.0.aar (com.google.android.gms:play-services-base:18.1.0) with AarTransform
Transforming play-services-base-18.1.0.aar (com.google.android.gms:play-services-base:18.1.0) with ExtractAarTransform
Transforming play-services-base-18.1.0.aar (com.google.android.gms:play-services-base:18.1.0) with AarTransform
Transforming play-services-base-18.1.0.aar (com.google.android.gms:play-services-base:18.1.0) with ExtractAarTransform
Transforming play-services-base-18.1.0.aar (com.google.android.gms:play-services-base:18.1.0) with AarTransform
Transforming play-services-base-18.1.0.aar (com.google.android.gms:play-services-base:18.1.0) with ExtractAarTransform
Transforming play-services-base-18.1.0.aar (com.google.android.gms:play-services-base:18.1.0) with AarTransform
Transforming play-services-base-18.1.0.aar (com.google.android.gms:play-services-base:18.1.0) with ExtractAarTransform
Transforming play-services-base-18.1.0.aar (com.google.android.gms:play-services-base:18.1.0) with AarTransform
Transforming play-services-base-18.1.0.aar (com.google.android.gms:play-services-base:18.1.0) with ExtractAarTransform
Transforming play-services-base-18.1.0.aar (com.google.android.gms:play-services-base:18.1.0) with AarTransform
Transforming play-services-base-18.1.0.aar (com.google.android.gms:play-services-base:18.1.0) with ExtractAarTransform
Transforming play-services-base-18.1.0.aar (com.google.android.gms:play-services-base:18.1.0) with AarTransform
Transforming play-services-base-18.1.0.aar (com.google.android.gms:play-services-base:18.1.0) with ExtractAarTransform
Transforming play-services-base-18.1.0.aar (com.google.android.gms:play-services-base:18.1.0) with AarTransform
Transforming play-services-base-18.1.0.aar (com.google.android.gms:play-services-base:18.1.0) with ExtractAarTransform
Transforming play-services-base-18.1.0.aar (com.google.android.gms:play-services-base:18.1.0) with AarTransform
Transforming vision-interfaces-16.2.0.aar (com.google.mlkit:vision-interfaces:16.2.0) with ExtractAarTransform
Transforming vision-interfaces-16.2.0.aar (com.google.mlkit:vision-interfaces:16.2.0) with AarTransform
Transforming vision-interfaces-16.2.0.aar (com.google.mlkit:vision-interfaces:16.2.0) with ExtractAarTransform
Transforming vision-interfaces-16.2.0.aar (com.google.mlkit:vision-interfaces:16.2.0) with AarTransform
Transforming play-services-tasks-18.0.2.aar (com.google.android.gms:play-services-tasks:18.0.2) with ExtractAarTransform
Transforming play-services-tasks-18.0.2.aar (com.google.android.gms:play-services-tasks:18.0.2) with AarTransform
Transforming play-services-tasks-18.0.2.aar (com.google.android.gms:play-services-tasks:18.0.2) with ExtractAarTransform
Transforming play-services-tasks-18.0.2.aar (com.google.android.gms:play-services-tasks:18.0.2) with AarTransform
Transforming play-services-tasks-18.0.2.aar (com.google.android.gms:play-services-tasks:18.0.2) with ExtractAarTransform
Transforming play-services-tasks-18.0.2.aar (com.google.android.gms:play-services-tasks:18.0.2) with AarTransform
Transforming play-services-tasks-18.0.2.aar (com.google.android.gms:play-services-tasks:18.0.2) with ExtractAarTransform
Transforming play-services-tasks-18.0.2.aar (com.google.android.gms:play-services-tasks:18.0.2) with AarTransform
Transforming play-services-tasks-18.0.2.aar (com.google.android.gms:play-services-tasks:18.0.2) with ExtractAarTransform
Transforming play-services-tasks-18.0.2.aar (com.google.android.gms:play-services-tasks:18.0.2) with AarTransform
Transforming play-services-tasks-18.0.2.aar (com.google.android.gms:play-services-tasks:18.0.2) with ExtractAarTransform
Transforming play-services-tasks-18.0.2.aar (com.google.android.gms:play-services-tasks:18.0.2) with AarTransform
Transforming play-services-tasks-18.0.2.aar (com.google.android.gms:play-services-tasks:18.0.2) with ExtractAarTransform
Transforming play-services-tasks-18.0.2.aar (com.google.android.gms:play-services-tasks:18.0.2) with AarTransform
Transforming play-services-tasks-18.0.2.aar (com.google.android.gms:play-services-tasks:18.0.2) with ExtractAarTransform
Transforming play-services-tasks-18.0.2.aar (com.google.android.gms:play-services-tasks:18.0.2) with AarTransform
Transforming play-services-tasks-18.0.2.aar (com.google.android.gms:play-services-tasks:18.0.2) with ExtractAarTransform
Transforming play-services-tasks-18.0.2.aar (com.google.android.gms:play-services-tasks:18.0.2) with AarTransform
Transforming play-services-places-placereport-17.0.0.aar (com.google.android.gms:play-services-places-placereport:17.0.0) with ExtractAarTransform
Transforming play-services-places-placereport-17.0.0.aar (com.google.android.gms:play-services-places-placereport:17.0.0) with AarTransform
Transforming play-services-basement-18.1.0.aar (com.google.android.gms:play-services-basement:18.1.0) with ExtractAarTransform
Transforming play-services-basement-18.1.0.aar (com.google.android.gms:play-services-basement:18.1.0) with AarTransform
Transforming play-services-basement-18.1.0.aar (com.google.android.gms:play-services-basement:18.1.0) with ExtractAarTransform
Transforming play-services-basement-18.1.0.aar (com.google.android.gms:play-services-basement:18.1.0) with AarTransform
Transforming play-services-basement-18.1.0.aar (com.google.android.gms:play-services-basement:18.1.0) with ExtractAarTransform
Transforming play-services-basement-18.1.0.aar (com.google.android.gms:play-services-basement:18.1.0) with AarTransform
Transforming appcompat-1.1.0.aar (androidx.appcompat:appcompat:1.1.0) with ExtractAarTransform
Transforming appcompat-1.1.0.aar (androidx.appcompat:appcompat:1.1.0) with AarTransform
Transforming material3-1.1.2.aar (androidx.compose.material3:material3:1.1.2) with ExtractAarTransform
Transforming material3-1.1.2.aar (androidx.compose.material3:material3:1.1.2) with AarTransform
Transforming hilt-navigation-compose-1.1.0.aar (androidx.hilt:hilt-navigation-compose:1.1.0) with ExtractAarTransform
Transforming hilt-navigation-compose-1.1.0.aar (androidx.hilt:hilt-navigation-compose:1.1.0) with AarTransform
Transforming hilt-navigation-1.1.0.aar (androidx.hilt:hilt-navigation:1.1.0) with ExtractAarTransform
Transforming hilt-navigation-1.1.0.aar (androidx.hilt:hilt-navigation:1.1.0) with AarTransform
Transforming hilt-android-2.50.aar (com.google.dagger:hilt-android:2.50) with ExtractAarTransform
Transforming hilt-android-2.50.aar (com.google.dagger:hilt-android:2.50) with AarTransform
Transforming navigation-common-2.7.6.aar (androidx.navigation:navigation-common:2.7.6) with ExtractAarTransform
Transforming navigation-common-2.7.6.aar (androidx.navigation:navigation-common:2.7.6) with AarTransform
Transforming navigation-runtime-2.7.6.aar (androidx.navigation:navigation-runtime:2.7.6) with ExtractAarTransform
Transforming navigation-runtime-2.7.6.aar (androidx.navigation:navigation-runtime:2.7.6) with AarTransform
Transforming navigation-common-ktx-2.7.6.aar (androidx.navigation:navigation-common-ktx:2.7.6) with ExtractAarTransform
Transforming navigation-common-ktx-2.7.6.aar (androidx.navigation:navigation-common-ktx:2.7.6) with AarTransform
Transforming navigation-runtime-ktx-2.7.6.aar (androidx.navigation:navigation-runtime-ktx:2.7.6) with ExtractAarTransform
Transforming navigation-runtime-ktx-2.7.6.aar (androidx.navigation:navigation-runtime-ktx:2.7.6) with AarTransform
Transforming navigation-compose-2.7.6.aar (androidx.navigation:navigation-compose:2.7.6) with ExtractAarTransform
Transforming navigation-compose-2.7.6.aar (androidx.navigation:navigation-compose:2.7.6) with AarTransform
Transforming material-ripple-release.aar (androidx.compose.material:material-ripple-android:1.6.0) with ExtractAarTransform
Transforming material-ripple-release.aar (androidx.compose.material:material-ripple-android:1.6.0) with AarTransform
Transforming material-icons-core-release.aar (androidx.compose.material:material-icons-core-android:1.6.0) with ExtractAarTransform
Transforming material-icons-core-release.aar (androidx.compose.material:material-icons-core-android:1.6.0) with AarTransform
Transforming material-icons-extended-release.aar (androidx.compose.material:material-icons-extended-android:1.6.0) with ExtractAarTransform
Transforming material-icons-extended-release.aar (androidx.compose.material:material-icons-extended-android:1.6.0) with AarTransform
Transforming material-release.aar (androidx.compose.material:material-android:1.6.0) with ExtractAarTransform
Transforming material-release.aar (androidx.compose.material:material-android:1.6.0) with AarTransform
Transforming animation-core-release.aar (androidx.compose.animation:animation-core-android:1.6.0) with ExtractAarTransform
Transforming animation-core-release.aar (androidx.compose.animation:animation-core-android:1.6.0) with AarTransform
Transforming animation-release.aar (androidx.compose.animation:animation-android:1.6.0) with ExtractAarTransform
Transforming animation-release.aar (androidx.compose.animation:animation-android:1.6.0) with AarTransform
Transforming foundation-layout-release.aar (androidx.compose.foundation:foundation-layout-android:1.6.0) with ExtractAarTransform
Transforming foundation-layout-release.aar (androidx.compose.foundation:foundation-layout-android:1.6.0) with AarTransform
Transforming foundation-release.aar (androidx.compose.foundation:foundation-android:1.6.0) with ExtractAarTransform
Transforming foundation-release.aar (androidx.compose.foundation:foundation-android:1.6.0) with AarTransform
Transforming ui-tooling-data-release.aar (androidx.compose.ui:ui-tooling-data-android:1.6.0) with ExtractAarTransform
Transforming ui-tooling-data-release.aar (androidx.compose.ui:ui-tooling-data-android:1.6.0) with AarTransform
Transforming ui-unit-release.aar (androidx.compose.ui:ui-unit-android:1.6.0) with ExtractAarTransform
Transforming ui-unit-release.aar (androidx.compose.ui:ui-unit-android:1.6.0) with AarTransform
Transforming ui-geometry-release.aar (androidx.compose.ui:ui-geometry-android:1.6.0) with ExtractAarTransform
Transforming ui-geometry-release.aar (androidx.compose.ui:ui-geometry-android:1.6.0) with AarTransform
Transforming ui-util-release.aar (androidx.compose.ui:ui-util-android:1.6.0) with ExtractAarTransform
Transforming ui-util-release.aar (androidx.compose.ui:ui-util-android:1.6.0) with AarTransform
Transforming ui-text-release.aar (androidx.compose.ui:ui-text-android:1.6.0) with ExtractAarTransform
Transforming ui-text-release.aar (androidx.compose.ui:ui-text-android:1.6.0) with AarTransform
Transforming ui-tooling-preview-release.aar (androidx.compose.ui:ui-tooling-preview-android:1.6.0) with ExtractAarTransform
Transforming ui-tooling-preview-release.aar (androidx.compose.ui:ui-tooling-preview-android:1.6.0) with AarTransform
Transforming ui-tooling-release.aar (androidx.compose.ui:ui-tooling-android:1.6.0) with ExtractAarTransform
Transforming ui-tooling-release.aar (androidx.compose.ui:ui-tooling-android:1.6.0) with AarTransform
Transforming ui-graphics-release.aar (androidx.compose.ui:ui-graphics-android:1.6.0) with ExtractAarTransform
Transforming ui-graphics-release.aar (androidx.compose.ui:ui-graphics-android:1.6.0) with AarTransform
Transforming ui-test-manifest-1.6.0.aar (androidx.compose.ui:ui-test-manifest:1.6.0) with ExtractAarTransform
Transforming ui-test-manifest-1.6.0.aar (androidx.compose.ui:ui-test-manifest:1.6.0) with AarTransform
Transforming fragment-1.5.1.aar (androidx.fragment:fragment:1.5.1) with ExtractAarTransform
Transforming fragment-1.5.1.aar (androidx.fragment:fragment:1.5.1) with AarTransform
Transforming fragment-1.5.1.aar (androidx.fragment:fragment:1.5.1) with ExtractAarTransform
Transforming fragment-1.5.1.aar (androidx.fragment:fragment:1.5.1) with AarTransform
Transforming fragment-1.5.1.aar (androidx.fragment:fragment:1.5.1) with ExtractAarTransform
Transforming fragment-1.5.1.aar (androidx.fragment:fragment:1.5.1) with AarTransform
Transforming fragment-1.5.1.aar (androidx.fragment:fragment:1.5.1) with ExtractAarTransform
Transforming fragment-1.5.1.aar (androidx.fragment:fragment:1.5.1) with AarTransform
Transforming activity-1.8.2.aar (androidx.activity:activity:1.8.2) with ExtractAarTransform
Transforming activity-1.8.2.aar (androidx.activity:activity:1.8.2) with AarTransform
Transforming activity-1.8.2.aar (androidx.activity:activity:1.8.2) with ExtractAarTransform
Transforming activity-1.8.2.aar (androidx.activity:activity:1.8.2) with AarTransform
Transforming activity-ktx-1.8.2.aar (androidx.activity:activity-ktx:1.8.2) with ExtractAarTransform
Transforming activity-ktx-1.8.2.aar (androidx.activity:activity-ktx:1.8.2) with AarTransform
Transforming activity-compose-1.8.2.aar (androidx.activity:activity-compose:1.8.2) with ExtractAarTransform
Transforming activity-compose-1.8.2.aar (androidx.activity:activity-compose:1.8.2) with AarTransform
Transforming emoji2-1.3.0.aar (androidx.emoji2:emoji2:1.3.0) with ExtractAarTransform
Transforming emoji2-1.3.0.aar (androidx.emoji2:emoji2:1.3.0) with AarTransform
Transforming lifecycle-process-2.7.0.aar (androidx.lifecycle:lifecycle-process:2.7.0) with ExtractAarTransform
Transforming lifecycle-process-2.7.0.aar (androidx.lifecycle:lifecycle-process:2.7.0) with AarTransform
Transforming lifecycle-livedata-core-ktx-2.7.0.aar (androidx.lifecycle:lifecycle-livedata-core-ktx:2.7.0) with ExtractAarTransform
Transforming lifecycle-livedata-core-ktx-2.7.0.aar (androidx.lifecycle:lifecycle-livedata-core-ktx:2.7.0) with AarTransform
Transforming lifecycle-service-2.7.0.aar (androidx.lifecycle:lifecycle-service:2.7.0) with ExtractAarTransform
Transforming lifecycle-service-2.7.0.aar (androidx.lifecycle:lifecycle-service:2.7.0) with AarTransform
Transforming lifecycle-livedata-core-2.7.0.aar (androidx.lifecycle:lifecycle-livedata-core:2.7.0) with ExtractAarTransform
Transforming lifecycle-livedata-core-2.7.0.aar (androidx.lifecycle:lifecycle-livedata-core:2.7.0) with AarTransform
Transforming loader-1.0.0.aar (androidx.loader:loader:1.0.0) with ExtractAarTransform
Transforming loader-1.0.0.aar (androidx.loader:loader:1.0.0) with AarTransform
Transforming lifecycle-livedata-2.7.0.aar (androidx.lifecycle:lifecycle-livedata:2.7.0) with ExtractAarTransform
Transforming lifecycle-livedata-2.7.0.aar (androidx.lifecycle:lifecycle-livedata:2.7.0) with AarTransform
Transforming lifecycle-livedata-2.7.0.aar (androidx.lifecycle:lifecycle-livedata:2.7.0) with ExtractAarTransform
Transforming lifecycle-livedata-2.7.0.aar (androidx.lifecycle:lifecycle-livedata:2.7.0) with AarTransform
Transforming savedstate-ktx-1.2.1.aar (androidx.savedstate:savedstate-ktx:1.2.1) with ExtractAarTransform
Transforming savedstate-ktx-1.2.1.aar (androidx.savedstate:savedstate-ktx:1.2.1) with AarTransform
Transforming savedstate-1.2.1.aar (androidx.savedstate:savedstate:1.2.1) with ExtractAarTransform
Transforming savedstate-1.2.1.aar (androidx.savedstate:savedstate:1.2.1) with AarTransform
Transforming lifecycle-viewmodel-2.7.0.aar (androidx.lifecycle:lifecycle-viewmodel:2.7.0) with ExtractAarTransform
Transforming lifecycle-viewmodel-2.7.0.aar (androidx.lifecycle:lifecycle-viewmodel:2.7.0) with AarTransform
Transforming lifecycle-viewmodel-2.7.0.aar (androidx.lifecycle:lifecycle-viewmodel:2.7.0) with ExtractAarTransform
Transforming lifecycle-viewmodel-2.7.0.aar (androidx.lifecycle:lifecycle-viewmodel:2.7.0) with AarTransform
Transforming lifecycle-viewmodel-savedstate-2.7.0.aar (androidx.lifecycle:lifecycle-viewmodel-savedstate:2.7.0) with ExtractAarTransform
Transforming lifecycle-viewmodel-savedstate-2.7.0.aar (androidx.lifecycle:lifecycle-viewmodel-savedstate:2.7.0) with AarTransform
Transforming lifecycle-viewmodel-ktx-2.7.0.aar (androidx.lifecycle:lifecycle-viewmodel-ktx:2.7.0) with ExtractAarTransform
Transforming lifecycle-viewmodel-ktx-2.7.0.aar (androidx.lifecycle:lifecycle-viewmodel-ktx:2.7.0) with AarTransform
Transforming lifecycle-runtime-2.7.0.aar (androidx.lifecycle:lifecycle-runtime:2.7.0) with ExtractAarTransform
Transforming lifecycle-runtime-2.7.0.aar (androidx.lifecycle:lifecycle-runtime:2.7.0) with AarTransform
Transforming lifecycle-runtime-ktx-2.7.0.aar (androidx.lifecycle:lifecycle-runtime-ktx:2.7.0) with ExtractAarTransform
Transforming lifecycle-runtime-ktx-2.7.0.aar (androidx.lifecycle:lifecycle-runtime-ktx:2.7.0) with AarTransform
Transforming lifecycle-viewmodel-compose-2.7.0.aar (androidx.lifecycle:lifecycle-viewmodel-compose:2.7.0) with ExtractAarTransform
Transforming lifecycle-viewmodel-compose-2.7.0.aar (androidx.lifecycle:lifecycle-viewmodel-compose:2.7.0) with AarTransform
Transforming ui-release.aar (androidx.compose.ui:ui-android:1.6.0) with ExtractAarTransform
Transforming ui-release.aar (androidx.compose.ui:ui-android:1.6.0) with AarTransform
Transforming viewpager-1.0.0.aar (androidx.viewpager:viewpager:1.0.0) with ExtractAarTransform
Transforming viewpager-1.0.0.aar (androidx.viewpager:viewpager:1.0.0) with AarTransform
Transforming appcompat-resources-1.1.0.aar (androidx.appcompat:appcompat-resources:1.1.0) with ExtractAarTransform
Transforming appcompat-resources-1.1.0.aar (androidx.appcompat:appcompat-resources:1.1.0) with AarTransform
Transforming drawerlayout-1.0.0.aar (androidx.drawerlayout:drawerlayout:1.0.0) with ExtractAarTransform
Transforming drawerlayout-1.0.0.aar (androidx.drawerlayout:drawerlayout:1.0.0) with AarTransform
Transforming autofill-1.0.0.aar (androidx.autofill:autofill:1.0.0) with ExtractAarTransform
Transforming autofill-1.0.0.aar (androidx.autofill:autofill:1.0.0) with AarTransform
Transforming customview-1.0.0.aar (androidx.customview:customview:1.0.0) with ExtractAarTransform
Transforming customview-1.0.0.aar (androidx.customview:customview:1.0.0) with AarTransform
Transforming customview-1.0.0.aar (androidx.customview:customview:1.0.0) with ExtractAarTransform
Transforming customview-1.0.0.aar (androidx.customview:customview:1.0.0) with AarTransform
Transforming vectordrawable-animated-1.1.0.aar (androidx.vectordrawable:vectordrawable-animated:1.1.0) with ExtractAarTransform
Transforming vectordrawable-animated-1.1.0.aar (androidx.vectordrawable:vectordrawable-animated:1.1.0) with AarTransform
Transforming vectordrawable-1.1.0.aar (androidx.vectordrawable:vectordrawable:1.1.0) with ExtractAarTransform
Transforming vectordrawable-1.1.0.aar (androidx.vectordrawable:vectordrawable:1.1.0) with AarTransform
Transforming vectordrawable-1.1.0.aar (androidx.vectordrawable:vectordrawable:1.1.0) with ExtractAarTransform
Transforming vectordrawable-1.1.0.aar (androidx.vectordrawable:vectordrawable:1.1.0) with AarTransform
Transforming core-1.12.0.aar (androidx.core:core:1.12.0) with ExtractAarTransform
Transforming core-1.12.0.aar (androidx.core:core:1.12.0) with AarTransform
Transforming core-1.12.0.aar (androidx.core:core:1.12.0) with ExtractAarTransform
Transforming core-1.12.0.aar (androidx.core:core:1.12.0) with AarTransform
Transforming core-1.12.0.aar (androidx.core:core:1.12.0) with ExtractAarTransform
Transforming core-1.12.0.aar (androidx.core:core:1.12.0) with AarTransform
Transforming core-1.12.0.aar (androidx.core:core:1.12.0) with ExtractAarTransform
Transforming core-1.12.0.aar (androidx.core:core:1.12.0) with AarTransform
Transforming core-1.12.0.aar (androidx.core:core:1.12.0) with ExtractAarTransform
Transforming core-1.12.0.aar (androidx.core:core:1.12.0) with AarTransform
Transforming core-1.12.0.aar (androidx.core:core:1.12.0) with ExtractAarTransform
Transforming core-1.12.0.aar (androidx.core:core:1.12.0) with AarTransform
Transforming core-1.12.0.aar (androidx.core:core:1.12.0) with ExtractAarTransform
Transforming core-1.12.0.aar (androidx.core:core:1.12.0) with AarTransform
Transforming core-1.12.0.aar (androidx.core:core:1.12.0) with ExtractAarTransform
Transforming core-1.12.0.aar (androidx.core:core:1.12.0) with AarTransform
Transforming core-1.12.0.aar (androidx.core:core:1.12.0) with ExtractAarTransform
Transforming core-1.12.0.aar (androidx.core:core:1.12.0) with AarTransform
Transforming core-1.12.0.aar (androidx.core:core:1.12.0) with ExtractAarTransform
Transforming core-1.12.0.aar (androidx.core:core:1.12.0) with AarTransform
Transforming core-1.12.0.aar (androidx.core:core:1.12.0) with ExtractAarTransform
Transforming core-1.12.0.aar (androidx.core:core:1.12.0) with AarTransform
Transforming core-1.12.0.aar (androidx.core:core:1.12.0) with ExtractAarTransform
Transforming core-1.12.0.aar (androidx.core:core:1.12.0) with AarTransform
Transforming customview-poolingcontainer-1.0.0.aar (androidx.customview:customview-poolingcontainer:1.0.0) with ExtractAarTransform
Transforming customview-poolingcontainer-1.0.0.aar (androidx.customview:customview-poolingcontainer:1.0.0) with AarTransform
Transforming core-ktx-1.12.0.aar (androidx.core:core-ktx:1.12.0) with ExtractAarTransform
Transforming core-ktx-1.12.0.aar (androidx.core:core-ktx:1.12.0) with AarTransform
Transforming core-splashscreen-1.0.1.aar (androidx.core:core-splashscreen:1.0.1) with ExtractAarTransform
Transforming core-splashscreen-1.0.1.aar (androidx.core:core-splashscreen:1.0.1) with AarTransform
Transforming room-runtime-2.6.1.aar (androidx.room:room-runtime:2.6.1) with ExtractAarTransform
Transforming room-runtime-2.6.1.aar (androidx.room:room-runtime:2.6.1) with AarTransform
Transforming room-ktx-2.6.1.aar (androidx.room:room-ktx:2.6.1) with ExtractAarTransform
Transforming room-ktx-2.6.1.aar (androidx.room:room-ktx:2.6.1) with AarTransform
Transforming datastore-preferences-1.0.0.aar (androidx.datastore:datastore-preferences:1.0.0) with ExtractAarTransform
Transforming datastore-preferences-1.0.0.aar (androidx.datastore:datastore-preferences:1.0.0) with AarTransform
Transforming sqlite-framework-2.4.0.aar (androidx.sqlite:sqlite-framework:2.4.0) with ExtractAarTransform
Transforming sqlite-framework-2.4.0.aar (androidx.sqlite:sqlite-framework:2.4.0) with AarTransform
Transforming sqlite-2.4.0.aar (androidx.sqlite:sqlite:2.4.0) with ExtractAarTransform
Transforming sqlite-2.4.0.aar (androidx.sqlite:sqlite:2.4.0) with AarTransform
Transforming annotation-experimental-1.3.1.aar (androidx.annotation:annotation-experimental:1.3.1) with ExtractAarTransform
Transforming annotation-experimental-1.3.1.aar (androidx.annotation:annotation-experimental:1.3.1) with AarTransform
Transforming datastore-1.0.0.aar (androidx.datastore:datastore:1.0.0) with ExtractAarTransform
Transforming datastore-1.0.0.aar (androidx.datastore:datastore:1.0.0) with AarTransform
Transforming runtime-saveable-release.aar (androidx.compose.runtime:runtime-saveable-android:1.6.0) with ExtractAarTransform
Transforming runtime-saveable-release.aar (androidx.compose.runtime:runtime-saveable-android:1.6.0) with AarTransform
Transforming runtime-release.aar (androidx.compose.runtime:runtime-android:1.6.0) with ExtractAarTransform
Transforming runtime-release.aar (androidx.compose.runtime:runtime-android:1.6.0) with AarTransform
Transforming security-crypto-1.1.0-alpha06.aar (androidx.security:security-crypto:1.1.0-alpha06) with ExtractAarTransform
Transforming security-crypto-1.1.0-alpha06.aar (androidx.security:security-crypto:1.1.0-alpha06) with AarTransform
Transforming versionedparcelable-1.1.1.aar (androidx.versionedparcelable:versionedparcelable:1.1.1) with ExtractAarTransform
Transforming versionedparcelable-1.1.1.aar (androidx.versionedparcelable:versionedparcelable:1.1.1) with AarTransform
Transforming core-runtime-2.2.0.aar (androidx.arch.core:core-runtime:2.2.0) with ExtractAarTransform
Transforming core-runtime-2.2.0.aar (androidx.arch.core:core-runtime:2.2.0) with AarTransform
Transforming exifinterface-1.3.2.aar (androidx.exifinterface:exifinterface:1.3.2) with ExtractAarTransform
Transforming exifinterface-1.3.2.aar (androidx.exifinterface:exifinterface:1.3.2) with AarTransform
Transforming exifinterface-1.3.2.aar (androidx.exifinterface:exifinterface:1.3.2) with ExtractAarTransform
Transforming exifinterface-1.3.2.aar (androidx.exifinterface:exifinterface:1.3.2) with AarTransform
Transforming interpolator-1.0.0.aar (androidx.interpolator:interpolator:1.0.0) with ExtractAarTransform
Transforming interpolator-1.0.0.aar (androidx.interpolator:interpolator:1.0.0) with AarTransform
Transforming interpolator-1.0.0.aar (androidx.interpolator:interpolator:1.0.0) with ExtractAarTransform
Transforming interpolator-1.0.0.aar (androidx.interpolator:interpolator:1.0.0) with AarTransform
Transforming profileinstaller-1.3.0.aar (androidx.profileinstaller:profileinstaller:1.3.0) with ExtractAarTransform
Transforming profileinstaller-1.3.0.aar (androidx.profileinstaller:profileinstaller:1.3.0) with AarTransform
Transforming transport-backend-cct-3.1.8.aar (com.google.android.datatransport:transport-backend-cct:3.1.8) with ExtractAarTransform
Transforming transport-backend-cct-3.1.8.aar (com.google.android.datatransport:transport-backend-cct:3.1.8) with AarTransform
Transforming transport-backend-cct-3.1.8.aar (com.google.android.datatransport:transport-backend-cct:3.1.8) with ExtractAarTransform
Transforming transport-backend-cct-3.1.8.aar (com.google.android.datatransport:transport-backend-cct:3.1.8) with AarTransform
Transforming transport-backend-cct-3.1.8.aar (com.google.android.datatransport:transport-backend-cct:3.1.8) with ExtractAarTransform
Transforming transport-backend-cct-3.1.8.aar (com.google.android.datatransport:transport-backend-cct:3.1.8) with AarTransform
Transforming transport-backend-cct-3.1.8.aar (com.google.android.datatransport:transport-backend-cct:3.1.8) with ExtractAarTransform
Transforming transport-backend-cct-3.1.8.aar (com.google.android.datatransport:transport-backend-cct:3.1.8) with AarTransform
Transforming transport-backend-cct-3.1.8.aar (com.google.android.datatransport:transport-backend-cct:3.1.8) with ExtractAarTransform
Transforming transport-backend-cct-3.1.8.aar (com.google.android.datatransport:transport-backend-cct:3.1.8) with AarTransform
Transforming transport-runtime-3.1.8.aar (com.google.android.datatransport:transport-runtime:3.1.8) with ExtractAarTransform
Transforming transport-runtime-3.1.8.aar (com.google.android.datatransport:transport-runtime:3.1.8) with AarTransform
Transforming transport-runtime-3.1.8.aar (com.google.android.datatransport:transport-runtime:3.1.8) with ExtractAarTransform
Transforming transport-runtime-3.1.8.aar (com.google.android.datatransport:transport-runtime:3.1.8) with AarTransform
Transforming transport-runtime-3.1.8.aar (com.google.android.datatransport:transport-runtime:3.1.8) with ExtractAarTransform
Transforming transport-runtime-3.1.8.aar (com.google.android.datatransport:transport-runtime:3.1.8) with AarTransform
Transforming transport-runtime-3.1.8.aar (com.google.android.datatransport:transport-runtime:3.1.8) with ExtractAarTransform
Transforming transport-runtime-3.1.8.aar (com.google.android.datatransport:transport-runtime:3.1.8) with AarTransform
Transforming transport-runtime-3.1.8.aar (com.google.android.datatransport:transport-runtime:3.1.8) with ExtractAarTransform
Transforming transport-runtime-3.1.8.aar (com.google.android.datatransport:transport-runtime:3.1.8) with AarTransform
Transforming transport-runtime-3.1.8.aar (com.google.android.datatransport:transport-runtime:3.1.8) with ExtractAarTransform
Transforming transport-runtime-3.1.8.aar (com.google.android.datatransport:transport-runtime:3.1.8) with AarTransform
Transforming transport-api-3.0.0.aar (com.google.android.datatransport:transport-api:3.0.0) with ExtractAarTransform
Transforming transport-api-3.0.0.aar (com.google.android.datatransport:transport-api:3.0.0) with AarTransform
Transforming transport-api-3.0.0.aar (com.google.android.datatransport:transport-api:3.0.0) with ExtractAarTransform
Transforming transport-api-3.0.0.aar (com.google.android.datatransport:transport-api:3.0.0) with AarTransform
Transforming transport-api-3.0.0.aar (com.google.android.datatransport:transport-api:3.0.0) with ExtractAarTransform
Transforming transport-api-3.0.0.aar (com.google.android.datatransport:transport-api:3.0.0) with AarTransform
Transforming transport-api-3.0.0.aar (com.google.android.datatransport:transport-api:3.0.0) with ExtractAarTransform
Transforming transport-api-3.0.0.aar (com.google.android.datatransport:transport-api:3.0.0) with AarTransform
Transforming transport-api-3.0.0.aar (com.google.android.datatransport:transport-api:3.0.0) with ExtractAarTransform
Transforming transport-api-3.0.0.aar (com.google.android.datatransport:transport-api:3.0.0) with AarTransform
Transforming transport-api-3.0.0.aar (com.google.android.datatransport:transport-api:3.0.0) with ExtractAarTransform
Transforming transport-api-3.0.0.aar (com.google.android.datatransport:transport-api:3.0.0) with AarTransform
Transforming transport-api-3.0.0.aar (com.google.android.datatransport:transport-api:3.0.0) with ExtractAarTransform
Transforming transport-api-3.0.0.aar (com.google.android.datatransport:transport-api:3.0.0) with AarTransform
Transforming startup-runtime-1.1.1.aar (androidx.startup:startup-runtime:1.1.1) with ExtractAarTransform
Transforming startup-runtime-1.1.1.aar (androidx.startup:startup-runtime:1.1.1) with AarTransform
Transforming cursoradapter-1.0.0.aar (androidx.cursoradapter:cursoradapter:1.0.0) with ExtractAarTransform
Transforming cursoradapter-1.0.0.aar (androidx.cursoradapter:cursoradapter:1.0.0) with AarTransform
Transforming firebase-components-16.1.0.aar (com.google.firebase:firebase-components:16.1.0) with ExtractAarTransform
Transforming firebase-components-16.1.0.aar (com.google.firebase:firebase-components:16.1.0) with AarTransform
Transforming firebase-components-16.1.0.aar (com.google.firebase:firebase-components:16.1.0) with ExtractAarTransform
Transforming firebase-components-16.1.0.aar (com.google.firebase:firebase-components:16.1.0) with AarTransform
Transforming firebase-components-16.1.0.aar (com.google.firebase:firebase-components:16.1.0) with ExtractAarTransform
Transforming firebase-components-16.1.0.aar (com.google.firebase:firebase-components:16.1.0) with AarTransform
Transforming firebase-components-16.1.0.aar (com.google.firebase:firebase-components:16.1.0) with ExtractAarTransform
Transforming firebase-components-16.1.0.aar (com.google.firebase:firebase-components:16.1.0) with AarTransform
Transforming tracing-1.0.0.aar (androidx.tracing:tracing:1.0.0) with ExtractAarTransform
Transforming tracing-1.0.0.aar (androidx.tracing:tracing:1.0.0) with AarTransform
Transforming firebase-encoders-json-18.0.0.aar (com.google.firebase:firebase-encoders-json:18.0.0) with ExtractAarTransform
Transforming firebase-encoders-json-18.0.0.aar (com.google.firebase:firebase-encoders-json:18.0.0) with AarTransform
Transforming firebase-encoders-json-18.0.0.aar (com.google.firebase:firebase-encoders-json:18.0.0) with ExtractAarTransform
Transforming firebase-encoders-json-18.0.0.aar (com.google.firebase:firebase-encoders-json:18.0.0) with AarTransform
Transforming firebase-encoders-json-18.0.0.aar (com.google.firebase:firebase-encoders-json:18.0.0) with ExtractAarTransform
Transforming firebase-encoders-json-18.0.0.aar (com.google.firebase:firebase-encoders-json:18.0.0) with AarTransform
Transforming firebase-encoders-json-18.0.0.aar (com.google.firebase:firebase-encoders-json:18.0.0) with ExtractAarTransform
Transforming firebase-encoders-json-18.0.0.aar (com.google.firebase:firebase-encoders-json:18.0.0) with AarTransform
Transforming firebase-encoders-json-18.0.0.aar (com.google.firebase:firebase-encoders-json:18.0.0) with ExtractAarTransform
Transforming firebase-encoders-json-18.0.0.aar (com.google.firebase:firebase-encoders-json:18.0.0) with AarTransform
Transforming tensorflow-lite-support-0.4.4.aar (org.tensorflow:tensorflow-lite-support:0.4.4) with ExtractAarTransform
Transforming tensorflow-lite-support-0.4.4.aar (org.tensorflow:tensorflow-lite-support:0.4.4) with AarTransform
Transforming tensorflow-lite-2.14.0.aar (org.tensorflow:tensorflow-lite:2.14.0) with ExtractAarTransform
Transforming tensorflow-lite-2.14.0.aar (org.tensorflow:tensorflow-lite:2.14.0) with AarTransform
Transforming tensorflow-lite-gpu-2.14.0.aar (org.tensorflow:tensorflow-lite-gpu:2.14.0) with ExtractAarTransform
Transforming tensorflow-lite-gpu-2.14.0.aar (org.tensorflow:tensorflow-lite-gpu:2.14.0) with AarTransform
Transforming dagger-lint-aar-2.50.aar (com.google.dagger:dagger-lint-aar:2.50) with ExtractAarTransform
Transforming dagger-lint-aar-2.50.aar (com.google.dagger:dagger-lint-aar:2.50) with AarTransform
Transforming tensorflow-lite-support-api-0.4.4.aar (org.tensorflow:tensorflow-lite-support-api:0.4.4) with ExtractAarTransform
Transforming tensorflow-lite-support-api-0.4.4.aar (org.tensorflow:tensorflow-lite-support-api:0.4.4) with AarTransform
Transforming tensorflow-lite-api-2.14.0.aar (org.tensorflow:tensorflow-lite-api:2.14.0) with ExtractAarTransform
Transforming tensorflow-lite-api-2.14.0.aar (org.tensorflow:tensorflow-lite-api:2.14.0) with AarTransform
Transforming image-1.0.0-beta1.aar (com.google.android.odml:image:1.0.0-beta1) with ExtractAarTransform
Transforming image-1.0.0-beta1.aar (com.google.android.odml:image:1.0.0-beta1) with AarTransform
Transforming image-1.0.0-beta1.aar (com.google.android.odml:image:1.0.0-beta1) with ExtractAarTransform
Transforming image-1.0.0-beta1.aar (com.google.android.odml:image:1.0.0-beta1) with AarTransform
Transforming image-1.0.0-beta1.aar (com.google.android.odml:image:1.0.0-beta1) with ExtractAarTransform
Transforming image-1.0.0-beta1.aar (com.google.android.odml:image:1.0.0-beta1) with AarTransform
Transforming image-1.0.0-beta1.aar (com.google.android.odml:image:1.0.0-beta1) with ExtractAarTransform
Transforming image-1.0.0-beta1.aar (com.google.android.odml:image:1.0.0-beta1) with AarTransform
Caching disabled for task ':app:mapDebugSourceSetPaths' because:
  Caching has been disabled for the task
Task ':app:mapDebugSourceSetPaths' is not up-to-date because:
  Output property 'filepathMappingFile' file C:\Users\Administrator\Desktop\new app - Copy - Copy\nsfw-shield\app\build\intermediates\source_set_path_map\debug\file-map.txt has been removed.
Resolve mutations for :app:generateDebugResources (Thread[#58,included builds,5,main]) started.
:app:generateDebugResources (Thread[#58,included builds,5,main]) started.

> Task :app:generateDebugResources UP-TO-DATE
Skipping task ':app:generateDebugResources' as it has no actions.
Resolve mutations for :app:mergeDebugResources (Thread[#58,included builds,5,main]) started.
:app:mergeDebugResources (Thread[#58,included builds,5,main]) started.

> Task :app:mergeDebugResources FROM-CACHE
Build cache key for task ':app:mergeDebugResources' is 50bc474ddb595bb7f067435f8f267ae4
Task ':app:mergeDebugResources' is not up-to-date because:
  Output property 'blameLogOutputFolder' file C:\Users\Administrator\Desktop\new app - Copy - Copy\nsfw-shield\app\build\intermediates\merged_res_blame_folder\debug\out has been removed.
  Output property 'blameLogOutputFolder' file C:\Users\Administrator\Desktop\new app - Copy - Copy\nsfw-shield\app\build\intermediates\merged_res_blame_folder\debug\out\multi-v2 has been removed.
  Output property 'blameLogOutputFolder' file C:\Users\Administrator\Desktop\new app - Copy - Copy\nsfw-shield\app\build\intermediates\merged_res_blame_folder\debug\out\multi-v2\debug.json has been removed.
  and more...
  and more...
  and more...
  and more...
  and more...
  and more...
  and more...
  and more...
  and more...
  and more...
  and more...
  and more...
  and more...
  and more...
  and more...
  and more...
  and more...
  and more...
  and more...
  and more...
  and more...
  and more...
  and more...
  and more...
  and more...
  and more...
  and more...
  and more...
  and more...
  and more...
  and more...
  and more...
  and more...
  and more...
  and more...
  and more...
  and more...
  and more...
  and more...
  and more...
  and more...
  and more...
  and more...
  and more...
  and more...
  and more...
  and more...
  and more...
  and more...
  and more...
  and more...
  and more...
  and more...
  and more...
  and more...
  and more...
  and more...
  and more...
  and more...
  and more...
  and more...
  and more...
  and more...
  and more...
  and more...
  and more...
  and more...
  and more...
  and more...
  and more...
  and more...
  and more...
  and more...
  and more...
  and more...
  and more...
  and more...
  and more...
  and more...
  and more...
  and more...
  and more...
  and more...
  and more...
  and more...
  and more...
  and more...
  and more...
  and more...
  and more...
  and more...
  and more...
  and more...
  and more...
  and more...
  and more...
  and more...
  and more...
  and more...
  and more...
  and more...
  and more...
  and more...
  and more...
  and more...
  and more...
  and more...
  and more...
  and more...
  and more...
  and more...
  and more...
Loaded cache entry for task ':app:mergeDebugResources' with cache key 50bc474ddb595bb7f067435f8f267ae4
Resolve mutations for :app:packageDebugResources (Thread[#58,included builds,5,main]) started.
:app:packageDebugResources (Thread[#58,included builds,5,main]) started.

> Task :app:packageDebugResources FROM-CACHE
Build cache key for task ':app:packageDebugResources' is c5729f11779663128d9a56460078af54
Task ':app:packageDebugResources' is not up-to-date because:
  Output property 'dataBindingLayoutInfoOutFolder' file C:\Users\Administrator\Desktop\new app - Copy - Copy\nsfw-shield\app\build\intermediates\data_binding_layout_info_type_package\debug\out has been removed.
  Output property 'incrementalFolder' file C:\Users\Administrator\Desktop\new app - Copy - Copy\nsfw-shield\app\build\intermediates\incremental\debug\packageDebugResources has been removed.
  Output property 'incrementalFolder' file C:\Users\Administrator\Desktop\new app - Copy - Copy\nsfw-shield\app\build\intermediates\incremental\debug\packageDebugResources\compile-file-map.properties has been removed.
  and more...
  and more...
  and more...
  and more...
Loaded cache entry for task ':app:packageDebugResources' with cache key c5729f11779663128d9a56460078af54
Resolve mutations for :app:parseDebugLocalResources (Thread[#61,Execution worker Thread 3,5,main]) started.
:app:parseDebugLocalResources (Thread[#58,included builds,5,main]) started.

> Task :app:parseDebugLocalResources FROM-CACHE
Transforming android.jar with PlatformAttrTransform
Transforming android.jar with PlatformAttrTransform
Build cache key for task ':app:parseDebugLocalResources' is 191b115b5a9e5034b0b3d96cd3c61a20
Task ':app:parseDebugLocalResources' is not up-to-date because:
  Output property 'librarySymbolsFile' file C:\Users\Administrator\Desktop\new app - Copy - Copy\nsfw-shield\app\build\intermediates\local_only_symbol_list\debug\R-def.txt has been removed.
Loaded cache entry for task ':app:parseDebugLocalResources' with cache key 191b115b5a9e5034b0b3d96cd3c61a20
Resolve mutations for :app:createDebugCompatibleScreenManifests (Thread[#58,included builds,5,main]) started.
:app:createDebugCompatibleScreenManifests (Thread[#58,included builds,5,main]) started.

> Task :app:createDebugCompatibleScreenManifests
Caching disabled for task ':app:createDebugCompatibleScreenManifests' because:
  Caching has been disabled for the task
Task ':app:createDebugCompatibleScreenManifests' is not up-to-date because:
  Output property 'outputFolder' file C:\Users\Administrator\Desktop\new app - Copy - Copy\nsfw-shield\app\build\intermediates\compatible_screen_manifest\debug has been removed.
  Output property 'outputFolder' file C:\Users\Administrator\Desktop\new app - Copy - Copy\nsfw-shield\app\build\intermediates\compatible_screen_manifest\debug\output-metadata.json has been removed.
Resolve mutations for :app:extractDeepLinksDebug (Thread[#61,Execution worker Thread 3,5,main]) started.
:app:extractDeepLinksDebug (Thread[#58,included builds,5,main]) started.

> Task :app:extractDeepLinksDebug FROM-CACHE
Build cache key for task ':app:extractDeepLinksDebug' is e5a51daeccc4239861c2d881bfa08994
Task ':app:extractDeepLinksDebug' is not up-to-date because:
  Output property 'navigationJson' file C:\Users\Administrator\Desktop\new app - Copy - Copy\nsfw-shield\app\build\intermediates\navigation_json\debug\navigation.json has been removed.
Loaded cache entry for task ':app:extractDeepLinksDebug' with cache key e5a51daeccc4239861c2d881bfa08994
Resolve mutations for :app:processDebugMainManifest (Thread[#61,Execution worker Thread 3,5,main]) started.
:app:processDebugMainManifest (Thread[#58,included builds,5,main]) started.

> Task :app:processDebugMainManifest FROM-CACHE
Transforming camera-video-1.3.1.aar (androidx.camera:camera-video:1.3.1) with ExtractAarTransform
Transforming camera-video-1.3.1.aar (androidx.camera:camera-video:1.3.1) with AarTransform
Transforming camera-view-1.3.1.aar (androidx.camera:camera-view:1.3.1) with ExtractAarTransform
Transforming camera-view-1.3.1.aar (androidx.camera:camera-view:1.3.1) with AarTransform
Transforming camera-lifecycle-1.3.1.aar (androidx.camera:camera-lifecycle:1.3.1) with ExtractAarTransform
Transforming camera-lifecycle-1.3.1.aar (androidx.camera:camera-lifecycle:1.3.1) with AarTransform
Transforming camera-camera2-1.3.1.aar (androidx.camera:camera-camera2:1.3.1) with ExtractAarTransform
Transforming camera-camera2-1.3.1.aar (androidx.camera:camera-camera2:1.3.1) with AarTransform
Transforming camera-core-1.3.1.aar (androidx.camera:camera-core:1.3.1) with ExtractAarTransform
Transforming camera-core-1.3.1.aar (androidx.camera:camera-core:1.3.1) with AarTransform
Transforming work-runtime-ktx-2.9.0.aar (androidx.work:work-runtime-ktx:2.9.0) with ExtractAarTransform
Transforming work-runtime-ktx-2.9.0.aar (androidx.work:work-runtime-ktx:2.9.0) with AarTransform
Transforming hilt-work-1.1.0.aar (androidx.hilt:hilt-work:1.1.0) with ExtractAarTransform
Transforming hilt-work-1.1.0.aar (androidx.hilt:hilt-work:1.1.0) with AarTransform
Transforming work-runtime-2.9.0.aar (androidx.work:work-runtime:2.9.0) with ExtractAarTransform
Transforming work-runtime-2.9.0.aar (androidx.work:work-runtime:2.9.0) with AarTransform
Transforming text-recognition-16.0.0.aar (com.google.mlkit:text-recognition:16.0.0) with ExtractAarTransform
Transforming text-recognition-16.0.0.aar (com.google.mlkit:text-recognition:16.0.0) with AarTransform
Transforming billing-ktx-6.1.0.aar (com.android.billingclient:billing-ktx:6.1.0) with ExtractAarTransform
Transforming billing-ktx-6.1.0.aar (com.android.billingclient:billing-ktx:6.1.0) with AarTransform
Transforming billing-6.1.0.aar (com.android.billingclient:billing:6.1.0) with ExtractAarTransform
Transforming billing-6.1.0.aar (com.android.billingclient:billing:6.1.0) with AarTransform
Transforming play-services-mlkit-text-recognition-19.0.0.aar (com.google.android.gms:play-services-mlkit-text-recognition:19.0.0) with ExtractAarTransform
Transforming play-services-mlkit-text-recognition-19.0.0.aar (com.google.android.gms:play-services-mlkit-text-recognition:19.0.0) with AarTransform
Transforming text-recognition-bundled-common-16.0.0.aar (com.google.mlkit:text-recognition-bundled-common:16.0.0) with ExtractAarTransform
Transforming text-recognition-bundled-common-16.0.0.aar (com.google.mlkit:text-recognition-bundled-common:16.0.0) with AarTransform
Transforming barcode-scanning-17.2.0.aar (com.google.mlkit:barcode-scanning:17.2.0) with ExtractAarTransform
Transforming barcode-scanning-17.2.0.aar (com.google.mlkit:barcode-scanning:17.2.0) with AarTransform
Transforming play-services-mlkit-barcode-scanning-18.3.0.aar (com.google.android.gms:play-services-mlkit-barcode-scanning:18.3.0) with ExtractAarTransform
Transforming play-services-mlkit-barcode-scanning-18.3.0.aar (com.google.android.gms:play-services-mlkit-barcode-scanning:18.3.0) with AarTransform
Transforming barcode-scanning-common-17.0.0.aar (com.google.mlkit:barcode-scanning-common:17.0.0) with ExtractAarTransform
Transforming barcode-scanning-common-17.0.0.aar (com.google.mlkit:barcode-scanning-common:17.0.0) with AarTransform
Transforming barcode-scanning-common-17.0.0.aar (com.google.mlkit:barcode-scanning-common:17.0.0) with ExtractAarTransform
Transforming barcode-scanning-common-17.0.0.aar (com.google.mlkit:barcode-scanning-common:17.0.0) with AarTransform
Transforming play-services-mlkit-text-recognition-common-19.0.0.aar (com.google.android.gms:play-services-mlkit-text-recognition-common:19.0.0) with ExtractAarTransform
Transforming play-services-mlkit-text-recognition-common-19.0.0.aar (com.google.android.gms:play-services-mlkit-text-recognition-common:19.0.0) with AarTransform
Transforming vision-common-17.3.0.aar (com.google.mlkit:vision-common:17.3.0) with ExtractAarTransform
Transforming vision-common-17.3.0.aar (com.google.mlkit:vision-common:17.3.0) with AarTransform
Transforming vision-common-17.3.0.aar (com.google.mlkit:vision-common:17.3.0) with ExtractAarTransform
Transforming vision-common-17.3.0.aar (com.google.mlkit:vision-common:17.3.0) with AarTransform
Transforming vision-common-17.3.0.aar (com.google.mlkit:vision-common:17.3.0) with ExtractAarTransform
Transforming vision-common-17.3.0.aar (com.google.mlkit:vision-common:17.3.0) with AarTransform
Transforming vision-common-17.3.0.aar (com.google.mlkit:vision-common:17.3.0) with ExtractAarTransform
Transforming vision-common-17.3.0.aar (com.google.mlkit:vision-common:17.3.0) with AarTransform
Transforming vision-common-17.3.0.aar (com.google.mlkit:vision-common:17.3.0) with ExtractAarTransform
Transforming vision-common-17.3.0.aar (com.google.mlkit:vision-common:17.3.0) with AarTransform
Transforming common-18.9.0.aar (com.google.mlkit:common:18.9.0) with ExtractAarTransform
Transforming common-18.9.0.aar (com.google.mlkit:common:18.9.0) with AarTransform
Transforming common-18.9.0.aar (com.google.mlkit:common:18.9.0) with ExtractAarTransform
Transforming common-18.9.0.aar (com.google.mlkit:common:18.9.0) with AarTransform
Transforming common-18.9.0.aar (com.google.mlkit:common:18.9.0) with ExtractAarTransform
Transforming common-18.9.0.aar (com.google.mlkit:common:18.9.0) with AarTransform
Transforming common-18.9.0.aar (com.google.mlkit:common:18.9.0) with ExtractAarTransform
Transforming common-18.9.0.aar (com.google.mlkit:common:18.9.0) with AarTransform
Transforming common-18.9.0.aar (com.google.mlkit:common:18.9.0) with ExtractAarTransform
Transforming common-18.9.0.aar (com.google.mlkit:common:18.9.0) with AarTransform
Transforming common-18.9.0.aar (com.google.mlkit:common:18.9.0) with ExtractAarTransform
Transforming common-18.9.0.aar (com.google.mlkit:common:18.9.0) with AarTransform
Transforming common-18.9.0.aar (com.google.mlkit:common:18.9.0) with ExtractAarTransform
Transforming common-18.9.0.aar (com.google.mlkit:common:18.9.0) with AarTransform
Transforming play-services-location-19.0.0.aar (com.google.android.gms:play-services-location:19.0.0) with ExtractAarTransform
Transforming play-services-location-19.0.0.aar (com.google.android.gms:play-services-location:19.0.0) with AarTransform
Transforming play-services-base-18.1.0.aar (com.google.android.gms:play-services-base:18.1.0) with ExtractAarTransform
Transforming play-services-base-18.1.0.aar (com.google.android.gms:play-services-base:18.1.0) with AarTransform
Transforming play-services-base-18.1.0.aar (com.google.android.gms:play-services-base:18.1.0) with ExtractAarTransform
Transforming play-services-base-18.1.0.aar (com.google.android.gms:play-services-base:18.1.0) with AarTransform
Transforming play-services-base-18.1.0.aar (com.google.android.gms:play-services-base:18.1.0) with ExtractAarTransform
Transforming play-services-base-18.1.0.aar (com.google.android.gms:play-services-base:18.1.0) with AarTransform
Transforming play-services-base-18.1.0.aar (com.google.android.gms:play-services-base:18.1.0) with ExtractAarTransform
Transforming play-services-base-18.1.0.aar (com.google.android.gms:play-services-base:18.1.0) with AarTransform
Transforming play-services-base-18.1.0.aar (com.google.android.gms:play-services-base:18.1.0) with ExtractAarTransform
Transforming play-services-base-18.1.0.aar (com.google.android.gms:play-services-base:18.1.0) with AarTransform
Transforming play-services-base-18.1.0.aar (com.google.android.gms:play-services-base:18.1.0) with ExtractAarTransform
Transforming play-services-base-18.1.0.aar (com.google.android.gms:play-services-base:18.1.0) with AarTransform
Transforming play-services-base-18.1.0.aar (com.google.android.gms:play-services-base:18.1.0) with ExtractAarTransform
Transforming play-services-base-18.1.0.aar (com.google.android.gms:play-services-base:18.1.0) with AarTransform
Transforming play-services-base-18.1.0.aar (com.google.android.gms:play-services-base:18.1.0) with ExtractAarTransform
Transforming play-services-base-18.1.0.aar (com.google.android.gms:play-services-base:18.1.0) with AarTransform
Transforming play-services-base-18.1.0.aar (com.google.android.gms:play-services-base:18.1.0) with ExtractAarTransform
Transforming play-services-base-18.1.0.aar (com.google.android.gms:play-services-base:18.1.0) with AarTransform
Transforming vision-interfaces-16.2.0.aar (com.google.mlkit:vision-interfaces:16.2.0) with ExtractAarTransform
Transforming vision-interfaces-16.2.0.aar (com.google.mlkit:vision-interfaces:16.2.0) with AarTransform
Transforming vision-interfaces-16.2.0.aar (com.google.mlkit:vision-interfaces:16.2.0) with ExtractAarTransform
Transforming vision-interfaces-16.2.0.aar (com.google.mlkit:vision-interfaces:16.2.0) with AarTransform
Transforming play-services-tasks-18.0.2.aar (com.google.android.gms:play-services-tasks:18.0.2) with ExtractAarTransform
Transforming play-services-tasks-18.0.2.aar (com.google.android.gms:play-services-tasks:18.0.2) with AarTransform
Transforming play-services-tasks-18.0.2.aar (com.google.android.gms:play-services-tasks:18.0.2) with ExtractAarTransform
Transforming play-services-tasks-18.0.2.aar (com.google.android.gms:play-services-tasks:18.0.2) with AarTransform
Transforming play-services-tasks-18.0.2.aar (com.google.android.gms:play-services-tasks:18.0.2) with ExtractAarTransform
Transforming play-services-tasks-18.0.2.aar (com.google.android.gms:play-services-tasks:18.0.2) with AarTransform
Transforming play-services-tasks-18.0.2.aar (com.google.android.gms:play-services-tasks:18.0.2) with ExtractAarTransform
Transforming play-services-tasks-18.0.2.aar (com.google.android.gms:play-services-tasks:18.0.2) with AarTransform
Transforming play-services-tasks-18.0.2.aar (com.google.android.gms:play-services-tasks:18.0.2) with ExtractAarTransform
Transforming play-services-tasks-18.0.2.aar (com.google.android.gms:play-services-tasks:18.0.2) with AarTransform
Transforming play-services-tasks-18.0.2.aar (com.google.android.gms:play-services-tasks:18.0.2) with ExtractAarTransform
Transforming play-services-tasks-18.0.2.aar (com.google.android.gms:play-services-tasks:18.0.2) with AarTransform
Transforming play-services-tasks-18.0.2.aar (com.google.android.gms:play-services-tasks:18.0.2) with ExtractAarTransform
Transforming play-services-tasks-18.0.2.aar (com.google.android.gms:play-services-tasks:18.0.2) with AarTransform
Transforming play-services-tasks-18.0.2.aar (com.google.android.gms:play-services-tasks:18.0.2) with ExtractAarTransform
Transforming play-services-tasks-18.0.2.aar (com.google.android.gms:play-services-tasks:18.0.2) with AarTransform
Transforming play-services-tasks-18.0.2.aar (com.google.android.gms:play-services-tasks:18.0.2) with ExtractAarTransform
Transforming play-services-tasks-18.0.2.aar (com.google.android.gms:play-services-tasks:18.0.2) with AarTransform
Transforming play-services-places-placereport-17.0.0.aar (com.google.android.gms:play-services-places-placereport:17.0.0) with ExtractAarTransform
Transforming play-services-places-placereport-17.0.0.aar (com.google.android.gms:play-services-places-placereport:17.0.0) with AarTransform
Transforming play-services-basement-18.1.0.aar (com.google.android.gms:play-services-basement:18.1.0) with ExtractAarTransform
Transforming play-services-basement-18.1.0.aar (com.google.android.gms:play-services-basement:18.1.0) with AarTransform
Transforming play-services-basement-18.1.0.aar (com.google.android.gms:play-services-basement:18.1.0) with ExtractAarTransform
Transforming play-services-basement-18.1.0.aar (com.google.android.gms:play-services-basement:18.1.0) with AarTransform
Transforming play-services-basement-18.1.0.aar (com.google.android.gms:play-services-basement:18.1.0) with ExtractAarTransform
Transforming play-services-basement-18.1.0.aar (com.google.android.gms:play-services-basement:18.1.0) with AarTransform
Transforming play-services-basement-18.1.0.aar (com.google.android.gms:play-services-basement:18.1.0) with ExtractAarTransform
Transforming play-services-basement-18.1.0.aar (com.google.android.gms:play-services-basement:18.1.0) with AarTransform
Transforming play-services-basement-18.1.0.aar (com.google.android.gms:play-services-basement:18.1.0) with ExtractAarTransform
Transforming play-services-basement-18.1.0.aar (com.google.android.gms:play-services-basement:18.1.0) with AarTransform
Transforming play-services-basement-18.1.0.aar (com.google.android.gms:play-services-basement:18.1.0) with ExtractAarTransform
Transforming play-services-basement-18.1.0.aar (com.google.android.gms:play-services-basement:18.1.0) with AarTransform
Transforming play-services-basement-18.1.0.aar (com.google.android.gms:play-services-basement:18.1.0) with ExtractAarTransform
Transforming play-services-basement-18.1.0.aar (com.google.android.gms:play-services-basement:18.1.0) with AarTransform
Transforming play-services-basement-18.1.0.aar (com.google.android.gms:play-services-basement:18.1.0) with ExtractAarTransform
Transforming play-services-basement-18.1.0.aar (com.google.android.gms:play-services-basement:18.1.0) with AarTransform
Transforming play-services-basement-18.1.0.aar (com.google.android.gms:play-services-basement:18.1.0) with ExtractAarTransform
Transforming play-services-basement-18.1.0.aar (com.google.android.gms:play-services-basement:18.1.0) with AarTransform
Transforming play-services-basement-18.1.0.aar (com.google.android.gms:play-services-basement:18.1.0) with ExtractAarTransform
Transforming play-services-basement-18.1.0.aar (com.google.android.gms:play-services-basement:18.1.0) with AarTransform
Transforming play-services-basement-18.1.0.aar (com.google.android.gms:play-services-basement:18.1.0) with ExtractAarTransform
Transforming play-services-basement-18.1.0.aar (com.google.android.gms:play-services-basement:18.1.0) with AarTransform
Transforming play-services-basement-18.1.0.aar (com.google.android.gms:play-services-basement:18.1.0) with ExtractAarTransform
Transforming play-services-basement-18.1.0.aar (com.google.android.gms:play-services-basement:18.1.0) with AarTransform
Transforming play-services-basement-18.1.0.aar (com.google.android.gms:play-services-basement:18.1.0) with ExtractAarTransform
Transforming play-services-basement-18.1.0.aar (com.google.android.gms:play-services-basement:18.1.0) with AarTransform
Transforming play-services-basement-18.1.0.aar (com.google.android.gms:play-services-basement:18.1.0) with ExtractAarTransform
Transforming play-services-basement-18.1.0.aar (com.google.android.gms:play-services-basement:18.1.0) with AarTransform
Transforming play-services-basement-18.1.0.aar (com.google.android.gms:play-services-basement:18.1.0) with ExtractAarTransform
Transforming play-services-basement-18.1.0.aar (com.google.android.gms:play-services-basement:18.1.0) with AarTransform
Transforming appcompat-1.1.0.aar (androidx.appcompat:appcompat:1.1.0) with ExtractAarTransform
Transforming appcompat-1.1.0.aar (androidx.appcompat:appcompat:1.1.0) with AarTransform
Transforming material3-1.1.2.aar (androidx.compose.material3:material3:1.1.2) with ExtractAarTransform
Transforming material3-1.1.2.aar (androidx.compose.material3:material3:1.1.2) with AarTransform
Transforming hilt-navigation-compose-1.1.0.aar (androidx.hilt:hilt-navigation-compose:1.1.0) with ExtractAarTransform
Transforming hilt-navigation-compose-1.1.0.aar (androidx.hilt:hilt-navigation-compose:1.1.0) with AarTransform
Transforming hilt-navigation-1.1.0.aar (androidx.hilt:hilt-navigation:1.1.0) with ExtractAarTransform
Transforming hilt-navigation-1.1.0.aar (androidx.hilt:hilt-navigation:1.1.0) with AarTransform
Transforming hilt-android-2.50.aar (com.google.dagger:hilt-android:2.50) with ExtractAarTransform
Transforming hilt-android-2.50.aar (com.google.dagger:hilt-android:2.50) with AarTransform
Transforming navigation-common-2.7.6.aar (androidx.navigation:navigation-common:2.7.6) with ExtractAarTransform
Transforming navigation-common-2.7.6.aar (androidx.navigation:navigation-common:2.7.6) with AarTransform
Transforming navigation-runtime-2.7.6.aar (androidx.navigation:navigation-runtime:2.7.6) with ExtractAarTransform
Transforming navigation-runtime-2.7.6.aar (androidx.navigation:navigation-runtime:2.7.6) with AarTransform
Transforming navigation-common-ktx-2.7.6.aar (androidx.navigation:navigation-common-ktx:2.7.6) with ExtractAarTransform
Transforming navigation-common-ktx-2.7.6.aar (androidx.navigation:navigation-common-ktx:2.7.6) with AarTransform
Transforming navigation-runtime-ktx-2.7.6.aar (androidx.navigation:navigation-runtime-ktx:2.7.6) with ExtractAarTransform
Transforming navigation-runtime-ktx-2.7.6.aar (androidx.navigation:navigation-runtime-ktx:2.7.6) with AarTransform
Transforming navigation-compose-2.7.6.aar (androidx.navigation:navigation-compose:2.7.6) with ExtractAarTransform
Transforming navigation-compose-2.7.6.aar (androidx.navigation:navigation-compose:2.7.6) with AarTransform
Transforming material-ripple-release.aar (androidx.compose.material:material-ripple-android:1.6.0) with ExtractAarTransform
Transforming material-ripple-release.aar (androidx.compose.material:material-ripple-android:1.6.0) with AarTransform
Transforming material-icons-core-release.aar (androidx.compose.material:material-icons-core-android:1.6.0) with ExtractAarTransform
Transforming material-icons-core-release.aar (androidx.compose.material:material-icons-core-android:1.6.0) with AarTransform
Transforming material-icons-extended-release.aar (androidx.compose.material:material-icons-extended-android:1.6.0) with ExtractAarTransform
Transforming material-icons-extended-release.aar (androidx.compose.material:material-icons-extended-android:1.6.0) with AarTransform
Transforming material-release.aar (androidx.compose.material:material-android:1.6.0) with ExtractAarTransform
Transforming material-release.aar (androidx.compose.material:material-android:1.6.0) with AarTransform
Transforming animation-core-release.aar (androidx.compose.animation:animation-core-android:1.6.0) with ExtractAarTransform
Transforming animation-core-release.aar (androidx.compose.animation:animation-core-android:1.6.0) with AarTransform
Transforming animation-release.aar (androidx.compose.animation:animation-android:1.6.0) with ExtractAarTransform
Transforming animation-release.aar (androidx.compose.animation:animation-android:1.6.0) with AarTransform
Transforming foundation-layout-release.aar (androidx.compose.foundation:foundation-layout-android:1.6.0) with ExtractAarTransform
Transforming foundation-layout-release.aar (androidx.compose.foundation:foundation-layout-android:1.6.0) with AarTransform
Transforming foundation-release.aar (androidx.compose.foundation:foundation-android:1.6.0) with ExtractAarTransform
Transforming foundation-release.aar (androidx.compose.foundation:foundation-android:1.6.0) with AarTransform
Transforming ui-tooling-data-release.aar (androidx.compose.ui:ui-tooling-data-android:1.6.0) with ExtractAarTransform
Transforming ui-tooling-data-release.aar (androidx.compose.ui:ui-tooling-data-android:1.6.0) with AarTransform
Transforming ui-unit-release.aar (androidx.compose.ui:ui-unit-android:1.6.0) with ExtractAarTransform
Transforming ui-unit-release.aar (androidx.compose.ui:ui-unit-android:1.6.0) with AarTransform
Transforming ui-geometry-release.aar (androidx.compose.ui:ui-geometry-android:1.6.0) with ExtractAarTransform
Transforming ui-geometry-release.aar (androidx.compose.ui:ui-geometry-android:1.6.0) with AarTransform
Transforming ui-util-release.aar (androidx.compose.ui:ui-util-android:1.6.0) with ExtractAarTransform
Transforming ui-util-release.aar (androidx.compose.ui:ui-util-android:1.6.0) with AarTransform
Transforming ui-text-release.aar (androidx.compose.ui:ui-text-android:1.6.0) with ExtractAarTransform
Transforming ui-text-release.aar (androidx.compose.ui:ui-text-android:1.6.0) with AarTransform
Transforming ui-tooling-preview-release.aar (androidx.compose.ui:ui-tooling-preview-android:1.6.0) with ExtractAarTransform
Transforming ui-tooling-preview-release.aar (androidx.compose.ui:ui-tooling-preview-android:1.6.0) with AarTransform
Transforming ui-tooling-release.aar (androidx.compose.ui:ui-tooling-android:1.6.0) with ExtractAarTransform
Transforming ui-tooling-release.aar (androidx.compose.ui:ui-tooling-android:1.6.0) with AarTransform
Transforming ui-graphics-release.aar (androidx.compose.ui:ui-graphics-android:1.6.0) with ExtractAarTransform
Transforming ui-graphics-release.aar (androidx.compose.ui:ui-graphics-android:1.6.0) with AarTransform
Transforming ui-test-manifest-1.6.0.aar (androidx.compose.ui:ui-test-manifest:1.6.0) with ExtractAarTransform
Transforming ui-test-manifest-1.6.0.aar (androidx.compose.ui:ui-test-manifest:1.6.0) with AarTransform
Transforming fragment-1.5.1.aar (androidx.fragment:fragment:1.5.1) with ExtractAarTransform
Transforming fragment-1.5.1.aar (androidx.fragment:fragment:1.5.1) with AarTransform
Transforming fragment-1.5.1.aar (androidx.fragment:fragment:1.5.1) with ExtractAarTransform
Transforming fragment-1.5.1.aar (androidx.fragment:fragment:1.5.1) with AarTransform
Transforming fragment-1.5.1.aar (androidx.fragment:fragment:1.5.1) with ExtractAarTransform
Transforming fragment-1.5.1.aar (androidx.fragment:fragment:1.5.1) with AarTransform
Transforming fragment-1.5.1.aar (androidx.fragment:fragment:1.5.1) with ExtractAarTransform
Transforming fragment-1.5.1.aar (androidx.fragment:fragment:1.5.1) with AarTransform
Transforming activity-1.8.2.aar (androidx.activity:activity:1.8.2) with ExtractAarTransform
Transforming activity-1.8.2.aar (androidx.activity:activity:1.8.2) with AarTransform
Transforming activity-1.8.2.aar (androidx.activity:activity:1.8.2) with ExtractAarTransform
Transforming activity-1.8.2.aar (androidx.activity:activity:1.8.2) with AarTransform
Transforming activity-ktx-1.8.2.aar (androidx.activity:activity-ktx:1.8.2) with ExtractAarTransform
Transforming activity-ktx-1.8.2.aar (androidx.activity:activity-ktx:1.8.2) with AarTransform
Transforming activity-compose-1.8.2.aar (androidx.activity:activity-compose:1.8.2) with ExtractAarTransform
Transforming activity-compose-1.8.2.aar (androidx.activity:activity-compose:1.8.2) with AarTransform
Transforming emoji2-1.3.0.aar (androidx.emoji2:emoji2:1.3.0) with ExtractAarTransform
Transforming emoji2-1.3.0.aar (androidx.emoji2:emoji2:1.3.0) with AarTransform
Transforming lifecycle-process-2.7.0.aar (androidx.lifecycle:lifecycle-process:2.7.0) with ExtractAarTransform
Transforming lifecycle-process-2.7.0.aar (androidx.lifecycle:lifecycle-process:2.7.0) with AarTransform
Transforming lifecycle-livedata-core-ktx-2.7.0.aar (androidx.lifecycle:lifecycle-livedata-core-ktx:2.7.0) with ExtractAarTransform
Transforming lifecycle-livedata-core-ktx-2.7.0.aar (androidx.lifecycle:lifecycle-livedata-core-ktx:2.7.0) with AarTransform
Transforming lifecycle-service-2.7.0.aar (androidx.lifecycle:lifecycle-service:2.7.0) with ExtractAarTransform
Transforming lifecycle-service-2.7.0.aar (androidx.lifecycle:lifecycle-service:2.7.0) with AarTransform
Transforming lifecycle-livedata-core-2.7.0.aar (androidx.lifecycle:lifecycle-livedata-core:2.7.0) with ExtractAarTransform
Transforming lifecycle-livedata-core-2.7.0.aar (androidx.lifecycle:lifecycle-livedata-core:2.7.0) with AarTransform
Transforming loader-1.0.0.aar (androidx.loader:loader:1.0.0) with ExtractAarTransform
Transforming loader-1.0.0.aar (androidx.loader:loader:1.0.0) with AarTransform
Transforming lifecycle-livedata-2.7.0.aar (androidx.lifecycle:lifecycle-livedata:2.7.0) with ExtractAarTransform
Transforming lifecycle-livedata-2.7.0.aar (androidx.lifecycle:lifecycle-livedata:2.7.0) with AarTransform
Transforming lifecycle-livedata-2.7.0.aar (androidx.lifecycle:lifecycle-livedata:2.7.0) with ExtractAarTransform
Transforming lifecycle-livedata-2.7.0.aar (androidx.lifecycle:lifecycle-livedata:2.7.0) with AarTransform
Transforming savedstate-ktx-1.2.1.aar (androidx.savedstate:savedstate-ktx:1.2.1) with ExtractAarTransform
Transforming savedstate-ktx-1.2.1.aar (androidx.savedstate:savedstate-ktx:1.2.1) with AarTransform
Transforming savedstate-1.2.1.aar (androidx.savedstate:savedstate:1.2.1) with ExtractAarTransform
Transforming savedstate-1.2.1.aar (androidx.savedstate:savedstate:1.2.1) with AarTransform
Transforming lifecycle-viewmodel-2.7.0.aar (androidx.lifecycle:lifecycle-viewmodel:2.7.0) with ExtractAarTransform
Transforming lifecycle-viewmodel-2.7.0.aar (androidx.lifecycle:lifecycle-viewmodel:2.7.0) with AarTransform
Transforming lifecycle-viewmodel-2.7.0.aar (androidx.lifecycle:lifecycle-viewmodel:2.7.0) with ExtractAarTransform
Transforming lifecycle-viewmodel-2.7.0.aar (androidx.lifecycle:lifecycle-viewmodel:2.7.0) with AarTransform
Transforming lifecycle-viewmodel-savedstate-2.7.0.aar (androidx.lifecycle:lifecycle-viewmodel-savedstate:2.7.0) with ExtractAarTransform
Transforming lifecycle-viewmodel-savedstate-2.7.0.aar (androidx.lifecycle:lifecycle-viewmodel-savedstate:2.7.0) with AarTransform
Transforming lifecycle-viewmodel-ktx-2.7.0.aar (androidx.lifecycle:lifecycle-viewmodel-ktx:2.7.0) with ExtractAarTransform
Transforming lifecycle-viewmodel-ktx-2.7.0.aar (androidx.lifecycle:lifecycle-viewmodel-ktx:2.7.0) with AarTransform
Transforming lifecycle-runtime-2.7.0.aar (androidx.lifecycle:lifecycle-runtime:2.7.0) with ExtractAarTransform
Transforming lifecycle-runtime-2.7.0.aar (androidx.lifecycle:lifecycle-runtime:2.7.0) with AarTransform
Transforming lifecycle-runtime-ktx-2.7.0.aar (androidx.lifecycle:lifecycle-runtime-ktx:2.7.0) with ExtractAarTransform
Transforming lifecycle-runtime-ktx-2.7.0.aar (androidx.lifecycle:lifecycle-runtime-ktx:2.7.0) with AarTransform
Transforming lifecycle-viewmodel-compose-2.7.0.aar (androidx.lifecycle:lifecycle-viewmodel-compose:2.7.0) with ExtractAarTransform
Transforming lifecycle-viewmodel-compose-2.7.0.aar (androidx.lifecycle:lifecycle-viewmodel-compose:2.7.0) with AarTransform
Transforming ui-release.aar (androidx.compose.ui:ui-android:1.6.0) with ExtractAarTransform
Transforming ui-release.aar (androidx.compose.ui:ui-android:1.6.0) with AarTransform
Transforming viewpager-1.0.0.aar (androidx.viewpager:viewpager:1.0.0) with ExtractAarTransform
Transforming viewpager-1.0.0.aar (androidx.viewpager:viewpager:1.0.0) with AarTransform
Transforming appcompat-resources-1.1.0.aar (androidx.appcompat:appcompat-resources:1.1.0) with ExtractAarTransform
Transforming appcompat-resources-1.1.0.aar (androidx.appcompat:appcompat-resources:1.1.0) with AarTransform
Transforming drawerlayout-1.0.0.aar (androidx.drawerlayout:drawerlayout:1.0.0) with ExtractAarTransform
Transforming drawerlayout-1.0.0.aar (androidx.drawerlayout:drawerlayout:1.0.0) with AarTransform
Transforming autofill-1.0.0.aar (androidx.autofill:autofill:1.0.0) with ExtractAarTransform
Transforming autofill-1.0.0.aar (androidx.autofill:autofill:1.0.0) with AarTransform
Transforming customview-1.0.0.aar (androidx.customview:customview:1.0.0) with ExtractAarTransform
Transforming customview-1.0.0.aar (androidx.customview:customview:1.0.0) with AarTransform
Transforming customview-1.0.0.aar (androidx.customview:customview:1.0.0) with ExtractAarTransform
Transforming customview-1.0.0.aar (androidx.customview:customview:1.0.0) with AarTransform
Transforming vectordrawable-animated-1.1.0.aar (androidx.vectordrawable:vectordrawable-animated:1.1.0) with ExtractAarTransform
Transforming vectordrawable-animated-1.1.0.aar (androidx.vectordrawable:vectordrawable-animated:1.1.0) with AarTransform
Transforming vectordrawable-1.1.0.aar (androidx.vectordrawable:vectordrawable:1.1.0) with ExtractAarTransform
Transforming vectordrawable-1.1.0.aar (androidx.vectordrawable:vectordrawable:1.1.0) with AarTransform
Transforming vectordrawable-1.1.0.aar (androidx.vectordrawable:vectordrawable:1.1.0) with ExtractAarTransform
Transforming vectordrawable-1.1.0.aar (androidx.vectordrawable:vectordrawable:1.1.0) with AarTransform
Transforming core-1.12.0.aar (androidx.core:core:1.12.0) with ExtractAarTransform
Transforming core-1.12.0.aar (androidx.core:core:1.12.0) with AarTransform
Transforming core-1.12.0.aar (androidx.core:core:1.12.0) with ExtractAarTransform
Transforming core-1.12.0.aar (androidx.core:core:1.12.0) with AarTransform
Transforming core-1.12.0.aar (androidx.core:core:1.12.0) with ExtractAarTransform
Transforming core-1.12.0.aar (androidx.core:core:1.12.0) with AarTransform
Transforming core-1.12.0.aar (androidx.core:core:1.12.0) with ExtractAarTransform
Transforming core-1.12.0.aar (androidx.core:core:1.12.0) with AarTransform
Transforming core-1.12.0.aar (androidx.core:core:1.12.0) with ExtractAarTransform
Transforming core-1.12.0.aar (androidx.core:core:1.12.0) with AarTransform
Transforming core-1.12.0.aar (androidx.core:core:1.12.0) with ExtractAarTransform
Transforming core-1.12.0.aar (androidx.core:core:1.12.0) with AarTransform
Transforming core-1.12.0.aar (androidx.core:core:1.12.0) with ExtractAarTransform
Transforming core-1.12.0.aar (androidx.core:core:1.12.0) with AarTransform
Transforming core-1.12.0.aar (androidx.core:core:1.12.0) with ExtractAarTransform
Transforming core-1.12.0.aar (androidx.core:core:1.12.0) with AarTransform
Transforming core-1.12.0.aar (androidx.core:core:1.12.0) with ExtractAarTransform
Transforming core-1.12.0.aar (androidx.core:core:1.12.0) with AarTransform
Transforming core-1.12.0.aar (androidx.core:core:1.12.0) with ExtractAarTransform
Transforming core-1.12.0.aar (androidx.core:core:1.12.0) with AarTransform
Transforming core-1.12.0.aar (androidx.core:core:1.12.0) with ExtractAarTransform
Transforming core-1.12.0.aar (androidx.core:core:1.12.0) with AarTransform
Transforming core-1.12.0.aar (androidx.core:core:1.12.0) with ExtractAarTransform
Transforming core-1.12.0.aar (androidx.core:core:1.12.0) with AarTransform
Transforming customview-poolingcontainer-1.0.0.aar (androidx.customview:customview-poolingcontainer:1.0.0) with ExtractAarTransform
Transforming customview-poolingcontainer-1.0.0.aar (androidx.customview:customview-poolingcontainer:1.0.0) with AarTransform
Transforming core-ktx-1.12.0.aar (androidx.core:core-ktx:1.12.0) with ExtractAarTransform
Transforming core-ktx-1.12.0.aar (androidx.core:core-ktx:1.12.0) with AarTransform
Transforming core-splashscreen-1.0.1.aar (androidx.core:core-splashscreen:1.0.1) with ExtractAarTransform
Transforming core-splashscreen-1.0.1.aar (androidx.core:core-splashscreen:1.0.1) with AarTransform
Transforming room-runtime-2.6.1.aar (androidx.room:room-runtime:2.6.1) with ExtractAarTransform
Transforming room-runtime-2.6.1.aar (androidx.room:room-runtime:2.6.1) with AarTransform
Transforming room-ktx-2.6.1.aar (androidx.room:room-ktx:2.6.1) with ExtractAarTransform
Transforming room-ktx-2.6.1.aar (androidx.room:room-ktx:2.6.1) with AarTransform
Transforming datastore-preferences-1.0.0.aar (androidx.datastore:datastore-preferences:1.0.0) with ExtractAarTransform
Transforming datastore-preferences-1.0.0.aar (androidx.datastore:datastore-preferences:1.0.0) with AarTransform
Transforming sqlite-framework-2.4.0.aar (androidx.sqlite:sqlite-framework:2.4.0) with ExtractAarTransform
Transforming sqlite-framework-2.4.0.aar (androidx.sqlite:sqlite-framework:2.4.0) with AarTransform
Transforming sqlite-2.4.0.aar (androidx.sqlite:sqlite:2.4.0) with ExtractAarTransform
Transforming sqlite-2.4.0.aar (androidx.sqlite:sqlite:2.4.0) with AarTransform
Transforming annotation-experimental-1.3.1.aar (androidx.annotation:annotation-experimental:1.3.1) with ExtractAarTransform
Transforming annotation-experimental-1.3.1.aar (androidx.annotation:annotation-experimental:1.3.1) with AarTransform
Transforming datastore-1.0.0.aar (androidx.datastore:datastore:1.0.0) with ExtractAarTransform
Transforming datastore-1.0.0.aar (androidx.datastore:datastore:1.0.0) with AarTransform
Transforming runtime-saveable-release.aar (androidx.compose.runtime:runtime-saveable-android:1.6.0) with ExtractAarTransform
Transforming runtime-saveable-release.aar (androidx.compose.runtime:runtime-saveable-android:1.6.0) with AarTransform
Transforming runtime-release.aar (androidx.compose.runtime:runtime-android:1.6.0) with ExtractAarTransform
Transforming runtime-release.aar (androidx.compose.runtime:runtime-android:1.6.0) with AarTransform
Transforming security-crypto-1.1.0-alpha06.aar (androidx.security:security-crypto:1.1.0-alpha06) with ExtractAarTransform
Transforming security-crypto-1.1.0-alpha06.aar (androidx.security:security-crypto:1.1.0-alpha06) with AarTransform
Transforming versionedparcelable-1.1.1.aar (androidx.versionedparcelable:versionedparcelable:1.1.1) with ExtractAarTransform
Transforming versionedparcelable-1.1.1.aar (androidx.versionedparcelable:versionedparcelable:1.1.1) with AarTransform
Transforming core-runtime-2.2.0.aar (androidx.arch.core:core-runtime:2.2.0) with ExtractAarTransform
Transforming core-runtime-2.2.0.aar (androidx.arch.core:core-runtime:2.2.0) with AarTransform
Transforming exifinterface-1.3.2.aar (androidx.exifinterface:exifinterface:1.3.2) with ExtractAarTransform
Transforming exifinterface-1.3.2.aar (androidx.exifinterface:exifinterface:1.3.2) with AarTransform
Transforming exifinterface-1.3.2.aar (androidx.exifinterface:exifinterface:1.3.2) with ExtractAarTransform
Transforming exifinterface-1.3.2.aar (androidx.exifinterface:exifinterface:1.3.2) with AarTransform
Transforming interpolator-1.0.0.aar (androidx.interpolator:interpolator:1.0.0) with ExtractAarTransform
Transforming interpolator-1.0.0.aar (androidx.interpolator:interpolator:1.0.0) with AarTransform
Transforming interpolator-1.0.0.aar (androidx.interpolator:interpolator:1.0.0) with ExtractAarTransform
Transforming interpolator-1.0.0.aar (androidx.interpolator:interpolator:1.0.0) with AarTransform
Transforming profileinstaller-1.3.0.aar (androidx.profileinstaller:profileinstaller:1.3.0) with ExtractAarTransform
Transforming profileinstaller-1.3.0.aar (androidx.profileinstaller:profileinstaller:1.3.0) with AarTransform
Transforming transport-backend-cct-3.1.8.aar (com.google.android.datatransport:transport-backend-cct:3.1.8) with ExtractAarTransform
Transforming transport-backend-cct-3.1.8.aar (com.google.android.datatransport:transport-backend-cct:3.1.8) with AarTransform
Transforming transport-backend-cct-3.1.8.aar (com.google.android.datatransport:transport-backend-cct:3.1.8) with ExtractAarTransform
Transforming transport-backend-cct-3.1.8.aar (com.google.android.datatransport:transport-backend-cct:3.1.8) with AarTransform
Transforming transport-backend-cct-3.1.8.aar (com.google.android.datatransport:transport-backend-cct:3.1.8) with ExtractAarTransform
Transforming transport-backend-cct-3.1.8.aar (com.google.android.datatransport:transport-backend-cct:3.1.8) with AarTransform
Transforming transport-backend-cct-3.1.8.aar (com.google.android.datatransport:transport-backend-cct:3.1.8) with ExtractAarTransform
Transforming transport-backend-cct-3.1.8.aar (com.google.android.datatransport:transport-backend-cct:3.1.8) with AarTransform
Transforming transport-backend-cct-3.1.8.aar (com.google.android.datatransport:transport-backend-cct:3.1.8) with ExtractAarTransform
Transforming transport-backend-cct-3.1.8.aar (com.google.android.datatransport:transport-backend-cct:3.1.8) with AarTransform
Transforming transport-runtime-3.1.8.aar (com.google.android.datatransport:transport-runtime:3.1.8) with ExtractAarTransform
Transforming transport-runtime-3.1.8.aar (com.google.android.datatransport:transport-runtime:3.1.8) with AarTransform
Transforming transport-runtime-3.1.8.aar (com.google.android.datatransport:transport-runtime:3.1.8) with ExtractAarTransform
Transforming transport-runtime-3.1.8.aar (com.google.android.datatransport:transport-runtime:3.1.8) with AarTransform
Transforming transport-runtime-3.1.8.aar (com.google.android.datatransport:transport-runtime:3.1.8) with ExtractAarTransform
Transforming transport-runtime-3.1.8.aar (com.google.android.datatransport:transport-runtime:3.1.8) with AarTransform
Transforming transport-runtime-3.1.8.aar (com.google.android.datatransport:transport-runtime:3.1.8) with ExtractAarTransform
Transforming transport-runtime-3.1.8.aar (com.google.android.datatransport:transport-runtime:3.1.8) with AarTransform
Transforming transport-runtime-3.1.8.aar (com.google.android.datatransport:transport-runtime:3.1.8) with ExtractAarTransform
Transforming transport-runtime-3.1.8.aar (com.google.android.datatransport:transport-runtime:3.1.8) with AarTransform
Transforming transport-runtime-3.1.8.aar (com.google.android.datatransport:transport-runtime:3.1.8) with ExtractAarTransform
Transforming transport-runtime-3.1.8.aar (com.google.android.datatransport:transport-runtime:3.1.8) with AarTransform
Transforming transport-api-3.0.0.aar (com.google.android.datatransport:transport-api:3.0.0) with ExtractAarTransform
Transforming transport-api-3.0.0.aar (com.google.android.datatransport:transport-api:3.0.0) with AarTransform
Transforming transport-api-3.0.0.aar (com.google.android.datatransport:transport-api:3.0.0) with ExtractAarTransform
Transforming transport-api-3.0.0.aar (com.google.android.datatransport:transport-api:3.0.0) with AarTransform
Transforming transport-api-3.0.0.aar (com.google.android.datatransport:transport-api:3.0.0) with ExtractAarTransform
Transforming transport-api-3.0.0.aar (com.google.android.datatransport:transport-api:3.0.0) with AarTransform
Transforming transport-api-3.0.0.aar (com.google.android.datatransport:transport-api:3.0.0) with ExtractAarTransform
Transforming transport-api-3.0.0.aar (com.google.android.datatransport:transport-api:3.0.0) with AarTransform
Transforming transport-api-3.0.0.aar (com.google.android.datatransport:transport-api:3.0.0) with ExtractAarTransform
Transforming transport-api-3.0.0.aar (com.google.android.datatransport:transport-api:3.0.0) with AarTransform
Transforming transport-api-3.0.0.aar (com.google.android.datatransport:transport-api:3.0.0) with ExtractAarTransform
Transforming transport-api-3.0.0.aar (com.google.android.datatransport:transport-api:3.0.0) with AarTransform
Transforming transport-api-3.0.0.aar (com.google.android.datatransport:transport-api:3.0.0) with ExtractAarTransform
Transforming transport-api-3.0.0.aar (com.google.android.datatransport:transport-api:3.0.0) with AarTransform
Transforming startup-runtime-1.1.1.aar (androidx.startup:startup-runtime:1.1.1) with ExtractAarTransform
Transforming startup-runtime-1.1.1.aar (androidx.startup:startup-runtime:1.1.1) with AarTransform
Transforming cursoradapter-1.0.0.aar (androidx.cursoradapter:cursoradapter:1.0.0) with ExtractAarTransform
Transforming cursoradapter-1.0.0.aar (androidx.cursoradapter:cursoradapter:1.0.0) with AarTransform
Transforming firebase-components-16.1.0.aar (com.google.firebase:firebase-components:16.1.0) with ExtractAarTransform
Transforming firebase-components-16.1.0.aar (com.google.firebase:firebase-components:16.1.0) with AarTransform
Transforming firebase-components-16.1.0.aar (com.google.firebase:firebase-components:16.1.0) with ExtractAarTransform
Transforming firebase-components-16.1.0.aar (com.google.firebase:firebase-components:16.1.0) with AarTransform
Transforming firebase-components-16.1.0.aar (com.google.firebase:firebase-components:16.1.0) with ExtractAarTransform
Transforming firebase-components-16.1.0.aar (com.google.firebase:firebase-components:16.1.0) with AarTransform
Transforming firebase-components-16.1.0.aar (com.google.firebase:firebase-components:16.1.0) with ExtractAarTransform
Transforming firebase-components-16.1.0.aar (com.google.firebase:firebase-components:16.1.0) with AarTransform
Transforming tracing-1.0.0.aar (androidx.tracing:tracing:1.0.0) with ExtractAarTransform
Transforming tracing-1.0.0.aar (androidx.tracing:tracing:1.0.0) with AarTransform
Transforming firebase-encoders-json-18.0.0.aar (com.google.firebase:firebase-encoders-json:18.0.0) with ExtractAarTransform
Transforming firebase-encoders-json-18.0.0.aar (com.google.firebase:firebase-encoders-json:18.0.0) with AarTransform
Transforming firebase-encoders-json-18.0.0.aar (com.google.firebase:firebase-encoders-json:18.0.0) with ExtractAarTransform
Transforming firebase-encoders-json-18.0.0.aar (com.google.firebase:firebase-encoders-json:18.0.0) with AarTransform
Transforming firebase-encoders-json-18.0.0.aar (com.google.firebase:firebase-encoders-json:18.0.0) with ExtractAarTransform
Transforming firebase-encoders-json-18.0.0.aar (com.google.firebase:firebase-encoders-json:18.0.0) with AarTransform
Transforming firebase-encoders-json-18.0.0.aar (com.google.firebase:firebase-encoders-json:18.0.0) with ExtractAarTransform
Transforming firebase-encoders-json-18.0.0.aar (com.google.firebase:firebase-encoders-json:18.0.0) with AarTransform
Transforming firebase-encoders-json-18.0.0.aar (com.google.firebase:firebase-encoders-json:18.0.0) with ExtractAarTransform
Transforming firebase-encoders-json-18.0.0.aar (com.google.firebase:firebase-encoders-json:18.0.0) with AarTransform
Transforming tensorflow-lite-support-0.4.4.aar (org.tensorflow:tensorflow-lite-support:0.4.4) with ExtractAarTransform
Transforming tensorflow-lite-support-0.4.4.aar (org.tensorflow:tensorflow-lite-support:0.4.4) with AarTransform
Transforming tensorflow-lite-2.14.0.aar (org.tensorflow:tensorflow-lite:2.14.0) with ExtractAarTransform
Transforming tensorflow-lite-2.14.0.aar (org.tensorflow:tensorflow-lite:2.14.0) with AarTransform
Transforming tensorflow-lite-gpu-2.14.0.aar (org.tensorflow:tensorflow-lite-gpu:2.14.0) with ExtractAarTransform
Transforming tensorflow-lite-gpu-2.14.0.aar (org.tensorflow:tensorflow-lite-gpu:2.14.0) with AarTransform
Transforming dagger-lint-aar-2.50.aar (com.google.dagger:dagger-lint-aar:2.50) with ExtractAarTransform
Transforming dagger-lint-aar-2.50.aar (com.google.dagger:dagger-lint-aar:2.50) with AarTransform
Transforming tensorflow-lite-support-api-0.4.4.aar (org.tensorflow:tensorflow-lite-support-api:0.4.4) with ExtractAarTransform
Transforming tensorflow-lite-support-api-0.4.4.aar (org.tensorflow:tensorflow-lite-support-api:0.4.4) with AarTransform
Transforming tensorflow-lite-api-2.14.0.aar (org.tensorflow:tensorflow-lite-api:2.14.0) with ExtractAarTransform
Transforming tensorflow-lite-api-2.14.0.aar (org.tensorflow:tensorflow-lite-api:2.14.0) with AarTransform
Transforming image-1.0.0-beta1.aar (com.google.android.odml:image:1.0.0-beta1) with ExtractAarTransform
Transforming image-1.0.0-beta1.aar (com.google.android.odml:image:1.0.0-beta1) with AarTransform
Transforming image-1.0.0-beta1.aar (com.google.android.odml:image:1.0.0-beta1) with ExtractAarTransform
Transforming image-1.0.0-beta1.aar (com.google.android.odml:image:1.0.0-beta1) with AarTransform
Transforming image-1.0.0-beta1.aar (com.google.android.odml:image:1.0.0-beta1) with ExtractAarTransform
Transforming image-1.0.0-beta1.aar (com.google.android.odml:image:1.0.0-beta1) with AarTransform
Transforming image-1.0.0-beta1.aar (com.google.android.odml:image:1.0.0-beta1) with ExtractAarTransform
Transforming image-1.0.0-beta1.aar (com.google.android.odml:image:1.0.0-beta1) with AarTransform
Transforming camera-video-1.3.1.aar (androidx.camera:camera-video:1.3.1) with ExtractAarTransform
Transforming camera-video-1.3.1.aar (androidx.camera:camera-video:1.3.1) with AarTransform
Transforming camera-view-1.3.1.aar (androidx.camera:camera-view:1.3.1) with ExtractAarTransform
Transforming camera-view-1.3.1.aar (androidx.camera:camera-view:1.3.1) with AarTransform
Transforming camera-lifecycle-1.3.1.aar (androidx.camera:camera-lifecycle:1.3.1) with ExtractAarTransform
Transforming camera-lifecycle-1.3.1.aar (androidx.camera:camera-lifecycle:1.3.1) with AarTransform
Transforming camera-camera2-1.3.1.aar (androidx.camera:camera-camera2:1.3.1) with ExtractAarTransform
Transforming camera-camera2-1.3.1.aar (androidx.camera:camera-camera2:1.3.1) with AarTransform
Transforming camera-core-1.3.1.aar (androidx.camera:camera-core:1.3.1) with ExtractAarTransform
Transforming camera-core-1.3.1.aar (androidx.camera:camera-core:1.3.1) with AarTransform
Transforming work-runtime-ktx-2.9.0.aar (androidx.work:work-runtime-ktx:2.9.0) with ExtractAarTransform
Transforming work-runtime-ktx-2.9.0.aar (androidx.work:work-runtime-ktx:2.9.0) with AarTransform
Transforming hilt-work-1.1.0.aar (androidx.hilt:hilt-work:1.1.0) with ExtractAarTransform
Transforming hilt-work-1.1.0.aar (androidx.hilt:hilt-work:1.1.0) with AarTransform
Transforming work-runtime-2.9.0.aar (androidx.work:work-runtime:2.9.0) with ExtractAarTransform
Transforming work-runtime-2.9.0.aar (androidx.work:work-runtime:2.9.0) with AarTransform
Transforming text-recognition-16.0.0.aar (com.google.mlkit:text-recognition:16.0.0) with ExtractAarTransform
Transforming text-recognition-16.0.0.aar (com.google.mlkit:text-recognition:16.0.0) with AarTransform
Transforming billing-ktx-6.1.0.aar (com.android.billingclient:billing-ktx:6.1.0) with ExtractAarTransform
Transforming billing-ktx-6.1.0.aar (com.android.billingclient:billing-ktx:6.1.0) with AarTransform
Transforming billing-6.1.0.aar (com.android.billingclient:billing:6.1.0) with ExtractAarTransform
Transforming billing-6.1.0.aar (com.android.billingclient:billing:6.1.0) with AarTransform
Transforming play-services-mlkit-text-recognition-19.0.0.aar (com.google.android.gms:play-services-mlkit-text-recognition:19.0.0) with ExtractAarTransform
Transforming play-services-mlkit-text-recognition-19.0.0.aar (com.google.android.gms:play-services-mlkit-text-recognition:19.0.0) with AarTransform
Transforming text-recognition-bundled-common-16.0.0.aar (com.google.mlkit:text-recognition-bundled-common:16.0.0) with ExtractAarTransform
Transforming text-recognition-bundled-common-16.0.0.aar (com.google.mlkit:text-recognition-bundled-common:16.0.0) with AarTransform
Transforming barcode-scanning-17.2.0.aar (com.google.mlkit:barcode-scanning:17.2.0) with ExtractAarTransform
Transforming barcode-scanning-17.2.0.aar (com.google.mlkit:barcode-scanning:17.2.0) with AarTransform
Transforming play-services-mlkit-barcode-scanning-18.3.0.aar (com.google.android.gms:play-services-mlkit-barcode-scanning:18.3.0) with ExtractAarTransform
Transforming play-services-mlkit-barcode-scanning-18.3.0.aar (com.google.android.gms:play-services-mlkit-barcode-scanning:18.3.0) with AarTransform
Transforming barcode-scanning-common-17.0.0.aar (com.google.mlkit:barcode-scanning-common:17.0.0) with ExtractAarTransform
Transforming barcode-scanning-common-17.0.0.aar (com.google.mlkit:barcode-scanning-common:17.0.0) with AarTransform
Transforming barcode-scanning-common-17.0.0.aar (com.google.mlkit:barcode-scanning-common:17.0.0) with ExtractAarTransform
Transforming barcode-scanning-common-17.0.0.aar (com.google.mlkit:barcode-scanning-common:17.0.0) with AarTransform
Transforming play-services-mlkit-text-recognition-common-19.0.0.aar (com.google.android.gms:play-services-mlkit-text-recognition-common:19.0.0) with ExtractAarTransform
Transforming play-services-mlkit-text-recognition-common-19.0.0.aar (com.google.android.gms:play-services-mlkit-text-recognition-common:19.0.0) with AarTransform
Transforming vision-common-17.3.0.aar (com.google.mlkit:vision-common:17.3.0) with ExtractAarTransform
Transforming vision-common-17.3.0.aar (com.google.mlkit:vision-common:17.3.0) with AarTransform
Transforming vision-common-17.3.0.aar (com.google.mlkit:vision-common:17.3.0) with ExtractAarTransform
Transforming vision-common-17.3.0.aar (com.google.mlkit:vision-common:17.3.0) with AarTransform
Transforming vision-common-17.3.0.aar (com.google.mlkit:vision-common:17.3.0) with ExtractAarTransform
Transforming vision-common-17.3.0.aar (com.google.mlkit:vision-common:17.3.0) with AarTransform
Transforming vision-common-17.3.0.aar (com.google.mlkit:vision-common:17.3.0) with ExtractAarTransform
Transforming vision-common-17.3.0.aar (com.google.mlkit:vision-common:17.3.0) with AarTransform
Transforming vision-common-17.3.0.aar (com.google.mlkit:vision-common:17.3.0) with ExtractAarTransform
Transforming vision-common-17.3.0.aar (com.google.mlkit:vision-common:17.3.0) with AarTransform
Transforming common-18.9.0.aar (com.google.mlkit:common:18.9.0) with ExtractAarTransform
Transforming common-18.9.0.aar (com.google.mlkit:common:18.9.0) with AarTransform
Transforming common-18.9.0.aar (com.google.mlkit:common:18.9.0) with ExtractAarTransform
Transforming common-18.9.0.aar (com.google.mlkit:common:18.9.0) with AarTransform
Transforming common-18.9.0.aar (com.google.mlkit:common:18.9.0) with ExtractAarTransform
Transforming common-18.9.0.aar (com.google.mlkit:common:18.9.0) with AarTransform
Transforming common-18.9.0.aar (com.google.mlkit:common:18.9.0) with ExtractAarTransform
Transforming common-18.9.0.aar (com.google.mlkit:common:18.9.0) with AarTransform
Transforming common-18.9.0.aar (com.google.mlkit:common:18.9.0) with ExtractAarTransform
Transforming common-18.9.0.aar (com.google.mlkit:common:18.9.0) with AarTransform
Transforming common-18.9.0.aar (com.google.mlkit:common:18.9.0) with ExtractAarTransform
Transforming common-18.9.0.aar (com.google.mlkit:common:18.9.0) with AarTransform
Transforming common-18.9.0.aar (com.google.mlkit:common:18.9.0) with ExtractAarTransform
Transforming common-18.9.0.aar (com.google.mlkit:common:18.9.0) with AarTransform
Transforming play-services-location-19.0.0.aar (com.google.android.gms:play-services-location:19.0.0) with ExtractAarTransform
Transforming play-services-location-19.0.0.aar (com.google.android.gms:play-services-location:19.0.0) with AarTransform
Transforming play-services-base-18.1.0.aar (com.google.android.gms:play-services-base:18.1.0) with ExtractAarTransform
Transforming play-services-base-18.1.0.aar (com.google.android.gms:play-services-base:18.1.0) with AarTransform
Transforming play-services-base-18.1.0.aar (com.google.android.gms:play-services-base:18.1.0) with ExtractAarTransform
Transforming play-services-base-18.1.0.aar (com.google.android.gms:play-services-base:18.1.0) with AarTransform
Transforming play-services-base-18.1.0.aar (com.google.android.gms:play-services-base:18.1.0) with ExtractAarTransform
Transforming play-services-base-18.1.0.aar (com.google.android.gms:play-services-base:18.1.0) with AarTransform
Transforming play-services-base-18.1.0.aar (com.google.android.gms:play-services-base:18.1.0) with ExtractAarTransform
Transforming play-services-base-18.1.0.aar (com.google.android.gms:play-services-base:18.1.0) with AarTransform
Transforming play-services-base-18.1.0.aar (com.google.android.gms:play-services-base:18.1.0) with ExtractAarTransform
Transforming play-services-base-18.1.0.aar (com.google.android.gms:play-services-base:18.1.0) with AarTransform
Transforming play-services-base-18.1.0.aar (com.google.android.gms:play-services-base:18.1.0) with ExtractAarTransform
Transforming play-services-base-18.1.0.aar (com.google.android.gms:play-services-base:18.1.0) with AarTransform
Transforming play-services-base-18.1.0.aar (com.google.android.gms:play-services-base:18.1.0) with ExtractAarTransform
Transforming play-services-base-18.1.0.aar (com.google.android.gms:play-services-base:18.1.0) with AarTransform
Transforming play-services-base-18.1.0.aar (com.google.android.gms:play-services-base:18.1.0) with ExtractAarTransform
Transforming play-services-base-18.1.0.aar (com.google.android.gms:play-services-base:18.1.0) with AarTransform
Transforming play-services-base-18.1.0.aar (com.google.android.gms:play-services-base:18.1.0) with ExtractAarTransform
Transforming play-services-base-18.1.0.aar (com.google.android.gms:play-services-base:18.1.0) with AarTransform
Transforming vision-interfaces-16.2.0.aar (com.google.mlkit:vision-interfaces:16.2.0) with ExtractAarTransform
Transforming vision-interfaces-16.2.0.aar (com.google.mlkit:vision-interfaces:16.2.0) with AarTransform
Transforming vision-interfaces-16.2.0.aar (com.google.mlkit:vision-interfaces:16.2.0) with ExtractAarTransform
Transforming vision-interfaces-16.2.0.aar (com.google.mlkit:vision-interfaces:16.2.0) with AarTransform
Transforming play-services-tasks-18.0.2.aar (com.google.android.gms:play-services-tasks:18.0.2) with ExtractAarTransform
Transforming play-services-tasks-18.0.2.aar (com.google.android.gms:play-services-tasks:18.0.2) with AarTransform
Transforming play-services-tasks-18.0.2.aar (com.google.android.gms:play-services-tasks:18.0.2) with ExtractAarTransform
Transforming play-services-tasks-18.0.2.aar (com.google.android.gms:play-services-tasks:18.0.2) with AarTransform
Transforming play-services-tasks-18.0.2.aar (com.google.android.gms:play-services-tasks:18.0.2) with ExtractAarTransform
Transforming play-services-tasks-18.0.2.aar (com.google.android.gms:play-services-tasks:18.0.2) with AarTransform
Transforming play-services-tasks-18.0.2.aar (com.google.android.gms:play-services-tasks:18.0.2) with ExtractAarTransform
Transforming play-services-tasks-18.0.2.aar (com.google.android.gms:play-services-tasks:18.0.2) with AarTransform
Transforming play-services-tasks-18.0.2.aar (com.google.android.gms:play-services-tasks:18.0.2) with ExtractAarTransform
Transforming play-services-tasks-18.0.2.aar (com.google.android.gms:play-services-tasks:18.0.2) with AarTransform
Transforming play-services-tasks-18.0.2.aar (com.google.android.gms:play-services-tasks:18.0.2) with ExtractAarTransform
Transforming play-services-tasks-18.0.2.aar (com.google.android.gms:play-services-tasks:18.0.2) with AarTransform
Transforming play-services-tasks-18.0.2.aar (com.google.android.gms:play-services-tasks:18.0.2) with ExtractAarTransform
Transforming play-services-tasks-18.0.2.aar (com.google.android.gms:play-services-tasks:18.0.2) with AarTransform
Transforming play-services-tasks-18.0.2.aar (com.google.android.gms:play-services-tasks:18.0.2) with ExtractAarTransform
Transforming play-services-tasks-18.0.2.aar (com.google.android.gms:play-services-tasks:18.0.2) with AarTransform
Transforming play-services-tasks-18.0.2.aar (com.google.android.gms:play-services-tasks:18.0.2) with ExtractAarTransform
Transforming play-services-tasks-18.0.2.aar (com.google.android.gms:play-services-tasks:18.0.2) with AarTransform
Transforming play-services-places-placereport-17.0.0.aar (com.google.android.gms:play-services-places-placereport:17.0.0) with ExtractAarTransform
Transforming play-services-places-placereport-17.0.0.aar (com.google.android.gms:play-services-places-placereport:17.0.0) with AarTransform
Transforming play-services-basement-18.1.0.aar (com.google.android.gms:play-services-basement:18.1.0) with ExtractAarTransform
Transforming play-services-basement-18.1.0.aar (com.google.android.gms:play-services-basement:18.1.0) with AarTransform
Transforming play-services-basement-18.1.0.aar (com.google.android.gms:play-services-basement:18.1.0) with ExtractAarTransform
Transforming play-services-basement-18.1.0.aar (com.google.android.gms:play-services-basement:18.1.0) with AarTransform
Transforming play-services-basement-18.1.0.aar (com.google.android.gms:play-services-basement:18.1.0) with ExtractAarTransform
Transforming play-services-basement-18.1.0.aar (com.google.android.gms:play-services-basement:18.1.0) with AarTransform
Transforming play-services-basement-18.1.0.aar (com.google.android.gms:play-services-basement:18.1.0) with ExtractAarTransform
Transforming play-services-basement-18.1.0.aar (com.google.android.gms:play-services-basement:18.1.0) with AarTransform
Transforming play-services-basement-18.1.0.aar (com.google.android.gms:play-services-basement:18.1.0) with ExtractAarTransform
Transforming play-services-basement-18.1.0.aar (com.google.android.gms:play-services-basement:18.1.0) with AarTransform
Transforming play-services-basement-18.1.0.aar (com.google.android.gms:play-services-basement:18.1.0) with ExtractAarTransform
Transforming play-services-basement-18.1.0.aar (com.google.android.gms:play-services-basement:18.1.0) with AarTransform
Transforming play-services-basement-18.1.0.aar (com.google.android.gms:play-services-basement:18.1.0) with ExtractAarTransform
Transforming play-services-basement-18.1.0.aar (com.google.android.gms:play-services-basement:18.1.0) with AarTransform
Transforming play-services-basement-18.1.0.aar (com.google.android.gms:play-services-basement:18.1.0) with ExtractAarTransform
Transforming play-services-basement-18.1.0.aar (com.google.android.gms:play-services-basement:18.1.0) with AarTransform
Transforming play-services-basement-18.1.0.aar (com.google.android.gms:play-services-basement:18.1.0) with ExtractAarTransform
Transforming play-services-basement-18.1.0.aar (com.google.android.gms:play-services-basement:18.1.0) with AarTransform
Transforming play-services-basement-18.1.0.aar (com.google.android.gms:play-services-basement:18.1.0) with ExtractAarTransform
Transforming play-services-basement-18.1.0.aar (com.google.android.gms:play-services-basement:18.1.0) with AarTransform
Transforming play-services-basement-18.1.0.aar (com.google.android.gms:play-services-basement:18.1.0) with ExtractAarTransform
Transforming play-services-basement-18.1.0.aar (com.google.android.gms:play-services-basement:18.1.0) with AarTransform
Transforming play-services-basement-18.1.0.aar (com.google.android.gms:play-services-basement:18.1.0) with ExtractAarTransform
Transforming play-services-basement-18.1.0.aar (com.google.android.gms:play-services-basement:18.1.0) with AarTransform
Transforming play-services-basement-18.1.0.aar (com.google.android.gms:play-services-basement:18.1.0) with ExtractAarTransform
Transforming play-services-basement-18.1.0.aar (com.google.android.gms:play-services-basement:18.1.0) with AarTransform
Transforming play-services-basement-18.1.0.aar (com.google.android.gms:play-services-basement:18.1.0) with ExtractAarTransform
Transforming play-services-basement-18.1.0.aar (com.google.android.gms:play-services-basement:18.1.0) with AarTransform
Transforming play-services-basement-18.1.0.aar (com.google.android.gms:play-services-basement:18.1.0) with ExtractAarTransform
Transforming play-services-basement-18.1.0.aar (com.google.android.gms:play-services-basement:18.1.0) with AarTransform
Transforming appcompat-1.1.0.aar (androidx.appcompat:appcompat:1.1.0) with ExtractAarTransform
Transforming appcompat-1.1.0.aar (androidx.appcompat:appcompat:1.1.0) with AarTransform
Transforming material3-1.1.2.aar (androidx.compose.material3:material3:1.1.2) with ExtractAarTransform
Transforming material3-1.1.2.aar (androidx.compose.material3:material3:1.1.2) with AarTransform
Transforming hilt-navigation-compose-1.1.0.aar (androidx.hilt:hilt-navigation-compose:1.1.0) with ExtractAarTransform
Transforming hilt-navigation-compose-1.1.0.aar (androidx.hilt:hilt-navigation-compose:1.1.0) with AarTransform
Transforming hilt-navigation-1.1.0.aar (androidx.hilt:hilt-navigation:1.1.0) with ExtractAarTransform
Transforming hilt-navigation-1.1.0.aar (androidx.hilt:hilt-navigation:1.1.0) with AarTransform
Transforming hilt-android-2.50.aar (com.google.dagger:hilt-android:2.50) with ExtractAarTransform
Transforming hilt-android-2.50.aar (com.google.dagger:hilt-android:2.50) with AarTransform
Transforming navigation-common-2.7.6.aar (androidx.navigation:navigation-common:2.7.6) with ExtractAarTransform
Transforming navigation-common-2.7.6.aar (androidx.navigation:navigation-common:2.7.6) with AarTransform
Transforming navigation-runtime-2.7.6.aar (androidx.navigation:navigation-runtime:2.7.6) with ExtractAarTransform
Transforming navigation-runtime-2.7.6.aar (androidx.navigation:navigation-runtime:2.7.6) with AarTransform
Transforming navigation-common-ktx-2.7.6.aar (androidx.navigation:navigation-common-ktx:2.7.6) with ExtractAarTransform
Transforming navigation-common-ktx-2.7.6.aar (androidx.navigation:navigation-common-ktx:2.7.6) with AarTransform
Transforming navigation-runtime-ktx-2.7.6.aar (androidx.navigation:navigation-runtime-ktx:2.7.6) with ExtractAarTransform
Transforming navigation-runtime-ktx-2.7.6.aar (androidx.navigation:navigation-runtime-ktx:2.7.6) with AarTransform
Transforming navigation-compose-2.7.6.aar (androidx.navigation:navigation-compose:2.7.6) with ExtractAarTransform
Transforming navigation-compose-2.7.6.aar (androidx.navigation:navigation-compose:2.7.6) with AarTransform
Transforming material-ripple-release.aar (androidx.compose.material:material-ripple-android:1.6.0) with ExtractAarTransform
Transforming material-ripple-release.aar (androidx.compose.material:material-ripple-android:1.6.0) with AarTransform
Transforming material-icons-core-release.aar (androidx.compose.material:material-icons-core-android:1.6.0) with ExtractAarTransform
Transforming material-icons-core-release.aar (androidx.compose.material:material-icons-core-android:1.6.0) with AarTransform
Transforming material-icons-extended-release.aar (androidx.compose.material:material-icons-extended-android:1.6.0) with ExtractAarTransform
Transforming material-icons-extended-release.aar (androidx.compose.material:material-icons-extended-android:1.6.0) with AarTransform
Transforming material-release.aar (androidx.compose.material:material-android:1.6.0) with ExtractAarTransform
Transforming material-release.aar (androidx.compose.material:material-android:1.6.0) with AarTransform
Transforming animation-core-release.aar (androidx.compose.animation:animation-core-android:1.6.0) with ExtractAarTransform
Transforming animation-core-release.aar (androidx.compose.animation:animation-core-android:1.6.0) with AarTransform
Transforming animation-release.aar (androidx.compose.animation:animation-android:1.6.0) with ExtractAarTransform
Transforming animation-release.aar (androidx.compose.animation:animation-android:1.6.0) with AarTransform
Transforming foundation-layout-release.aar (androidx.compose.foundation:foundation-layout-android:1.6.0) with ExtractAarTransform
Transforming foundation-layout-release.aar (androidx.compose.foundation:foundation-layout-android:1.6.0) with AarTransform
Transforming foundation-release.aar (androidx.compose.foundation:foundation-android:1.6.0) with ExtractAarTransform
Transforming foundation-release.aar (androidx.compose.foundation:foundation-android:1.6.0) with AarTransform
Transforming ui-tooling-data-release.aar (androidx.compose.ui:ui-tooling-data-android:1.6.0) with ExtractAarTransform
Transforming ui-tooling-data-release.aar (androidx.compose.ui:ui-tooling-data-android:1.6.0) with AarTransform
Transforming ui-unit-release.aar (androidx.compose.ui:ui-unit-android:1.6.0) with ExtractAarTransform
Transforming ui-unit-release.aar (androidx.compose.ui:ui-unit-android:1.6.0) with AarTransform
Transforming ui-geometry-release.aar (androidx.compose.ui:ui-geometry-android:1.6.0) with ExtractAarTransform
Transforming ui-geometry-release.aar (androidx.compose.ui:ui-geometry-android:1.6.0) with AarTransform
Transforming ui-util-release.aar (androidx.compose.ui:ui-util-android:1.6.0) with ExtractAarTransform
Transforming ui-util-release.aar (androidx.compose.ui:ui-util-android:1.6.0) with AarTransform
Transforming ui-text-release.aar (androidx.compose.ui:ui-text-android:1.6.0) with ExtractAarTransform
Transforming ui-text-release.aar (androidx.compose.ui:ui-text-android:1.6.0) with AarTransform
Transforming ui-tooling-preview-release.aar (androidx.compose.ui:ui-tooling-preview-android:1.6.0) with ExtractAarTransform
Transforming ui-tooling-preview-release.aar (androidx.compose.ui:ui-tooling-preview-android:1.6.0) with AarTransform
Transforming ui-tooling-release.aar (androidx.compose.ui:ui-tooling-android:1.6.0) with ExtractAarTransform
Transforming ui-tooling-release.aar (androidx.compose.ui:ui-tooling-android:1.6.0) with AarTransform
Transforming ui-graphics-release.aar (androidx.compose.ui:ui-graphics-android:1.6.0) with ExtractAarTransform
Transforming ui-graphics-release.aar (androidx.compose.ui:ui-graphics-android:1.6.0) with AarTransform
Transforming ui-test-manifest-1.6.0.aar (androidx.compose.ui:ui-test-manifest:1.6.0) with ExtractAarTransform
Transforming ui-test-manifest-1.6.0.aar (androidx.compose.ui:ui-test-manifest:1.6.0) with AarTransform
Transforming fragment-1.5.1.aar (androidx.fragment:fragment:1.5.1) with ExtractAarTransform
Transforming fragment-1.5.1.aar (androidx.fragment:fragment:1.5.1) with AarTransform
Transforming fragment-1.5.1.aar (androidx.fragment:fragment:1.5.1) with ExtractAarTransform
Transforming fragment-1.5.1.aar (androidx.fragment:fragment:1.5.1) with AarTransform
Transforming fragment-1.5.1.aar (androidx.fragment:fragment:1.5.1) with ExtractAarTransform
Transforming fragment-1.5.1.aar (androidx.fragment:fragment:1.5.1) with AarTransform
Transforming fragment-1.5.1.aar (androidx.fragment:fragment:1.5.1) with ExtractAarTransform
Transforming fragment-1.5.1.aar (androidx.fragment:fragment:1.5.1) with AarTransform
Transforming activity-1.8.2.aar (androidx.activity:activity:1.8.2) with ExtractAarTransform
Transforming activity-1.8.2.aar (androidx.activity:activity:1.8.2) with AarTransform
Transforming activity-1.8.2.aar (androidx.activity:activity:1.8.2) with ExtractAarTransform
Transforming activity-1.8.2.aar (androidx.activity:activity:1.8.2) with AarTransform
Transforming activity-ktx-1.8.2.aar (androidx.activity:activity-ktx:1.8.2) with ExtractAarTransform
Transforming activity-ktx-1.8.2.aar (androidx.activity:activity-ktx:1.8.2) with AarTransform
Transforming activity-compose-1.8.2.aar (androidx.activity:activity-compose:1.8.2) with ExtractAarTransform
Transforming activity-compose-1.8.2.aar (androidx.activity:activity-compose:1.8.2) with AarTransform
Transforming emoji2-1.3.0.aar (androidx.emoji2:emoji2:1.3.0) with ExtractAarTransform
Transforming emoji2-1.3.0.aar (androidx.emoji2:emoji2:1.3.0) with AarTransform
Transforming lifecycle-process-2.7.0.aar (androidx.lifecycle:lifecycle-process:2.7.0) with ExtractAarTransform
Transforming lifecycle-process-2.7.0.aar (androidx.lifecycle:lifecycle-process:2.7.0) with AarTransform
Transforming lifecycle-livedata-core-ktx-2.7.0.aar (androidx.lifecycle:lifecycle-livedata-core-ktx:2.7.0) with ExtractAarTransform
Transforming lifecycle-livedata-core-ktx-2.7.0.aar (androidx.lifecycle:lifecycle-livedata-core-ktx:2.7.0) with AarTransform
Transforming lifecycle-service-2.7.0.aar (androidx.lifecycle:lifecycle-service:2.7.0) with ExtractAarTransform
Transforming lifecycle-service-2.7.0.aar (androidx.lifecycle:lifecycle-service:2.7.0) with AarTransform
Transforming lifecycle-livedata-core-2.7.0.aar (androidx.lifecycle:lifecycle-livedata-core:2.7.0) with ExtractAarTransform
Transforming lifecycle-livedata-core-2.7.0.aar (androidx.lifecycle:lifecycle-livedata-core:2.7.0) with AarTransform
Transforming loader-1.0.0.aar (androidx.loader:loader:1.0.0) with ExtractAarTransform
Transforming loader-1.0.0.aar (androidx.loader:loader:1.0.0) with AarTransform
Transforming lifecycle-livedata-2.7.0.aar (androidx.lifecycle:lifecycle-livedata:2.7.0) with ExtractAarTransform
Transforming lifecycle-livedata-2.7.0.aar (androidx.lifecycle:lifecycle-livedata:2.7.0) with AarTransform
Transforming lifecycle-livedata-2.7.0.aar (androidx.lifecycle:lifecycle-livedata:2.7.0) with ExtractAarTransform
Transforming lifecycle-livedata-2.7.0.aar (androidx.lifecycle:lifecycle-livedata:2.7.0) with AarTransform
Transforming savedstate-ktx-1.2.1.aar (androidx.savedstate:savedstate-ktx:1.2.1) with ExtractAarTransform
Transforming savedstate-ktx-1.2.1.aar (androidx.savedstate:savedstate-ktx:1.2.1) with AarTransform
Transforming savedstate-1.2.1.aar (androidx.savedstate:savedstate:1.2.1) with ExtractAarTransform
Transforming savedstate-1.2.1.aar (androidx.savedstate:savedstate:1.2.1) with AarTransform
Transforming lifecycle-viewmodel-2.7.0.aar (androidx.lifecycle:lifecycle-viewmodel:2.7.0) with ExtractAarTransform
Transforming lifecycle-viewmodel-2.7.0.aar (androidx.lifecycle:lifecycle-viewmodel:2.7.0) with AarTransform
Transforming lifecycle-viewmodel-2.7.0.aar (androidx.lifecycle:lifecycle-viewmodel:2.7.0) with ExtractAarTransform
Transforming lifecycle-viewmodel-2.7.0.aar (androidx.lifecycle:lifecycle-viewmodel:2.7.0) with AarTransform
Transforming lifecycle-viewmodel-savedstate-2.7.0.aar (androidx.lifecycle:lifecycle-viewmodel-savedstate:2.7.0) with ExtractAarTransform
Transforming lifecycle-viewmodel-savedstate-2.7.0.aar (androidx.lifecycle:lifecycle-viewmodel-savedstate:2.7.0) with AarTransform
Transforming lifecycle-viewmodel-ktx-2.7.0.aar (androidx.lifecycle:lifecycle-viewmodel-ktx:2.7.0) with ExtractAarTransform
Transforming lifecycle-viewmodel-ktx-2.7.0.aar (androidx.lifecycle:lifecycle-viewmodel-ktx:2.7.0) with AarTransform
Transforming lifecycle-runtime-2.7.0.aar (androidx.lifecycle:lifecycle-runtime:2.7.0) with ExtractAarTransform
Transforming lifecycle-runtime-2.7.0.aar (androidx.lifecycle:lifecycle-runtime:2.7.0) with AarTransform
Transforming lifecycle-runtime-ktx-2.7.0.aar (androidx.lifecycle:lifecycle-runtime-ktx:2.7.0) with ExtractAarTransform
Transforming lifecycle-runtime-ktx-2.7.0.aar (androidx.lifecycle:lifecycle-runtime-ktx:2.7.0) with AarTransform
Transforming lifecycle-viewmodel-compose-2.7.0.aar (androidx.lifecycle:lifecycle-viewmodel-compose:2.7.0) with ExtractAarTransform
Transforming lifecycle-viewmodel-compose-2.7.0.aar (androidx.lifecycle:lifecycle-viewmodel-compose:2.7.0) with AarTransform
Transforming ui-release.aar (androidx.compose.ui:ui-android:1.6.0) with ExtractAarTransform
Transforming ui-release.aar (androidx.compose.ui:ui-android:1.6.0) with AarTransform
Transforming viewpager-1.0.0.aar (androidx.viewpager:viewpager:1.0.0) with ExtractAarTransform
Transforming viewpager-1.0.0.aar (androidx.viewpager:viewpager:1.0.0) with AarTransform
Transforming appcompat-resources-1.1.0.aar (androidx.appcompat:appcompat-resources:1.1.0) with ExtractAarTransform
Transforming appcompat-resources-1.1.0.aar (androidx.appcompat:appcompat-resources:1.1.0) with AarTransform
Transforming drawerlayout-1.0.0.aar (androidx.drawerlayout:drawerlayout:1.0.0) with ExtractAarTransform
Transforming drawerlayout-1.0.0.aar (androidx.drawerlayout:drawerlayout:1.0.0) with AarTransform
Transforming autofill-1.0.0.aar (androidx.autofill:autofill:1.0.0) with ExtractAarTransform
Transforming autofill-1.0.0.aar (androidx.autofill:autofill:1.0.0) with AarTransform
Transforming customview-1.0.0.aar (androidx.customview:customview:1.0.0) with ExtractAarTransform
Transforming customview-1.0.0.aar (androidx.customview:customview:1.0.0) with AarTransform
Transforming customview-1.0.0.aar (androidx.customview:customview:1.0.0) with ExtractAarTransform
Transforming customview-1.0.0.aar (androidx.customview:customview:1.0.0) with AarTransform
Transforming vectordrawable-animated-1.1.0.aar (androidx.vectordrawable:vectordrawable-animated:1.1.0) with ExtractAarTransform
Transforming vectordrawable-animated-1.1.0.aar (androidx.vectordrawable:vectordrawable-animated:1.1.0) with AarTransform
Transforming vectordrawable-1.1.0.aar (androidx.vectordrawable:vectordrawable:1.1.0) with ExtractAarTransform
Transforming vectordrawable-1.1.0.aar (androidx.vectordrawable:vectordrawable:1.1.0) with AarTransform
Transforming vectordrawable-1.1.0.aar (androidx.vectordrawable:vectordrawable:1.1.0) with ExtractAarTransform
Transforming vectordrawable-1.1.0.aar (androidx.vectordrawable:vectordrawable:1.1.0) with AarTransform
Transforming core-1.12.0.aar (androidx.core:core:1.12.0) with ExtractAarTransform
Transforming core-1.12.0.aar (androidx.core:core:1.12.0) with AarTransform
Transforming core-1.12.0.aar (androidx.core:core:1.12.0) with ExtractAarTransform
Transforming core-1.12.0.aar (androidx.core:core:1.12.0) with AarTransform
Transforming core-1.12.0.aar (androidx.core:core:1.12.0) with ExtractAarTransform
Transforming core-1.12.0.aar (androidx.core:core:1.12.0) with AarTransform
Transforming core-1.12.0.aar (androidx.core:core:1.12.0) with ExtractAarTransform
Transforming core-1.12.0.aar (androidx.core:core:1.12.0) with AarTransform
Transforming core-1.12.0.aar (androidx.core:core:1.12.0) with ExtractAarTransform
Transforming core-1.12.0.aar (androidx.core:core:1.12.0) with AarTransform
Transforming core-1.12.0.aar (androidx.core:core:1.12.0) with ExtractAarTransform
Transforming core-1.12.0.aar (androidx.core:core:1.12.0) with AarTransform
Transforming core-1.12.0.aar (androidx.core:core:1.12.0) with ExtractAarTransform
Transforming core-1.12.0.aar (androidx.core:core:1.12.0) with AarTransform
Transforming core-1.12.0.aar (androidx.core:core:1.12.0) with ExtractAarTransform
Transforming core-1.12.0.aar (androidx.core:core:1.12.0) with AarTransform
Transforming core-1.12.0.aar (androidx.core:core:1.12.0) with ExtractAarTransform
Transforming core-1.12.0.aar (androidx.core:core:1.12.0) with AarTransform
Transforming core-1.12.0.aar (androidx.core:core:1.12.0) with ExtractAarTransform
Transforming core-1.12.0.aar (androidx.core:core:1.12.0) with AarTransform
Transforming core-1.12.0.aar (androidx.core:core:1.12.0) with ExtractAarTransform
Transforming core-1.12.0.aar (androidx.core:core:1.12.0) with AarTransform
Transforming core-1.12.0.aar (androidx.core:core:1.12.0) with ExtractAarTransform
Transforming core-1.12.0.aar (androidx.core:core:1.12.0) with AarTransform
Transforming customview-poolingcontainer-1.0.0.aar (androidx.customview:customview-poolingcontainer:1.0.0) with ExtractAarTransform
Transforming customview-poolingcontainer-1.0.0.aar (androidx.customview:customview-poolingcontainer:1.0.0) with AarTransform
Transforming core-ktx-1.12.0.aar (androidx.core:core-ktx:1.12.0) with ExtractAarTransform
Transforming core-ktx-1.12.0.aar (androidx.core:core-ktx:1.12.0) with AarTransform
Transforming core-splashscreen-1.0.1.aar (androidx.core:core-splashscreen:1.0.1) with ExtractAarTransform
Transforming core-splashscreen-1.0.1.aar (androidx.core:core-splashscreen:1.0.1) with AarTransform
Transforming room-runtime-2.6.1.aar (androidx.room:room-runtime:2.6.1) with ExtractAarTransform
Transforming room-runtime-2.6.1.aar (androidx.room:room-runtime:2.6.1) with AarTransform
Transforming room-ktx-2.6.1.aar (androidx.room:room-ktx:2.6.1) with ExtractAarTransform
Transforming room-ktx-2.6.1.aar (androidx.room:room-ktx:2.6.1) with AarTransform
Transforming datastore-preferences-1.0.0.aar (androidx.datastore:datastore-preferences:1.0.0) with ExtractAarTransform
Transforming datastore-preferences-1.0.0.aar (androidx.datastore:datastore-preferences:1.0.0) with AarTransform
Transforming sqlite-framework-2.4.0.aar (androidx.sqlite:sqlite-framework:2.4.0) with ExtractAarTransform
Transforming sqlite-framework-2.4.0.aar (androidx.sqlite:sqlite-framework:2.4.0) with AarTransform
Transforming sqlite-2.4.0.aar (androidx.sqlite:sqlite:2.4.0) with ExtractAarTransform
Transforming sqlite-2.4.0.aar (androidx.sqlite:sqlite:2.4.0) with AarTransform
Transforming annotation-experimental-1.3.1.aar (androidx.annotation:annotation-experimental:1.3.1) with ExtractAarTransform
Transforming annotation-experimental-1.3.1.aar (androidx.annotation:annotation-experimental:1.3.1) with AarTransform
Transforming datastore-1.0.0.aar (androidx.datastore:datastore:1.0.0) with ExtractAarTransform
Transforming datastore-1.0.0.aar (androidx.datastore:datastore:1.0.0) with AarTransform
Transforming runtime-saveable-release.aar (androidx.compose.runtime:runtime-saveable-android:1.6.0) with ExtractAarTransform
Transforming runtime-saveable-release.aar (androidx.compose.runtime:runtime-saveable-android:1.6.0) with AarTransform
Transforming runtime-release.aar (androidx.compose.runtime:runtime-android:1.6.0) with ExtractAarTransform
Transforming runtime-release.aar (androidx.compose.runtime:runtime-android:1.6.0) with AarTransform
Transforming security-crypto-1.1.0-alpha06.aar (androidx.security:security-crypto:1.1.0-alpha06) with ExtractAarTransform
Transforming security-crypto-1.1.0-alpha06.aar (androidx.security:security-crypto:1.1.0-alpha06) with AarTransform
Transforming versionedparcelable-1.1.1.aar (androidx.versionedparcelable:versionedparcelable:1.1.1) with ExtractAarTransform
Transforming versionedparcelable-1.1.1.aar (androidx.versionedparcelable:versionedparcelable:1.1.1) with AarTransform
Transforming core-runtime-2.2.0.aar (androidx.arch.core:core-runtime:2.2.0) with ExtractAarTransform
Transforming core-runtime-2.2.0.aar (androidx.arch.core:core-runtime:2.2.0) with AarTransform
Transforming exifinterface-1.3.2.aar (androidx.exifinterface:exifinterface:1.3.2) with ExtractAarTransform
Transforming exifinterface-1.3.2.aar (androidx.exifinterface:exifinterface:1.3.2) with AarTransform
Transforming exifinterface-1.3.2.aar (androidx.exifinterface:exifinterface:1.3.2) with ExtractAarTransform
Transforming exifinterface-1.3.2.aar (androidx.exifinterface:exifinterface:1.3.2) with AarTransform
Transforming interpolator-1.0.0.aar (androidx.interpolator:interpolator:1.0.0) with ExtractAarTransform
Transforming interpolator-1.0.0.aar (androidx.interpolator:interpolator:1.0.0) with AarTransform
Transforming interpolator-1.0.0.aar (androidx.interpolator:interpolator:1.0.0) with ExtractAarTransform
Transforming interpolator-1.0.0.aar (androidx.interpolator:interpolator:1.0.0) with AarTransform
Transforming profileinstaller-1.3.0.aar (androidx.profileinstaller:profileinstaller:1.3.0) with ExtractAarTransform
Transforming profileinstaller-1.3.0.aar (androidx.profileinstaller:profileinstaller:1.3.0) with AarTransform
Transforming transport-backend-cct-3.1.8.aar (com.google.android.datatransport:transport-backend-cct:3.1.8) with ExtractAarTransform
Transforming transport-backend-cct-3.1.8.aar (com.google.android.datatransport:transport-backend-cct:3.1.8) with AarTransform
Transforming transport-backend-cct-3.1.8.aar (com.google.android.datatransport:transport-backend-cct:3.1.8) with ExtractAarTransform
Transforming transport-backend-cct-3.1.8.aar (com.google.android.datatransport:transport-backend-cct:3.1.8) with AarTransform
Transforming transport-backend-cct-3.1.8.aar (com.google.android.datatransport:transport-backend-cct:3.1.8) with ExtractAarTransform
Transforming transport-backend-cct-3.1.8.aar (com.google.android.datatransport:transport-backend-cct:3.1.8) with AarTransform
Transforming transport-backend-cct-3.1.8.aar (com.google.android.datatransport:transport-backend-cct:3.1.8) with ExtractAarTransform
Transforming transport-backend-cct-3.1.8.aar (com.google.android.datatransport:transport-backend-cct:3.1.8) with AarTransform
Transforming transport-backend-cct-3.1.8.aar (com.google.android.datatransport:transport-backend-cct:3.1.8) with ExtractAarTransform
Transforming transport-backend-cct-3.1.8.aar (com.google.android.datatransport:transport-backend-cct:3.1.8) with AarTransform
Transforming transport-runtime-3.1.8.aar (com.google.android.datatransport:transport-runtime:3.1.8) with ExtractAarTransform
Transforming transport-runtime-3.1.8.aar (com.google.android.datatransport:transport-runtime:3.1.8) with AarTransform
Transforming transport-runtime-3.1.8.aar (com.google.android.datatransport:transport-runtime:3.1.8) with ExtractAarTransform
Transforming transport-runtime-3.1.8.aar (com.google.android.datatransport:transport-runtime:3.1.8) with AarTransform
Transforming transport-runtime-3.1.8.aar (com.google.android.datatransport:transport-runtime:3.1.8) with ExtractAarTransform
Transforming transport-runtime-3.1.8.aar (com.google.android.datatransport:transport-runtime:3.1.8) with AarTransform
Transforming transport-runtime-3.1.8.aar (com.google.android.datatransport:transport-runtime:3.1.8) with ExtractAarTransform
Transforming transport-runtime-3.1.8.aar (com.google.android.datatransport:transport-runtime:3.1.8) with AarTransform
Transforming transport-runtime-3.1.8.aar (com.google.android.datatransport:transport-runtime:3.1.8) with ExtractAarTransform
Transforming transport-runtime-3.1.8.aar (com.google.android.datatransport:transport-runtime:3.1.8) with AarTransform
Transforming transport-runtime-3.1.8.aar (com.google.android.datatransport:transport-runtime:3.1.8) with ExtractAarTransform
Transforming transport-runtime-3.1.8.aar (com.google.android.datatransport:transport-runtime:3.1.8) with AarTransform
Transforming transport-api-3.0.0.aar (com.google.android.datatransport:transport-api:3.0.0) with ExtractAarTransform
Transforming transport-api-3.0.0.aar (com.google.android.datatransport:transport-api:3.0.0) with AarTransform
Transforming transport-api-3.0.0.aar (com.google.android.datatransport:transport-api:3.0.0) with ExtractAarTransform
Transforming transport-api-3.0.0.aar (com.google.android.datatransport:transport-api:3.0.0) with AarTransform
Transforming transport-api-3.0.0.aar (com.google.android.datatransport:transport-api:3.0.0) with ExtractAarTransform
Transforming transport-api-3.0.0.aar (com.google.android.datatransport:transport-api:3.0.0) with AarTransform
Transforming transport-api-3.0.0.aar (com.google.android.datatransport:transport-api:3.0.0) with ExtractAarTransform
Transforming transport-api-3.0.0.aar (com.google.android.datatransport:transport-api:3.0.0) with AarTransform
Transforming transport-api-3.0.0.aar (com.google.android.datatransport:transport-api:3.0.0) with ExtractAarTransform
Transforming transport-api-3.0.0.aar (com.google.android.datatransport:transport-api:3.0.0) with AarTransform
Transforming transport-api-3.0.0.aar (com.google.android.datatransport:transport-api:3.0.0) with ExtractAarTransform
Transforming transport-api-3.0.0.aar (com.google.android.datatransport:transport-api:3.0.0) with AarTransform
Transforming transport-api-3.0.0.aar (com.google.android.datatransport:transport-api:3.0.0) with ExtractAarTransform
Transforming transport-api-3.0.0.aar (com.google.android.datatransport:transport-api:3.0.0) with AarTransform
Transforming startup-runtime-1.1.1.aar (androidx.startup:startup-runtime:1.1.1) with ExtractAarTransform
Transforming startup-runtime-1.1.1.aar (androidx.startup:startup-runtime:1.1.1) with AarTransform
Transforming cursoradapter-1.0.0.aar (androidx.cursoradapter:cursoradapter:1.0.0) with ExtractAarTransform
Transforming cursoradapter-1.0.0.aar (androidx.cursoradapter:cursoradapter:1.0.0) with AarTransform
Transforming firebase-components-16.1.0.aar (com.google.firebase:firebase-components:16.1.0) with ExtractAarTransform
Transforming firebase-components-16.1.0.aar (com.google.firebase:firebase-components:16.1.0) with AarTransform
Transforming firebase-components-16.1.0.aar (com.google.firebase:firebase-components:16.1.0) with ExtractAarTransform
Transforming firebase-components-16.1.0.aar (com.google.firebase:firebase-components:16.1.0) with AarTransform
Transforming firebase-components-16.1.0.aar (com.google.firebase:firebase-components:16.1.0) with ExtractAarTransform
Transforming firebase-components-16.1.0.aar (com.google.firebase:firebase-components:16.1.0) with AarTransform
Transforming firebase-components-16.1.0.aar (com.google.firebase:firebase-components:16.1.0) with ExtractAarTransform
Transforming firebase-components-16.1.0.aar (com.google.firebase:firebase-components:16.1.0) with AarTransform
Transforming tracing-1.0.0.aar (androidx.tracing:tracing:1.0.0) with ExtractAarTransform
Transforming tracing-1.0.0.aar (androidx.tracing:tracing:1.0.0) with AarTransform
Transforming firebase-encoders-json-18.0.0.aar (com.google.firebase:firebase-encoders-json:18.0.0) with ExtractAarTransform
Transforming firebase-encoders-json-18.0.0.aar (com.google.firebase:firebase-encoders-json:18.0.0) with AarTransform
Transforming firebase-encoders-json-18.0.0.aar (com.google.firebase:firebase-encoders-json:18.0.0) with ExtractAarTransform
Transforming firebase-encoders-json-18.0.0.aar (com.google.firebase:firebase-encoders-json:18.0.0) with AarTransform
Transforming firebase-encoders-json-18.0.0.aar (com.google.firebase:firebase-encoders-json:18.0.0) with ExtractAarTransform
Transforming firebase-encoders-json-18.0.0.aar (com.google.firebase:firebase-encoders-json:18.0.0) with AarTransform
Transforming firebase-encoders-json-18.0.0.aar (com.google.firebase:firebase-encoders-json:18.0.0) with ExtractAarTransform
Transforming firebase-encoders-json-18.0.0.aar (com.google.firebase:firebase-encoders-json:18.0.0) with AarTransform
Transforming firebase-encoders-json-18.0.0.aar (com.google.firebase:firebase-encoders-json:18.0.0) with ExtractAarTransform
Transforming firebase-encoders-json-18.0.0.aar (com.google.firebase:firebase-encoders-json:18.0.0) with AarTransform
Transforming tensorflow-lite-support-0.4.4.aar (org.tensorflow:tensorflow-lite-support:0.4.4) with ExtractAarTransform
Transforming tensorflow-lite-support-0.4.4.aar (org.tensorflow:tensorflow-lite-support:0.4.4) with AarTransform
Transforming tensorflow-lite-2.14.0.aar (org.tensorflow:tensorflow-lite:2.14.0) with ExtractAarTransform
Transforming tensorflow-lite-2.14.0.aar (org.tensorflow:tensorflow-lite:2.14.0) with AarTransform
Transforming tensorflow-lite-gpu-2.14.0.aar (org.tensorflow:tensorflow-lite-gpu:2.14.0) with ExtractAarTransform
Transforming tensorflow-lite-gpu-2.14.0.aar (org.tensorflow:tensorflow-lite-gpu:2.14.0) with AarTransform
Transforming dagger-lint-aar-2.50.aar (com.google.dagger:dagger-lint-aar:2.50) with ExtractAarTransform
Transforming dagger-lint-aar-2.50.aar (com.google.dagger:dagger-lint-aar:2.50) with AarTransform
Transforming tensorflow-lite-support-api-0.4.4.aar (org.tensorflow:tensorflow-lite-support-api:0.4.4) with ExtractAarTransform
Transforming tensorflow-lite-support-api-0.4.4.aar (org.tensorflow:tensorflow-lite-support-api:0.4.4) with AarTransform
Transforming tensorflow-lite-api-2.14.0.aar (org.tensorflow:tensorflow-lite-api:2.14.0) with ExtractAarTransform
Transforming tensorflow-lite-api-2.14.0.aar (org.tensorflow:tensorflow-lite-api:2.14.0) with AarTransform
Transforming image-1.0.0-beta1.aar (com.google.android.odml:image:1.0.0-beta1) with ExtractAarTransform
Transforming image-1.0.0-beta1.aar (com.google.android.odml:image:1.0.0-beta1) with AarTransform
Transforming image-1.0.0-beta1.aar (com.google.android.odml:image:1.0.0-beta1) with ExtractAarTransform
Transforming image-1.0.0-beta1.aar (com.google.android.odml:image:1.0.0-beta1) with AarTransform
Transforming image-1.0.0-beta1.aar (com.google.android.odml:image:1.0.0-beta1) with ExtractAarTransform
Transforming image-1.0.0-beta1.aar (com.google.android.odml:image:1.0.0-beta1) with AarTransform
Transforming image-1.0.0-beta1.aar (com.google.android.odml:image:1.0.0-beta1) with ExtractAarTransform
Transforming image-1.0.0-beta1.aar (com.google.android.odml:image:1.0.0-beta1) with AarTransform
Build cache key for task ':app:processDebugMainManifest' is fb80ab99c3df280f839533905562ffa5
Task ':app:processDebugMainManifest' is not up-to-date because:
  Output property 'mergeBlameFile' file C:\Users\Administrator\Desktop\new app - Copy - Copy\nsfw-shield\app\build\intermediates\manifest_merge_blame_file\debug\manifest-merger-blame-debug-report.txt has been removed.
  Output property 'mergedManifest' file C:\Users\Administrator\Desktop\new app - Copy - Copy\nsfw-shield\app\build\intermediates\merged_manifest\debug\AndroidManifest.xml has been removed.
  Output property 'reportFile' file C:\Users\Administrator\Desktop\new app - Copy - Copy\nsfw-shield\app\build\outputs\logs\manifest-merger-debug-report.txt has been removed.
Loaded cache entry for task ':app:processDebugMainManifest' with cache key fb80ab99c3df280f839533905562ffa5
Resolve mutations for :app:processDebugManifest (Thread[#58,included builds,5,main]) started.
:app:processDebugManifest (Thread[#58,included builds,5,main]) started.

> Task :app:processDebugManifest FROM-CACHE
Build cache key for task ':app:processDebugManifest' is d6d83edb66f12ab6a7ec4e25e86ac99b
Task ':app:processDebugManifest' is not up-to-date because:
  Output property 'multiApkManifestOutputDirectory' file C:\Users\Administrator\Desktop\new app - Copy - Copy\nsfw-shield\app\build\intermediates\merged_manifests\debug has been removed.
  Output property 'multiApkManifestOutputDirectory' file C:\Users\Administrator\Desktop\new app - Copy - Copy\nsfw-shield\app\build\intermediates\merged_manifests\debug\AndroidManifest.xml has been removed.
  Output property 'multiApkManifestOutputDirectory' file C:\Users\Administrator\Desktop\new app - Copy - Copy\nsfw-shield\app\build\intermediates\merged_manifests\debug\output-metadata.json has been removed.
Loaded cache entry for task ':app:processDebugManifest' with cache key d6d83edb66f12ab6a7ec4e25e86ac99b
Resolve mutations for :app:processDebugManifestForPackage (Thread[#58,included builds,5,main]) started.
:app:processDebugManifestForPackage (Thread[#61,Execution worker Thread 3,5,main]) started.

> Task :app:processDebugManifestForPackage FROM-CACHE
Custom actions are attached to task ':app:processDebugManifestForPackage'.
Build cache key for task ':app:processDebugManifestForPackage' is be4cfd95958686a0e3e63e00dd7096de
Task ':app:processDebugManifestForPackage' is not up-to-date because:
  Output property 'packageManifests' file C:\Users\Administrator\Desktop\new app - Copy - Copy\nsfw-shield\app\build\intermediates\packaged_manifests\debug has been removed.
  Output property 'packageManifests' file C:\Users\Administrator\Desktop\new app - Copy - Copy\nsfw-shield\app\build\intermediates\packaged_manifests\debug\AndroidManifest.xml has been removed.
  Output property 'packageManifests' file C:\Users\Administrator\Desktop\new app - Copy - Copy\nsfw-shield\app\build\intermediates\packaged_manifests\debug\output-metadata.json has been removed.
Loaded cache entry for task ':app:processDebugManifestForPackage' with cache key be4cfd95958686a0e3e63e00dd7096de
Resolve mutations for :app:processDebugResources (Thread[#58,included builds,5,main]) started.
:app:processDebugResources (Thread[#58,included builds,5,main]) started.

> Task :app:processDebugResources
Transforming aapt2-8.2.2-10154469-windows.jar (com.android.tools.build:aapt2:8.2.2-10154469) with Aapt2Extractor
Transforming camera-video-1.3.1.aar (androidx.camera:camera-video:1.3.1) with ExtractAarTransform
Transforming camera-video-1.3.1.aar (androidx.camera:camera-video:1.3.1) with AarResourcesCompilerTransform
Transforming camera-view-1.3.1.aar (androidx.camera:camera-view:1.3.1) with ExtractAarTransform
Transforming camera-view-1.3.1.aar (androidx.camera:camera-view:1.3.1) with AarResourcesCompilerTransform
Transforming camera-lifecycle-1.3.1.aar (androidx.camera:camera-lifecycle:1.3.1) with ExtractAarTransform
Transforming camera-lifecycle-1.3.1.aar (androidx.camera:camera-lifecycle:1.3.1) with AarResourcesCompilerTransform
Transforming camera-camera2-1.3.1.aar (androidx.camera:camera-camera2:1.3.1) with ExtractAarTransform
Transforming camera-camera2-1.3.1.aar (androidx.camera:camera-camera2:1.3.1) with AarResourcesCompilerTransform
Transforming camera-core-1.3.1.aar (androidx.camera:camera-core:1.3.1) with ExtractAarTransform
Transforming camera-core-1.3.1.aar (androidx.camera:camera-core:1.3.1) with AarResourcesCompilerTransform
Transforming work-runtime-ktx-2.9.0.aar (androidx.work:work-runtime-ktx:2.9.0) with ExtractAarTransform
Transforming work-runtime-ktx-2.9.0.aar (androidx.work:work-runtime-ktx:2.9.0) with AarResourcesCompilerTransform
Transforming hilt-work-1.1.0.aar (androidx.hilt:hilt-work:1.1.0) with ExtractAarTransform
Transforming hilt-work-1.1.0.aar (androidx.hilt:hilt-work:1.1.0) with AarResourcesCompilerTransform
Transforming work-runtime-2.9.0.aar (androidx.work:work-runtime:2.9.0) with ExtractAarTransform
Transforming work-runtime-2.9.0.aar (androidx.work:work-runtime:2.9.0) with AarResourcesCompilerTransform
Transforming text-recognition-16.0.0.aar (com.google.mlkit:text-recognition:16.0.0) with ExtractAarTransform
Transforming text-recognition-16.0.0.aar (com.google.mlkit:text-recognition:16.0.0) with AarResourcesCompilerTransform
Transforming billing-ktx-6.1.0.aar (com.android.billingclient:billing-ktx:6.1.0) with ExtractAarTransform
Transforming billing-ktx-6.1.0.aar (com.android.billingclient:billing-ktx:6.1.0) with AarResourcesCompilerTransform
Transforming billing-6.1.0.aar (com.android.billingclient:billing:6.1.0) with ExtractAarTransform
Transforming billing-6.1.0.aar (com.android.billingclient:billing:6.1.0) with AarResourcesCompilerTransform
Transforming play-services-mlkit-text-recognition-19.0.0.aar (com.google.android.gms:play-services-mlkit-text-recognition:19.0.0) with ExtractAarTransform
Transforming play-services-mlkit-text-recognition-19.0.0.aar (com.google.android.gms:play-services-mlkit-text-recognition:19.0.0) with AarResourcesCompilerTransform
Transforming text-recognition-bundled-common-16.0.0.aar (com.google.mlkit:text-recognition-bundled-common:16.0.0) with ExtractAarTransform
Transforming text-recognition-bundled-common-16.0.0.aar (com.google.mlkit:text-recognition-bundled-common:16.0.0) with AarResourcesCompilerTransform
Transforming barcode-scanning-17.2.0.aar (com.google.mlkit:barcode-scanning:17.2.0) with ExtractAarTransform
Transforming barcode-scanning-17.2.0.aar (com.google.mlkit:barcode-scanning:17.2.0) with AarResourcesCompilerTransform
Transforming play-services-mlkit-barcode-scanning-18.3.0.aar (com.google.android.gms:play-services-mlkit-barcode-scanning:18.3.0) with ExtractAarTransform
Transforming play-services-mlkit-barcode-scanning-18.3.0.aar (com.google.android.gms:play-services-mlkit-barcode-scanning:18.3.0) with AarResourcesCompilerTransform
Transforming barcode-scanning-common-17.0.0.aar (com.google.mlkit:barcode-scanning-common:17.0.0) with ExtractAarTransform
Transforming barcode-scanning-common-17.0.0.aar (com.google.mlkit:barcode-scanning-common:17.0.0) with AarResourcesCompilerTransform
Transforming barcode-scanning-common-17.0.0.aar (com.google.mlkit:barcode-scanning-common:17.0.0) with ExtractAarTransform
Transforming barcode-scanning-common-17.0.0.aar (com.google.mlkit:barcode-scanning-common:17.0.0) with AarResourcesCompilerTransform
Transforming play-services-mlkit-text-recognition-common-19.0.0.aar (com.google.android.gms:play-services-mlkit-text-recognition-common:19.0.0) with ExtractAarTransform
Transforming play-services-mlkit-text-recognition-common-19.0.0.aar (com.google.android.gms:play-services-mlkit-text-recognition-common:19.0.0) with AarResourcesCompilerTransform
Transforming vision-common-17.3.0.aar (com.google.mlkit:vision-common:17.3.0) with ExtractAarTransform
Transforming vision-common-17.3.0.aar (com.google.mlkit:vision-common:17.3.0) with AarResourcesCompilerTransform
Transforming vision-common-17.3.0.aar (com.google.mlkit:vision-common:17.3.0) with ExtractAarTransform
Transforming vision-common-17.3.0.aar (com.google.mlkit:vision-common:17.3.0) with AarResourcesCompilerTransform
Transforming vision-common-17.3.0.aar (com.google.mlkit:vision-common:17.3.0) with ExtractAarTransform
Transforming vision-common-17.3.0.aar (com.google.mlkit:vision-common:17.3.0) with AarResourcesCompilerTransform
Transforming vision-common-17.3.0.aar (com.google.mlkit:vision-common:17.3.0) with ExtractAarTransform
Transforming vision-common-17.3.0.aar (com.google.mlkit:vision-common:17.3.0) with AarResourcesCompilerTransform
Transforming vision-common-17.3.0.aar (com.google.mlkit:vision-common:17.3.0) with ExtractAarTransform
Transforming vision-common-17.3.0.aar (com.google.mlkit:vision-common:17.3.0) with AarResourcesCompilerTransform
Transforming common-18.9.0.aar (com.google.mlkit:common:18.9.0) with ExtractAarTransform
Transforming common-18.9.0.aar (com.google.mlkit:common:18.9.0) with AarResourcesCompilerTransform
Transforming common-18.9.0.aar (com.google.mlkit:common:18.9.0) with ExtractAarTransform
Transforming common-18.9.0.aar (com.google.mlkit:common:18.9.0) with AarResourcesCompilerTransform
Transforming common-18.9.0.aar (com.google.mlkit:common:18.9.0) with ExtractAarTransform
Transforming common-18.9.0.aar (com.google.mlkit:common:18.9.0) with AarResourcesCompilerTransform
Transforming common-18.9.0.aar (com.google.mlkit:common:18.9.0) with ExtractAarTransform
Transforming common-18.9.0.aar (com.google.mlkit:common:18.9.0) with AarResourcesCompilerTransform
Transforming common-18.9.0.aar (com.google.mlkit:common:18.9.0) with ExtractAarTransform
Transforming common-18.9.0.aar (com.google.mlkit:common:18.9.0) with AarResourcesCompilerTransform
Transforming common-18.9.0.aar (com.google.mlkit:common:18.9.0) with ExtractAarTransform
Transforming common-18.9.0.aar (com.google.mlkit:common:18.9.0) with AarResourcesCompilerTransform
Transforming common-18.9.0.aar (com.google.mlkit:common:18.9.0) with ExtractAarTransform
Transforming common-18.9.0.aar (com.google.mlkit:common:18.9.0) with AarResourcesCompilerTransform
Transforming play-services-location-19.0.0.aar (com.google.android.gms:play-services-location:19.0.0) with ExtractAarTransform
Transforming play-services-location-19.0.0.aar (com.google.android.gms:play-services-location:19.0.0) with AarResourcesCompilerTransform
Transforming play-services-base-18.1.0.aar (com.google.android.gms:play-services-base:18.1.0) with ExtractAarTransform
Transforming play-services-base-18.1.0.aar (com.google.android.gms:play-services-base:18.1.0) with AarResourcesCompilerTransform
Transforming play-services-base-18.1.0.aar (com.google.android.gms:play-services-base:18.1.0) with ExtractAarTransform
Transforming play-services-base-18.1.0.aar (com.google.android.gms:play-services-base:18.1.0) with AarResourcesCompilerTransform
Transforming play-services-base-18.1.0.aar (com.google.android.gms:play-services-base:18.1.0) with ExtractAarTransform
Transforming play-services-base-18.1.0.aar (com.google.android.gms:play-services-base:18.1.0) with AarResourcesCompilerTransform
Transforming play-services-base-18.1.0.aar (com.google.android.gms:play-services-base:18.1.0) with ExtractAarTransform
Transforming play-services-base-18.1.0.aar (com.google.android.gms:play-services-base:18.1.0) with AarResourcesCompilerTransform
Transforming play-services-base-18.1.0.aar (com.google.android.gms:play-services-base:18.1.0) with ExtractAarTransform
Transforming play-services-base-18.1.0.aar (com.google.android.gms:play-services-base:18.1.0) with AarResourcesCompilerTransform
Transforming play-services-base-18.1.0.aar (com.google.android.gms:play-services-base:18.1.0) with ExtractAarTransform
Transforming play-services-base-18.1.0.aar (com.google.android.gms:play-services-base:18.1.0) with AarResourcesCompilerTransform
Transforming play-services-base-18.1.0.aar (com.google.android.gms:play-services-base:18.1.0) with ExtractAarTransform
Transforming play-services-base-18.1.0.aar (com.google.android.gms:play-services-base:18.1.0) with AarResourcesCompilerTransform
Transforming play-services-base-18.1.0.aar (com.google.android.gms:play-services-base:18.1.0) with ExtractAarTransform
Transforming play-services-base-18.1.0.aar (com.google.android.gms:play-services-base:18.1.0) with AarResourcesCompilerTransform
Transforming play-services-base-18.1.0.aar (com.google.android.gms:play-services-base:18.1.0) with ExtractAarTransform
Transforming play-services-base-18.1.0.aar (com.google.android.gms:play-services-base:18.1.0) with AarResourcesCompilerTransform
Transforming vision-interfaces-16.2.0.aar (com.google.mlkit:vision-interfaces:16.2.0) with ExtractAarTransform
Transforming vision-interfaces-16.2.0.aar (com.google.mlkit:vision-interfaces:16.2.0) with AarResourcesCompilerTransform
Transforming vision-interfaces-16.2.0.aar (com.google.mlkit:vision-interfaces:16.2.0) with ExtractAarTransform
Transforming vision-interfaces-16.2.0.aar (com.google.mlkit:vision-interfaces:16.2.0) with AarResourcesCompilerTransform
Transforming play-services-tasks-18.0.2.aar (com.google.android.gms:play-services-tasks:18.0.2) with ExtractAarTransform
Transforming play-services-tasks-18.0.2.aar (com.google.android.gms:play-services-tasks:18.0.2) with AarResourcesCompilerTransform
Transforming play-services-tasks-18.0.2.aar (com.google.android.gms:play-services-tasks:18.0.2) with ExtractAarTransform
Transforming play-services-tasks-18.0.2.aar (com.google.android.gms:play-services-tasks:18.0.2) with AarResourcesCompilerTransform
Transforming play-services-tasks-18.0.2.aar (com.google.android.gms:play-services-tasks:18.0.2) with ExtractAarTransform
Transforming play-services-tasks-18.0.2.aar (com.google.android.gms:play-services-tasks:18.0.2) with AarResourcesCompilerTransform
Transforming play-services-tasks-18.0.2.aar (com.google.android.gms:play-services-tasks:18.0.2) with ExtractAarTransform
Transforming play-services-tasks-18.0.2.aar (com.google.android.gms:play-services-tasks:18.0.2) with AarResourcesCompilerTransform
Transforming play-services-tasks-18.0.2.aar (com.google.android.gms:play-services-tasks:18.0.2) with ExtractAarTransform
Transforming play-services-tasks-18.0.2.aar (com.google.android.gms:play-services-tasks:18.0.2) with AarResourcesCompilerTransform
Transforming play-services-tasks-18.0.2.aar (com.google.android.gms:play-services-tasks:18.0.2) with ExtractAarTransform
Transforming play-services-tasks-18.0.2.aar (com.google.android.gms:play-services-tasks:18.0.2) with AarResourcesCompilerTransform
Transforming play-services-tasks-18.0.2.aar (com.google.android.gms:play-services-tasks:18.0.2) with ExtractAarTransform
Transforming play-services-tasks-18.0.2.aar (com.google.android.gms:play-services-tasks:18.0.2) with AarResourcesCompilerTransform
Transforming play-services-tasks-18.0.2.aar (com.google.android.gms:play-services-tasks:18.0.2) with ExtractAarTransform
Transforming play-services-tasks-18.0.2.aar (com.google.android.gms:play-services-tasks:18.0.2) with AarResourcesCompilerTransform
Transforming play-services-tasks-18.0.2.aar (com.google.android.gms:play-services-tasks:18.0.2) with ExtractAarTransform
Transforming play-services-tasks-18.0.2.aar (com.google.android.gms:play-services-tasks:18.0.2) with AarResourcesCompilerTransform
Transforming play-services-places-placereport-17.0.0.aar (com.google.android.gms:play-services-places-placereport:17.0.0) with ExtractAarTransform
Transforming play-services-places-placereport-17.0.0.aar (com.google.android.gms:play-services-places-placereport:17.0.0) with AarResourcesCompilerTransform
Transforming play-services-basement-18.1.0.aar (com.google.android.gms:play-services-basement:18.1.0) with ExtractAarTransform
Transforming play-services-basement-18.1.0.aar (com.google.android.gms:play-services-basement:18.1.0) with AarResourcesCompilerTransform
Transforming play-services-basement-18.1.0.aar (com.google.android.gms:play-services-basement:18.1.0) with ExtractAarTransform
Transforming play-services-basement-18.1.0.aar (com.google.android.gms:play-services-basement:18.1.0) with AarResourcesCompilerTransform
Transforming play-services-basement-18.1.0.aar (com.google.android.gms:play-services-basement:18.1.0) with ExtractAarTransform
Transforming play-services-basement-18.1.0.aar (com.google.android.gms:play-services-basement:18.1.0) with AarResourcesCompilerTransform
Transforming play-services-basement-18.1.0.aar (com.google.android.gms:play-services-basement:18.1.0) with ExtractAarTransform
Transforming play-services-basement-18.1.0.aar (com.google.android.gms:play-services-basement:18.1.0) with AarResourcesCompilerTransform
Transforming play-services-basement-18.1.0.aar (com.google.android.gms:play-services-basement:18.1.0) with ExtractAarTransform
Transforming play-services-basement-18.1.0.aar (com.google.android.gms:play-services-basement:18.1.0) with AarResourcesCompilerTransform
Transforming play-services-basement-18.1.0.aar (com.google.android.gms:play-services-basement:18.1.0) with ExtractAarTransform
Transforming play-services-basement-18.1.0.aar (com.google.android.gms:play-services-basement:18.1.0) with AarResourcesCompilerTransform
Transforming play-services-basement-18.1.0.aar (com.google.android.gms:play-services-basement:18.1.0) with ExtractAarTransform
Transforming play-services-basement-18.1.0.aar (com.google.android.gms:play-services-basement:18.1.0) with AarResourcesCompilerTransform
Transforming play-services-basement-18.1.0.aar (com.google.android.gms:play-services-basement:18.1.0) with ExtractAarTransform
Transforming play-services-basement-18.1.0.aar (com.google.android.gms:play-services-basement:18.1.0) with AarResourcesCompilerTransform
Transforming play-services-basement-18.1.0.aar (com.google.android.gms:play-services-basement:18.1.0) with ExtractAarTransform
Transforming play-services-basement-18.1.0.aar (com.google.android.gms:play-services-basement:18.1.0) with AarResourcesCompilerTransform
Transforming play-services-basement-18.1.0.aar (com.google.android.gms:play-services-basement:18.1.0) with ExtractAarTransform
Transforming play-services-basement-18.1.0.aar (com.google.android.gms:play-services-basement:18.1.0) with AarResourcesCompilerTransform
Transforming play-services-basement-18.1.0.aar (com.google.android.gms:play-services-basement:18.1.0) with ExtractAarTransform
Transforming play-services-basement-18.1.0.aar (com.google.android.gms:play-services-basement:18.1.0) with AarResourcesCompilerTransform
Transforming play-services-basement-18.1.0.aar (com.google.android.gms:play-services-basement:18.1.0) with ExtractAarTransform
Transforming play-services-basement-18.1.0.aar (com.google.android.gms:play-services-basement:18.1.0) with AarResourcesCompilerTransform
Transforming play-services-basement-18.1.0.aar (com.google.android.gms:play-services-basement:18.1.0) with ExtractAarTransform
Transforming play-services-basement-18.1.0.aar (com.google.android.gms:play-services-basement:18.1.0) with AarResourcesCompilerTransform
Transforming play-services-basement-18.1.0.aar (com.google.android.gms:play-services-basement:18.1.0) with ExtractAarTransform
Transforming play-services-basement-18.1.0.aar (com.google.android.gms:play-services-basement:18.1.0) with AarResourcesCompilerTransform
Transforming play-services-basement-18.1.0.aar (com.google.android.gms:play-services-basement:18.1.0) with ExtractAarTransform
Transforming play-services-basement-18.1.0.aar (com.google.android.gms:play-services-basement:18.1.0) with AarResourcesCompilerTransform
Transforming appcompat-1.1.0.aar (androidx.appcompat:appcompat:1.1.0) with ExtractAarTransform
Transforming appcompat-1.1.0.aar (androidx.appcompat:appcompat:1.1.0) with AarResourcesCompilerTransform
Transforming material3-1.1.2.aar (androidx.compose.material3:material3:1.1.2) with ExtractAarTransform
Transforming material3-1.1.2.aar (androidx.compose.material3:material3:1.1.2) with AarResourcesCompilerTransform
Transforming hilt-navigation-compose-1.1.0.aar (androidx.hilt:hilt-navigation-compose:1.1.0) with ExtractAarTransform
Transforming hilt-navigation-compose-1.1.0.aar (androidx.hilt:hilt-navigation-compose:1.1.0) with AarResourcesCompilerTransform
Transforming hilt-navigation-1.1.0.aar (androidx.hilt:hilt-navigation:1.1.0) with ExtractAarTransform
Transforming hilt-navigation-1.1.0.aar (androidx.hilt:hilt-navigation:1.1.0) with AarResourcesCompilerTransform
Transforming hilt-android-2.50.aar (com.google.dagger:hilt-android:2.50) with ExtractAarTransform
Transforming hilt-android-2.50.aar (com.google.dagger:hilt-android:2.50) with AarResourcesCompilerTransform
Transforming navigation-common-2.7.6.aar (androidx.navigation:navigation-common:2.7.6) with ExtractAarTransform
Transforming navigation-common-2.7.6.aar (androidx.navigation:navigation-common:2.7.6) with AarResourcesCompilerTransform
Transforming navigation-runtime-2.7.6.aar (androidx.navigation:navigation-runtime:2.7.6) with ExtractAarTransform
Transforming navigation-runtime-2.7.6.aar (androidx.navigation:navigation-runtime:2.7.6) with AarResourcesCompilerTransform
Transforming navigation-common-ktx-2.7.6.aar (androidx.navigation:navigation-common-ktx:2.7.6) with ExtractAarTransform
Transforming navigation-common-ktx-2.7.6.aar (androidx.navigation:navigation-common-ktx:2.7.6) with AarResourcesCompilerTransform
Transforming navigation-runtime-ktx-2.7.6.aar (androidx.navigation:navigation-runtime-ktx:2.7.6) with ExtractAarTransform
Transforming navigation-runtime-ktx-2.7.6.aar (androidx.navigation:navigation-runtime-ktx:2.7.6) with AarResourcesCompilerTransform
Transforming navigation-compose-2.7.6.aar (androidx.navigation:navigation-compose:2.7.6) with ExtractAarTransform
Transforming navigation-compose-2.7.6.aar (androidx.navigation:navigation-compose:2.7.6) with AarResourcesCompilerTransform
Transforming material-ripple-release.aar (androidx.compose.material:material-ripple-android:1.6.0) with ExtractAarTransform
Transforming material-ripple-release.aar (androidx.compose.material:material-ripple-android:1.6.0) with AarResourcesCompilerTransform
Transforming material-icons-core-release.aar (androidx.compose.material:material-icons-core-android:1.6.0) with ExtractAarTransform
Transforming material-icons-core-release.aar (androidx.compose.material:material-icons-core-android:1.6.0) with AarResourcesCompilerTransform
Transforming material-icons-extended-release.aar (androidx.compose.material:material-icons-extended-android:1.6.0) with ExtractAarTransform
Transforming material-icons-extended-release.aar (androidx.compose.material:material-icons-extended-android:1.6.0) with AarResourcesCompilerTransform
Transforming material-release.aar (androidx.compose.material:material-android:1.6.0) with ExtractAarTransform
Transforming material-release.aar (androidx.compose.material:material-android:1.6.0) with AarResourcesCompilerTransform
Transforming animation-core-release.aar (androidx.compose.animation:animation-core-android:1.6.0) with ExtractAarTransform
Transforming animation-core-release.aar (androidx.compose.animation:animation-core-android:1.6.0) with AarResourcesCompilerTransform
Transforming animation-release.aar (androidx.compose.animation:animation-android:1.6.0) with ExtractAarTransform
Transforming animation-release.aar (androidx.compose.animation:animation-android:1.6.0) with AarResourcesCompilerTransform
Transforming foundation-layout-release.aar (androidx.compose.foundation:foundation-layout-android:1.6.0) with ExtractAarTransform
Transforming foundation-layout-release.aar (androidx.compose.foundation:foundation-layout-android:1.6.0) with AarResourcesCompilerTransform
Transforming foundation-release.aar (androidx.compose.foundation:foundation-android:1.6.0) with ExtractAarTransform
Transforming foundation-release.aar (androidx.compose.foundation:foundation-android:1.6.0) with AarResourcesCompilerTransform
Transforming ui-tooling-data-release.aar (androidx.compose.ui:ui-tooling-data-android:1.6.0) with ExtractAarTransform
Transforming ui-tooling-data-release.aar (androidx.compose.ui:ui-tooling-data-android:1.6.0) with AarResourcesCompilerTransform
Transforming ui-unit-release.aar (androidx.compose.ui:ui-unit-android:1.6.0) with ExtractAarTransform
Transforming ui-unit-release.aar (androidx.compose.ui:ui-unit-android:1.6.0) with AarResourcesCompilerTransform
Transforming ui-geometry-release.aar (androidx.compose.ui:ui-geometry-android:1.6.0) with ExtractAarTransform
Transforming ui-geometry-release.aar (androidx.compose.ui:ui-geometry-android:1.6.0) with AarResourcesCompilerTransform
Transforming ui-util-release.aar (androidx.compose.ui:ui-util-android:1.6.0) with ExtractAarTransform
Transforming ui-util-release.aar (androidx.compose.ui:ui-util-android:1.6.0) with AarResourcesCompilerTransform
Transforming ui-text-release.aar (androidx.compose.ui:ui-text-android:1.6.0) with ExtractAarTransform
Transforming ui-text-release.aar (androidx.compose.ui:ui-text-android:1.6.0) with AarResourcesCompilerTransform
Transforming ui-tooling-preview-release.aar (androidx.compose.ui:ui-tooling-preview-android:1.6.0) with ExtractAarTransform
Transforming ui-tooling-preview-release.aar (androidx.compose.ui:ui-tooling-preview-android:1.6.0) with AarResourcesCompilerTransform
Transforming ui-tooling-release.aar (androidx.compose.ui:ui-tooling-android:1.6.0) with ExtractAarTransform
Transforming ui-tooling-release.aar (androidx.compose.ui:ui-tooling-android:1.6.0) with AarResourcesCompilerTransform
Transforming ui-graphics-release.aar (androidx.compose.ui:ui-graphics-android:1.6.0) with ExtractAarTransform
Transforming ui-graphics-release.aar (androidx.compose.ui:ui-graphics-android:1.6.0) with AarResourcesCompilerTransform
Transforming ui-test-manifest-1.6.0.aar (androidx.compose.ui:ui-test-manifest:1.6.0) with ExtractAarTransform
Transforming ui-test-manifest-1.6.0.aar (androidx.compose.ui:ui-test-manifest:1.6.0) with AarResourcesCompilerTransform
Transforming fragment-1.5.1.aar (androidx.fragment:fragment:1.5.1) with ExtractAarTransform
Transforming fragment-1.5.1.aar (androidx.fragment:fragment:1.5.1) with AarResourcesCompilerTransform
Transforming fragment-1.5.1.aar (androidx.fragment:fragment:1.5.1) with ExtractAarTransform
Transforming fragment-1.5.1.aar (androidx.fragment:fragment:1.5.1) with AarResourcesCompilerTransform
Transforming fragment-1.5.1.aar (androidx.fragment:fragment:1.5.1) with ExtractAarTransform
Transforming fragment-1.5.1.aar (androidx.fragment:fragment:1.5.1) with AarResourcesCompilerTransform
Transforming fragment-1.5.1.aar (androidx.fragment:fragment:1.5.1) with ExtractAarTransform
Transforming fragment-1.5.1.aar (androidx.fragment:fragment:1.5.1) with AarResourcesCompilerTransform
Transforming activity-1.8.2.aar (androidx.activity:activity:1.8.2) with ExtractAarTransform
Transforming activity-1.8.2.aar (androidx.activity:activity:1.8.2) with AarResourcesCompilerTransform
Transforming activity-1.8.2.aar (androidx.activity:activity:1.8.2) with ExtractAarTransform
Transforming activity-1.8.2.aar (androidx.activity:activity:1.8.2) with AarResourcesCompilerTransform
Transforming activity-ktx-1.8.2.aar (androidx.activity:activity-ktx:1.8.2) with ExtractAarTransform
Transforming activity-ktx-1.8.2.aar (androidx.activity:activity-ktx:1.8.2) with AarResourcesCompilerTransform
Transforming activity-compose-1.8.2.aar (androidx.activity:activity-compose:1.8.2) with ExtractAarTransform
Transforming activity-compose-1.8.2.aar (androidx.activity:activity-compose:1.8.2) with AarResourcesCompilerTransform
Transforming emoji2-1.3.0.aar (androidx.emoji2:emoji2:1.3.0) with ExtractAarTransform
Transforming emoji2-1.3.0.aar (androidx.emoji2:emoji2:1.3.0) with AarResourcesCompilerTransform
Transforming lifecycle-process-2.7.0.aar (androidx.lifecycle:lifecycle-process:2.7.0) with ExtractAarTransform
Transforming lifecycle-process-2.7.0.aar (androidx.lifecycle:lifecycle-process:2.7.0) with AarResourcesCompilerTransform
Transforming lifecycle-livedata-core-ktx-2.7.0.aar (androidx.lifecycle:lifecycle-livedata-core-ktx:2.7.0) with ExtractAarTransform
Transforming lifecycle-livedata-core-ktx-2.7.0.aar (androidx.lifecycle:lifecycle-livedata-core-ktx:2.7.0) with AarResourcesCompilerTransform
Transforming lifecycle-service-2.7.0.aar (androidx.lifecycle:lifecycle-service:2.7.0) with ExtractAarTransform
Transforming lifecycle-service-2.7.0.aar (androidx.lifecycle:lifecycle-service:2.7.0) with AarResourcesCompilerTransform
Transforming lifecycle-livedata-core-2.7.0.aar (androidx.lifecycle:lifecycle-livedata-core:2.7.0) with ExtractAarTransform
Transforming lifecycle-livedata-core-2.7.0.aar (androidx.lifecycle:lifecycle-livedata-core:2.7.0) with AarResourcesCompilerTransform
Transforming loader-1.0.0.aar (androidx.loader:loader:1.0.0) with ExtractAarTransform
Transforming loader-1.0.0.aar (androidx.loader:loader:1.0.0) with AarResourcesCompilerTransform
Transforming lifecycle-livedata-2.7.0.aar (androidx.lifecycle:lifecycle-livedata:2.7.0) with ExtractAarTransform
Transforming lifecycle-livedata-2.7.0.aar (androidx.lifecycle:lifecycle-livedata:2.7.0) with AarResourcesCompilerTransform
Transforming lifecycle-livedata-2.7.0.aar (androidx.lifecycle:lifecycle-livedata:2.7.0) with ExtractAarTransform
Transforming lifecycle-livedata-2.7.0.aar (androidx.lifecycle:lifecycle-livedata:2.7.0) with AarResourcesCompilerTransform
Transforming savedstate-ktx-1.2.1.aar (androidx.savedstate:savedstate-ktx:1.2.1) with ExtractAarTransform
Transforming savedstate-ktx-1.2.1.aar (androidx.savedstate:savedstate-ktx:1.2.1) with AarResourcesCompilerTransform
Transforming savedstate-1.2.1.aar (androidx.savedstate:savedstate:1.2.1) with ExtractAarTransform
Transforming savedstate-1.2.1.aar (androidx.savedstate:savedstate:1.2.1) with AarResourcesCompilerTransform
Transforming lifecycle-viewmodel-2.7.0.aar (androidx.lifecycle:lifecycle-viewmodel:2.7.0) with ExtractAarTransform
Transforming lifecycle-viewmodel-2.7.0.aar (androidx.lifecycle:lifecycle-viewmodel:2.7.0) with AarResourcesCompilerTransform
Transforming lifecycle-viewmodel-2.7.0.aar (androidx.lifecycle:lifecycle-viewmodel:2.7.0) with ExtractAarTransform
Transforming lifecycle-viewmodel-2.7.0.aar (androidx.lifecycle:lifecycle-viewmodel:2.7.0) with AarResourcesCompilerTransform
Transforming lifecycle-viewmodel-savedstate-2.7.0.aar (androidx.lifecycle:lifecycle-viewmodel-savedstate:2.7.0) with ExtractAarTransform
Transforming lifecycle-viewmodel-savedstate-2.7.0.aar (androidx.lifecycle:lifecycle-viewmodel-savedstate:2.7.0) with AarResourcesCompilerTransform
Transforming lifecycle-viewmodel-ktx-2.7.0.aar (androidx.lifecycle:lifecycle-viewmodel-ktx:2.7.0) with ExtractAarTransform
Transforming lifecycle-viewmodel-ktx-2.7.0.aar (androidx.lifecycle:lifecycle-viewmodel-ktx:2.7.0) with AarResourcesCompilerTransform
Transforming lifecycle-runtime-2.7.0.aar (androidx.lifecycle:lifecycle-runtime:2.7.0) with ExtractAarTransform
Transforming lifecycle-runtime-2.7.0.aar (androidx.lifecycle:lifecycle-runtime:2.7.0) with AarResourcesCompilerTransform
Transforming lifecycle-runtime-ktx-2.7.0.aar (androidx.lifecycle:lifecycle-runtime-ktx:2.7.0) with ExtractAarTransform
Transforming lifecycle-runtime-ktx-2.7.0.aar (androidx.lifecycle:lifecycle-runtime-ktx:2.7.0) with AarResourcesCompilerTransform
Transforming lifecycle-viewmodel-compose-2.7.0.aar (androidx.lifecycle:lifecycle-viewmodel-compose:2.7.0) with ExtractAarTransform
Transforming lifecycle-viewmodel-compose-2.7.0.aar (androidx.lifecycle:lifecycle-viewmodel-compose:2.7.0) with AarResourcesCompilerTransform
Transforming ui-release.aar (androidx.compose.ui:ui-android:1.6.0) with ExtractAarTransform
Transforming ui-release.aar (androidx.compose.ui:ui-android:1.6.0) with AarResourcesCompilerTransform
Transforming viewpager-1.0.0.aar (androidx.viewpager:viewpager:1.0.0) with ExtractAarTransform
Transforming viewpager-1.0.0.aar (androidx.viewpager:viewpager:1.0.0) with AarResourcesCompilerTransform
Transforming appcompat-resources-1.1.0.aar (androidx.appcompat:appcompat-resources:1.1.0) with ExtractAarTransform
Transforming appcompat-resources-1.1.0.aar (androidx.appcompat:appcompat-resources:1.1.0) with AarResourcesCompilerTransform
Transforming drawerlayout-1.0.0.aar (androidx.drawerlayout:drawerlayout:1.0.0) with ExtractAarTransform
Transforming drawerlayout-1.0.0.aar (androidx.drawerlayout:drawerlayout:1.0.0) with AarResourcesCompilerTransform
Transforming autofill-1.0.0.aar (androidx.autofill:autofill:1.0.0) with ExtractAarTransform
Transforming autofill-1.0.0.aar (androidx.autofill:autofill:1.0.0) with AarResourcesCompilerTransform
Transforming customview-1.0.0.aar (androidx.customview:customview:1.0.0) with ExtractAarTransform
Transforming customview-1.0.0.aar (androidx.customview:customview:1.0.0) with AarResourcesCompilerTransform
Transforming customview-1.0.0.aar (androidx.customview:customview:1.0.0) with ExtractAarTransform
Transforming customview-1.0.0.aar (androidx.customview:customview:1.0.0) with AarResourcesCompilerTransform
Transforming vectordrawable-animated-1.1.0.aar (androidx.vectordrawable:vectordrawable-animated:1.1.0) with ExtractAarTransform
Transforming vectordrawable-animated-1.1.0.aar (androidx.vectordrawable:vectordrawable-animated:1.1.0) with AarResourcesCompilerTransform
Transforming vectordrawable-1.1.0.aar (androidx.vectordrawable:vectordrawable:1.1.0) with ExtractAarTransform
Transforming vectordrawable-1.1.0.aar (androidx.vectordrawable:vectordrawable:1.1.0) with AarResourcesCompilerTransform
Transforming vectordrawable-1.1.0.aar (androidx.vectordrawable:vectordrawable:1.1.0) with ExtractAarTransform
Transforming vectordrawable-1.1.0.aar (androidx.vectordrawable:vectordrawable:1.1.0) with AarResourcesCompilerTransform
Transforming core-1.12.0.aar (androidx.core:core:1.12.0) with ExtractAarTransform
Transforming core-1.12.0.aar (androidx.core:core:1.12.0) with AarResourcesCompilerTransform
Transforming core-1.12.0.aar (androidx.core:core:1.12.0) with ExtractAarTransform
Transforming core-1.12.0.aar (androidx.core:core:1.12.0) with AarResourcesCompilerTransform
Transforming core-1.12.0.aar (androidx.core:core:1.12.0) with ExtractAarTransform
Transforming core-1.12.0.aar (androidx.core:core:1.12.0) with AarResourcesCompilerTransform
Transforming core-1.12.0.aar (androidx.core:core:1.12.0) with ExtractAarTransform
Transforming core-1.12.0.aar (androidx.core:core:1.12.0) with AarResourcesCompilerTransform
Transforming core-1.12.0.aar (androidx.core:core:1.12.0) with ExtractAarTransform
Transforming core-1.12.0.aar (androidx.core:core:1.12.0) with AarResourcesCompilerTransform
Transforming core-1.12.0.aar (androidx.core:core:1.12.0) with ExtractAarTransform
Transforming core-1.12.0.aar (androidx.core:core:1.12.0) with AarResourcesCompilerTransform
Transforming core-1.12.0.aar (androidx.core:core:1.12.0) with ExtractAarTransform
Transforming core-1.12.0.aar (androidx.core:core:1.12.0) with AarResourcesCompilerTransform
Transforming core-1.12.0.aar (androidx.core:core:1.12.0) with ExtractAarTransform
Transforming core-1.12.0.aar (androidx.core:core:1.12.0) with AarResourcesCompilerTransform
Transforming core-1.12.0.aar (androidx.core:core:1.12.0) with ExtractAarTransform
Transforming core-1.12.0.aar (androidx.core:core:1.12.0) with AarResourcesCompilerTransform
Transforming core-1.12.0.aar (androidx.core:core:1.12.0) with ExtractAarTransform
Transforming core-1.12.0.aar (androidx.core:core:1.12.0) with AarResourcesCompilerTransform
Transforming core-1.12.0.aar (androidx.core:core:1.12.0) with ExtractAarTransform
Transforming core-1.12.0.aar (androidx.core:core:1.12.0) with AarResourcesCompilerTransform
Transforming core-1.12.0.aar (androidx.core:core:1.12.0) with ExtractAarTransform
Transforming core-1.12.0.aar (androidx.core:core:1.12.0) with AarResourcesCompilerTransform
Transforming customview-poolingcontainer-1.0.0.aar (androidx.customview:customview-poolingcontainer:1.0.0) with ExtractAarTransform
Transforming customview-poolingcontainer-1.0.0.aar (androidx.customview:customview-poolingcontainer:1.0.0) with AarResourcesCompilerTransform
Transforming core-ktx-1.12.0.aar (androidx.core:core-ktx:1.12.0) with ExtractAarTransform
Transforming core-ktx-1.12.0.aar (androidx.core:core-ktx:1.12.0) with AarResourcesCompilerTransform
Transforming core-splashscreen-1.0.1.aar (androidx.core:core-splashscreen:1.0.1) with ExtractAarTransform
Transforming core-splashscreen-1.0.1.aar (androidx.core:core-splashscreen:1.0.1) with AarResourcesCompilerTransform
Transforming room-runtime-2.6.1.aar (androidx.room:room-runtime:2.6.1) with ExtractAarTransform
Transforming room-runtime-2.6.1.aar (androidx.room:room-runtime:2.6.1) with AarResourcesCompilerTransform
Transforming room-ktx-2.6.1.aar (androidx.room:room-ktx:2.6.1) with ExtractAarTransform
Transforming room-ktx-2.6.1.aar (androidx.room:room-ktx:2.6.1) with AarResourcesCompilerTransform
Transforming datastore-preferences-1.0.0.aar (androidx.datastore:datastore-preferences:1.0.0) with ExtractAarTransform
Transforming datastore-preferences-1.0.0.aar (androidx.datastore:datastore-preferences:1.0.0) with AarResourcesCompilerTransform
Transforming sqlite-framework-2.4.0.aar (androidx.sqlite:sqlite-framework:2.4.0) with ExtractAarTransform
Transforming sqlite-framework-2.4.0.aar (androidx.sqlite:sqlite-framework:2.4.0) with AarResourcesCompilerTransform
Transforming sqlite-2.4.0.aar (androidx.sqlite:sqlite:2.4.0) with ExtractAarTransform
Transforming sqlite-2.4.0.aar (androidx.sqlite:sqlite:2.4.0) with AarResourcesCompilerTransform
Transforming annotation-experimental-1.3.1.aar (androidx.annotation:annotation-experimental:1.3.1) with ExtractAarTransform
Transforming annotation-experimental-1.3.1.aar (androidx.annotation:annotation-experimental:1.3.1) with AarResourcesCompilerTransform
Transforming datastore-1.0.0.aar (androidx.datastore:datastore:1.0.0) with ExtractAarTransform
Transforming datastore-1.0.0.aar (androidx.datastore:datastore:1.0.0) with AarResourcesCompilerTransform
Transforming runtime-saveable-release.aar (androidx.compose.runtime:runtime-saveable-android:1.6.0) with ExtractAarTransform
Transforming runtime-saveable-release.aar (androidx.compose.runtime:runtime-saveable-android:1.6.0) with AarResourcesCompilerTransform
Transforming runtime-release.aar (androidx.compose.runtime:runtime-android:1.6.0) with ExtractAarTransform
Transforming runtime-release.aar (androidx.compose.runtime:runtime-android:1.6.0) with AarResourcesCompilerTransform
Transforming security-crypto-1.1.0-alpha06.aar (androidx.security:security-crypto:1.1.0-alpha06) with ExtractAarTransform
Transforming security-crypto-1.1.0-alpha06.aar (androidx.security:security-crypto:1.1.0-alpha06) with AarResourcesCompilerTransform
Transforming versionedparcelable-1.1.1.aar (androidx.versionedparcelable:versionedparcelable:1.1.1) with ExtractAarTransform
Transforming versionedparcelable-1.1.1.aar (androidx.versionedparcelable:versionedparcelable:1.1.1) with AarResourcesCompilerTransform
Transforming core-runtime-2.2.0.aar (androidx.arch.core:core-runtime:2.2.0) with ExtractAarTransform
Transforming core-runtime-2.2.0.aar (androidx.arch.core:core-runtime:2.2.0) with AarResourcesCompilerTransform
Transforming exifinterface-1.3.2.aar (androidx.exifinterface:exifinterface:1.3.2) with ExtractAarTransform
Transforming exifinterface-1.3.2.aar (androidx.exifinterface:exifinterface:1.3.2) with AarResourcesCompilerTransform
Transforming exifinterface-1.3.2.aar (androidx.exifinterface:exifinterface:1.3.2) with ExtractAarTransform
Transforming exifinterface-1.3.2.aar (androidx.exifinterface:exifinterface:1.3.2) with AarResourcesCompilerTransform
Transforming interpolator-1.0.0.aar (androidx.interpolator:interpolator:1.0.0) with ExtractAarTransform
Transforming interpolator-1.0.0.aar (androidx.interpolator:interpolator:1.0.0) with AarResourcesCompilerTransform
Transforming interpolator-1.0.0.aar (androidx.interpolator:interpolator:1.0.0) with ExtractAarTransform
Transforming interpolator-1.0.0.aar (androidx.interpolator:interpolator:1.0.0) with AarResourcesCompilerTransform
Transforming profileinstaller-1.3.0.aar (androidx.profileinstaller:profileinstaller:1.3.0) with ExtractAarTransform
Transforming profileinstaller-1.3.0.aar (androidx.profileinstaller:profileinstaller:1.3.0) with AarResourcesCompilerTransform
Transforming transport-backend-cct-3.1.8.aar (com.google.android.datatransport:transport-backend-cct:3.1.8) with ExtractAarTransform
Transforming transport-backend-cct-3.1.8.aar (com.google.android.datatransport:transport-backend-cct:3.1.8) with AarResourcesCompilerTransform
Transforming transport-backend-cct-3.1.8.aar (com.google.android.datatransport:transport-backend-cct:3.1.8) with ExtractAarTransform
Transforming transport-backend-cct-3.1.8.aar (com.google.android.datatransport:transport-backend-cct:3.1.8) with AarResourcesCompilerTransform
Transforming transport-backend-cct-3.1.8.aar (com.google.android.datatransport:transport-backend-cct:3.1.8) with ExtractAarTransform
Transforming transport-backend-cct-3.1.8.aar (com.google.android.datatransport:transport-backend-cct:3.1.8) with AarResourcesCompilerTransform
Transforming transport-backend-cct-3.1.8.aar (com.google.android.datatransport:transport-backend-cct:3.1.8) with ExtractAarTransform
Transforming transport-backend-cct-3.1.8.aar (com.google.android.datatransport:transport-backend-cct:3.1.8) with AarResourcesCompilerTransform
Transforming transport-backend-cct-3.1.8.aar (com.google.android.datatransport:transport-backend-cct:3.1.8) with ExtractAarTransform
Transforming transport-backend-cct-3.1.8.aar (com.google.android.datatransport:transport-backend-cct:3.1.8) with AarResourcesCompilerTransform
Transforming transport-runtime-3.1.8.aar (com.google.android.datatransport:transport-runtime:3.1.8) with ExtractAarTransform
Transforming transport-runtime-3.1.8.aar (com.google.android.datatransport:transport-runtime:3.1.8) with AarResourcesCompilerTransform
Transforming transport-runtime-3.1.8.aar (com.google.android.datatransport:transport-runtime:3.1.8) with ExtractAarTransform
Transforming transport-runtime-3.1.8.aar (com.google.android.datatransport:transport-runtime:3.1.8) with AarResourcesCompilerTransform
Transforming transport-runtime-3.1.8.aar (com.google.android.datatransport:transport-runtime:3.1.8) with ExtractAarTransform
Transforming transport-runtime-3.1.8.aar (com.google.android.datatransport:transport-runtime:3.1.8) with AarResourcesCompilerTransform
Transforming transport-runtime-3.1.8.aar (com.google.android.datatransport:transport-runtime:3.1.8) with ExtractAarTransform
Transforming transport-runtime-3.1.8.aar (com.google.android.datatransport:transport-runtime:3.1.8) with AarResourcesCompilerTransform
Transforming transport-runtime-3.1.8.aar (com.google.android.datatransport:transport-runtime:3.1.8) with ExtractAarTransform
Transforming transport-runtime-3.1.8.aar (com.google.android.datatransport:transport-runtime:3.1.8) with AarResourcesCompilerTransform
Transforming transport-runtime-3.1.8.aar (com.google.android.datatransport:transport-runtime:3.1.8) with ExtractAarTransform
Transforming transport-runtime-3.1.8.aar (com.google.android.datatransport:transport-runtime:3.1.8) with AarResourcesCompilerTransform
Transforming transport-api-3.0.0.aar (com.google.android.datatransport:transport-api:3.0.0) with ExtractAarTransform
Transforming transport-api-3.0.0.aar (com.google.android.datatransport:transport-api:3.0.0) with AarResourcesCompilerTransform
Transforming transport-api-3.0.0.aar (com.google.android.datatransport:transport-api:3.0.0) with ExtractAarTransform
Transforming transport-api-3.0.0.aar (com.google.android.datatransport:transport-api:3.0.0) with AarResourcesCompilerTransform
Transforming transport-api-3.0.0.aar (com.google.android.datatransport:transport-api:3.0.0) with ExtractAarTransform
Transforming transport-api-3.0.0.aar (com.google.android.datatransport:transport-api:3.0.0) with AarResourcesCompilerTransform
Transforming transport-api-3.0.0.aar (com.google.android.datatransport:transport-api:3.0.0) with ExtractAarTransform
Transforming transport-api-3.0.0.aar (com.google.android.datatransport:transport-api:3.0.0) with AarResourcesCompilerTransform
Transforming transport-api-3.0.0.aar (com.google.android.datatransport:transport-api:3.0.0) with ExtractAarTransform
Transforming transport-api-3.0.0.aar (com.google.android.datatransport:transport-api:3.0.0) with AarResourcesCompilerTransform
Transforming transport-api-3.0.0.aar (com.google.android.datatransport:transport-api:3.0.0) with ExtractAarTransform
Transforming transport-api-3.0.0.aar (com.google.android.datatransport:transport-api:3.0.0) with AarResourcesCompilerTransform
Transforming transport-api-3.0.0.aar (com.google.android.datatransport:transport-api:3.0.0) with ExtractAarTransform
Transforming transport-api-3.0.0.aar (com.google.android.datatransport:transport-api:3.0.0) with AarResourcesCompilerTransform
Transforming startup-runtime-1.1.1.aar (androidx.startup:startup-runtime:1.1.1) with ExtractAarTransform
Transforming startup-runtime-1.1.1.aar (androidx.startup:startup-runtime:1.1.1) with AarResourcesCompilerTransform
Transforming cursoradapter-1.0.0.aar (androidx.cursoradapter:cursoradapter:1.0.0) with ExtractAarTransform
Transforming cursoradapter-1.0.0.aar (androidx.cursoradapter:cursoradapter:1.0.0) with AarResourcesCompilerTransform
Transforming firebase-components-16.1.0.aar (com.google.firebase:firebase-components:16.1.0) with ExtractAarTransform
Transforming firebase-components-16.1.0.aar (com.google.firebase:firebase-components:16.1.0) with AarResourcesCompilerTransform
Transforming firebase-components-16.1.0.aar (com.google.firebase:firebase-components:16.1.0) with ExtractAarTransform
Transforming firebase-components-16.1.0.aar (com.google.firebase:firebase-components:16.1.0) with AarResourcesCompilerTransform
Transforming firebase-components-16.1.0.aar (com.google.firebase:firebase-components:16.1.0) with ExtractAarTransform
Transforming firebase-components-16.1.0.aar (com.google.firebase:firebase-components:16.1.0) with AarResourcesCompilerTransform
Transforming firebase-components-16.1.0.aar (com.google.firebase:firebase-components:16.1.0) with ExtractAarTransform
Transforming firebase-components-16.1.0.aar (com.google.firebase:firebase-components:16.1.0) with AarResourcesCompilerTransform
Transforming tracing-1.0.0.aar (androidx.tracing:tracing:1.0.0) with ExtractAarTransform
Transforming tracing-1.0.0.aar (androidx.tracing:tracing:1.0.0) with AarResourcesCompilerTransform
Transforming firebase-encoders-json-18.0.0.aar (com.google.firebase:firebase-encoders-json:18.0.0) with ExtractAarTransform
Transforming firebase-encoders-json-18.0.0.aar (com.google.firebase:firebase-encoders-json:18.0.0) with AarResourcesCompilerTransform
Transforming firebase-encoders-json-18.0.0.aar (com.google.firebase:firebase-encoders-json:18.0.0) with ExtractAarTransform
Transforming firebase-encoders-json-18.0.0.aar (com.google.firebase:firebase-encoders-json:18.0.0) with AarResourcesCompilerTransform
Transforming firebase-encoders-json-18.0.0.aar (com.google.firebase:firebase-encoders-json:18.0.0) with ExtractAarTransform
Transforming firebase-encoders-json-18.0.0.aar (com.google.firebase:firebase-encoders-json:18.0.0) with AarResourcesCompilerTransform
Transforming firebase-encoders-json-18.0.0.aar (com.google.firebase:firebase-encoders-json:18.0.0) with ExtractAarTransform
Transforming firebase-encoders-json-18.0.0.aar (com.google.firebase:firebase-encoders-json:18.0.0) with AarResourcesCompilerTransform
Transforming firebase-encoders-json-18.0.0.aar (com.google.firebase:firebase-encoders-json:18.0.0) with ExtractAarTransform
Transforming firebase-encoders-json-18.0.0.aar (com.google.firebase:firebase-encoders-json:18.0.0) with AarResourcesCompilerTransform
Transforming tensorflow-lite-support-0.4.4.aar (org.tensorflow:tensorflow-lite-support:0.4.4) with ExtractAarTransform
Transforming tensorflow-lite-support-0.4.4.aar (org.tensorflow:tensorflow-lite-support:0.4.4) with AarResourcesCompilerTransform
Transforming tensorflow-lite-2.14.0.aar (org.tensorflow:tensorflow-lite:2.14.0) with ExtractAarTransform
Transforming tensorflow-lite-2.14.0.aar (org.tensorflow:tensorflow-lite:2.14.0) with AarResourcesCompilerTransform
Transforming tensorflow-lite-gpu-2.14.0.aar (org.tensorflow:tensorflow-lite-gpu:2.14.0) with ExtractAarTransform
Transforming tensorflow-lite-gpu-2.14.0.aar (org.tensorflow:tensorflow-lite-gpu:2.14.0) with AarResourcesCompilerTransform
Transforming dagger-lint-aar-2.50.aar (com.google.dagger:dagger-lint-aar:2.50) with ExtractAarTransform
Transforming dagger-lint-aar-2.50.aar (com.google.dagger:dagger-lint-aar:2.50) with AarResourcesCompilerTransform
Transforming tensorflow-lite-support-api-0.4.4.aar (org.tensorflow:tensorflow-lite-support-api:0.4.4) with ExtractAarTransform
Transforming tensorflow-lite-support-api-0.4.4.aar (org.tensorflow:tensorflow-lite-support-api:0.4.4) with AarResourcesCompilerTransform
Transforming tensorflow-lite-api-2.14.0.aar (org.tensorflow:tensorflow-lite-api:2.14.0) with ExtractAarTransform
Transforming tensorflow-lite-api-2.14.0.aar (org.tensorflow:tensorflow-lite-api:2.14.0) with AarResourcesCompilerTransform
Transforming image-1.0.0-beta1.aar (com.google.android.odml:image:1.0.0-beta1) with ExtractAarTransform
Transforming image-1.0.0-beta1.aar (com.google.android.odml:image:1.0.0-beta1) with AarResourcesCompilerTransform
Transforming image-1.0.0-beta1.aar (com.google.android.odml:image:1.0.0-beta1) with ExtractAarTransform
Transforming image-1.0.0-beta1.aar (com.google.android.odml:image:1.0.0-beta1) with AarResourcesCompilerTransform
Transforming image-1.0.0-beta1.aar (com.google.android.odml:image:1.0.0-beta1) with ExtractAarTransform
Transforming image-1.0.0-beta1.aar (com.google.android.odml:image:1.0.0-beta1) with AarResourcesCompilerTransform
Transforming image-1.0.0-beta1.aar (com.google.android.odml:image:1.0.0-beta1) with ExtractAarTransform
Transforming image-1.0.0-beta1.aar (com.google.android.odml:image:1.0.0-beta1) with AarResourcesCompilerTransform
Transforming camera-video-1.3.1.aar (androidx.camera:camera-video:1.3.1) with ExtractAarTransform
Transforming camera-video-1.3.1.aar (androidx.camera:camera-video:1.3.1) with LibrarySymbolTableTransform
Transforming camera-view-1.3.1.aar (androidx.camera:camera-view:1.3.1) with ExtractAarTransform
Transforming camera-view-1.3.1.aar (androidx.camera:camera-view:1.3.1) with LibrarySymbolTableTransform
Transforming camera-lifecycle-1.3.1.aar (androidx.camera:camera-lifecycle:1.3.1) with ExtractAarTransform
Transforming camera-lifecycle-1.3.1.aar (androidx.camera:camera-lifecycle:1.3.1) with LibrarySymbolTableTransform
Transforming camera-camera2-1.3.1.aar (androidx.camera:camera-camera2:1.3.1) with ExtractAarTransform
Transforming camera-camera2-1.3.1.aar (androidx.camera:camera-camera2:1.3.1) with LibrarySymbolTableTransform
Transforming camera-core-1.3.1.aar (androidx.camera:camera-core:1.3.1) with ExtractAarTransform
Transforming camera-core-1.3.1.aar (androidx.camera:camera-core:1.3.1) with LibrarySymbolTableTransform
Transforming work-runtime-ktx-2.9.0.aar (androidx.work:work-runtime-ktx:2.9.0) with ExtractAarTransform
Transforming work-runtime-ktx-2.9.0.aar (androidx.work:work-runtime-ktx:2.9.0) with LibrarySymbolTableTransform
Transforming hilt-work-1.1.0.aar (androidx.hilt:hilt-work:1.1.0) with ExtractAarTransform
Transforming hilt-work-1.1.0.aar (androidx.hilt:hilt-work:1.1.0) with LibrarySymbolTableTransform
Transforming work-runtime-2.9.0.aar (androidx.work:work-runtime:2.9.0) with ExtractAarTransform
Transforming work-runtime-2.9.0.aar (androidx.work:work-runtime:2.9.0) with LibrarySymbolTableTransform
Transforming text-recognition-16.0.0.aar (com.google.mlkit:text-recognition:16.0.0) with ExtractAarTransform
Transforming text-recognition-16.0.0.aar (com.google.mlkit:text-recognition:16.0.0) with LibrarySymbolTableTransform
Transforming billing-ktx-6.1.0.aar (com.android.billingclient:billing-ktx:6.1.0) with ExtractAarTransform
Transforming billing-ktx-6.1.0.aar (com.android.billingclient:billing-ktx:6.1.0) with LibrarySymbolTableTransform
Transforming billing-6.1.0.aar (com.android.billingclient:billing:6.1.0) with ExtractAarTransform
Transforming billing-6.1.0.aar (com.android.billingclient:billing:6.1.0) with LibrarySymbolTableTransform
Transforming play-services-mlkit-text-recognition-19.0.0.aar (com.google.android.gms:play-services-mlkit-text-recognition:19.0.0) with ExtractAarTransform
Transforming play-services-mlkit-text-recognition-19.0.0.aar (com.google.android.gms:play-services-mlkit-text-recognition:19.0.0) with LibrarySymbolTableTransform
Transforming text-recognition-bundled-common-16.0.0.aar (com.google.mlkit:text-recognition-bundled-common:16.0.0) with ExtractAarTransform
Transforming text-recognition-bundled-common-16.0.0.aar (com.google.mlkit:text-recognition-bundled-common:16.0.0) with LibrarySymbolTableTransform
Transforming barcode-scanning-17.2.0.aar (com.google.mlkit:barcode-scanning:17.2.0) with ExtractAarTransform
Transforming barcode-scanning-17.2.0.aar (com.google.mlkit:barcode-scanning:17.2.0) with LibrarySymbolTableTransform
Transforming play-services-mlkit-barcode-scanning-18.3.0.aar (com.google.android.gms:play-services-mlkit-barcode-scanning:18.3.0) with ExtractAarTransform
Transforming play-services-mlkit-barcode-scanning-18.3.0.aar (com.google.android.gms:play-services-mlkit-barcode-scanning:18.3.0) with LibrarySymbolTableTransform
Transforming barcode-scanning-common-17.0.0.aar (com.google.mlkit:barcode-scanning-common:17.0.0) with ExtractAarTransform
Transforming barcode-scanning-common-17.0.0.aar (com.google.mlkit:barcode-scanning-common:17.0.0) with LibrarySymbolTableTransform
Transforming barcode-scanning-common-17.0.0.aar (com.google.mlkit:barcode-scanning-common:17.0.0) with ExtractAarTransform
Transforming barcode-scanning-common-17.0.0.aar (com.google.mlkit:barcode-scanning-common:17.0.0) with LibrarySymbolTableTransform
Transforming play-services-mlkit-text-recognition-common-19.0.0.aar (com.google.android.gms:play-services-mlkit-text-recognition-common:19.0.0) with ExtractAarTransform
Transforming play-services-mlkit-text-recognition-common-19.0.0.aar (com.google.android.gms:play-services-mlkit-text-recognition-common:19.0.0) with LibrarySymbolTableTransform
Transforming vision-common-17.3.0.aar (com.google.mlkit:vision-common:17.3.0) with ExtractAarTransform
Transforming vision-common-17.3.0.aar (com.google.mlkit:vision-common:17.3.0) with LibrarySymbolTableTransform
Transforming vision-common-17.3.0.aar (com.google.mlkit:vision-common:17.3.0) with ExtractAarTransform
Transforming vision-common-17.3.0.aar (com.google.mlkit:vision-common:17.3.0) with LibrarySymbolTableTransform
Transforming vision-common-17.3.0.aar (com.google.mlkit:vision-common:17.3.0) with ExtractAarTransform
Transforming vision-common-17.3.0.aar (com.google.mlkit:vision-common:17.3.0) with LibrarySymbolTableTransform
Transforming vision-common-17.3.0.aar (com.google.mlkit:vision-common:17.3.0) with ExtractAarTransform
Transforming vision-common-17.3.0.aar (com.google.mlkit:vision-common:17.3.0) with LibrarySymbolTableTransform
Transforming vision-common-17.3.0.aar (com.google.mlkit:vision-common:17.3.0) with ExtractAarTransform
Transforming vision-common-17.3.0.aar (com.google.mlkit:vision-common:17.3.0) with LibrarySymbolTableTransform
Transforming common-18.9.0.aar (com.google.mlkit:common:18.9.0) with ExtractAarTransform
Transforming common-18.9.0.aar (com.google.mlkit:common:18.9.0) with LibrarySymbolTableTransform
Transforming common-18.9.0.aar (com.google.mlkit:common:18.9.0) with ExtractAarTransform
Transforming common-18.9.0.aar (com.google.mlkit:common:18.9.0) with LibrarySymbolTableTransform
Transforming common-18.9.0.aar (com.google.mlkit:common:18.9.0) with ExtractAarTransform
Transforming common-18.9.0.aar (com.google.mlkit:common:18.9.0) with LibrarySymbolTableTransform
Transforming common-18.9.0.aar (com.google.mlkit:common:18.9.0) with ExtractAarTransform
Transforming common-18.9.0.aar (com.google.mlkit:common:18.9.0) with LibrarySymbolTableTransform
Transforming common-18.9.0.aar (com.google.mlkit:common:18.9.0) with ExtractAarTransform
Transforming common-18.9.0.aar (com.google.mlkit:common:18.9.0) with LibrarySymbolTableTransform
Transforming common-18.9.0.aar (com.google.mlkit:common:18.9.0) with ExtractAarTransform
Transforming common-18.9.0.aar (com.google.mlkit:common:18.9.0) with LibrarySymbolTableTransform
Transforming common-18.9.0.aar (com.google.mlkit:common:18.9.0) with ExtractAarTransform
Transforming common-18.9.0.aar (com.google.mlkit:common:18.9.0) with LibrarySymbolTableTransform
Transforming play-services-location-19.0.0.aar (com.google.android.gms:play-services-location:19.0.0) with ExtractAarTransform
Transforming play-services-location-19.0.0.aar (com.google.android.gms:play-services-location:19.0.0) with LibrarySymbolTableTransform
Transforming play-services-base-18.1.0.aar (com.google.android.gms:play-services-base:18.1.0) with ExtractAarTransform
Transforming play-services-base-18.1.0.aar (com.google.android.gms:play-services-base:18.1.0) with LibrarySymbolTableTransform
Transforming play-services-base-18.1.0.aar (com.google.android.gms:play-services-base:18.1.0) with ExtractAarTransform
Transforming play-services-base-18.1.0.aar (com.google.android.gms:play-services-base:18.1.0) with LibrarySymbolTableTransform
Transforming play-services-base-18.1.0.aar (com.google.android.gms:play-services-base:18.1.0) with ExtractAarTransform
Transforming play-services-base-18.1.0.aar (com.google.android.gms:play-services-base:18.1.0) with LibrarySymbolTableTransform
Transforming play-services-base-18.1.0.aar (com.google.android.gms:play-services-base:18.1.0) with ExtractAarTransform
Transforming play-services-base-18.1.0.aar (com.google.android.gms:play-services-base:18.1.0) with LibrarySymbolTableTransform
Transforming play-services-base-18.1.0.aar (com.google.android.gms:play-services-base:18.1.0) with ExtractAarTransform
Transforming play-services-base-18.1.0.aar (com.google.android.gms:play-services-base:18.1.0) with LibrarySymbolTableTransform
Transforming play-services-base-18.1.0.aar (com.google.android.gms:play-services-base:18.1.0) with ExtractAarTransform
Transforming play-services-base-18.1.0.aar (com.google.android.gms:play-services-base:18.1.0) with LibrarySymbolTableTransform
Transforming play-services-base-18.1.0.aar (com.google.android.gms:play-services-base:18.1.0) with ExtractAarTransform
Transforming play-services-base-18.1.0.aar (com.google.android.gms:play-services-base:18.1.0) with LibrarySymbolTableTransform
Transforming play-services-base-18.1.0.aar (com.google.android.gms:play-services-base:18.1.0) with ExtractAarTransform
Transforming play-services-base-18.1.0.aar (com.google.android.gms:play-services-base:18.1.0) with LibrarySymbolTableTransform
Transforming play-services-base-18.1.0.aar (com.google.android.gms:play-services-base:18.1.0) with ExtractAarTransform
Transforming play-services-base-18.1.0.aar (com.google.android.gms:play-services-base:18.1.0) with LibrarySymbolTableTransform
Transforming vision-interfaces-16.2.0.aar (com.google.mlkit:vision-interfaces:16.2.0) with ExtractAarTransform
Transforming vision-interfaces-16.2.0.aar (com.google.mlkit:vision-interfaces:16.2.0) with LibrarySymbolTableTransform
Transforming vision-interfaces-16.2.0.aar (com.google.mlkit:vision-interfaces:16.2.0) with ExtractAarTransform
Transforming vision-interfaces-16.2.0.aar (com.google.mlkit:vision-interfaces:16.2.0) with LibrarySymbolTableTransform
Transforming play-services-tasks-18.0.2.aar (com.google.android.gms:play-services-tasks:18.0.2) with ExtractAarTransform
Transforming play-services-tasks-18.0.2.aar (com.google.android.gms:play-services-tasks:18.0.2) with LibrarySymbolTableTransform
Transforming play-services-tasks-18.0.2.aar (com.google.android.gms:play-services-tasks:18.0.2) with ExtractAarTransform
Transforming play-services-tasks-18.0.2.aar (com.google.android.gms:play-services-tasks:18.0.2) with LibrarySymbolTableTransform
Transforming play-services-tasks-18.0.2.aar (com.google.android.gms:play-services-tasks:18.0.2) with ExtractAarTransform
Transforming play-services-tasks-18.0.2.aar (com.google.android.gms:play-services-tasks:18.0.2) with LibrarySymbolTableTransform
Transforming play-services-tasks-18.0.2.aar (com.google.android.gms:play-services-tasks:18.0.2) with ExtractAarTransform
Transforming play-services-tasks-18.0.2.aar (com.google.android.gms:play-services-tasks:18.0.2) with LibrarySymbolTableTransform
Transforming play-services-tasks-18.0.2.aar (com.google.android.gms:play-services-tasks:18.0.2) with ExtractAarTransform
Transforming play-services-tasks-18.0.2.aar (com.google.android.gms:play-services-tasks:18.0.2) with LibrarySymbolTableTransform
Transforming play-services-tasks-18.0.2.aar (com.google.android.gms:play-services-tasks:18.0.2) with ExtractAarTransform
Transforming play-services-tasks-18.0.2.aar (com.google.android.gms:play-services-tasks:18.0.2) with LibrarySymbolTableTransform
Transforming play-services-tasks-18.0.2.aar (com.google.android.gms:play-services-tasks:18.0.2) with ExtractAarTransform
Transforming play-services-tasks-18.0.2.aar (com.google.android.gms:play-services-tasks:18.0.2) with LibrarySymbolTableTransform
Transforming play-services-tasks-18.0.2.aar (com.google.android.gms:play-services-tasks:18.0.2) with ExtractAarTransform
Transforming play-services-tasks-18.0.2.aar (com.google.android.gms:play-services-tasks:18.0.2) with LibrarySymbolTableTransform
Transforming play-services-tasks-18.0.2.aar (com.google.android.gms:play-services-tasks:18.0.2) with ExtractAarTransform
Transforming play-services-tasks-18.0.2.aar (com.google.android.gms:play-services-tasks:18.0.2) with LibrarySymbolTableTransform
Transforming play-services-places-placereport-17.0.0.aar (com.google.android.gms:play-services-places-placereport:17.0.0) with ExtractAarTransform
Transforming play-services-places-placereport-17.0.0.aar (com.google.android.gms:play-services-places-placereport:17.0.0) with LibrarySymbolTableTransform
Transforming play-services-basement-18.1.0.aar (com.google.android.gms:play-services-basement:18.1.0) with ExtractAarTransform
Transforming play-services-basement-18.1.0.aar (com.google.android.gms:play-services-basement:18.1.0) with LibrarySymbolTableTransform
Transforming play-services-basement-18.1.0.aar (com.google.android.gms:play-services-basement:18.1.0) with ExtractAarTransform
Transforming play-services-basement-18.1.0.aar (com.google.android.gms:play-services-basement:18.1.0) with LibrarySymbolTableTransform
Transforming play-services-basement-18.1.0.aar (com.google.android.gms:play-services-basement:18.1.0) with ExtractAarTransform
Transforming play-services-basement-18.1.0.aar (com.google.android.gms:play-services-basement:18.1.0) with LibrarySymbolTableTransform
Transforming play-services-basement-18.1.0.aar (com.google.android.gms:play-services-basement:18.1.0) with ExtractAarTransform
Transforming play-services-basement-18.1.0.aar (com.google.android.gms:play-services-basement:18.1.0) with LibrarySymbolTableTransform
Transforming play-services-basement-18.1.0.aar (com.google.android.gms:play-services-basement:18.1.0) with ExtractAarTransform
Transforming play-services-basement-18.1.0.aar (com.google.android.gms:play-services-basement:18.1.0) with LibrarySymbolTableTransform
Transforming play-services-basement-18.1.0.aar (com.google.android.gms:play-services-basement:18.1.0) with ExtractAarTransform
Transforming play-services-basement-18.1.0.aar (com.google.android.gms:play-services-basement:18.1.0) with LibrarySymbolTableTransform
Transforming play-services-basement-18.1.0.aar (com.google.android.gms:play-services-basement:18.1.0) with ExtractAarTransform
Transforming play-services-basement-18.1.0.aar (com.google.android.gms:play-services-basement:18.1.0) with LibrarySymbolTableTransform
Transforming play-services-basement-18.1.0.aar (com.google.android.gms:play-services-basement:18.1.0) with ExtractAarTransform
Transforming play-services-basement-18.1.0.aar (com.google.android.gms:play-services-basement:18.1.0) with LibrarySymbolTableTransform
Transforming play-services-basement-18.1.0.aar (com.google.android.gms:play-services-basement:18.1.0) with ExtractAarTransform
Transforming play-services-basement-18.1.0.aar (com.google.android.gms:play-services-basement:18.1.0) with LibrarySymbolTableTransform
Transforming play-services-basement-18.1.0.aar (com.google.android.gms:play-services-basement:18.1.0) with ExtractAarTransform
Transforming play-services-basement-18.1.0.aar (com.google.android.gms:play-services-basement:18.1.0) with LibrarySymbolTableTransform
Transforming play-services-basement-18.1.0.aar (com.google.android.gms:play-services-basement:18.1.0) with ExtractAarTransform
Transforming play-services-basement-18.1.0.aar (com.google.android.gms:play-services-basement:18.1.0) with LibrarySymbolTableTransform
Transforming play-services-basement-18.1.0.aar (com.google.android.gms:play-services-basement:18.1.0) with ExtractAarTransform
Transforming play-services-basement-18.1.0.aar (com.google.android.gms:play-services-basement:18.1.0) with LibrarySymbolTableTransform
Transforming play-services-basement-18.1.0.aar (com.google.android.gms:play-services-basement:18.1.0) with ExtractAarTransform
Transforming play-services-basement-18.1.0.aar (com.google.android.gms:play-services-basement:18.1.0) with LibrarySymbolTableTransform
Transforming play-services-basement-18.1.0.aar (com.google.android.gms:play-services-basement:18.1.0) with ExtractAarTransform
Transforming play-services-basement-18.1.0.aar (com.google.android.gms:play-services-basement:18.1.0) with LibrarySymbolTableTransform
Transforming play-services-basement-18.1.0.aar (com.google.android.gms:play-services-basement:18.1.0) with ExtractAarTransform
Transforming play-services-basement-18.1.0.aar (com.google.android.gms:play-services-basement:18.1.0) with LibrarySymbolTableTransform
Transforming appcompat-1.1.0.aar (androidx.appcompat:appcompat:1.1.0) with ExtractAarTransform
Transforming appcompat-1.1.0.aar (androidx.appcompat:appcompat:1.1.0) with LibrarySymbolTableTransform
Transforming material3-1.1.2.aar (androidx.compose.material3:material3:1.1.2) with ExtractAarTransform
Transforming material3-1.1.2.aar (androidx.compose.material3:material3:1.1.2) with LibrarySymbolTableTransform
Transforming hilt-navigation-compose-1.1.0.aar (androidx.hilt:hilt-navigation-compose:1.1.0) with ExtractAarTransform
Transforming hilt-navigation-compose-1.1.0.aar (androidx.hilt:hilt-navigation-compose:1.1.0) with LibrarySymbolTableTransform
Transforming hilt-navigation-1.1.0.aar (androidx.hilt:hilt-navigation:1.1.0) with ExtractAarTransform
Transforming hilt-navigation-1.1.0.aar (androidx.hilt:hilt-navigation:1.1.0) with LibrarySymbolTableTransform
Transforming hilt-android-2.50.aar (com.google.dagger:hilt-android:2.50) with ExtractAarTransform
Transforming hilt-android-2.50.aar (com.google.dagger:hilt-android:2.50) with LibrarySymbolTableTransform
Transforming navigation-common-2.7.6.aar (androidx.navigation:navigation-common:2.7.6) with ExtractAarTransform
Transforming navigation-common-2.7.6.aar (androidx.navigation:navigation-common:2.7.6) with LibrarySymbolTableTransform
Transforming navigation-runtime-2.7.6.aar (androidx.navigation:navigation-runtime:2.7.6) with ExtractAarTransform
Transforming navigation-runtime-2.7.6.aar (androidx.navigation:navigation-runtime:2.7.6) with LibrarySymbolTableTransform
Transforming navigation-common-ktx-2.7.6.aar (androidx.navigation:navigation-common-ktx:2.7.6) with ExtractAarTransform
Transforming navigation-common-ktx-2.7.6.aar (androidx.navigation:navigation-common-ktx:2.7.6) with LibrarySymbolTableTransform
Transforming navigation-runtime-ktx-2.7.6.aar (androidx.navigation:navigation-runtime-ktx:2.7.6) with ExtractAarTransform
Transforming navigation-runtime-ktx-2.7.6.aar (androidx.navigation:navigation-runtime-ktx:2.7.6) with LibrarySymbolTableTransform
Transforming navigation-compose-2.7.6.aar (androidx.navigation:navigation-compose:2.7.6) with ExtractAarTransform
Transforming navigation-compose-2.7.6.aar (androidx.navigation:navigation-compose:2.7.6) with LibrarySymbolTableTransform
Transforming material-ripple-release.aar (androidx.compose.material:material-ripple-android:1.6.0) with ExtractAarTransform
Transforming material-ripple-release.aar (androidx.compose.material:material-ripple-android:1.6.0) with LibrarySymbolTableTransform
Transforming material-icons-core-release.aar (androidx.compose.material:material-icons-core-android:1.6.0) with ExtractAarTransform
Transforming material-icons-core-release.aar (androidx.compose.material:material-icons-core-android:1.6.0) with LibrarySymbolTableTransform
Transforming material-icons-extended-release.aar (androidx.compose.material:material-icons-extended-android:1.6.0) with ExtractAarTransform
Transforming material-icons-extended-release.aar (androidx.compose.material:material-icons-extended-android:1.6.0) with LibrarySymbolTableTransform
Transforming material-release.aar (androidx.compose.material:material-android:1.6.0) with ExtractAarTransform
Transforming material-release.aar (androidx.compose.material:material-android:1.6.0) with LibrarySymbolTableTransform
Transforming animation-core-release.aar (androidx.compose.animation:animation-core-android:1.6.0) with ExtractAarTransform
Transforming animation-core-release.aar (androidx.compose.animation:animation-core-android:1.6.0) with LibrarySymbolTableTransform
Transforming animation-release.aar (androidx.compose.animation:animation-android:1.6.0) with ExtractAarTransform
Transforming animation-release.aar (androidx.compose.animation:animation-android:1.6.0) with LibrarySymbolTableTransform
Transforming foundation-layout-release.aar (androidx.compose.foundation:foundation-layout-android:1.6.0) with ExtractAarTransform
Transforming foundation-layout-release.aar (androidx.compose.foundation:foundation-layout-android:1.6.0) with LibrarySymbolTableTransform
Transforming foundation-release.aar (androidx.compose.foundation:foundation-android:1.6.0) with ExtractAarTransform
Transforming foundation-release.aar (androidx.compose.foundation:foundation-android:1.6.0) with LibrarySymbolTableTransform
Transforming ui-tooling-data-release.aar (androidx.compose.ui:ui-tooling-data-android:1.6.0) with ExtractAarTransform
Transforming ui-tooling-data-release.aar (androidx.compose.ui:ui-tooling-data-android:1.6.0) with LibrarySymbolTableTransform
Transforming ui-unit-release.aar (androidx.compose.ui:ui-unit-android:1.6.0) with ExtractAarTransform
Transforming ui-unit-release.aar (androidx.compose.ui:ui-unit-android:1.6.0) with LibrarySymbolTableTransform
Transforming ui-geometry-release.aar (androidx.compose.ui:ui-geometry-android:1.6.0) with ExtractAarTransform
Transforming ui-geometry-release.aar (androidx.compose.ui:ui-geometry-android:1.6.0) with LibrarySymbolTableTransform
Transforming ui-util-release.aar (androidx.compose.ui:ui-util-android:1.6.0) with ExtractAarTransform
Transforming ui-util-release.aar (androidx.compose.ui:ui-util-android:1.6.0) with LibrarySymbolTableTransform
Transforming ui-text-release.aar (androidx.compose.ui:ui-text-android:1.6.0) with ExtractAarTransform
Transforming ui-text-release.aar (androidx.compose.ui:ui-text-android:1.6.0) with LibrarySymbolTableTransform
Transforming ui-tooling-preview-release.aar (androidx.compose.ui:ui-tooling-preview-android:1.6.0) with ExtractAarTransform
Transforming ui-tooling-preview-release.aar (androidx.compose.ui:ui-tooling-preview-android:1.6.0) with LibrarySymbolTableTransform
Transforming ui-tooling-release.aar (androidx.compose.ui:ui-tooling-android:1.6.0) with ExtractAarTransform
Transforming ui-tooling-release.aar (androidx.compose.ui:ui-tooling-android:1.6.0) with LibrarySymbolTableTransform
Transforming ui-graphics-release.aar (androidx.compose.ui:ui-graphics-android:1.6.0) with ExtractAarTransform
Transforming ui-graphics-release.aar (androidx.compose.ui:ui-graphics-android:1.6.0) with LibrarySymbolTableTransform
Transforming ui-test-manifest-1.6.0.aar (androidx.compose.ui:ui-test-manifest:1.6.0) with ExtractAarTransform
Transforming ui-test-manifest-1.6.0.aar (androidx.compose.ui:ui-test-manifest:1.6.0) with LibrarySymbolTableTransform
Transforming fragment-1.5.1.aar (androidx.fragment:fragment:1.5.1) with ExtractAarTransform
Transforming fragment-1.5.1.aar (androidx.fragment:fragment:1.5.1) with LibrarySymbolTableTransform
Transforming fragment-1.5.1.aar (androidx.fragment:fragment:1.5.1) with ExtractAarTransform
Transforming fragment-1.5.1.aar (androidx.fragment:fragment:1.5.1) with LibrarySymbolTableTransform
Transforming fragment-1.5.1.aar (androidx.fragment:fragment:1.5.1) with ExtractAarTransform
Transforming fragment-1.5.1.aar (androidx.fragment:fragment:1.5.1) with LibrarySymbolTableTransform
Transforming fragment-1.5.1.aar (androidx.fragment:fragment:1.5.1) with ExtractAarTransform
Transforming fragment-1.5.1.aar (androidx.fragment:fragment:1.5.1) with LibrarySymbolTableTransform
Transforming activity-1.8.2.aar (androidx.activity:activity:1.8.2) with ExtractAarTransform
Transforming activity-1.8.2.aar (androidx.activity:activity:1.8.2) with LibrarySymbolTableTransform
Transforming activity-1.8.2.aar (androidx.activity:activity:1.8.2) with ExtractAarTransform
Transforming activity-1.8.2.aar (androidx.activity:activity:1.8.2) with LibrarySymbolTableTransform
Transforming activity-ktx-1.8.2.aar (androidx.activity:activity-ktx:1.8.2) with ExtractAarTransform
Transforming activity-ktx-1.8.2.aar (androidx.activity:activity-ktx:1.8.2) with LibrarySymbolTableTransform
Transforming activity-compose-1.8.2.aar (androidx.activity:activity-compose:1.8.2) with ExtractAarTransform
Transforming activity-compose-1.8.2.aar (androidx.activity:activity-compose:1.8.2) with LibrarySymbolTableTransform
Transforming emoji2-1.3.0.aar (androidx.emoji2:emoji2:1.3.0) with ExtractAarTransform
Transforming emoji2-1.3.0.aar (androidx.emoji2:emoji2:1.3.0) with LibrarySymbolTableTransform
Transforming lifecycle-process-2.7.0.aar (androidx.lifecycle:lifecycle-process:2.7.0) with ExtractAarTransform
Transforming lifecycle-process-2.7.0.aar (androidx.lifecycle:lifecycle-process:2.7.0) with LibrarySymbolTableTransform
Transforming lifecycle-livedata-core-ktx-2.7.0.aar (androidx.lifecycle:lifecycle-livedata-core-ktx:2.7.0) with ExtractAarTransform
Transforming lifecycle-livedata-core-ktx-2.7.0.aar (androidx.lifecycle:lifecycle-livedata-core-ktx:2.7.0) with LibrarySymbolTableTransform
Transforming lifecycle-service-2.7.0.aar (androidx.lifecycle:lifecycle-service:2.7.0) with ExtractAarTransform
Transforming lifecycle-service-2.7.0.aar (androidx.lifecycle:lifecycle-service:2.7.0) with LibrarySymbolTableTransform
Transforming lifecycle-livedata-core-2.7.0.aar (androidx.lifecycle:lifecycle-livedata-core:2.7.0) with ExtractAarTransform
Transforming lifecycle-livedata-core-2.7.0.aar (androidx.lifecycle:lifecycle-livedata-core:2.7.0) with LibrarySymbolTableTransform
Transforming loader-1.0.0.aar (androidx.loader:loader:1.0.0) with ExtractAarTransform
Transforming loader-1.0.0.aar (androidx.loader:loader:1.0.0) with LibrarySymbolTableTransform
Transforming lifecycle-livedata-2.7.0.aar (androidx.lifecycle:lifecycle-livedata:2.7.0) with ExtractAarTransform
Transforming lifecycle-livedata-2.7.0.aar (androidx.lifecycle:lifecycle-livedata:2.7.0) with LibrarySymbolTableTransform
Transforming lifecycle-livedata-2.7.0.aar (androidx.lifecycle:lifecycle-livedata:2.7.0) with ExtractAarTransform
Transforming lifecycle-livedata-2.7.0.aar (androidx.lifecycle:lifecycle-livedata:2.7.0) with LibrarySymbolTableTransform
Transforming savedstate-ktx-1.2.1.aar (androidx.savedstate:savedstate-ktx:1.2.1) with ExtractAarTransform
Transforming savedstate-ktx-1.2.1.aar (androidx.savedstate:savedstate-ktx:1.2.1) with LibrarySymbolTableTransform
Transforming savedstate-1.2.1.aar (androidx.savedstate:savedstate:1.2.1) with ExtractAarTransform
Transforming savedstate-1.2.1.aar (androidx.savedstate:savedstate:1.2.1) with LibrarySymbolTableTransform
Transforming lifecycle-viewmodel-2.7.0.aar (androidx.lifecycle:lifecycle-viewmodel:2.7.0) with ExtractAarTransform
Transforming lifecycle-viewmodel-2.7.0.aar (androidx.lifecycle:lifecycle-viewmodel:2.7.0) with LibrarySymbolTableTransform
Transforming lifecycle-viewmodel-2.7.0.aar (androidx.lifecycle:lifecycle-viewmodel:2.7.0) with ExtractAarTransform
Transforming lifecycle-viewmodel-2.7.0.aar (androidx.lifecycle:lifecycle-viewmodel:2.7.0) with LibrarySymbolTableTransform
Transforming lifecycle-viewmodel-savedstate-2.7.0.aar (androidx.lifecycle:lifecycle-viewmodel-savedstate:2.7.0) with ExtractAarTransform
Transforming lifecycle-viewmodel-savedstate-2.7.0.aar (androidx.lifecycle:lifecycle-viewmodel-savedstate:2.7.0) with LibrarySymbolTableTransform
Transforming lifecycle-viewmodel-ktx-2.7.0.aar (androidx.lifecycle:lifecycle-viewmodel-ktx:2.7.0) with ExtractAarTransform
Transforming lifecycle-viewmodel-ktx-2.7.0.aar (androidx.lifecycle:lifecycle-viewmodel-ktx:2.7.0) with LibrarySymbolTableTransform
Transforming lifecycle-runtime-2.7.0.aar (androidx.lifecycle:lifecycle-runtime:2.7.0) with ExtractAarTransform
Transforming lifecycle-runtime-2.7.0.aar (androidx.lifecycle:lifecycle-runtime:2.7.0) with LibrarySymbolTableTransform
Transforming lifecycle-runtime-ktx-2.7.0.aar (androidx.lifecycle:lifecycle-runtime-ktx:2.7.0) with ExtractAarTransform
Transforming lifecycle-runtime-ktx-2.7.0.aar (androidx.lifecycle:lifecycle-runtime-ktx:2.7.0) with LibrarySymbolTableTransform
Transforming lifecycle-viewmodel-compose-2.7.0.aar (androidx.lifecycle:lifecycle-viewmodel-compose:2.7.0) with ExtractAarTransform
Transforming lifecycle-viewmodel-compose-2.7.0.aar (androidx.lifecycle:lifecycle-viewmodel-compose:2.7.0) with LibrarySymbolTableTransform
Transforming ui-release.aar (androidx.compose.ui:ui-android:1.6.0) with ExtractAarTransform
Transforming ui-release.aar (androidx.compose.ui:ui-android:1.6.0) with LibrarySymbolTableTransform
Transforming viewpager-1.0.0.aar (androidx.viewpager:viewpager:1.0.0) with ExtractAarTransform
Transforming viewpager-1.0.0.aar (androidx.viewpager:viewpager:1.0.0) with LibrarySymbolTableTransform
Transforming appcompat-resources-1.1.0.aar (androidx.appcompat:appcompat-resources:1.1.0) with ExtractAarTransform
Transforming appcompat-resources-1.1.0.aar (androidx.appcompat:appcompat-resources:1.1.0) with LibrarySymbolTableTransform
Transforming drawerlayout-1.0.0.aar (androidx.drawerlayout:drawerlayout:1.0.0) with ExtractAarTransform
Transforming drawerlayout-1.0.0.aar (androidx.drawerlayout:drawerlayout:1.0.0) with LibrarySymbolTableTransform
Transforming autofill-1.0.0.aar (androidx.autofill:autofill:1.0.0) with ExtractAarTransform
Transforming autofill-1.0.0.aar (androidx.autofill:autofill:1.0.0) with LibrarySymbolTableTransform
Transforming customview-1.0.0.aar (androidx.customview:customview:1.0.0) with ExtractAarTransform
Transforming customview-1.0.0.aar (androidx.customview:customview:1.0.0) with LibrarySymbolTableTransform
Transforming customview-1.0.0.aar (androidx.customview:customview:1.0.0) with ExtractAarTransform
Transforming customview-1.0.0.aar (androidx.customview:customview:1.0.0) with LibrarySymbolTableTransform
Transforming vectordrawable-animated-1.1.0.aar (androidx.vectordrawable:vectordrawable-animated:1.1.0) with ExtractAarTransform
Transforming vectordrawable-animated-1.1.0.aar (androidx.vectordrawable:vectordrawable-animated:1.1.0) with LibrarySymbolTableTransform
Transforming vectordrawable-1.1.0.aar (androidx.vectordrawable:vectordrawable:1.1.0) with ExtractAarTransform
Transforming vectordrawable-1.1.0.aar (androidx.vectordrawable:vectordrawable:1.1.0) with LibrarySymbolTableTransform
Transforming vectordrawable-1.1.0.aar (androidx.vectordrawable:vectordrawable:1.1.0) with ExtractAarTransform
Transforming vectordrawable-1.1.0.aar (androidx.vectordrawable:vectordrawable:1.1.0) with LibrarySymbolTableTransform
Transforming core-1.12.0.aar (androidx.core:core:1.12.0) with ExtractAarTransform
Transforming core-1.12.0.aar (androidx.core:core:1.12.0) with LibrarySymbolTableTransform
Transforming core-1.12.0.aar (androidx.core:core:1.12.0) with ExtractAarTransform
Transforming core-1.12.0.aar (androidx.core:core:1.12.0) with LibrarySymbolTableTransform
Transforming core-1.12.0.aar (androidx.core:core:1.12.0) with ExtractAarTransform
Transforming core-1.12.0.aar (androidx.core:core:1.12.0) with LibrarySymbolTableTransform
Transforming core-1.12.0.aar (androidx.core:core:1.12.0) with ExtractAarTransform
Transforming core-1.12.0.aar (androidx.core:core:1.12.0) with LibrarySymbolTableTransform
Transforming core-1.12.0.aar (androidx.core:core:1.12.0) with ExtractAarTransform
Transforming core-1.12.0.aar (androidx.core:core:1.12.0) with LibrarySymbolTableTransform
Transforming core-1.12.0.aar (androidx.core:core:1.12.0) with ExtractAarTransform
Transforming core-1.12.0.aar (androidx.core:core:1.12.0) with LibrarySymbolTableTransform
Transforming core-1.12.0.aar (androidx.core:core:1.12.0) with ExtractAarTransform
Transforming core-1.12.0.aar (androidx.core:core:1.12.0) with LibrarySymbolTableTransform
Transforming core-1.12.0.aar (androidx.core:core:1.12.0) with ExtractAarTransform
Transforming core-1.12.0.aar (androidx.core:core:1.12.0) with LibrarySymbolTableTransform
Transforming core-1.12.0.aar (androidx.core:core:1.12.0) with ExtractAarTransform
Transforming core-1.12.0.aar (androidx.core:core:1.12.0) with LibrarySymbolTableTransform
Transforming core-1.12.0.aar (androidx.core:core:1.12.0) with ExtractAarTransform
Transforming core-1.12.0.aar (androidx.core:core:1.12.0) with LibrarySymbolTableTransform
Transforming core-1.12.0.aar (androidx.core:core:1.12.0) with ExtractAarTransform
Transforming core-1.12.0.aar (androidx.core:core:1.12.0) with LibrarySymbolTableTransform
Transforming core-1.12.0.aar (androidx.core:core:1.12.0) with ExtractAarTransform
Transforming core-1.12.0.aar (androidx.core:core:1.12.0) with LibrarySymbolTableTransform
Transforming customview-poolingcontainer-1.0.0.aar (androidx.customview:customview-poolingcontainer:1.0.0) with ExtractAarTransform
Transforming customview-poolingcontainer-1.0.0.aar (androidx.customview:customview-poolingcontainer:1.0.0) with LibrarySymbolTableTransform
Transforming core-ktx-1.12.0.aar (androidx.core:core-ktx:1.12.0) with ExtractAarTransform
Transforming core-ktx-1.12.0.aar (androidx.core:core-ktx:1.12.0) with LibrarySymbolTableTransform
Transforming core-splashscreen-1.0.1.aar (androidx.core:core-splashscreen:1.0.1) with ExtractAarTransform
Transforming core-splashscreen-1.0.1.aar (androidx.core:core-splashscreen:1.0.1) with LibrarySymbolTableTransform
Transforming room-runtime-2.6.1.aar (androidx.room:room-runtime:2.6.1) with ExtractAarTransform
Transforming room-runtime-2.6.1.aar (androidx.room:room-runtime:2.6.1) with LibrarySymbolTableTransform
Transforming room-ktx-2.6.1.aar (androidx.room:room-ktx:2.6.1) with ExtractAarTransform
Transforming room-ktx-2.6.1.aar (androidx.room:room-ktx:2.6.1) with LibrarySymbolTableTransform
Transforming datastore-preferences-1.0.0.aar (androidx.datastore:datastore-preferences:1.0.0) with ExtractAarTransform
Transforming datastore-preferences-1.0.0.aar (androidx.datastore:datastore-preferences:1.0.0) with LibrarySymbolTableTransform
Transforming sqlite-framework-2.4.0.aar (androidx.sqlite:sqlite-framework:2.4.0) with ExtractAarTransform
Transforming sqlite-framework-2.4.0.aar (androidx.sqlite:sqlite-framework:2.4.0) with LibrarySymbolTableTransform
Transforming sqlite-2.4.0.aar (androidx.sqlite:sqlite:2.4.0) with ExtractAarTransform
Transforming sqlite-2.4.0.aar (androidx.sqlite:sqlite:2.4.0) with LibrarySymbolTableTransform
Transforming annotation-experimental-1.3.1.aar (androidx.annotation:annotation-experimental:1.3.1) with ExtractAarTransform
Transforming annotation-experimental-1.3.1.aar (androidx.annotation:annotation-experimental:1.3.1) with LibrarySymbolTableTransform
Transforming datastore-1.0.0.aar (androidx.datastore:datastore:1.0.0) with ExtractAarTransform
Transforming datastore-1.0.0.aar (androidx.datastore:datastore:1.0.0) with LibrarySymbolTableTransform
Transforming runtime-saveable-release.aar (androidx.compose.runtime:runtime-saveable-android:1.6.0) with ExtractAarTransform
Transforming runtime-saveable-release.aar (androidx.compose.runtime:runtime-saveable-android:1.6.0) with LibrarySymbolTableTransform
Transforming runtime-release.aar (androidx.compose.runtime:runtime-android:1.6.0) with ExtractAarTransform
Transforming runtime-release.aar (androidx.compose.runtime:runtime-android:1.6.0) with LibrarySymbolTableTransform
Transforming security-crypto-1.1.0-alpha06.aar (androidx.security:security-crypto:1.1.0-alpha06) with ExtractAarTransform
Transforming security-crypto-1.1.0-alpha06.aar (androidx.security:security-crypto:1.1.0-alpha06) with LibrarySymbolTableTransform
Transforming versionedparcelable-1.1.1.aar (androidx.versionedparcelable:versionedparcelable:1.1.1) with ExtractAarTransform
Transforming versionedparcelable-1.1.1.aar (androidx.versionedparcelable:versionedparcelable:1.1.1) with LibrarySymbolTableTransform
Transforming core-runtime-2.2.0.aar (androidx.arch.core:core-runtime:2.2.0) with ExtractAarTransform
Transforming core-runtime-2.2.0.aar (androidx.arch.core:core-runtime:2.2.0) with LibrarySymbolTableTransform
Transforming exifinterface-1.3.2.aar (androidx.exifinterface:exifinterface:1.3.2) with ExtractAarTransform
Transforming exifinterface-1.3.2.aar (androidx.exifinterface:exifinterface:1.3.2) with LibrarySymbolTableTransform
Transforming exifinterface-1.3.2.aar (androidx.exifinterface:exifinterface:1.3.2) with ExtractAarTransform
Transforming exifinterface-1.3.2.aar (androidx.exifinterface:exifinterface:1.3.2) with LibrarySymbolTableTransform
Transforming interpolator-1.0.0.aar (androidx.interpolator:interpolator:1.0.0) with ExtractAarTransform
Transforming interpolator-1.0.0.aar (androidx.interpolator:interpolator:1.0.0) with LibrarySymbolTableTransform
Transforming interpolator-1.0.0.aar (androidx.interpolator:interpolator:1.0.0) with ExtractAarTransform
Transforming interpolator-1.0.0.aar (androidx.interpolator:interpolator:1.0.0) with LibrarySymbolTableTransform
Transforming profileinstaller-1.3.0.aar (androidx.profileinstaller:profileinstaller:1.3.0) with ExtractAarTransform
Transforming profileinstaller-1.3.0.aar (androidx.profileinstaller:profileinstaller:1.3.0) with LibrarySymbolTableTransform
Transforming transport-backend-cct-3.1.8.aar (com.google.android.datatransport:transport-backend-cct:3.1.8) with ExtractAarTransform
Transforming transport-backend-cct-3.1.8.aar (com.google.android.datatransport:transport-backend-cct:3.1.8) with LibrarySymbolTableTransform
Transforming transport-backend-cct-3.1.8.aar (com.google.android.datatransport:transport-backend-cct:3.1.8) with ExtractAarTransform
Transforming transport-backend-cct-3.1.8.aar (com.google.android.datatransport:transport-backend-cct:3.1.8) with LibrarySymbolTableTransform
Transforming transport-backend-cct-3.1.8.aar (com.google.android.datatransport:transport-backend-cct:3.1.8) with ExtractAarTransform
Transforming transport-backend-cct-3.1.8.aar (com.google.android.datatransport:transport-backend-cct:3.1.8) with LibrarySymbolTableTransform
Transforming transport-backend-cct-3.1.8.aar (com.google.android.datatransport:transport-backend-cct:3.1.8) with ExtractAarTransform
Transforming transport-backend-cct-3.1.8.aar (com.google.android.datatransport:transport-backend-cct:3.1.8) with LibrarySymbolTableTransform
Transforming transport-backend-cct-3.1.8.aar (com.google.android.datatransport:transport-backend-cct:3.1.8) with ExtractAarTransform
Transforming transport-backend-cct-3.1.8.aar (com.google.android.datatransport:transport-backend-cct:3.1.8) with LibrarySymbolTableTransform
Transforming transport-runtime-3.1.8.aar (com.google.android.datatransport:transport-runtime:3.1.8) with ExtractAarTransform
Transforming transport-runtime-3.1.8.aar (com.google.android.datatransport:transport-runtime:3.1.8) with LibrarySymbolTableTransform
Transforming transport-runtime-3.1.8.aar (com.google.android.datatransport:transport-runtime:3.1.8) with ExtractAarTransform
Transforming transport-runtime-3.1.8.aar (com.google.android.datatransport:transport-runtime:3.1.8) with LibrarySymbolTableTransform
Transforming transport-runtime-3.1.8.aar (com.google.android.datatransport:transport-runtime:3.1.8) with ExtractAarTransform
Transforming transport-runtime-3.1.8.aar (com.google.android.datatransport:transport-runtime:3.1.8) with LibrarySymbolTableTransform
Transforming transport-runtime-3.1.8.aar (com.google.android.datatransport:transport-runtime:3.1.8) with ExtractAarTransform
Transforming transport-runtime-3.1.8.aar (com.google.android.datatransport:transport-runtime:3.1.8) with LibrarySymbolTableTransform
Transforming transport-runtime-3.1.8.aar (com.google.android.datatransport:transport-runtime:3.1.8) with ExtractAarTransform
Transforming transport-runtime-3.1.8.aar (com.google.android.datatransport:transport-runtime:3.1.8) with LibrarySymbolTableTransform
Transforming transport-runtime-3.1.8.aar (com.google.android.datatransport:transport-runtime:3.1.8) with ExtractAarTransform
Transforming transport-runtime-3.1.8.aar (com.google.android.datatransport:transport-runtime:3.1.8) with LibrarySymbolTableTransform
Transforming transport-api-3.0.0.aar (com.google.android.datatransport:transport-api:3.0.0) with ExtractAarTransform
Transforming transport-api-3.0.0.aar (com.google.android.datatransport:transport-api:3.0.0) with LibrarySymbolTableTransform
Transforming transport-api-3.0.0.aar (com.google.android.datatransport:transport-api:3.0.0) with ExtractAarTransform
Transforming transport-api-3.0.0.aar (com.google.android.datatransport:transport-api:3.0.0) with LibrarySymbolTableTransform
Transforming transport-api-3.0.0.aar (com.google.android.datatransport:transport-api:3.0.0) with ExtractAarTransform
Transforming transport-api-3.0.0.aar (com.google.android.datatransport:transport-api:3.0.0) with LibrarySymbolTableTransform
Transforming transport-api-3.0.0.aar (com.google.android.datatransport:transport-api:3.0.0) with ExtractAarTransform
Transforming transport-api-3.0.0.aar (com.google.android.datatransport:transport-api:3.0.0) with LibrarySymbolTableTransform
Transforming transport-api-3.0.0.aar (com.google.android.datatransport:transport-api:3.0.0) with ExtractAarTransform
Transforming transport-api-3.0.0.aar (com.google.android.datatransport:transport-api:3.0.0) with LibrarySymbolTableTransform
Transforming transport-api-3.0.0.aar (com.google.android.datatransport:transport-api:3.0.0) with ExtractAarTransform
Transforming transport-api-3.0.0.aar (com.google.android.datatransport:transport-api:3.0.0) with LibrarySymbolTableTransform
Transforming transport-api-3.0.0.aar (com.google.android.datatransport:transport-api:3.0.0) with ExtractAarTransform
Transforming transport-api-3.0.0.aar (com.google.android.datatransport:transport-api:3.0.0) with LibrarySymbolTableTransform
Transforming startup-runtime-1.1.1.aar (androidx.startup:startup-runtime:1.1.1) with ExtractAarTransform
Transforming startup-runtime-1.1.1.aar (androidx.startup:startup-runtime:1.1.1) with LibrarySymbolTableTransform
Transforming cursoradapter-1.0.0.aar (androidx.cursoradapter:cursoradapter:1.0.0) with ExtractAarTransform
Transforming cursoradapter-1.0.0.aar (androidx.cursoradapter:cursoradapter:1.0.0) with LibrarySymbolTableTransform
Transforming firebase-components-16.1.0.aar (com.google.firebase:firebase-components:16.1.0) with ExtractAarTransform
Transforming firebase-components-16.1.0.aar (com.google.firebase:firebase-components:16.1.0) with LibrarySymbolTableTransform
Transforming firebase-components-16.1.0.aar (com.google.firebase:firebase-components:16.1.0) with ExtractAarTransform
Transforming firebase-components-16.1.0.aar (com.google.firebase:firebase-components:16.1.0) with LibrarySymbolTableTransform
Transforming firebase-components-16.1.0.aar (com.google.firebase:firebase-components:16.1.0) with ExtractAarTransform
Transforming firebase-components-16.1.0.aar (com.google.firebase:firebase-components:16.1.0) with LibrarySymbolTableTransform
Transforming firebase-components-16.1.0.aar (com.google.firebase:firebase-components:16.1.0) with ExtractAarTransform
Transforming firebase-components-16.1.0.aar (com.google.firebase:firebase-components:16.1.0) with LibrarySymbolTableTransform
Transforming tracing-1.0.0.aar (androidx.tracing:tracing:1.0.0) with ExtractAarTransform
Transforming tracing-1.0.0.aar (androidx.tracing:tracing:1.0.0) with LibrarySymbolTableTransform
Transforming firebase-encoders-json-18.0.0.aar (com.google.firebase:firebase-encoders-json:18.0.0) with ExtractAarTransform
Transforming firebase-encoders-json-18.0.0.aar (com.google.firebase:firebase-encoders-json:18.0.0) with LibrarySymbolTableTransform
Transforming firebase-encoders-json-18.0.0.aar (com.google.firebase:firebase-encoders-json:18.0.0) with ExtractAarTransform
Transforming firebase-encoders-json-18.0.0.aar (com.google.firebase:firebase-encoders-json:18.0.0) with LibrarySymbolTableTransform
Transforming firebase-encoders-json-18.0.0.aar (com.google.firebase:firebase-encoders-json:18.0.0) with ExtractAarTransform
Transforming firebase-encoders-json-18.0.0.aar (com.google.firebase:firebase-encoders-json:18.0.0) with LibrarySymbolTableTransform
Transforming firebase-encoders-json-18.0.0.aar (com.google.firebase:firebase-encoders-json:18.0.0) with ExtractAarTransform
Transforming firebase-encoders-json-18.0.0.aar (com.google.firebase:firebase-encoders-json:18.0.0) with LibrarySymbolTableTransform
Transforming firebase-encoders-json-18.0.0.aar (com.google.firebase:firebase-encoders-json:18.0.0) with ExtractAarTransform
Transforming firebase-encoders-json-18.0.0.aar (com.google.firebase:firebase-encoders-json:18.0.0) with LibrarySymbolTableTransform
Transforming tensorflow-lite-support-0.4.4.aar (org.tensorflow:tensorflow-lite-support:0.4.4) with ExtractAarTransform
Transforming tensorflow-lite-support-0.4.4.aar (org.tensorflow:tensorflow-lite-support:0.4.4) with LibrarySymbolTableTransform
Transforming tensorflow-lite-2.14.0.aar (org.tensorflow:tensorflow-lite:2.14.0) with ExtractAarTransform
Transforming tensorflow-lite-2.14.0.aar (org.tensorflow:tensorflow-lite:2.14.0) with LibrarySymbolTableTransform
Transforming tensorflow-lite-gpu-2.14.0.aar (org.tensorflow:tensorflow-lite-gpu:2.14.0) with ExtractAarTransform
Transforming tensorflow-lite-gpu-2.14.0.aar (org.tensorflow:tensorflow-lite-gpu:2.14.0) with LibrarySymbolTableTransform
Transforming dagger-lint-aar-2.50.aar (com.google.dagger:dagger-lint-aar:2.50) with ExtractAarTransform
Transforming dagger-lint-aar-2.50.aar (com.google.dagger:dagger-lint-aar:2.50) with LibrarySymbolTableTransform
Transforming tensorflow-lite-support-api-0.4.4.aar (org.tensorflow:tensorflow-lite-support-api:0.4.4) with ExtractAarTransform
Transforming tensorflow-lite-support-api-0.4.4.aar (org.tensorflow:tensorflow-lite-support-api:0.4.4) with LibrarySymbolTableTransform
Transforming tensorflow-lite-api-2.14.0.aar (org.tensorflow:tensorflow-lite-api:2.14.0) with ExtractAarTransform
Transforming tensorflow-lite-api-2.14.0.aar (org.tensorflow:tensorflow-lite-api:2.14.0) with LibrarySymbolTableTransform
Transforming image-1.0.0-beta1.aar (com.google.android.odml:image:1.0.0-beta1) with ExtractAarTransform
Transforming image-1.0.0-beta1.aar (com.google.android.odml:image:1.0.0-beta1) with LibrarySymbolTableTransform
Transforming image-1.0.0-beta1.aar (com.google.android.odml:image:1.0.0-beta1) with ExtractAarTransform
Transforming image-1.0.0-beta1.aar (com.google.android.odml:image:1.0.0-beta1) with LibrarySymbolTableTransform
Transforming image-1.0.0-beta1.aar (com.google.android.odml:image:1.0.0-beta1) with ExtractAarTransform
Transforming image-1.0.0-beta1.aar (com.google.android.odml:image:1.0.0-beta1) with LibrarySymbolTableTransform
Transforming image-1.0.0-beta1.aar (com.google.android.odml:image:1.0.0-beta1) with ExtractAarTransform
Transforming image-1.0.0-beta1.aar (com.google.android.odml:image:1.0.0-beta1) with LibrarySymbolTableTransform
Build cache key for task ':app:processDebugResources' is 46dc359783b544d4fe7c8d25ef407d38
Task ':app:processDebugResources' is not up-to-date because:
  Output property 'RClassOutputJar' file C:\Users\Administrator\Desktop\new app - Copy - Copy\nsfw-shield\app\build\intermediates\compile_and_runtime_not_namespaced_r_class_jar\debug\R.jar has been removed.
  Output property 'resPackageOutputFolder' file C:\Users\Administrator\Desktop\new app - Copy - Copy\nsfw-shield\app\build\intermediates\processed_res\debug\out has been removed.
  Output property 'resPackageOutputFolder' file C:\Users\Administrator\Desktop\new app - Copy - Copy\nsfw-shield\app\build\intermediates\processed_res\debug\out\output-metadata.json has been removed.
  and more...
  and more...
Loaded cache entry for task ':app:processDebugResources' with cache key 46dc359783b544d4fe7c8d25ef407d38

> Task :app:processDebugResources FROM-CACHE
Resolve mutations for :app:kspDebugKotlin (Thread[#58,included builds,5,main]) started.
:app:kspDebugKotlin (Thread[#58,included builds,5,main]) started.

> Task :app:kspDebugKotlin FROM-CACHE
file or directory 'C:\Users\Administrator\Desktop\new app - Copy - Copy\nsfw-shield\app\src\debug\kotlin', not found
file or directory 'C:\Users\Administrator\Desktop\new app - Copy - Copy\nsfw-shield\app\src\debug\java', not found
file or directory 'C:\Users\Administrator\Desktop\new app - Copy - Copy\nsfw-shield\app\src\main\kotlin', not found
Transforming hilt-navigation-compose-1.1.0.aar (androidx.hilt:hilt-navigation-compose:1.1.0) with AarToClassTransform
Transforming hilt-navigation-1.1.0.aar (androidx.hilt:hilt-navigation:1.1.0) with AarToClassTransform
Transforming navigation-common-2.7.6.aar (androidx.navigation:navigation-common:2.7.6) with AarToClassTransform
Transforming navigation-runtime-2.7.6.aar (androidx.navigation:navigation-runtime:2.7.6) with AarToClassTransform
Transforming navigation-common-ktx-2.7.6.aar (androidx.navigation:navigation-common-ktx:2.7.6) with AarToClassTransform
Transforming navigation-runtime-ktx-2.7.6.aar (androidx.navigation:navigation-runtime-ktx:2.7.6) with AarToClassTransform
Transforming navigation-compose-2.7.6.aar (androidx.navigation:navigation-compose:2.7.6) with AarToClassTransform
Transforming activity-ktx-1.8.2.aar (androidx.activity:activity-ktx:1.8.2) with AarToClassTransform
Transforming activity-compose-1.8.2.aar (androidx.activity:activity-compose:1.8.2) with AarToClassTransform
Transforming material3-1.1.2.aar (androidx.compose.material3:material3:1.1.2) with AarToClassTransform
Transforming material-icons-core-release.aar (androidx.compose.material:material-icons-core-android:1.6.0) with AarToClassTransform
Transforming material-icons-extended-release.aar (androidx.compose.material:material-icons-extended-android:1.6.0) with AarToClassTransform
Transforming material-ripple-release.aar (androidx.compose.material:material-ripple-android:1.6.0) with AarToClassTransform
Transforming foundation-layout-release.aar (androidx.compose.foundation:foundation-layout-android:1.6.0) with AarToClassTransform
Transforming foundation-release.aar (androidx.compose.foundation:foundation-android:1.6.0) with AarToClassTransform
Transforming animation-core-release.aar (androidx.compose.animation:animation-core-android:1.6.0) with AarToClassTransform
Transforming animation-release.aar (androidx.compose.animation:animation-android:1.6.0) with AarToClassTransform
Transforming ui-util-release.aar (androidx.compose.ui:ui-util-android:1.6.0) with AarToClassTransform
Transforming ui-unit-release.aar (androidx.compose.ui:ui-unit-android:1.6.0) with AarToClassTransform
Transforming ui-geometry-release.aar (androidx.compose.ui:ui-geometry-android:1.6.0) with AarToClassTransform
Transforming ui-tooling-data-release.aar (androidx.compose.ui:ui-tooling-data-android:1.6.0) with AarToClassTransform
Transforming ui-text-release.aar (androidx.compose.ui:ui-text-android:1.6.0) with AarToClassTransform
Transforming ui-tooling-preview-release.aar (androidx.compose.ui:ui-tooling-preview-android:1.6.0) with AarToClassTransform
Transforming ui-graphics-release.aar (androidx.compose.ui:ui-graphics-android:1.6.0) with AarToClassTransform
Transforming ui-release.aar (androidx.compose.ui:ui-android:1.6.0) with AarToClassTransform
Transforming ui-tooling-release.aar (androidx.compose.ui:ui-tooling-android:1.6.0) with AarToClassTransform
Transforming ui-test-manifest-1.6.0.aar (androidx.compose.ui:ui-test-manifest:1.6.0) with AarToClassTransform
Transforming hilt-work-1.1.0.aar (androidx.hilt:hilt-work:1.1.0) with AarToClassTransform
Transforming hilt-android-2.50.aar (com.google.dagger:hilt-android:2.50) with AarToClassTransform
Transforming text-recognition-16.0.0.aar (com.google.mlkit:text-recognition:16.0.0) with AarToClassTransform
Transforming billing-ktx-6.1.0.aar (com.android.billingclient:billing-ktx:6.1.0) with AarToClassTransform
Transforming billing-6.1.0.aar (com.android.billingclient:billing:6.1.0) with AarToClassTransform
Transforming play-services-mlkit-text-recognition-19.0.0.aar (com.google.android.gms:play-services-mlkit-text-recognition:19.0.0) with AarToClassTransform
Transforming barcode-scanning-17.2.0.aar (com.google.mlkit:barcode-scanning:17.2.0) with AarToClassTransform
Transforming text-recognition-bundled-common-16.0.0.aar (com.google.mlkit:text-recognition-bundled-common:16.0.0) with AarToClassTransform
Transforming play-services-mlkit-barcode-scanning-18.3.0.aar (com.google.android.gms:play-services-mlkit-barcode-scanning:18.3.0) with AarToClassTransform
Transforming barcode-scanning-common-17.0.0.aar (com.google.mlkit:barcode-scanning-common:17.0.0) with AarToClassTransform
Transforming barcode-scanning-common-17.0.0.aar (com.google.mlkit:barcode-scanning-common:17.0.0) with AarToClassTransform
Transforming play-services-mlkit-text-recognition-common-19.0.0.aar (com.google.android.gms:play-services-mlkit-text-recognition-common:19.0.0) with AarToClassTransform
Transforming vision-common-17.3.0.aar (com.google.mlkit:vision-common:17.3.0) with AarToClassTransform
Transforming vision-common-17.3.0.aar (com.google.mlkit:vision-common:17.3.0) with AarToClassTransform
Transforming vision-common-17.3.0.aar (com.google.mlkit:vision-common:17.3.0) with AarToClassTransform
Transforming vision-common-17.3.0.aar (com.google.mlkit:vision-common:17.3.0) with AarToClassTransform
Transforming vision-common-17.3.0.aar (com.google.mlkit:vision-common:17.3.0) with AarToClassTransform
Transforming common-18.9.0.aar (com.google.mlkit:common:18.9.0) with AarToClassTransform
Transforming common-18.9.0.aar (com.google.mlkit:common:18.9.0) with AarToClassTransform
Transforming common-18.9.0.aar (com.google.mlkit:common:18.9.0) with AarToClassTransform
Transforming common-18.9.0.aar (com.google.mlkit:common:18.9.0) with AarToClassTransform
Transforming common-18.9.0.aar (com.google.mlkit:common:18.9.0) with AarToClassTransform
Transforming common-18.9.0.aar (com.google.mlkit:common:18.9.0) with AarToClassTransform
Transforming common-18.9.0.aar (com.google.mlkit:common:18.9.0) with AarToClassTransform
Transforming play-services-location-19.0.0.aar (com.google.android.gms:play-services-location:19.0.0) with AarToClassTransform
Transforming play-services-base-18.1.0.aar (com.google.android.gms:play-services-base:18.1.0) with AarToClassTransform
Transforming play-services-base-18.1.0.aar (com.google.android.gms:play-services-base:18.1.0) with AarToClassTransform
Transforming play-services-base-18.1.0.aar (com.google.android.gms:play-services-base:18.1.0) with AarToClassTransform
Transforming play-services-base-18.1.0.aar (com.google.android.gms:play-services-base:18.1.0) with AarToClassTransform
Transforming play-services-base-18.1.0.aar (com.google.android.gms:play-services-base:18.1.0) with AarToClassTransform
Transforming play-services-base-18.1.0.aar (com.google.android.gms:play-services-base:18.1.0) with AarToClassTransform
Transforming play-services-base-18.1.0.aar (com.google.android.gms:play-services-base:18.1.0) with AarToClassTransform
Transforming play-services-base-18.1.0.aar (com.google.android.gms:play-services-base:18.1.0) with AarToClassTransform
Transforming play-services-base-18.1.0.aar (com.google.android.gms:play-services-base:18.1.0) with AarToClassTransform
Transforming vision-interfaces-16.2.0.aar (com.google.mlkit:vision-interfaces:16.2.0) with AarToClassTransform
Transforming vision-interfaces-16.2.0.aar (com.google.mlkit:vision-interfaces:16.2.0) with AarToClassTransform
Transforming play-services-tasks-18.0.2.aar (com.google.android.gms:play-services-tasks:18.0.2) with AarToClassTransform
Transforming play-services-tasks-18.0.2.aar (com.google.android.gms:play-services-tasks:18.0.2) with AarToClassTransform
Transforming play-services-tasks-18.0.2.aar (com.google.android.gms:play-services-tasks:18.0.2) with AarToClassTransform
Transforming play-services-tasks-18.0.2.aar (com.google.android.gms:play-services-tasks:18.0.2) with AarToClassTransform
Transforming play-services-tasks-18.0.2.aar (com.google.android.gms:play-services-tasks:18.0.2) with AarToClassTransform
Transforming play-services-tasks-18.0.2.aar (com.google.android.gms:play-services-tasks:18.0.2) with AarToClassTransform
Transforming play-services-tasks-18.0.2.aar (com.google.android.gms:play-services-tasks:18.0.2) with AarToClassTransform
Transforming play-services-tasks-18.0.2.aar (com.google.android.gms:play-services-tasks:18.0.2) with AarToClassTransform
Transforming play-services-tasks-18.0.2.aar (com.google.android.gms:play-services-tasks:18.0.2) with AarToClassTransform
Transforming play-services-places-placereport-17.0.0.aar (com.google.android.gms:play-services-places-placereport:17.0.0) with AarToClassTransform
Transforming play-services-basement-18.1.0.aar (com.google.android.gms:play-services-basement:18.1.0) with AarToClassTransform
Transforming play-services-basement-18.1.0.aar (com.google.android.gms:play-services-basement:18.1.0) with AarToClassTransform
Transforming play-services-basement-18.1.0.aar (com.google.android.gms:play-services-basement:18.1.0) with AarToClassTransform
Transforming play-services-basement-18.1.0.aar (com.google.android.gms:play-services-basement:18.1.0) with AarToClassTransform
Transforming play-services-basement-18.1.0.aar (com.google.android.gms:play-services-basement:18.1.0) with AarToClassTransform
Transforming play-services-basement-18.1.0.aar (com.google.android.gms:play-services-basement:18.1.0) with AarToClassTransform
Transforming play-services-basement-18.1.0.aar (com.google.android.gms:play-services-basement:18.1.0) with AarToClassTransform
Transforming play-services-basement-18.1.0.aar (com.google.android.gms:play-services-basement:18.1.0) with AarToClassTransform
Transforming play-services-basement-18.1.0.aar (com.google.android.gms:play-services-basement:18.1.0) with AarToClassTransform
Transforming play-services-basement-18.1.0.aar (com.google.android.gms:play-services-basement:18.1.0) with AarToClassTransform
Transforming play-services-basement-18.1.0.aar (com.google.android.gms:play-services-basement:18.1.0) with AarToClassTransform
Transforming play-services-basement-18.1.0.aar (com.google.android.gms:play-services-basement:18.1.0) with AarToClassTransform
Transforming play-services-basement-18.1.0.aar (com.google.android.gms:play-services-basement:18.1.0) with AarToClassTransform
Transforming play-services-basement-18.1.0.aar (com.google.android.gms:play-services-basement:18.1.0) with AarToClassTransform
Transforming play-services-basement-18.1.0.aar (com.google.android.gms:play-services-basement:18.1.0) with AarToClassTransform
Transforming fragment-1.5.1.aar (androidx.fragment:fragment:1.5.1) with AarToClassTransform
Transforming fragment-1.5.1.aar (androidx.fragment:fragment:1.5.1) with AarToClassTransform
Transforming fragment-1.5.1.aar (androidx.fragment:fragment:1.5.1) with AarToClassTransform
Transforming activity-1.8.2.aar (androidx.activity:activity:1.8.2) with AarToClassTransform
Transforming activity-1.8.2.aar (androidx.activity:activity:1.8.2) with AarToClassTransform
Transforming camera-video-1.3.1.aar (androidx.camera:camera-video:1.3.1) with AarToClassTransform
Transforming camera-view-1.3.1.aar (androidx.camera:camera-view:1.3.1) with AarToClassTransform
Transforming camera-lifecycle-1.3.1.aar (androidx.camera:camera-lifecycle:1.3.1) with AarToClassTransform
Transforming camera-camera2-1.3.1.aar (androidx.camera:camera-camera2:1.3.1) with AarToClassTransform
Transforming camera-core-1.3.1.aar (androidx.camera:camera-core:1.3.1) with AarToClassTransform
Transforming loader-1.0.0.aar (androidx.loader:loader:1.0.0) with AarToClassTransform
Transforming viewpager-1.0.0.aar (androidx.viewpager:viewpager:1.0.0) with AarToClassTransform
Transforming customview-1.0.0.aar (androidx.customview:customview:1.0.0) with AarToClassTransform
Transforming core-1.12.0.aar (androidx.core:core:1.12.0) with AarToClassTransform
Transforming core-1.12.0.aar (androidx.core:core:1.12.0) with AarToClassTransform
Transforming core-1.12.0.aar (androidx.core:core:1.12.0) with AarToClassTransform
Transforming core-1.12.0.aar (androidx.core:core:1.12.0) with AarToClassTransform
Transforming core-1.12.0.aar (androidx.core:core:1.12.0) with AarToClassTransform
Transforming core-1.12.0.aar (androidx.core:core:1.12.0) with AarToClassTransform
Transforming core-1.12.0.aar (androidx.core:core:1.12.0) with AarToClassTransform
Transforming work-runtime-ktx-2.9.0.aar (androidx.work:work-runtime-ktx:2.9.0) with AarToClassTransform
Transforming work-runtime-2.9.0.aar (androidx.work:work-runtime:2.9.0) with AarToClassTransform
Transforming lifecycle-livedata-core-ktx-2.7.0.aar (androidx.lifecycle:lifecycle-livedata-core-ktx:2.7.0) with AarToClassTransform
Transforming lifecycle-livedata-core-2.7.0.aar (androidx.lifecycle:lifecycle-livedata-core:2.7.0) with AarToClassTransform
Transforming lifecycle-livedata-2.7.0.aar (androidx.lifecycle:lifecycle-livedata:2.7.0) with AarToClassTransform
Transforming lifecycle-livedata-2.7.0.aar (androidx.lifecycle:lifecycle-livedata:2.7.0) with AarToClassTransform
Transforming lifecycle-viewmodel-2.7.0.aar (androidx.lifecycle:lifecycle-viewmodel:2.7.0) with AarToClassTransform
Transforming lifecycle-viewmodel-2.7.0.aar (androidx.lifecycle:lifecycle-viewmodel:2.7.0) with AarToClassTransform
Transforming lifecycle-viewmodel-ktx-2.7.0.aar (androidx.lifecycle:lifecycle-viewmodel-ktx:2.7.0) with AarToClassTransform
Transforming lifecycle-runtime-2.7.0.aar (androidx.lifecycle:lifecycle-runtime:2.7.0) with AarToClassTransform
Transforming lifecycle-runtime-ktx-2.7.0.aar (androidx.lifecycle:lifecycle-runtime-ktx:2.7.0) with AarToClassTransform
Transforming lifecycle-viewmodel-compose-2.7.0.aar (androidx.lifecycle:lifecycle-viewmodel-compose:2.7.0) with AarToClassTransform
Transforming lifecycle-viewmodel-savedstate-2.7.0.aar (androidx.lifecycle:lifecycle-viewmodel-savedstate:2.7.0) with AarToClassTransform
Transforming core-ktx-1.12.0.aar (androidx.core:core-ktx:1.12.0) with AarToClassTransform
Transforming core-splashscreen-1.0.1.aar (androidx.core:core-splashscreen:1.0.1) with AarToClassTransform
Transforming room-common-2.6.1.jar (androidx.room:room-common:2.6.1) with IdentityTransform
Transforming room-runtime-2.6.1.aar (androidx.room:room-runtime:2.6.1) with AarToClassTransform
Transforming room-ktx-2.6.1.aar (androidx.room:room-ktx:2.6.1) with AarToClassTransform
Transforming datastore-preferences-1.0.0.aar (androidx.datastore:datastore-preferences:1.0.0) with AarToClassTransform
Transforming annotation-experimental-1.3.1.aar (androidx.annotation:annotation-experimental:1.3.1) with AarToClassTransform
Transforming savedstate-ktx-1.2.1.aar (androidx.savedstate:savedstate-ktx:1.2.1) with AarToClassTransform
Transforming savedstate-1.2.1.aar (androidx.savedstate:savedstate:1.2.1) with AarToClassTransform
Transforming datastore-1.0.0.aar (androidx.datastore:datastore:1.0.0) with AarToClassTransform
Transforming runtime-saveable-release.aar (androidx.compose.runtime:runtime-saveable-android:1.6.0) with AarToClassTransform
Transforming runtime-release.aar (androidx.compose.runtime:runtime-android:1.6.0) with AarToClassTransform
Transforming security-crypto-1.1.0-alpha06.aar (androidx.security:security-crypto:1.1.0-alpha06) with AarToClassTransform
Transforming sqlite-framework-2.4.0.aar (androidx.sqlite:sqlite-framework:2.4.0) with AarToClassTransform
Transforming sqlite-2.4.0.aar (androidx.sqlite:sqlite:2.4.0) with AarToClassTransform
Transforming versionedparcelable-1.1.1.aar (androidx.versionedparcelable:versionedparcelable:1.1.1) with AarToClassTransform
Transforming core-runtime-2.2.0.aar (androidx.arch.core:core-runtime:2.2.0) with AarToClassTransform
Transforming transport-backend-cct-3.1.8.aar (com.google.android.datatransport:transport-backend-cct:3.1.8) with AarToClassTransform
Transforming transport-backend-cct-3.1.8.aar (com.google.android.datatransport:transport-backend-cct:3.1.8) with AarToClassTransform
Transforming transport-backend-cct-3.1.8.aar (com.google.android.datatransport:transport-backend-cct:3.1.8) with AarToClassTransform
Transforming transport-backend-cct-3.1.8.aar (com.google.android.datatransport:transport-backend-cct:3.1.8) with AarToClassTransform
Transforming transport-backend-cct-3.1.8.aar (com.google.android.datatransport:transport-backend-cct:3.1.8) with AarToClassTransform
Transforming transport-runtime-3.1.8.aar (com.google.android.datatransport:transport-runtime:3.1.8) with AarToClassTransform
Transforming transport-runtime-3.1.8.aar (com.google.android.datatransport:transport-runtime:3.1.8) with AarToClassTransform
Transforming transport-runtime-3.1.8.aar (com.google.android.datatransport:transport-runtime:3.1.8) with AarToClassTransform
Transforming transport-runtime-3.1.8.aar (com.google.android.datatransport:transport-runtime:3.1.8) with AarToClassTransform
Transforming transport-runtime-3.1.8.aar (com.google.android.datatransport:transport-runtime:3.1.8) with AarToClassTransform
Transforming transport-runtime-3.1.8.aar (com.google.android.datatransport:transport-runtime:3.1.8) with AarToClassTransform
Transforming transport-api-3.0.0.aar (com.google.android.datatransport:transport-api:3.0.0) with AarToClassTransform
Transforming transport-api-3.0.0.aar (com.google.android.datatransport:transport-api:3.0.0) with AarToClassTransform
Transforming transport-api-3.0.0.aar (com.google.android.datatransport:transport-api:3.0.0) with AarToClassTransform
Transforming transport-api-3.0.0.aar (com.google.android.datatransport:transport-api:3.0.0) with AarToClassTransform
Transforming transport-api-3.0.0.aar (com.google.android.datatransport:transport-api:3.0.0) with AarToClassTransform
Transforming transport-api-3.0.0.aar (com.google.android.datatransport:transport-api:3.0.0) with AarToClassTransform
Transforming transport-api-3.0.0.aar (com.google.android.datatransport:transport-api:3.0.0) with AarToClassTransform
Transforming firebase-components-16.1.0.aar (com.google.firebase:firebase-components:16.1.0) with AarToClassTransform
Transforming firebase-components-16.1.0.aar (com.google.firebase:firebase-components:16.1.0) with AarToClassTransform
Transforming firebase-components-16.1.0.aar (com.google.firebase:firebase-components:16.1.0) with AarToClassTransform
Transforming firebase-components-16.1.0.aar (com.google.firebase:firebase-components:16.1.0) with AarToClassTransform
Transforming firebase-encoders-json-18.0.0.aar (com.google.firebase:firebase-encoders-json:18.0.0) with AarToClassTransform
Transforming firebase-encoders-json-18.0.0.aar (com.google.firebase:firebase-encoders-json:18.0.0) with AarToClassTransform
Transforming firebase-encoders-json-18.0.0.aar (com.google.firebase:firebase-encoders-json:18.0.0) with AarToClassTransform
Transforming firebase-encoders-json-18.0.0.aar (com.google.firebase:firebase-encoders-json:18.0.0) with AarToClassTransform
Transforming firebase-encoders-json-18.0.0.aar (com.google.firebase:firebase-encoders-json:18.0.0) with AarToClassTransform
Transforming exifinterface-1.3.2.aar (androidx.exifinterface:exifinterface:1.3.2) with AarToClassTransform
Transforming startup-runtime-1.1.1.aar (androidx.startup:startup-runtime:1.1.1) with AarToClassTransform
Transforming dagger-2.50.jar (com.google.dagger:dagger:2.50) with IdentityTransform
Transforming javax.inject-1.jar (javax.inject:javax.inject:1) with IdentityTransform
Transforming dagger-lint-aar-2.50.aar (com.google.dagger:dagger-lint-aar:2.50) with AarToClassTransform
Transforming jsr305-3.0.2.jar (com.google.code.findbugs:jsr305:3.0.2) with IdentityTransform
Transforming tensorflow-lite-support-0.4.4.aar (org.tensorflow:tensorflow-lite-support:0.4.4) with AarToClassTransform
Transforming tensorflow-lite-2.14.0.aar (org.tensorflow:tensorflow-lite:2.14.0) with AarToClassTransform
Transforming tensorflow-lite-gpu-2.14.0.aar (org.tensorflow:tensorflow-lite-gpu:2.14.0) with AarToClassTransform
Transforming tensorflow-lite-support-api-0.4.4.aar (org.tensorflow:tensorflow-lite-support-api:0.4.4) with AarToClassTransform
Transforming tensorflow-lite-api-2.14.0.aar (org.tensorflow:tensorflow-lite-api:2.14.0) with AarToClassTransform
Transforming image-1.0.0-beta1.aar (com.google.android.odml:image:1.0.0-beta1) with AarToClassTransform
Transforming image-1.0.0-beta1.aar (com.google.android.odml:image:1.0.0-beta1) with AarToClassTransform
Transforming image-1.0.0-beta1.aar (com.google.android.odml:image:1.0.0-beta1) with AarToClassTransform
Transforming image-1.0.0-beta1.aar (com.google.android.odml:image:1.0.0-beta1) with AarToClassTransform
Transforming lifecycle-common-2.7.0.jar (androidx.lifecycle:lifecycle-common:2.7.0) with IdentityTransform
Transforming lifecycle-common-java8-2.7.0.jar (androidx.lifecycle:lifecycle-common-java8:2.7.0) with IdentityTransform
Transforming datastore-preferences-core-1.0.0.jar (androidx.datastore:datastore-preferences-core:1.0.0) with IdentityTransform
Transforming datastore-core-1.0.0.jar (androidx.datastore:datastore-core:1.0.0) with IdentityTransform
Transforming kotlinx-coroutines-core-jvm-1.7.3.jar (org.jetbrains.kotlinx:kotlinx-coroutines-core-jvm:1.7.3) with IdentityTransform
Transforming kotlinx-coroutines-android-1.7.3.jar (org.jetbrains.kotlinx:kotlinx-coroutines-android:1.7.3) with IdentityTransform
Transforming kotlin-stdlib-jdk8-1.8.22.jar (org.jetbrains.kotlin:kotlin-stdlib-jdk8:1.8.22) with IdentityTransform
Transforming core-common-2.2.0.jar (androidx.arch.core:core-common:2.2.0) with IdentityTransform
Transforming firebase-encoders-proto-16.0.0.jar (com.google.firebase:firebase-encoders-proto:16.0.0) with IdentityTransform
Transforming firebase-encoders-17.0.0.jar (com.google.firebase:firebase-encoders:17.0.0) with IdentityTransform
Transforming collection-jvm-1.4.0.jar (androidx.collection:collection-jvm:1.4.0) with IdentityTransform
Transforming annotation-jvm-1.7.0.jar (androidx.annotation:annotation-jvm:1.7.0) with IdentityTransform
Transforming kotlin-stdlib-jdk7-1.8.22.jar (org.jetbrains.kotlin:kotlin-stdlib-jdk7:1.8.22) with IdentityTransform
Transforming kotlin-stdlib-1.9.22.jar (org.jetbrains.kotlin:kotlin-stdlib:1.9.22) with IdentityTransform
Transforming annotations-23.0.0.jar (org.jetbrains:annotations:23.0.0) with IdentityTransform
Transforming listenablefuture-1.0.jar (com.google.guava:listenablefuture:1.0) with IdentityTransform
Transforming hilt-core-2.50.jar (com.google.dagger:hilt-core:2.50) with IdentityTransform
Transforming checker-qual-2.5.8.jar (org.checkerframework:checker-qual:2.5.8) with IdentityTransform
Transforming hilt-common-1.1.0.jar (androidx.hilt:hilt-common:1.1.0) with IdentityTransform
Transforming core-3.5.3.jar (com.google.zxing:core:3.5.3) with IdentityTransform
Transforming firebase-annotations-16.0.0.jar (com.google.firebase:firebase-annotations:16.0.0) with IdentityTransform
Transforming R.jar with ClasspathEntrySnapshotTransform
Transforming hilt-navigation-compose-1.1.0-api.jar with ClasspathEntrySnapshotTransform
Transforming hilt-navigation-1.1.0-api.jar with ClasspathEntrySnapshotTransform
Transforming navigation-common-2.7.6-api.jar with ClasspathEntrySnapshotTransform
Transforming navigation-runtime-2.7.6-api.jar with ClasspathEntrySnapshotTransform
Transforming navigation-common-ktx-2.7.6-api.jar with ClasspathEntrySnapshotTransform
Transforming navigation-runtime-ktx-2.7.6-api.jar with ClasspathEntrySnapshotTransform
Transforming navigation-compose-2.7.6-api.jar with ClasspathEntrySnapshotTransform
Transforming activity-ktx-1.8.2-api.jar with ClasspathEntrySnapshotTransform
Transforming activity-compose-1.8.2-api.jar with ClasspathEntrySnapshotTransform
Transforming material3-1.1.2-api.jar with ClasspathEntrySnapshotTransform
Transforming material-icons-core-release-api.jar with ClasspathEntrySnapshotTransform
Transforming material-icons-extended-release-api.jar with ClasspathEntrySnapshotTransform
Transforming material-ripple-release-api.jar with ClasspathEntrySnapshotTransform
Transforming foundation-layout-release-api.jar with ClasspathEntrySnapshotTransform
Transforming foundation-release-api.jar with ClasspathEntrySnapshotTransform
Transforming animation-core-release-api.jar with ClasspathEntrySnapshotTransform
Transforming animation-release-api.jar with ClasspathEntrySnapshotTransform
Transforming ui-util-release-api.jar with ClasspathEntrySnapshotTransform
Transforming ui-unit-release-api.jar with ClasspathEntrySnapshotTransform
Transforming ui-geometry-release-api.jar with ClasspathEntrySnapshotTransform
Transforming ui-tooling-data-release-api.jar with ClasspathEntrySnapshotTransform
Transforming ui-text-release-api.jar with ClasspathEntrySnapshotTransform
Transforming ui-tooling-preview-release-api.jar with ClasspathEntrySnapshotTransform
Transforming ui-graphics-release-api.jar with ClasspathEntrySnapshotTransform
Transforming ui-release-api.jar with ClasspathEntrySnapshotTransform
Transforming ui-tooling-release-api.jar with ClasspathEntrySnapshotTransform
Transforming ui-test-manifest-1.6.0-api.jar with ClasspathEntrySnapshotTransform
Transforming hilt-work-1.1.0-api.jar with ClasspathEntrySnapshotTransform
Transforming hilt-android-2.50-api.jar with ClasspathEntrySnapshotTransform
Transforming text-recognition-16.0.0-api.jar with ClasspathEntrySnapshotTransform
Transforming billing-ktx-6.1.0-api.jar with ClasspathEntrySnapshotTransform
Transforming billing-6.1.0-api.jar with ClasspathEntrySnapshotTransform
Transforming play-services-mlkit-text-recognition-19.0.0-api.jar with ClasspathEntrySnapshotTransform
Transforming barcode-scanning-17.2.0-api.jar with ClasspathEntrySnapshotTransform
Transforming text-recognition-bundled-common-16.0.0-api.jar with ClasspathEntrySnapshotTransform
Transforming play-services-mlkit-barcode-scanning-18.3.0-api.jar with ClasspathEntrySnapshotTransform
Transforming barcode-scanning-common-17.0.0-api.jar with ClasspathEntrySnapshotTransform
Transforming play-services-mlkit-text-recognition-common-19.0.0-api.jar with ClasspathEntrySnapshotTransform
Transforming vision-common-17.3.0-api.jar with ClasspathEntrySnapshotTransform
Transforming common-18.9.0-api.jar with ClasspathEntrySnapshotTransform
Transforming play-services-location-19.0.0-api.jar with ClasspathEntrySnapshotTransform
Transforming play-services-base-18.1.0-api.jar with ClasspathEntrySnapshotTransform
Transforming vision-interfaces-16.2.0-api.jar with ClasspathEntrySnapshotTransform
Transforming play-services-tasks-18.0.2-api.jar with ClasspathEntrySnapshotTransform
Transforming play-services-places-placereport-17.0.0-api.jar with ClasspathEntrySnapshotTransform
Transforming play-services-basement-18.1.0-api.jar with ClasspathEntrySnapshotTransform
Transforming fragment-1.5.1-api.jar with ClasspathEntrySnapshotTransform
Transforming activity-1.8.2-api.jar with ClasspathEntrySnapshotTransform
Transforming camera-video-1.3.1-api.jar with ClasspathEntrySnapshotTransform
Transforming camera-view-1.3.1-api.jar with ClasspathEntrySnapshotTransform
Transforming camera-lifecycle-1.3.1-api.jar with ClasspathEntrySnapshotTransform
Transforming camera-camera2-1.3.1-api.jar with ClasspathEntrySnapshotTransform
Transforming camera-core-1.3.1-api.jar with ClasspathEntrySnapshotTransform
Transforming loader-1.0.0-api.jar with ClasspathEntrySnapshotTransform
Transforming viewpager-1.0.0-api.jar with ClasspathEntrySnapshotTransform
Transforming customview-1.0.0-api.jar with ClasspathEntrySnapshotTransform
Transforming core-1.12.0-api.jar with ClasspathEntrySnapshotTransform
Transforming work-runtime-ktx-2.9.0-api.jar with ClasspathEntrySnapshotTransform
Transforming work-runtime-2.9.0-api.jar with ClasspathEntrySnapshotTransform
Transforming lifecycle-livedata-core-ktx-2.7.0-api.jar with ClasspathEntrySnapshotTransform
Transforming lifecycle-livedata-core-2.7.0-api.jar with ClasspathEntrySnapshotTransform
Transforming lifecycle-livedata-2.7.0-api.jar with ClasspathEntrySnapshotTransform
Transforming lifecycle-common-2.7.0.jar with ClasspathEntrySnapshotTransform
Transforming lifecycle-viewmodel-2.7.0-api.jar with ClasspathEntrySnapshotTransform
Transforming lifecycle-viewmodel-ktx-2.7.0-api.jar with ClasspathEntrySnapshotTransform
Transforming lifecycle-common-java8-2.7.0.jar with ClasspathEntrySnapshotTransform
Transforming lifecycle-runtime-2.7.0-api.jar with ClasspathEntrySnapshotTransform
Transforming lifecycle-runtime-ktx-2.7.0-api.jar with ClasspathEntrySnapshotTransform
Transforming lifecycle-viewmodel-compose-2.7.0-api.jar with ClasspathEntrySnapshotTransform
Transforming lifecycle-viewmodel-savedstate-2.7.0-api.jar with ClasspathEntrySnapshotTransform
Transforming core-ktx-1.12.0-api.jar with ClasspathEntrySnapshotTransform
Transforming core-splashscreen-1.0.1-api.jar with ClasspathEntrySnapshotTransform
Transforming room-common-2.6.1.jar with ClasspathEntrySnapshotTransform
Transforming room-runtime-2.6.1-api.jar with ClasspathEntrySnapshotTransform
Transforming room-ktx-2.6.1-api.jar with ClasspathEntrySnapshotTransform
Transforming datastore-preferences-1.0.0-api.jar with ClasspathEntrySnapshotTransform
Transforming annotation-experimental-1.3.1-api.jar with ClasspathEntrySnapshotTransform
Transforming savedstate-ktx-1.2.1-api.jar with ClasspathEntrySnapshotTransform
Transforming savedstate-1.2.1-api.jar with ClasspathEntrySnapshotTransform
Transforming datastore-1.0.0-api.jar with ClasspathEntrySnapshotTransform
Transforming datastore-preferences-core-1.0.0.jar with ClasspathEntrySnapshotTransform
Transforming runtime-saveable-release-api.jar with ClasspathEntrySnapshotTransform
Transforming runtime-release-api.jar with ClasspathEntrySnapshotTransform
Transforming datastore-core-1.0.0.jar with ClasspathEntrySnapshotTransform
Transforming kotlinx-coroutines-core-jvm-1.7.3.jar with ClasspathEntrySnapshotTransform
Transforming kotlinx-coroutines-android-1.7.3.jar with ClasspathEntrySnapshotTransform
Transforming kotlin-stdlib-jdk8-1.8.22.jar with ClasspathEntrySnapshotTransform
Transforming security-crypto-1.1.0-alpha06-api.jar with ClasspathEntrySnapshotTransform
Transforming sqlite-framework-2.4.0-api.jar with ClasspathEntrySnapshotTransform
Transforming sqlite-2.4.0-api.jar with ClasspathEntrySnapshotTransform
Transforming versionedparcelable-1.1.1-api.jar with ClasspathEntrySnapshotTransform
Transforming core-runtime-2.2.0-api.jar with ClasspathEntrySnapshotTransform
Transforming core-common-2.2.0.jar with ClasspathEntrySnapshotTransform
Transforming transport-backend-cct-3.1.8-api.jar with ClasspathEntrySnapshotTransform
Transforming transport-runtime-3.1.8-api.jar with ClasspathEntrySnapshotTransform
Transforming transport-api-3.0.0-api.jar with ClasspathEntrySnapshotTransform
Transforming firebase-components-16.1.0-api.jar with ClasspathEntrySnapshotTransform
Transforming firebase-encoders-json-18.0.0-api.jar with ClasspathEntrySnapshotTransform
Transforming firebase-encoders-proto-16.0.0.jar with ClasspathEntrySnapshotTransform
Transforming firebase-encoders-17.0.0.jar with ClasspathEntrySnapshotTransform
Transforming exifinterface-1.3.2-api.jar with ClasspathEntrySnapshotTransform
Transforming collection-jvm-1.4.0.jar with ClasspathEntrySnapshotTransform
Transforming annotation-jvm-1.7.0.jar with ClasspathEntrySnapshotTransform
Transforming kotlin-stdlib-jdk7-1.8.22.jar with ClasspathEntrySnapshotTransform
Transforming kotlin-stdlib-1.9.22.jar with ClasspathEntrySnapshotTransform
Transforming annotations-23.0.0.jar with ClasspathEntrySnapshotTransform
Transforming listenablefuture-1.0.jar with ClasspathEntrySnapshotTransform
Transforming startup-runtime-1.1.1-api.jar with ClasspathEntrySnapshotTransform
Transforming hilt-core-2.50.jar with ClasspathEntrySnapshotTransform
Transforming dagger-2.50.jar with ClasspathEntrySnapshotTransform
Transforming javax.inject-1.jar with ClasspathEntrySnapshotTransform
Transforming dagger-lint-aar-2.50-api.jar with ClasspathEntrySnapshotTransform
Transforming jsr305-3.0.2.jar with ClasspathEntrySnapshotTransform
Transforming tensorflow-lite-support-0.4.4-api.jar with ClasspathEntrySnapshotTransform
Transforming tensorflow-lite-2.14.0-api.jar with ClasspathEntrySnapshotTransform
Transforming tensorflow-lite-gpu-2.14.0-api.jar with ClasspathEntrySnapshotTransform
Transforming tensorflow-lite-support-api-0.4.4-api.jar with ClasspathEntrySnapshotTransform
Transforming tensorflow-lite-api-2.14.0-api.jar with ClasspathEntrySnapshotTransform
Transforming checker-qual-2.5.8.jar with ClasspathEntrySnapshotTransform
Transforming image-1.0.0-beta1-api.jar with ClasspathEntrySnapshotTransform
Transforming hilt-common-1.1.0.jar with ClasspathEntrySnapshotTransform
Transforming firebase-annotations-16.0.0.jar with ClasspathEntrySnapshotTransform
Transforming core-3.5.3.jar with ClasspathEntrySnapshotTransform
Transforming android.jar with ClasspathEntrySnapshotTransform
Transforming core-lambda-stubs.jar with ClasspathEntrySnapshotTransform
file or directory 'C:\Users\Administrator\Desktop\new app - Copy - Copy\nsfw-shield\app\src\debug\kotlin', not found
file or directory 'C:\Users\Administrator\Desktop\new app - Copy - Copy\nsfw-shield\app\src\debug\java', not found
file or directory 'C:\Users\Administrator\Desktop\new app - Copy - Copy\nsfw-shield\app\src\main\kotlin', not found
Build cache key for task ':app:kspDebugKotlin' is 1c438d62634f38937dedb9b40e5cdb6c
Task ':app:kspDebugKotlin' is not up-to-date because:
  Output property '$1$1' file C:\Users\Administrator\Desktop\new app - Copy - Copy\nsfw-shield\app\build\generated\ksp\debug\kotlin has been removed.
  Output property '$1$2' file C:\Users\Administrator\Desktop\new app - Copy - Copy\nsfw-shield\app\build\generated\ksp\debug\java has been removed.
  Output property '$1$2' file C:\Users\Administrator\Desktop\new app - Copy - Copy\nsfw-shield\app\build\generated\ksp\debug\java\com has been removed.
  and more...
  and more...
  and more...
  and more...
Loaded cache entry for task ':app:kspDebugKotlin' with cache key 1c438d62634f38937dedb9b40e5cdb6c
Resolve mutations for :app:compileDebugKotlin (Thread[#58,included builds,5,main]) started.
:app:compileDebugKotlin (Thread[#58,included builds,5,main]) started.
Resolve mutations for :app:javaPreCompileDebug (Thread[#60,Execution worker Thread 2,5,main]) started.
:app:javaPreCompileDebug (Thread[#60,Execution worker Thread 2,5,main]) started.

> Task :app:javaPreCompileDebug FROM-CACHE
Build cache key for task ':app:javaPreCompileDebug' is f768d61d4f110cdfd3b9bedca618181b
Task ':app:javaPreCompileDebug' is not up-to-date because:
  Output property 'annotationProcessorListFile' file C:\Users\Administrator\Desktop\new app - Copy - Copy\nsfw-shield\app\build\intermediates\annotation_processor_list\debug\annotationProcessors.json has been removed.
Loaded cache entry for task ':app:javaPreCompileDebug' with cache key f768d61d4f110cdfd3b9bedca618181b
Resolve mutations for :app:mergeDebugShaders (Thread[#60,Execution worker Thread 2,5,main]) started.
:app:mergeDebugShaders (Thread[#60,Execution worker Thread 2,5,main]) started.

> Task :app:mergeDebugShaders FROM-CACHE
Build cache key for task ':app:mergeDebugShaders' is 863233bc18c796cf64d282515eff2b2a
Task ':app:mergeDebugShaders' is not up-to-date because:
  Output property 'outputDir' file C:\Users\Administrator\Desktop\new app - Copy - Copy\nsfw-shield\app\build\intermediates\merged_shaders\debug\out has been removed.
Loaded cache entry for task ':app:mergeDebugShaders' with cache key 863233bc18c796cf64d282515eff2b2a
Resolve mutations for :app:compileDebugShaders (Thread[#60,Execution worker Thread 2,5,main]) started.
:app:compileDebugShaders (Thread[#60,Execution worker Thread 2,5,main]) started.

> Task :app:compileDebugShaders NO-SOURCE
Skipping task ':app:compileDebugShaders' as it has no source files and no previous output files.
Resolve mutations for :app:generateDebugAssets (Thread[#61,Execution worker Thread 3,5,main]) started.
:app:generateDebugAssets (Thread[#60,Execution worker Thread 2,5,main]) started.

> Task :app:generateDebugAssets UP-TO-DATE
Skipping task ':app:generateDebugAssets' as it has no actions.
Resolve mutations for :app:mergeDebugAssets (Thread[#61,Execution worker Thread 3,5,main]) started.
:app:mergeDebugAssets (Thread[#61,Execution worker Thread 3,5,main]) started.

> Task :app:mergeDebugAssets FROM-CACHE
Transforming camera-video-1.3.1.aar (androidx.camera:camera-video:1.3.1) with ExtractAarTransform
Transforming camera-video-1.3.1.aar (androidx.camera:camera-video:1.3.1) with AarTransform
Transforming camera-view-1.3.1.aar (androidx.camera:camera-view:1.3.1) with ExtractAarTransform
Transforming camera-view-1.3.1.aar (androidx.camera:camera-view:1.3.1) with AarTransform
Transforming camera-lifecycle-1.3.1.aar (androidx.camera:camera-lifecycle:1.3.1) with ExtractAarTransform
Transforming camera-lifecycle-1.3.1.aar (androidx.camera:camera-lifecycle:1.3.1) with AarTransform
Transforming camera-camera2-1.3.1.aar (androidx.camera:camera-camera2:1.3.1) with ExtractAarTransform
Transforming camera-camera2-1.3.1.aar (androidx.camera:camera-camera2:1.3.1) with AarTransform
Transforming camera-core-1.3.1.aar (androidx.camera:camera-core:1.3.1) with ExtractAarTransform
Transforming camera-core-1.3.1.aar (androidx.camera:camera-core:1.3.1) with AarTransform
Transforming work-runtime-ktx-2.9.0.aar (androidx.work:work-runtime-ktx:2.9.0) with ExtractAarTransform
Transforming work-runtime-ktx-2.9.0.aar (androidx.work:work-runtime-ktx:2.9.0) with AarTransform
Transforming hilt-work-1.1.0.aar (androidx.hilt:hilt-work:1.1.0) with ExtractAarTransform
Transforming hilt-work-1.1.0.aar (androidx.hilt:hilt-work:1.1.0) with AarTransform
Transforming work-runtime-2.9.0.aar (androidx.work:work-runtime:2.9.0) with ExtractAarTransform
Transforming work-runtime-2.9.0.aar (androidx.work:work-runtime:2.9.0) with AarTransform
Transforming text-recognition-16.0.0.aar (com.google.mlkit:text-recognition:16.0.0) with ExtractAarTransform
Transforming text-recognition-16.0.0.aar (com.google.mlkit:text-recognition:16.0.0) with AarTransform
Transforming billing-ktx-6.1.0.aar (com.android.billingclient:billing-ktx:6.1.0) with ExtractAarTransform
Transforming billing-ktx-6.1.0.aar (com.android.billingclient:billing-ktx:6.1.0) with AarTransform
Transforming billing-6.1.0.aar (com.android.billingclient:billing:6.1.0) with ExtractAarTransform
Transforming billing-6.1.0.aar (com.android.billingclient:billing:6.1.0) with AarTransform
Transforming play-services-mlkit-text-recognition-19.0.0.aar (com.google.android.gms:play-services-mlkit-text-recognition:19.0.0) with ExtractAarTransform
Transforming play-services-mlkit-text-recognition-19.0.0.aar (com.google.android.gms:play-services-mlkit-text-recognition:19.0.0) with AarTransform
Transforming text-recognition-bundled-common-16.0.0.aar (com.google.mlkit:text-recognition-bundled-common:16.0.0) with ExtractAarTransform
Transforming text-recognition-bundled-common-16.0.0.aar (com.google.mlkit:text-recognition-bundled-common:16.0.0) with AarTransform
Transforming barcode-scanning-17.2.0.aar (com.google.mlkit:barcode-scanning:17.2.0) with ExtractAarTransform
Transforming barcode-scanning-17.2.0.aar (com.google.mlkit:barcode-scanning:17.2.0) with AarTransform
Transforming play-services-mlkit-barcode-scanning-18.3.0.aar (com.google.android.gms:play-services-mlkit-barcode-scanning:18.3.0) with ExtractAarTransform
Transforming play-services-mlkit-barcode-scanning-18.3.0.aar (com.google.android.gms:play-services-mlkit-barcode-scanning:18.3.0) with AarTransform
Transforming barcode-scanning-common-17.0.0.aar (com.google.mlkit:barcode-scanning-common:17.0.0) with ExtractAarTransform
Transforming barcode-scanning-common-17.0.0.aar (com.google.mlkit:barcode-scanning-common:17.0.0) with AarTransform
Transforming barcode-scanning-common-17.0.0.aar (com.google.mlkit:barcode-scanning-common:17.0.0) with ExtractAarTransform
Transforming barcode-scanning-common-17.0.0.aar (com.google.mlkit:barcode-scanning-common:17.0.0) with AarTransform
Transforming play-services-mlkit-text-recognition-common-19.0.0.aar (com.google.android.gms:play-services-mlkit-text-recognition-common:19.0.0) with ExtractAarTransform
Transforming play-services-mlkit-text-recognition-common-19.0.0.aar (com.google.android.gms:play-services-mlkit-text-recognition-common:19.0.0) with AarTransform
Transforming vision-common-17.3.0.aar (com.google.mlkit:vision-common:17.3.0) with ExtractAarTransform
Transforming vision-common-17.3.0.aar (com.google.mlkit:vision-common:17.3.0) with AarTransform
Transforming vision-common-17.3.0.aar (com.google.mlkit:vision-common:17.3.0) with ExtractAarTransform
Transforming vision-common-17.3.0.aar (com.google.mlkit:vision-common:17.3.0) with AarTransform
Transforming vision-common-17.3.0.aar (com.google.mlkit:vision-common:17.3.0) with ExtractAarTransform
Transforming vision-common-17.3.0.aar (com.google.mlkit:vision-common:17.3.0) with AarTransform
Transforming vision-common-17.3.0.aar (com.google.mlkit:vision-common:17.3.0) with ExtractAarTransform
Transforming vision-common-17.3.0.aar (com.google.mlkit:vision-common:17.3.0) with AarTransform
Transforming vision-common-17.3.0.aar (com.google.mlkit:vision-common:17.3.0) with ExtractAarTransform
Transforming vision-common-17.3.0.aar (com.google.mlkit:vision-common:17.3.0) with AarTransform
Transforming common-18.9.0.aar (com.google.mlkit:common:18.9.0) with ExtractAarTransform
Transforming common-18.9.0.aar (com.google.mlkit:common:18.9.0) with AarTransform
Transforming common-18.9.0.aar (com.google.mlkit:common:18.9.0) with ExtractAarTransform
Transforming common-18.9.0.aar (com.google.mlkit:common:18.9.0) with AarTransform
Transforming common-18.9.0.aar (com.google.mlkit:common:18.9.0) with ExtractAarTransform
Transforming common-18.9.0.aar (com.google.mlkit:common:18.9.0) with AarTransform
Transforming common-18.9.0.aar (com.google.mlkit:common:18.9.0) with ExtractAarTransform
Transforming common-18.9.0.aar (com.google.mlkit:common:18.9.0) with AarTransform
Transforming common-18.9.0.aar (com.google.mlkit:common:18.9.0) with ExtractAarTransform
Transforming common-18.9.0.aar (com.google.mlkit:common:18.9.0) with AarTransform
Transforming common-18.9.0.aar (com.google.mlkit:common:18.9.0) with ExtractAarTransform
Transforming common-18.9.0.aar (com.google.mlkit:common:18.9.0) with AarTransform
Transforming common-18.9.0.aar (com.google.mlkit:common:18.9.0) with ExtractAarTransform
Transforming common-18.9.0.aar (com.google.mlkit:common:18.9.0) with AarTransform
Transforming play-services-location-19.0.0.aar (com.google.android.gms:play-services-location:19.0.0) with ExtractAarTransform
Transforming play-services-location-19.0.0.aar (com.google.android.gms:play-services-location:19.0.0) with AarTransform
Transforming play-services-base-18.1.0.aar (com.google.android.gms:play-services-base:18.1.0) with ExtractAarTransform
Transforming play-services-base-18.1.0.aar (com.google.android.gms:play-services-base:18.1.0) with AarTransform
Transforming play-services-base-18.1.0.aar (com.google.android.gms:play-services-base:18.1.0) with ExtractAarTransform
Transforming play-services-base-18.1.0.aar (com.google.android.gms:play-services-base:18.1.0) with AarTransform
Transforming play-services-base-18.1.0.aar (com.google.android.gms:play-services-base:18.1.0) with ExtractAarTransform
Transforming play-services-base-18.1.0.aar (com.google.android.gms:play-services-base:18.1.0) with AarTransform
Transforming play-services-base-18.1.0.aar (com.google.android.gms:play-services-base:18.1.0) with ExtractAarTransform
Transforming play-services-base-18.1.0.aar (com.google.android.gms:play-services-base:18.1.0) with AarTransform
Transforming play-services-base-18.1.0.aar (com.google.android.gms:play-services-base:18.1.0) with ExtractAarTransform
Transforming play-services-base-18.1.0.aar (com.google.android.gms:play-services-base:18.1.0) with AarTransform
Transforming play-services-base-18.1.0.aar (com.google.android.gms:play-services-base:18.1.0) with ExtractAarTransform
Transforming play-services-base-18.1.0.aar (com.google.android.gms:play-services-base:18.1.0) with AarTransform
Transforming play-services-base-18.1.0.aar (com.google.android.gms:play-services-base:18.1.0) with ExtractAarTransform
Transforming play-services-base-18.1.0.aar (com.google.android.gms:play-services-base:18.1.0) with AarTransform
Transforming play-services-base-18.1.0.aar (com.google.android.gms:play-services-base:18.1.0) with ExtractAarTransform
Transforming play-services-base-18.1.0.aar (com.google.android.gms:play-services-base:18.1.0) with AarTransform
Transforming play-services-base-18.1.0.aar (com.google.android.gms:play-services-base:18.1.0) with ExtractAarTransform
Transforming play-services-base-18.1.0.aar (com.google.android.gms:play-services-base:18.1.0) with AarTransform
Transforming vision-interfaces-16.2.0.aar (com.google.mlkit:vision-interfaces:16.2.0) with ExtractAarTransform
Transforming vision-interfaces-16.2.0.aar (com.google.mlkit:vision-interfaces:16.2.0) with AarTransform
Transforming vision-interfaces-16.2.0.aar (com.google.mlkit:vision-interfaces:16.2.0) with ExtractAarTransform
Transforming vision-interfaces-16.2.0.aar (com.google.mlkit:vision-interfaces:16.2.0) with AarTransform
Transforming play-services-tasks-18.0.2.aar (com.google.android.gms:play-services-tasks:18.0.2) with ExtractAarTransform
Transforming play-services-tasks-18.0.2.aar (com.google.android.gms:play-services-tasks:18.0.2) with AarTransform
Transforming play-services-tasks-18.0.2.aar (com.google.android.gms:play-services-tasks:18.0.2) with ExtractAarTransform
Transforming play-services-tasks-18.0.2.aar (com.google.android.gms:play-services-tasks:18.0.2) with AarTransform
Transforming play-services-tasks-18.0.2.aar (com.google.android.gms:play-services-tasks:18.0.2) with ExtractAarTransform
Transforming play-services-tasks-18.0.2.aar (com.google.android.gms:play-services-tasks:18.0.2) with AarTransform
Transforming play-services-tasks-18.0.2.aar (com.google.android.gms:play-services-tasks:18.0.2) with ExtractAarTransform
Transforming play-services-tasks-18.0.2.aar (com.google.android.gms:play-services-tasks:18.0.2) with AarTransform
Transforming play-services-tasks-18.0.2.aar (com.google.android.gms:play-services-tasks:18.0.2) with ExtractAarTransform
Transforming play-services-tasks-18.0.2.aar (com.google.android.gms:play-services-tasks:18.0.2) with AarTransform
Transforming play-services-tasks-18.0.2.aar (com.google.android.gms:play-services-tasks:18.0.2) with ExtractAarTransform
Transforming play-services-tasks-18.0.2.aar (com.google.android.gms:play-services-tasks:18.0.2) with AarTransform
Transforming play-services-tasks-18.0.2.aar (com.google.android.gms:play-services-tasks:18.0.2) with ExtractAarTransform
Transforming play-services-tasks-18.0.2.aar (com.google.android.gms:play-services-tasks:18.0.2) with AarTransform
Transforming play-services-tasks-18.0.2.aar (com.google.android.gms:play-services-tasks:18.0.2) with ExtractAarTransform
Transforming play-services-tasks-18.0.2.aar (com.google.android.gms:play-services-tasks:18.0.2) with AarTransform
Transforming play-services-tasks-18.0.2.aar (com.google.android.gms:play-services-tasks:18.0.2) with ExtractAarTransform
Transforming play-services-tasks-18.0.2.aar (com.google.android.gms:play-services-tasks:18.0.2) with AarTransform
Transforming play-services-places-placereport-17.0.0.aar (com.google.android.gms:play-services-places-placereport:17.0.0) with ExtractAarTransform
Transforming play-services-places-placereport-17.0.0.aar (com.google.android.gms:play-services-places-placereport:17.0.0) with AarTransform
Transforming play-services-basement-18.1.0.aar (com.google.android.gms:play-services-basement:18.1.0) with ExtractAarTransform
Transforming play-services-basement-18.1.0.aar (com.google.android.gms:play-services-basement:18.1.0) with AarTransform
Transforming play-services-basement-18.1.0.aar (com.google.android.gms:play-services-basement:18.1.0) with ExtractAarTransform
Transforming play-services-basement-18.1.0.aar (com.google.android.gms:play-services-basement:18.1.0) with AarTransform
Transforming play-services-basement-18.1.0.aar (com.google.android.gms:play-services-basement:18.1.0) with ExtractAarTransform
Transforming play-services-basement-18.1.0.aar (com.google.android.gms:play-services-basement:18.1.0) with AarTransform
Transforming play-services-basement-18.1.0.aar (com.google.android.gms:play-services-basement:18.1.0) with ExtractAarTransform
Transforming play-services-basement-18.1.0.aar (com.google.android.gms:play-services-basement:18.1.0) with AarTransform
Transforming play-services-basement-18.1.0.aar (com.google.android.gms:play-services-basement:18.1.0) with ExtractAarTransform
Transforming play-services-basement-18.1.0.aar (com.google.android.gms:play-services-basement:18.1.0) with AarTransform
Transforming play-services-basement-18.1.0.aar (com.google.android.gms:play-services-basement:18.1.0) with ExtractAarTransform
Transforming play-services-basement-18.1.0.aar (com.google.android.gms:play-services-basement:18.1.0) with AarTransform
Transforming play-services-basement-18.1.0.aar (com.google.android.gms:play-services-basement:18.1.0) with ExtractAarTransform
Transforming play-services-basement-18.1.0.aar (com.google.android.gms:play-services-basement:18.1.0) with AarTransform
Transforming play-services-basement-18.1.0.aar (com.google.android.gms:play-services-basement:18.1.0) with ExtractAarTransform
Transforming play-services-basement-18.1.0.aar (com.google.android.gms:play-services-basement:18.1.0) with AarTransform
Transforming play-services-basement-18.1.0.aar (com.google.android.gms:play-services-basement:18.1.0) with ExtractAarTransform
Transforming play-services-basement-18.1.0.aar (com.google.android.gms:play-services-basement:18.1.0) with AarTransform
Transforming play-services-basement-18.1.0.aar (com.google.android.gms:play-services-basement:18.1.0) with ExtractAarTransform
Transforming play-services-basement-18.1.0.aar (com.google.android.gms:play-services-basement:18.1.0) with AarTransform
Transforming play-services-basement-18.1.0.aar (com.google.android.gms:play-services-basement:18.1.0) with ExtractAarTransform
Transforming play-services-basement-18.1.0.aar (com.google.android.gms:play-services-basement:18.1.0) with AarTransform
Transforming play-services-basement-18.1.0.aar (com.google.android.gms:play-services-basement:18.1.0) with ExtractAarTransform
Transforming play-services-basement-18.1.0.aar (com.google.android.gms:play-services-basement:18.1.0) with AarTransform
Transforming play-services-basement-18.1.0.aar (com.google.android.gms:play-services-basement:18.1.0) with ExtractAarTransform
Transforming play-services-basement-18.1.0.aar (com.google.android.gms:play-services-basement:18.1.0) with AarTransform
Transforming play-services-basement-18.1.0.aar (com.google.android.gms:play-services-basement:18.1.0) with ExtractAarTransform
Transforming play-services-basement-18.1.0.aar (com.google.android.gms:play-services-basement:18.1.0) with AarTransform
Transforming play-services-basement-18.1.0.aar (com.google.android.gms:play-services-basement:18.1.0) with ExtractAarTransform
Transforming play-services-basement-18.1.0.aar (com.google.android.gms:play-services-basement:18.1.0) with AarTransform
Transforming appcompat-1.1.0.aar (androidx.appcompat:appcompat:1.1.0) with ExtractAarTransform
Transforming appcompat-1.1.0.aar (androidx.appcompat:appcompat:1.1.0) with AarTransform
Transforming material3-1.1.2.aar (androidx.compose.material3:material3:1.1.2) with ExtractAarTransform
Transforming material3-1.1.2.aar (androidx.compose.material3:material3:1.1.2) with AarTransform
Transforming hilt-navigation-compose-1.1.0.aar (androidx.hilt:hilt-navigation-compose:1.1.0) with ExtractAarTransform
Transforming hilt-navigation-compose-1.1.0.aar (androidx.hilt:hilt-navigation-compose:1.1.0) with AarTransform
Transforming hilt-navigation-1.1.0.aar (androidx.hilt:hilt-navigation:1.1.0) with ExtractAarTransform
Transforming hilt-navigation-1.1.0.aar (androidx.hilt:hilt-navigation:1.1.0) with AarTransform
Transforming hilt-android-2.50.aar (com.google.dagger:hilt-android:2.50) with ExtractAarTransform
Transforming hilt-android-2.50.aar (com.google.dagger:hilt-android:2.50) with AarTransform
Transforming navigation-common-2.7.6.aar (androidx.navigation:navigation-common:2.7.6) with ExtractAarTransform
Transforming navigation-common-2.7.6.aar (androidx.navigation:navigation-common:2.7.6) with AarTransform
Transforming navigation-runtime-2.7.6.aar (androidx.navigation:navigation-runtime:2.7.6) with ExtractAarTransform
Transforming navigation-runtime-2.7.6.aar (androidx.navigation:navigation-runtime:2.7.6) with AarTransform
Transforming navigation-common-ktx-2.7.6.aar (androidx.navigation:navigation-common-ktx:2.7.6) with ExtractAarTransform
Transforming navigation-common-ktx-2.7.6.aar (androidx.navigation:navigation-common-ktx:2.7.6) with AarTransform
Transforming navigation-runtime-ktx-2.7.6.aar (androidx.navigation:navigation-runtime-ktx:2.7.6) with ExtractAarTransform
Transforming navigation-runtime-ktx-2.7.6.aar (androidx.navigation:navigation-runtime-ktx:2.7.6) with AarTransform
Transforming navigation-compose-2.7.6.aar (androidx.navigation:navigation-compose:2.7.6) with ExtractAarTransform
Transforming navigation-compose-2.7.6.aar (androidx.navigation:navigation-compose:2.7.6) with AarTransform
Transforming material-ripple-release.aar (androidx.compose.material:material-ripple-android:1.6.0) with ExtractAarTransform
Transforming material-ripple-release.aar (androidx.compose.material:material-ripple-android:1.6.0) with AarTransform
Transforming material-icons-core-release.aar (androidx.compose.material:material-icons-core-android:1.6.0) with ExtractAarTransform
Transforming material-icons-core-release.aar (androidx.compose.material:material-icons-core-android:1.6.0) with AarTransform
Transforming material-icons-extended-release.aar (androidx.compose.material:material-icons-extended-android:1.6.0) with ExtractAarTransform
Transforming material-icons-extended-release.aar (androidx.compose.material:material-icons-extended-android:1.6.0) with AarTransform
Transforming material-release.aar (androidx.compose.material:material-android:1.6.0) with ExtractAarTransform
Transforming material-release.aar (androidx.compose.material:material-android:1.6.0) with AarTransform
Transforming animation-core-release.aar (androidx.compose.animation:animation-core-android:1.6.0) with ExtractAarTransform
Transforming animation-core-release.aar (androidx.compose.animation:animation-core-android:1.6.0) with AarTransform
Transforming animation-release.aar (androidx.compose.animation:animation-android:1.6.0) with ExtractAarTransform
Transforming animation-release.aar (androidx.compose.animation:animation-android:1.6.0) with AarTransform
Transforming foundation-layout-release.aar (androidx.compose.foundation:foundation-layout-android:1.6.0) with ExtractAarTransform
Transforming foundation-layout-release.aar (androidx.compose.foundation:foundation-layout-android:1.6.0) with AarTransform
Transforming foundation-release.aar (androidx.compose.foundation:foundation-android:1.6.0) with ExtractAarTransform
Transforming foundation-release.aar (androidx.compose.foundation:foundation-android:1.6.0) with AarTransform
Transforming ui-tooling-data-release.aar (androidx.compose.ui:ui-tooling-data-android:1.6.0) with ExtractAarTransform
Transforming ui-tooling-data-release.aar (androidx.compose.ui:ui-tooling-data-android:1.6.0) with AarTransform
Transforming ui-unit-release.aar (androidx.compose.ui:ui-unit-android:1.6.0) with ExtractAarTransform
Transforming ui-unit-release.aar (androidx.compose.ui:ui-unit-android:1.6.0) with AarTransform
Transforming ui-geometry-release.aar (androidx.compose.ui:ui-geometry-android:1.6.0) with ExtractAarTransform
Transforming ui-geometry-release.aar (androidx.compose.ui:ui-geometry-android:1.6.0) with AarTransform
Transforming ui-util-release.aar (androidx.compose.ui:ui-util-android:1.6.0) with ExtractAarTransform
Transforming ui-util-release.aar (androidx.compose.ui:ui-util-android:1.6.0) with AarTransform
Transforming ui-text-release.aar (androidx.compose.ui:ui-text-android:1.6.0) with ExtractAarTransform
Transforming ui-text-release.aar (androidx.compose.ui:ui-text-android:1.6.0) with AarTransform
Transforming ui-tooling-preview-release.aar (androidx.compose.ui:ui-tooling-preview-android:1.6.0) with ExtractAarTransform
Transforming ui-tooling-preview-release.aar (androidx.compose.ui:ui-tooling-preview-android:1.6.0) with AarTransform
Transforming ui-tooling-release.aar (androidx.compose.ui:ui-tooling-android:1.6.0) with ExtractAarTransform
Transforming ui-tooling-release.aar (androidx.compose.ui:ui-tooling-android:1.6.0) with AarTransform
Transforming ui-graphics-release.aar (androidx.compose.ui:ui-graphics-android:1.6.0) with ExtractAarTransform
Transforming ui-graphics-release.aar (androidx.compose.ui:ui-graphics-android:1.6.0) with AarTransform
Transforming ui-test-manifest-1.6.0.aar (androidx.compose.ui:ui-test-manifest:1.6.0) with ExtractAarTransform
Transforming ui-test-manifest-1.6.0.aar (androidx.compose.ui:ui-test-manifest:1.6.0) with AarTransform
Transforming fragment-1.5.1.aar (androidx.fragment:fragment:1.5.1) with ExtractAarTransform
Transforming fragment-1.5.1.aar (androidx.fragment:fragment:1.5.1) with AarTransform
Transforming fragment-1.5.1.aar (androidx.fragment:fragment:1.5.1) with ExtractAarTransform
Transforming fragment-1.5.1.aar (androidx.fragment:fragment:1.5.1) with AarTransform
Transforming fragment-1.5.1.aar (androidx.fragment:fragment:1.5.1) with ExtractAarTransform
Transforming fragment-1.5.1.aar (androidx.fragment:fragment:1.5.1) with AarTransform
Transforming fragment-1.5.1.aar (androidx.fragment:fragment:1.5.1) with ExtractAarTransform
Transforming fragment-1.5.1.aar (androidx.fragment:fragment:1.5.1) with AarTransform
Transforming activity-1.8.2.aar (androidx.activity:activity:1.8.2) with ExtractAarTransform
Transforming activity-1.8.2.aar (androidx.activity:activity:1.8.2) with AarTransform
Transforming activity-1.8.2.aar (androidx.activity:activity:1.8.2) with ExtractAarTransform
Transforming activity-1.8.2.aar (androidx.activity:activity:1.8.2) with AarTransform
Transforming activity-ktx-1.8.2.aar (androidx.activity:activity-ktx:1.8.2) with ExtractAarTransform
Transforming activity-ktx-1.8.2.aar (androidx.activity:activity-ktx:1.8.2) with AarTransform
Transforming activity-compose-1.8.2.aar (androidx.activity:activity-compose:1.8.2) with ExtractAarTransform
Transforming activity-compose-1.8.2.aar (androidx.activity:activity-compose:1.8.2) with AarTransform
Transforming emoji2-1.3.0.aar (androidx.emoji2:emoji2:1.3.0) with ExtractAarTransform
Transforming emoji2-1.3.0.aar (androidx.emoji2:emoji2:1.3.0) with AarTransform
Transforming lifecycle-process-2.7.0.aar (androidx.lifecycle:lifecycle-process:2.7.0) with ExtractAarTransform
Transforming lifecycle-process-2.7.0.aar (androidx.lifecycle:lifecycle-process:2.7.0) with AarTransform
Transforming lifecycle-livedata-core-ktx-2.7.0.aar (androidx.lifecycle:lifecycle-livedata-core-ktx:2.7.0) with ExtractAarTransform
Transforming lifecycle-livedata-core-ktx-2.7.0.aar (androidx.lifecycle:lifecycle-livedata-core-ktx:2.7.0) with AarTransform
Transforming lifecycle-service-2.7.0.aar (androidx.lifecycle:lifecycle-service:2.7.0) with ExtractAarTransform
Transforming lifecycle-service-2.7.0.aar (androidx.lifecycle:lifecycle-service:2.7.0) with AarTransform
Transforming lifecycle-livedata-core-2.7.0.aar (androidx.lifecycle:lifecycle-livedata-core:2.7.0) with ExtractAarTransform
Transforming lifecycle-livedata-core-2.7.0.aar (androidx.lifecycle:lifecycle-livedata-core:2.7.0) with AarTransform
Transforming loader-1.0.0.aar (androidx.loader:loader:1.0.0) with ExtractAarTransform
Transforming loader-1.0.0.aar (androidx.loader:loader:1.0.0) with AarTransform
Transforming lifecycle-livedata-2.7.0.aar (androidx.lifecycle:lifecycle-livedata:2.7.0) with ExtractAarTransform
Transforming lifecycle-livedata-2.7.0.aar (androidx.lifecycle:lifecycle-livedata:2.7.0) with AarTransform
Transforming lifecycle-livedata-2.7.0.aar (androidx.lifecycle:lifecycle-livedata:2.7.0) with ExtractAarTransform
Transforming lifecycle-livedata-2.7.0.aar (androidx.lifecycle:lifecycle-livedata:2.7.0) with AarTransform
Transforming savedstate-ktx-1.2.1.aar (androidx.savedstate:savedstate-ktx:1.2.1) with ExtractAarTransform
Transforming savedstate-ktx-1.2.1.aar (androidx.savedstate:savedstate-ktx:1.2.1) with AarTransform
Transforming savedstate-1.2.1.aar (androidx.savedstate:savedstate:1.2.1) with ExtractAarTransform
Transforming savedstate-1.2.1.aar (androidx.savedstate:savedstate:1.2.1) with AarTransform
Transforming lifecycle-viewmodel-2.7.0.aar (androidx.lifecycle:lifecycle-viewmodel:2.7.0) with ExtractAarTransform
Transforming lifecycle-viewmodel-2.7.0.aar (androidx.lifecycle:lifecycle-viewmodel:2.7.0) with AarTransform
Transforming lifecycle-viewmodel-2.7.0.aar (androidx.lifecycle:lifecycle-viewmodel:2.7.0) with ExtractAarTransform
Transforming lifecycle-viewmodel-2.7.0.aar (androidx.lifecycle:lifecycle-viewmodel:2.7.0) with AarTransform
Transforming lifecycle-viewmodel-savedstate-2.7.0.aar (androidx.lifecycle:lifecycle-viewmodel-savedstate:2.7.0) with ExtractAarTransform
Transforming lifecycle-viewmodel-savedstate-2.7.0.aar (androidx.lifecycle:lifecycle-viewmodel-savedstate:2.7.0) with AarTransform
Transforming lifecycle-viewmodel-ktx-2.7.0.aar (androidx.lifecycle:lifecycle-viewmodel-ktx:2.7.0) with ExtractAarTransform
Transforming lifecycle-viewmodel-ktx-2.7.0.aar (androidx.lifecycle:lifecycle-viewmodel-ktx:2.7.0) with AarTransform
Transforming lifecycle-runtime-2.7.0.aar (androidx.lifecycle:lifecycle-runtime:2.7.0) with ExtractAarTransform
Transforming lifecycle-runtime-2.7.0.aar (androidx.lifecycle:lifecycle-runtime:2.7.0) with AarTransform
Transforming lifecycle-runtime-ktx-2.7.0.aar (androidx.lifecycle:lifecycle-runtime-ktx:2.7.0) with ExtractAarTransform
Transforming lifecycle-runtime-ktx-2.7.0.aar (androidx.lifecycle:lifecycle-runtime-ktx:2.7.0) with AarTransform
Transforming lifecycle-viewmodel-compose-2.7.0.aar (androidx.lifecycle:lifecycle-viewmodel-compose:2.7.0) with ExtractAarTransform
Transforming lifecycle-viewmodel-compose-2.7.0.aar (androidx.lifecycle:lifecycle-viewmodel-compose:2.7.0) with AarTransform
Transforming ui-release.aar (androidx.compose.ui:ui-android:1.6.0) with ExtractAarTransform
Transforming ui-release.aar (androidx.compose.ui:ui-android:1.6.0) with AarTransform
Transforming viewpager-1.0.0.aar (androidx.viewpager:viewpager:1.0.0) with ExtractAarTransform
Transforming viewpager-1.0.0.aar (androidx.viewpager:viewpager:1.0.0) with AarTransform
Transforming appcompat-resources-1.1.0.aar (androidx.appcompat:appcompat-resources:1.1.0) with ExtractAarTransform
Transforming appcompat-resources-1.1.0.aar (androidx.appcompat:appcompat-resources:1.1.0) with AarTransform
Transforming drawerlayout-1.0.0.aar (androidx.drawerlayout:drawerlayout:1.0.0) with ExtractAarTransform
Transforming drawerlayout-1.0.0.aar (androidx.drawerlayout:drawerlayout:1.0.0) with AarTransform
Transforming autofill-1.0.0.aar (androidx.autofill:autofill:1.0.0) with ExtractAarTransform
Transforming autofill-1.0.0.aar (androidx.autofill:autofill:1.0.0) with AarTransform
Transforming customview-1.0.0.aar (androidx.customview:customview:1.0.0) with ExtractAarTransform
Transforming customview-1.0.0.aar (androidx.customview:customview:1.0.0) with AarTransform
Transforming customview-1.0.0.aar (androidx.customview:customview:1.0.0) with ExtractAarTransform
Transforming customview-1.0.0.aar (androidx.customview:customview:1.0.0) with AarTransform
Transforming vectordrawable-animated-1.1.0.aar (androidx.vectordrawable:vectordrawable-animated:1.1.0) with ExtractAarTransform
Transforming vectordrawable-animated-1.1.0.aar (androidx.vectordrawable:vectordrawable-animated:1.1.0) with AarTransform
Transforming vectordrawable-1.1.0.aar (androidx.vectordrawable:vectordrawable:1.1.0) with ExtractAarTransform
Transforming vectordrawable-1.1.0.aar (androidx.vectordrawable:vectordrawable:1.1.0) with AarTransform
Transforming vectordrawable-1.1.0.aar (androidx.vectordrawable:vectordrawable:1.1.0) with ExtractAarTransform
Transforming vectordrawable-1.1.0.aar (androidx.vectordrawable:vectordrawable:1.1.0) with AarTransform
Transforming core-1.12.0.aar (androidx.core:core:1.12.0) with ExtractAarTransform
Transforming core-1.12.0.aar (androidx.core:core:1.12.0) with AarTransform
Transforming core-1.12.0.aar (androidx.core:core:1.12.0) with ExtractAarTransform
Transforming core-1.12.0.aar (androidx.core:core:1.12.0) with AarTransform
Transforming core-1.12.0.aar (androidx.core:core:1.12.0) with ExtractAarTransform
Transforming core-1.12.0.aar (androidx.core:core:1.12.0) with AarTransform
Transforming core-1.12.0.aar (androidx.core:core:1.12.0) with ExtractAarTransform
Transforming core-1.12.0.aar (androidx.core:core:1.12.0) with AarTransform
Transforming core-1.12.0.aar (androidx.core:core:1.12.0) with ExtractAarTransform
Transforming core-1.12.0.aar (androidx.core:core:1.12.0) with AarTransform
Transforming core-1.12.0.aar (androidx.core:core:1.12.0) with ExtractAarTransform
Transforming core-1.12.0.aar (androidx.core:core:1.12.0) with AarTransform
Transforming core-1.12.0.aar (androidx.core:core:1.12.0) with ExtractAarTransform
Transforming core-1.12.0.aar (androidx.core:core:1.12.0) with AarTransform
Transforming core-1.12.0.aar (androidx.core:core:1.12.0) with ExtractAarTransform
Transforming core-1.12.0.aar (androidx.core:core:1.12.0) with AarTransform
Transforming core-1.12.0.aar (androidx.core:core:1.12.0) with ExtractAarTransform
Transforming core-1.12.0.aar (androidx.core:core:1.12.0) with AarTransform
Transforming core-1.12.0.aar (androidx.core:core:1.12.0) with ExtractAarTransform
Transforming core-1.12.0.aar (androidx.core:core:1.12.0) with AarTransform
Transforming core-1.12.0.aar (androidx.core:core:1.12.0) with ExtractAarTransform
Transforming core-1.12.0.aar (androidx.core:core:1.12.0) with AarTransform
Transforming core-1.12.0.aar (androidx.core:core:1.12.0) with ExtractAarTransform
Transforming core-1.12.0.aar (androidx.core:core:1.12.0) with AarTransform
Transforming customview-poolingcontainer-1.0.0.aar (androidx.customview:customview-poolingcontainer:1.0.0) with ExtractAarTransform
Transforming customview-poolingcontainer-1.0.0.aar (androidx.customview:customview-poolingcontainer:1.0.0) with AarTransform
Transforming core-ktx-1.12.0.aar (androidx.core:core-ktx:1.12.0) with ExtractAarTransform
Transforming core-ktx-1.12.0.aar (androidx.core:core-ktx:1.12.0) with AarTransform
Transforming core-splashscreen-1.0.1.aar (androidx.core:core-splashscreen:1.0.1) with ExtractAarTransform
Transforming core-splashscreen-1.0.1.aar (androidx.core:core-splashscreen:1.0.1) with AarTransform
Transforming room-runtime-2.6.1.aar (androidx.room:room-runtime:2.6.1) with ExtractAarTransform
Transforming room-runtime-2.6.1.aar (androidx.room:room-runtime:2.6.1) with AarTransform
Transforming room-ktx-2.6.1.aar (androidx.room:room-ktx:2.6.1) with ExtractAarTransform
Transforming room-ktx-2.6.1.aar (androidx.room:room-ktx:2.6.1) with AarTransform
Transforming datastore-preferences-1.0.0.aar (androidx.datastore:datastore-preferences:1.0.0) with ExtractAarTransform
Transforming datastore-preferences-1.0.0.aar (androidx.datastore:datastore-preferences:1.0.0) with AarTransform
Transforming sqlite-framework-2.4.0.aar (androidx.sqlite:sqlite-framework:2.4.0) with ExtractAarTransform
Transforming sqlite-framework-2.4.0.aar (androidx.sqlite:sqlite-framework:2.4.0) with AarTransform
Transforming sqlite-2.4.0.aar (androidx.sqlite:sqlite:2.4.0) with ExtractAarTransform
Transforming sqlite-2.4.0.aar (androidx.sqlite:sqlite:2.4.0) with AarTransform
Transforming annotation-experimental-1.3.1.aar (androidx.annotation:annotation-experimental:1.3.1) with ExtractAarTransform
Transforming annotation-experimental-1.3.1.aar (androidx.annotation:annotation-experimental:1.3.1) with AarTransform
Transforming datastore-1.0.0.aar (androidx.datastore:datastore:1.0.0) with ExtractAarTransform
Transforming datastore-1.0.0.aar (androidx.datastore:datastore:1.0.0) with AarTransform
Transforming runtime-saveable-release.aar (androidx.compose.runtime:runtime-saveable-android:1.6.0) with ExtractAarTransform
Transforming runtime-saveable-release.aar (androidx.compose.runtime:runtime-saveable-android:1.6.0) with AarTransform
Transforming runtime-release.aar (androidx.compose.runtime:runtime-android:1.6.0) with ExtractAarTransform
Transforming runtime-release.aar (androidx.compose.runtime:runtime-android:1.6.0) with AarTransform
Transforming security-crypto-1.1.0-alpha06.aar (androidx.security:security-crypto:1.1.0-alpha06) with ExtractAarTransform
Transforming security-crypto-1.1.0-alpha06.aar (androidx.security:security-crypto:1.1.0-alpha06) with AarTransform
Transforming versionedparcelable-1.1.1.aar (androidx.versionedparcelable:versionedparcelable:1.1.1) with ExtractAarTransform
Transforming versionedparcelable-1.1.1.aar (androidx.versionedparcelable:versionedparcelable:1.1.1) with AarTransform
Transforming core-runtime-2.2.0.aar (androidx.arch.core:core-runtime:2.2.0) with ExtractAarTransform
Transforming core-runtime-2.2.0.aar (androidx.arch.core:core-runtime:2.2.0) with AarTransform
Transforming exifinterface-1.3.2.aar (androidx.exifinterface:exifinterface:1.3.2) with ExtractAarTransform
Transforming exifinterface-1.3.2.aar (androidx.exifinterface:exifinterface:1.3.2) with AarTransform
Transforming exifinterface-1.3.2.aar (androidx.exifinterface:exifinterface:1.3.2) with ExtractAarTransform
Transforming exifinterface-1.3.2.aar (androidx.exifinterface:exifinterface:1.3.2) with AarTransform
Transforming interpolator-1.0.0.aar (androidx.interpolator:interpolator:1.0.0) with ExtractAarTransform
Transforming interpolator-1.0.0.aar (androidx.interpolator:interpolator:1.0.0) with AarTransform
Transforming interpolator-1.0.0.aar (androidx.interpolator:interpolator:1.0.0) with ExtractAarTransform
Transforming interpolator-1.0.0.aar (androidx.interpolator:interpolator:1.0.0) with AarTransform
Transforming profileinstaller-1.3.0.aar (androidx.profileinstaller:profileinstaller:1.3.0) with ExtractAarTransform
Transforming profileinstaller-1.3.0.aar (androidx.profileinstaller:profileinstaller:1.3.0) with AarTransform
Transforming transport-backend-cct-3.1.8.aar (com.google.android.datatransport:transport-backend-cct:3.1.8) with ExtractAarTransform
Transforming transport-backend-cct-3.1.8.aar (com.google.android.datatransport:transport-backend-cct:3.1.8) with AarTransform
Transforming transport-backend-cct-3.1.8.aar (com.google.android.datatransport:transport-backend-cct:3.1.8) with ExtractAarTransform
Transforming transport-backend-cct-3.1.8.aar (com.google.android.datatransport:transport-backend-cct:3.1.8) with AarTransform
Transforming transport-backend-cct-3.1.8.aar (com.google.android.datatransport:transport-backend-cct:3.1.8) with ExtractAarTransform
Transforming transport-backend-cct-3.1.8.aar (com.google.android.datatransport:transport-backend-cct:3.1.8) with AarTransform
Transforming transport-backend-cct-3.1.8.aar (com.google.android.datatransport:transport-backend-cct:3.1.8) with ExtractAarTransform
Transforming transport-backend-cct-3.1.8.aar (com.google.android.datatransport:transport-backend-cct:3.1.8) with AarTransform
Transforming transport-backend-cct-3.1.8.aar (com.google.android.datatransport:transport-backend-cct:3.1.8) with ExtractAarTransform
Transforming transport-backend-cct-3.1.8.aar (com.google.android.datatransport:transport-backend-cct:3.1.8) with AarTransform
Transforming transport-runtime-3.1.8.aar (com.google.android.datatransport:transport-runtime:3.1.8) with ExtractAarTransform
Transforming transport-runtime-3.1.8.aar (com.google.android.datatransport:transport-runtime:3.1.8) with AarTransform
Transforming transport-runtime-3.1.8.aar (com.google.android.datatransport:transport-runtime:3.1.8) with ExtractAarTransform
Transforming transport-runtime-3.1.8.aar (com.google.android.datatransport:transport-runtime:3.1.8) with AarTransform
Transforming transport-runtime-3.1.8.aar (com.google.android.datatransport:transport-runtime:3.1.8) with ExtractAarTransform
Transforming transport-runtime-3.1.8.aar (com.google.android.datatransport:transport-runtime:3.1.8) with AarTransform
Transforming transport-runtime-3.1.8.aar (com.google.android.datatransport:transport-runtime:3.1.8) with ExtractAarTransform
Transforming transport-runtime-3.1.8.aar (com.google.android.datatransport:transport-runtime:3.1.8) with AarTransform
Transforming transport-runtime-3.1.8.aar (com.google.android.datatransport:transport-runtime:3.1.8) with ExtractAarTransform
Transforming transport-runtime-3.1.8.aar (com.google.android.datatransport:transport-runtime:3.1.8) with AarTransform
Transforming transport-runtime-3.1.8.aar (com.google.android.datatransport:transport-runtime:3.1.8) with ExtractAarTransform
Transforming transport-runtime-3.1.8.aar (com.google.android.datatransport:transport-runtime:3.1.8) with AarTransform
Transforming transport-api-3.0.0.aar (com.google.android.datatransport:transport-api:3.0.0) with ExtractAarTransform
Transforming transport-api-3.0.0.aar (com.google.android.datatransport:transport-api:3.0.0) with AarTransform
Transforming transport-api-3.0.0.aar (com.google.android.datatransport:transport-api:3.0.0) with ExtractAarTransform
Transforming transport-api-3.0.0.aar (com.google.android.datatransport:transport-api:3.0.0) with AarTransform
Transforming transport-api-3.0.0.aar (com.google.android.datatransport:transport-api:3.0.0) with ExtractAarTransform
Transforming transport-api-3.0.0.aar (com.google.android.datatransport:transport-api:3.0.0) with AarTransform
Transforming transport-api-3.0.0.aar (com.google.android.datatransport:transport-api:3.0.0) with ExtractAarTransform
Transforming transport-api-3.0.0.aar (com.google.android.datatransport:transport-api:3.0.0) with AarTransform
Transforming transport-api-3.0.0.aar (com.google.android.datatransport:transport-api:3.0.0) with ExtractAarTransform
Transforming transport-api-3.0.0.aar (com.google.android.datatransport:transport-api:3.0.0) with AarTransform
Transforming transport-api-3.0.0.aar (com.google.android.datatransport:transport-api:3.0.0) with ExtractAarTransform
Transforming transport-api-3.0.0.aar (com.google.android.datatransport:transport-api:3.0.0) with AarTransform
Transforming transport-api-3.0.0.aar (com.google.android.datatransport:transport-api:3.0.0) with ExtractAarTransform
Transforming transport-api-3.0.0.aar (com.google.android.datatransport:transport-api:3.0.0) with AarTransform
Transforming startup-runtime-1.1.1.aar (androidx.startup:startup-runtime:1.1.1) with ExtractAarTransform
Transforming startup-runtime-1.1.1.aar (androidx.startup:startup-runtime:1.1.1) with AarTransform
Transforming cursoradapter-1.0.0.aar (androidx.cursoradapter:cursoradapter:1.0.0) with ExtractAarTransform
Transforming cursoradapter-1.0.0.aar (androidx.cursoradapter:cursoradapter:1.0.0) with AarTransform
Transforming firebase-components-16.1.0.aar (com.google.firebase:firebase-components:16.1.0) with ExtractAarTransform
Transforming firebase-components-16.1.0.aar (com.google.firebase:firebase-components:16.1.0) with AarTransform
Transforming firebase-components-16.1.0.aar (com.google.firebase:firebase-components:16.1.0) with ExtractAarTransform
Transforming firebase-components-16.1.0.aar (com.google.firebase:firebase-components:16.1.0) with AarTransform
Transforming firebase-components-16.1.0.aar (com.google.firebase:firebase-components:16.1.0) with ExtractAarTransform
Transforming firebase-components-16.1.0.aar (com.google.firebase:firebase-components:16.1.0) with AarTransform
Transforming firebase-components-16.1.0.aar (com.google.firebase:firebase-components:16.1.0) with ExtractAarTransform
Transforming firebase-components-16.1.0.aar (com.google.firebase:firebase-components:16.1.0) with AarTransform
Transforming tracing-1.0.0.aar (androidx.tracing:tracing:1.0.0) with ExtractAarTransform
Transforming tracing-1.0.0.aar (androidx.tracing:tracing:1.0.0) with AarTransform
Transforming firebase-encoders-json-18.0.0.aar (com.google.firebase:firebase-encoders-json:18.0.0) with ExtractAarTransform
Transforming firebase-encoders-json-18.0.0.aar (com.google.firebase:firebase-encoders-json:18.0.0) with AarTransform
Transforming firebase-encoders-json-18.0.0.aar (com.google.firebase:firebase-encoders-json:18.0.0) with ExtractAarTransform
Transforming firebase-encoders-json-18.0.0.aar (com.google.firebase:firebase-encoders-json:18.0.0) with AarTransform
Transforming firebase-encoders-json-18.0.0.aar (com.google.firebase:firebase-encoders-json:18.0.0) with ExtractAarTransform
Transforming firebase-encoders-json-18.0.0.aar (com.google.firebase:firebase-encoders-json:18.0.0) with AarTransform
Transforming firebase-encoders-json-18.0.0.aar (com.google.firebase:firebase-encoders-json:18.0.0) with ExtractAarTransform
Transforming firebase-encoders-json-18.0.0.aar (com.google.firebase:firebase-encoders-json:18.0.0) with AarTransform
Transforming firebase-encoders-json-18.0.0.aar (com.google.firebase:firebase-encoders-json:18.0.0) with ExtractAarTransform
Transforming firebase-encoders-json-18.0.0.aar (com.google.firebase:firebase-encoders-json:18.0.0) with AarTransform
Transforming tensorflow-lite-support-0.4.4.aar (org.tensorflow:tensorflow-lite-support:0.4.4) with ExtractAarTransform
Transforming tensorflow-lite-support-0.4.4.aar (org.tensorflow:tensorflow-lite-support:0.4.4) with AarTransform
Transforming tensorflow-lite-2.14.0.aar (org.tensorflow:tensorflow-lite:2.14.0) with ExtractAarTransform
Transforming tensorflow-lite-2.14.0.aar (org.tensorflow:tensorflow-lite:2.14.0) with AarTransform
Transforming tensorflow-lite-gpu-2.14.0.aar (org.tensorflow:tensorflow-lite-gpu:2.14.0) with ExtractAarTransform
Transforming tensorflow-lite-gpu-2.14.0.aar (org.tensorflow:tensorflow-lite-gpu:2.14.0) with AarTransform
Transforming dagger-lint-aar-2.50.aar (com.google.dagger:dagger-lint-aar:2.50) with ExtractAarTransform
Transforming dagger-lint-aar-2.50.aar (com.google.dagger:dagger-lint-aar:2.50) with AarTransform
Transforming tensorflow-lite-support-api-0.4.4.aar (org.tensorflow:tensorflow-lite-support-api:0.4.4) with ExtractAarTransform
Transforming tensorflow-lite-support-api-0.4.4.aar (org.tensorflow:tensorflow-lite-support-api:0.4.4) with AarTransform
Transforming tensorflow-lite-api-2.14.0.aar (org.tensorflow:tensorflow-lite-api:2.14.0) with ExtractAarTransform
Transforming tensorflow-lite-api-2.14.0.aar (org.tensorflow:tensorflow-lite-api:2.14.0) with AarTransform
Transforming image-1.0.0-beta1.aar (com.google.android.odml:image:1.0.0-beta1) with ExtractAarTransform
Transforming image-1.0.0-beta1.aar (com.google.android.odml:image:1.0.0-beta1) with AarTransform
Transforming image-1.0.0-beta1.aar (com.google.android.odml:image:1.0.0-beta1) with ExtractAarTransform
Transforming image-1.0.0-beta1.aar (com.google.android.odml:image:1.0.0-beta1) with AarTransform
Transforming image-1.0.0-beta1.aar (com.google.android.odml:image:1.0.0-beta1) with ExtractAarTransform
Transforming image-1.0.0-beta1.aar (com.google.android.odml:image:1.0.0-beta1) with AarTransform
Transforming image-1.0.0-beta1.aar (com.google.android.odml:image:1.0.0-beta1) with ExtractAarTransform
Transforming image-1.0.0-beta1.aar (com.google.android.odml:image:1.0.0-beta1) with AarTransform
Build cache key for task ':app:mergeDebugAssets' is 90a5559ab19564d65223128fdd08620d
Task ':app:mergeDebugAssets' is not up-to-date because:
  Output property 'outputDir' file C:\Users\Administrator\Desktop\new app - Copy - Copy\nsfw-shield\app\build\intermediates\assets\debug has been removed.
  Output property 'outputDir' file C:\Users\Administrator\Desktop\new app - Copy - Copy\nsfw-shield\app\build\intermediates\assets\debug\mlkit-google-ocr-models has been removed.
  Output property 'outputDir' file C:\Users\Administrator\Desktop\new app - Copy - Copy\nsfw-shield\app\build\intermediates\assets\debug\mlkit-google-ocr-models\aksara has been removed.
  and more...
  and more...
  and more...
  and more...
  and more...
  and more...
  and more...
  and more...
  and more...
  and more...
  and more...
Loaded cache entry for task ':app:mergeDebugAssets' with cache key 90a5559ab19564d65223128fdd08620d
Resolve mutations for :app:compressDebugAssets (Thread[#61,Execution worker Thread 3,5,main]) started.
:app:compressDebugAssets (Thread[#61,Execution worker Thread 3,5,main]) started.

> Task :app:compressDebugAssets FROM-CACHE
Build cache key for task ':app:compressDebugAssets' is e05aba26f8ec98ba7788bb295699616d
Task ':app:compressDebugAssets' is not up-to-date because:
  Output property 'outputDir' file C:\Users\Administrator\Desktop\new app - Copy - Copy\nsfw-shield\app\build\intermediates\compressed_assets\debug\out has been removed.
  Output property 'outputDir' file C:\Users\Administrator\Desktop\new app - Copy - Copy\nsfw-shield\app\build\intermediates\compressed_assets\debug\out\assets has been removed.
  Output property 'outputDir' file C:\Users\Administrator\Desktop\new app - Copy - Copy\nsfw-shield\app\build\intermediates\compressed_assets\debug\out\assets\mlkit-google-ocr-models has been removed.
  and more...
  and more...
  and more...
  and more...
  and more...
  and more...
  and more...
  and more...
  and more...
  and more...
Loaded cache entry for task ':app:compressDebugAssets' with cache key e05aba26f8ec98ba7788bb295699616d
Resolve mutations for :app:desugarDebugFileDependencies (Thread[#61,Execution worker Thread 3,5,main]) started.
:app:desugarDebugFileDependencies (Thread[#61,Execution worker Thread 3,5,main]) started.

> Task :app:desugarDebugFileDependencies FROM-CACHE
Build cache key for task ':app:desugarDebugFileDependencies' is 9fd82e1a976de5fb08b9a86a0c0c5cfd
Task ':app:desugarDebugFileDependencies' is not up-to-date because:
  Output property 'outputDirectory' file C:\Users\Administrator\Desktop\new app - Copy - Copy\nsfw-shield\app\build\intermediates\external_file_lib_dex_archives\debug has been removed.
  Output property 'outputGlobalSynthetics' file C:\Users\Administrator\Desktop\new app - Copy - Copy\nsfw-shield\app\build\intermediates\global_synthetics_file_lib\debug has been removed.
Loaded cache entry for task ':app:desugarDebugFileDependencies' with cache key 9fd82e1a976de5fb08b9a86a0c0c5cfd
Resolve mutations for :app:checkDebugDuplicateClasses (Thread[#61,Execution worker Thread 3,5,main]) started.
:app:checkDebugDuplicateClasses (Thread[#61,Execution worker Thread 3,5,main]) started.
Resolve mutations for :app:mergeDebugJniLibFolders (Thread[#60,Execution worker Thread 2,5,main]) started.
:app:mergeDebugJniLibFolders (Thread[#60,Execution worker Thread 2,5,main]) started.

> Task :app:mergeDebugJniLibFolders FROM-CACHE
Build cache key for task ':app:mergeDebugJniLibFolders' is 863233bc18c796cf64d282515eff2b2a
Task ':app:mergeDebugJniLibFolders' is not up-to-date because:
  Output property 'outputDir' file C:\Users\Administrator\Desktop\new app - Copy - Copy\nsfw-shield\app\build\intermediates\merged_jni_libs\debug\out has been removed.
Loaded cache entry for task ':app:mergeDebugJniLibFolders' with cache key 863233bc18c796cf64d282515eff2b2a
Resolve mutations for :app:mergeDebugNativeLibs (Thread[#59,Execution worker,5,main]) started.
:app:mergeDebugNativeLibs (Thread[#59,Execution worker,5,main]) started.

> Task :app:compileDebugKotlin
Transforming R.jar with ClasspathEntrySnapshotTransform
Transforming hilt-navigation-compose-1.1.0-api.jar with ClasspathEntrySnapshotTransform
Transforming hilt-navigation-1.1.0-api.jar with ClasspathEntrySnapshotTransform
Transforming navigation-common-2.7.6-api.jar with ClasspathEntrySnapshotTransform
Transforming navigation-runtime-2.7.6-api.jar with ClasspathEntrySnapshotTransform
Transforming navigation-common-ktx-2.7.6-api.jar with ClasspathEntrySnapshotTransform
Transforming navigation-runtime-ktx-2.7.6-api.jar with ClasspathEntrySnapshotTransform
Transforming navigation-compose-2.7.6-api.jar with ClasspathEntrySnapshotTransform
Transforming activity-ktx-1.8.2-api.jar with ClasspathEntrySnapshotTransform
Transforming activity-compose-1.8.2-api.jar with ClasspathEntrySnapshotTransform
Transforming material3-1.1.2-api.jar with ClasspathEntrySnapshotTransform
Transforming material-icons-core-release-api.jar with ClasspathEntrySnapshotTransform
Transforming material-icons-extended-release-api.jar with ClasspathEntrySnapshotTransform
Transforming material-ripple-release-api.jar with ClasspathEntrySnapshotTransform
Transforming foundation-layout-release-api.jar with ClasspathEntrySnapshotTransform
Transforming foundation-release-api.jar with ClasspathEntrySnapshotTransform
Transforming animation-core-release-api.jar with ClasspathEntrySnapshotTransform
Transforming animation-release-api.jar with ClasspathEntrySnapshotTransform
Transforming ui-util-release-api.jar with ClasspathEntrySnapshotTransform
Transforming ui-unit-release-api.jar with ClasspathEntrySnapshotTransform
Transforming ui-geometry-release-api.jar with ClasspathEntrySnapshotTransform
Transforming ui-tooling-data-release-api.jar with ClasspathEntrySnapshotTransform
Transforming ui-text-release-api.jar with ClasspathEntrySnapshotTransform
Transforming ui-tooling-preview-release-api.jar with ClasspathEntrySnapshotTransform
Transforming ui-graphics-release-api.jar with ClasspathEntrySnapshotTransform
Transforming ui-release-api.jar with ClasspathEntrySnapshotTransform
Transforming ui-tooling-release-api.jar with ClasspathEntrySnapshotTransform
Transforming ui-test-manifest-1.6.0-api.jar with ClasspathEntrySnapshotTransform
Transforming hilt-work-1.1.0-api.jar with ClasspathEntrySnapshotTransform
Transforming hilt-android-2.50-api.jar with ClasspathEntrySnapshotTransform
Transforming text-recognition-16.0.0-api.jar with ClasspathEntrySnapshotTransform
Transforming billing-ktx-6.1.0-api.jar with ClasspathEntrySnapshotTransform
Transforming billing-6.1.0-api.jar with ClasspathEntrySnapshotTransform
Transforming play-services-mlkit-text-recognition-19.0.0-api.jar with ClasspathEntrySnapshotTransform
Transforming barcode-scanning-17.2.0-api.jar with ClasspathEntrySnapshotTransform
Transforming text-recognition-bundled-common-16.0.0-api.jar with ClasspathEntrySnapshotTransform
Transforming play-services-mlkit-barcode-scanning-18.3.0-api.jar with ClasspathEntrySnapshotTransform
Transforming barcode-scanning-common-17.0.0-api.jar with ClasspathEntrySnapshotTransform
Transforming play-services-mlkit-text-recognition-common-19.0.0-api.jar with ClasspathEntrySnapshotTransform
Transforming vision-common-17.3.0-api.jar with ClasspathEntrySnapshotTransform
Transforming common-18.9.0-api.jar with ClasspathEntrySnapshotTransform
Transforming play-services-location-19.0.0-api.jar with ClasspathEntrySnapshotTransform
Transforming play-services-base-18.1.0-api.jar with ClasspathEntrySnapshotTransform
Transforming vision-interfaces-16.2.0-api.jar with ClasspathEntrySnapshotTransform
Transforming play-services-tasks-18.0.2-api.jar with ClasspathEntrySnapshotTransform
Transforming play-services-places-placereport-17.0.0-api.jar with ClasspathEntrySnapshotTransform
Transforming play-services-basement-18.1.0-api.jar with ClasspathEntrySnapshotTransform
Transforming fragment-1.5.1-api.jar with ClasspathEntrySnapshotTransform
Transforming activity-1.8.2-api.jar with ClasspathEntrySnapshotTransform
Transforming camera-video-1.3.1-api.jar with ClasspathEntrySnapshotTransform
Transforming camera-view-1.3.1-api.jar with ClasspathEntrySnapshotTransform
Transforming camera-lifecycle-1.3.1-api.jar with ClasspathEntrySnapshotTransform
Transforming camera-camera2-1.3.1-api.jar with ClasspathEntrySnapshotTransform
Transforming camera-core-1.3.1-api.jar with ClasspathEntrySnapshotTransform
Transforming loader-1.0.0-api.jar with ClasspathEntrySnapshotTransform
Transforming viewpager-1.0.0-api.jar with ClasspathEntrySnapshotTransform
Transforming customview-1.0.0-api.jar with ClasspathEntrySnapshotTransform
Transforming core-1.12.0-api.jar with ClasspathEntrySnapshotTransform
Transforming work-runtime-ktx-2.9.0-api.jar with ClasspathEntrySnapshotTransform
Transforming work-runtime-2.9.0-api.jar with ClasspathEntrySnapshotTransform
Transforming lifecycle-livedata-core-ktx-2.7.0-api.jar with ClasspathEntrySnapshotTransform
Transforming lifecycle-livedata-core-2.7.0-api.jar with ClasspathEntrySnapshotTransform
Transforming lifecycle-livedata-2.7.0-api.jar with ClasspathEntrySnapshotTransform
Transforming lifecycle-common-2.7.0.jar with ClasspathEntrySnapshotTransform
Transforming lifecycle-viewmodel-2.7.0-api.jar with ClasspathEntrySnapshotTransform
Transforming lifecycle-viewmodel-ktx-2.7.0-api.jar with ClasspathEntrySnapshotTransform
Transforming lifecycle-common-java8-2.7.0.jar with ClasspathEntrySnapshotTransform
Transforming lifecycle-runtime-2.7.0-api.jar with ClasspathEntrySnapshotTransform
Transforming lifecycle-runtime-ktx-2.7.0-api.jar with ClasspathEntrySnapshotTransform
Transforming lifecycle-viewmodel-compose-2.7.0-api.jar with ClasspathEntrySnapshotTransform
Transforming lifecycle-viewmodel-savedstate-2.7.0-api.jar with ClasspathEntrySnapshotTransform
Transforming core-ktx-1.12.0-api.jar with ClasspathEntrySnapshotTransform
Transforming core-splashscreen-1.0.1-api.jar with ClasspathEntrySnapshotTransform
Transforming room-common-2.6.1.jar with ClasspathEntrySnapshotTransform
Transforming room-runtime-2.6.1-api.jar with ClasspathEntrySnapshotTransform
Transforming room-ktx-2.6.1-api.jar with ClasspathEntrySnapshotTransform
Transforming datastore-preferences-1.0.0-api.jar with ClasspathEntrySnapshotTransform
Transforming annotation-experimental-1.3.1-api.jar with ClasspathEntrySnapshotTransform
Transforming savedstate-ktx-1.2.1-api.jar with ClasspathEntrySnapshotTransform
Transforming savedstate-1.2.1-api.jar with ClasspathEntrySnapshotTransform
Transforming datastore-1.0.0-api.jar with ClasspathEntrySnapshotTransform
Transforming datastore-preferences-core-1.0.0.jar with ClasspathEntrySnapshotTransform
Transforming runtime-saveable-release-api.jar with ClasspathEntrySnapshotTransform
Transforming runtime-release-api.jar with ClasspathEntrySnapshotTransform
Transforming datastore-core-1.0.0.jar with ClasspathEntrySnapshotTransform
Transforming kotlinx-coroutines-core-jvm-1.7.3.jar with ClasspathEntrySnapshotTransform
Transforming kotlinx-coroutines-android-1.7.3.jar with ClasspathEntrySnapshotTransform
Transforming kotlin-stdlib-jdk8-1.8.22.jar with ClasspathEntrySnapshotTransform
Transforming security-crypto-1.1.0-alpha06-api.jar with ClasspathEntrySnapshotTransform
Transforming sqlite-framework-2.4.0-api.jar with ClasspathEntrySnapshotTransform
Transforming sqlite-2.4.0-api.jar with ClasspathEntrySnapshotTransform
Transforming versionedparcelable-1.1.1-api.jar with ClasspathEntrySnapshotTransform
Transforming core-runtime-2.2.0-api.jar with ClasspathEntrySnapshotTransform
Transforming core-common-2.2.0.jar with ClasspathEntrySnapshotTransform
Transforming transport-backend-cct-3.1.8-api.jar with ClasspathEntrySnapshotTransform
Transforming transport-runtime-3.1.8-api.jar with ClasspathEntrySnapshotTransform
Transforming transport-api-3.0.0-api.jar with ClasspathEntrySnapshotTransform
Transforming firebase-components-16.1.0-api.jar with ClasspathEntrySnapshotTransform
Transforming firebase-encoders-json-18.0.0-api.jar with ClasspathEntrySnapshotTransform
Transforming firebase-encoders-proto-16.0.0.jar with ClasspathEntrySnapshotTransform
Transforming firebase-encoders-17.0.0.jar with ClasspathEntrySnapshotTransform
Transforming exifinterface-1.3.2-api.jar with ClasspathEntrySnapshotTransform
Transforming collection-jvm-1.4.0.jar with ClasspathEntrySnapshotTransform
Transforming annotation-jvm-1.7.0.jar with ClasspathEntrySnapshotTransform
Transforming kotlin-stdlib-jdk7-1.8.22.jar with ClasspathEntrySnapshotTransform
Transforming kotlin-stdlib-1.9.22.jar with ClasspathEntrySnapshotTransform
Transforming annotations-23.0.0.jar with ClasspathEntrySnapshotTransform
Transforming listenablefuture-1.0.jar with ClasspathEntrySnapshotTransform
Transforming startup-runtime-1.1.1-api.jar with ClasspathEntrySnapshotTransform
Transforming hilt-core-2.50.jar with ClasspathEntrySnapshotTransform
Transforming dagger-2.50.jar with ClasspathEntrySnapshotTransform
Transforming javax.inject-1.jar with ClasspathEntrySnapshotTransform
Transforming dagger-lint-aar-2.50-api.jar with ClasspathEntrySnapshotTransform
Transforming jsr305-3.0.2.jar with ClasspathEntrySnapshotTransform
Transforming tensorflow-lite-support-0.4.4-api.jar with ClasspathEntrySnapshotTransform
Transforming tensorflow-lite-2.14.0-api.jar with ClasspathEntrySnapshotTransform
Transforming tensorflow-lite-gpu-2.14.0-api.jar with ClasspathEntrySnapshotTransform
Transforming tensorflow-lite-support-api-0.4.4-api.jar with ClasspathEntrySnapshotTransform
Transforming tensorflow-lite-api-2.14.0-api.jar with ClasspathEntrySnapshotTransform
Transforming checker-qual-2.5.8.jar with ClasspathEntrySnapshotTransform
Transforming image-1.0.0-beta1-api.jar with ClasspathEntrySnapshotTransform
Transforming hilt-common-1.1.0.jar with ClasspathEntrySnapshotTransform
Transforming firebase-annotations-16.0.0.jar with ClasspathEntrySnapshotTransform
Transforming core-3.5.3.jar with ClasspathEntrySnapshotTransform
Transforming android.jar with ClasspathEntrySnapshotTransform
Transforming core-lambda-stubs.jar with ClasspathEntrySnapshotTransform
Build cache key for task ':app:compileDebugKotlin' is 80ddc47b8280440eeb724cbf98c5a347
Task ':app:compileDebugKotlin' is not up-to-date because:
  Output property 'classpathSnapshotProperties.classpathSnapshotDir' file C:\Users\Administrator\Desktop\new app - Copy - Copy\nsfw-shield\app\build\kotlin\compileDebugKotlin\classpath-snapshot has been removed.
  Output property 'classpathSnapshotProperties.classpathSnapshotDir' file C:\Users\Administrator\Desktop\new app - Copy - Copy\nsfw-shield\app\build\kotlin\compileDebugKotlin\classpath-snapshot\shrunk-classpath-snapshot.bin has been removed.
  Output property 'destinationDirectory' file C:\Users\Administrator\Desktop\new app - Copy - Copy\nsfw-shield\app\build\tmp\kotlin-classes\debug has been removed.
  and more...
  and more...
  and more...
The input changes require a full rebuild for incremental task ':app:compileDebugKotlin'.
file or directory 'C:\Users\Administrator\Desktop\new app - Copy - Copy\nsfw-shield\app\src\debug\kotlin', not found
file or directory 'C:\Users\Administrator\Desktop\new app - Copy - Copy\nsfw-shield\app\src\debug\kotlin', not found
file or directory 'C:\Users\Administrator\Desktop\new app - Copy - Copy\nsfw-shield\app\src\debug\java', not found
file or directory 'C:\Users\Administrator\Desktop\new app - Copy - Copy\nsfw-shield\app\src\debug\kotlin', not found
file or directory 'C:\Users\Administrator\Desktop\new app - Copy - Copy\nsfw-shield\app\src\debug\java', not found
file or directory 'C:\Users\Administrator\Desktop\new app - Copy - Copy\nsfw-shield\app\src\main\kotlin', not found
file or directory 'C:\Users\Administrator\Desktop\new app - Copy - Copy\nsfw-shield\app\src\main\kotlin', not found
file or directory 'C:\Users\Administrator\Desktop\new app - Copy - Copy\nsfw-shield\app\src\main\kotlin', not found
file or directory 'C:\Users\Administrator\Desktop\new app - Copy - Copy\nsfw-shield\app\src\debug\java', not found
file or directory 'C:\Users\Administrator\Desktop\new app - Copy - Copy\nsfw-shield\app\src\debug\kotlin', not found
file or directory 'C:\Users\Administrator\Desktop\new app - Copy - Copy\nsfw-shield\app\src\debug\kotlin', not found
file or directory 'C:\Users\Administrator\Desktop\new app - Copy - Copy\nsfw-shield\app\src\debug\java', not found
file or directory 'C:\Users\Administrator\Desktop\new app - Copy - Copy\nsfw-shield\app\src\debug\kotlin', not found
file or directory 'C:\Users\Administrator\Desktop\new app - Copy - Copy\nsfw-shield\app\src\debug\java', not found
file or directory 'C:\Users\Administrator\Desktop\new app - Copy - Copy\nsfw-shield\app\src\main\kotlin', not found
file or directory 'C:\Users\Administrator\Desktop\new app - Copy - Copy\nsfw-shield\app\src\main\kotlin', not found
file or directory 'C:\Users\Administrator\Desktop\new app - Copy - Copy\nsfw-shield\app\src\debug\kotlin', not found
file or directory 'C:\Users\Administrator\Desktop\new app - Copy - Copy\nsfw-shield\app\src\debug\kotlin', not found
file or directory 'C:\Users\Administrator\Desktop\new app - Copy - Copy\nsfw-shield\app\src\debug\java', not found
file or directory 'C:\Users\Administrator\Desktop\new app - Copy - Copy\nsfw-shield\app\src\debug\kotlin', not found
file or directory 'C:\Users\Administrator\Desktop\new app - Copy - Copy\nsfw-shield\app\src\debug\java', not found
file or directory 'C:\Users\Administrator\Desktop\new app - Copy - Copy\nsfw-shield\app\src\main\kotlin', not found
file or directory 'C:\Users\Administrator\Desktop\new app - Copy - Copy\nsfw-shield\app\src\main\kotlin', not found
file or directory 'C:\Users\Administrator\Desktop\new app - Copy - Copy\nsfw-shield\app\src\main\kotlin', not found
file or directory 'C:\Users\Administrator\Desktop\new app - Copy - Copy\nsfw-shield\app\src\debug\java', not found
file or directory 'C:\Users\Administrator\Desktop\new app - Copy - Copy\nsfw-shield\app\src\debug\kotlin', not found
file or directory 'C:\Users\Administrator\Desktop\new app - Copy - Copy\nsfw-shield\app\src\debug\kotlin', not found
file or directory 'C:\Users\Administrator\Desktop\new app - Copy - Copy\nsfw-shield\app\src\debug\java', not found
file or directory 'C:\Users\Administrator\Desktop\new app - Copy - Copy\nsfw-shield\app\src\debug\kotlin', not found
file or directory 'C:\Users\Administrator\Desktop\new app - Copy - Copy\nsfw-shield\app\src\debug\java', not found
file or directory 'C:\Users\Administrator\Desktop\new app - Copy - Copy\nsfw-shield\app\src\main\kotlin', not found
file or directory 'C:\Users\Administrator\Desktop\new app - Copy - Copy\nsfw-shield\app\src\main\kotlin', not found
file or directory 'C:\Users\Administrator\Desktop\new app - Copy - Copy\nsfw-shield\app\src\main\kotlin', not found
file or directory 'C:\Users\Administrator\Desktop\new app - Copy - Copy\nsfw-shield\app\src\debug\java', not found
file or directory 'C:\Users\Administrator\Desktop\new app - Copy - Copy\nsfw-shield\app\src\debug\kotlin', not found
file or directory 'C:\Users\Administrator\Desktop\new app - Copy - Copy\nsfw-shield\app\src\debug\kotlin', not found
file or directory 'C:\Users\Administrator\Desktop\new app - Copy - Copy\nsfw-shield\app\src\debug\java', not found
file or directory 'C:\Users\Administrator\Desktop\new app - Copy - Copy\nsfw-shield\app\src\debug\kotlin', not found
file or directory 'C:\Users\Administrator\Desktop\new app - Copy - Copy\nsfw-shield\app\src\debug\java', not found
file or directory 'C:\Users\Administrator\Desktop\new app - Copy - Copy\nsfw-shield\app\src\main\kotlin', not found
file or directory 'C:\Users\Administrator\Desktop\new app - Copy - Copy\nsfw-shield\app\src\main\kotlin', not found
file or directory 'C:\Users\Administrator\Desktop\new app - Copy - Copy\nsfw-shield\app\src\main\kotlin', not found
file or directory 'C:\Users\Administrator\Desktop\new app - Copy - Copy\nsfw-shield\app\src\debug\java', not found
Kotlin source files: C:\Users\Administrator\Desktop\new app - Copy - Copy\nsfw-shield\app\src\main\java\com\nsfwshield\app\core\detection\AudioHandler.kt, C:\Users\Administrator\Desktop\new app - Copy - Copy\nsfw-shield\app\src\main\java\com\nsfwshield\app\core\detection\ContextRescorer.kt, C:\Users\Administrator\Desktop\new app - Copy - Copy\nsfw-shield\app\src\main\java\com\nsfwshield\app\core\detection\DecisionEngine.kt, C:\Users\Administrator\Desktop\new app - Copy - Copy\nsfw-shield\app\src\main\java\com\nsfwshield\app\core\detection\DetectionResult.kt, C:\Users\Administrator\Desktop\new app - Copy - Copy\nsfw-shield\app\src\main\java\com\nsfwshield\app\core\detection\ImageClassifier.kt, C:\Users\Administrator\Desktop\new app - Copy - Copy\nsfw-shield\app\src\main\java\com\nsfwshield\app\core\detection\TextClassifier.kt, C:\Users\Administrator\Desktop\new app - Copy - Copy\nsfw-shield\app\src\main\java\com\nsfwshield\app\core\detection\VideoHandler.kt, C:\Users\Administrator\Desktop\new app - Copy - Copy\nsfw-shield\app\src\main\java\com\nsfwshield\app\core\logging\ActivityLogger.kt, C:\Users\Administrator\Desktop\new app - Copy - Copy\nsfw-shield\app\src\main\java\com\nsfwshield\app\core\logging\EncryptedLogStore.kt, C:\Users\Administrator\Desktop\new app - Copy - Copy\nsfw-shield\app\src\main\java\com\nsfwshield\app\core\PermissionUtils.kt, C:\Users\Administrator\Desktop\new app - Copy - Copy\nsfw-shield\app\src\main\java\com\nsfwshield\app\core\profiles\FilterProfile.kt, C:\Users\Administrator\Desktop\new app - Copy - Copy\nsfw-shield\app\src\main\java\com\nsfwshield\app\core\profiles\ProfileManager.kt, C:\Users\Administrator\Desktop\new app - Copy - Copy\nsfw-shield\app\src\main\java\com\nsfwshield\app\core\ProtectionManager.kt, C:\Users\Administrator\Desktop\new app - Copy - Copy\nsfw-shield\app\src\main\java\com\nsfwshield\app\data\ActivityLogDao.kt, C:\Users\Administrator\Desktop\new app - Copy - Copy\nsfw-shield\app\src\main\java\com\nsfwshield\app\data\AppDatabase.kt, C:\Users\Administrator\Desktop\new app - Copy - Copy\nsfw-shield\app\src\main\java\com\nsfwshield\app\data\BlockedDomainDao.kt, C:\Users\Administrator\Desktop\new app - Copy - Copy\nsfw-shield\app\src\main\java\com\nsfwshield\app\data\ProfileDao.kt, C:\Users\Administrator\Desktop\new app - Copy - Copy\nsfw-shield\app\src\main\java\com\nsfwshield\app\data\SettingsRepository.kt, C:\Users\Administrator\Desktop\new app - Copy - Copy\nsfw-shield\app\src\main\java\com\nsfwshield\app\MainActivity.kt, C:\Users\Administrator\Desktop\new app - Copy - Copy\nsfw-shield\app\src\main\java\com\nsfwshield\app\monitoring\AppActivityTracker.kt, C:\Users\Administrator\Desktop\new app - Copy - Copy\nsfw-shield\app\src\main\java\com\nsfwshield\app\monitoring\BlurOverlayManager.kt, C:\Users\Administrator\Desktop\new app - Copy - Copy\nsfw-shield\app\src\main\java\com\nsfwshield\app\monitoring\MediaScanner.kt, C:\Users\Administrator\Desktop\new app - Copy - Copy\nsfw-shield\app\src\main\java\com\nsfwshield\app\monitoring\NSFWAccessibilityService.kt, C:\Users\Administrator\Desktop\new app - Copy - Copy\nsfw-shield\app\src\main\java\com\nsfwshield\app\network\BlocklistUpdateScheduler.kt, C:\Users\Administrator\Desktop\new app - Copy - Copy\nsfw-shield\app\src\main\java\com\nsfwshield\app\network\BlocklistUpdateWorker.kt, C:\Users\Administrator\Desktop\new app - Copy - Copy\nsfw-shield\app\src\main\java\com\nsfwshield\app\network\DnsFilter.kt, C:\Users\Administrator\Desktop\new app - Copy - Copy\nsfw-shield\app\src\main\java\com\nsfwshield\app\network\DomainBlocklist.kt, C:\Users\Administrator\Desktop\new app - Copy - Copy\nsfw-shield\app\src\main\java\com\nsfwshield\app\network\LocalVpnService.kt, C:\Users\Administrator\Desktop\new app - Copy - Copy\nsfw-shield\app\src\main\java\com\nsfwshield\app\network\SafeSearchEnforcer.kt, C:\Users\Administrator\Desktop\new app - Copy - Copy\nsfw-shield\app\src\main\java\com\nsfwshield\app\NSFWShieldApp.kt, C:\Users\Administrator\Desktop\new app - Copy - Copy\nsfw-shield\app\src\main\java\com\nsfwshield\app\premium\AccountabilityReportService.kt, C:\Users\Administrator\Desktop\new app - Copy - Copy\nsfw-shield\app\src\main\java\com\nsfwshield\app\premium\DelayToDisableManager.kt, C:\Users\Administrator\Desktop\new app - Copy - Copy\nsfw-shield\app\src\main\java\com\nsfwshield\app\premium\SubscriptionGate.kt, C:\Users\Administrator\Desktop\new app - Copy - Copy\nsfw-shield\app\src\main\java\com\nsfwshield\app\reports\AccountabilityReportWorker.kt, C:\Users\Administrator\Desktop\new app - Copy - Copy\nsfw-shield\app\src\main\java\com\nsfwshield\app\security\AdminLockManager.kt, C:\Users\Administrator\Desktop\new app - Copy - Copy\nsfw-shield\app\src\main\java\com\nsfwshield\app\security\AntiBypassModule.kt, C:\Users\Administrator\Desktop\new app - Copy - Copy\nsfw-shield\app\src\main\java\com\nsfwshield\app\security\BootReceiver.kt, C:\Users\Administrator\Desktop\new app - Copy - Copy\nsfw-shield\app\src\main\java\com\nsfwshield\app\security\DeviceAdminReceiver.kt, C:\Users\Administrator\Desktop\new app - Copy - Copy\nsfw-shield\app\src\main\java\com\nsfwshield\app\security\UninstallProtection.kt, C:\Users\Administrator\Desktop\new app - Copy - Copy\nsfw-shield\app\src\main\java\com\nsfwshield\app\ui\accountability\AccountabilityScreen.kt, C:\Users\Administrator\Desktop\new app - Copy - Copy\nsfw-shield\app\src\main\java\com\nsfwshield\app\ui\accountability\AccountabilityViewModel.kt, C:\Users\Administrator\Desktop\new app - Copy - Copy\nsfw-shield\app\src\main\java\com\nsfwshield\app\ui\dashboard\DashboardScreen.kt, C:\Users\Administrator\Desktop\new app - Copy - Copy\nsfw-shield\app\src\main\java\com\nsfwshield\app\ui\dashboard\DashboardViewModel.kt, C:\Users\Administrator\Desktop\new app - Copy - Copy\nsfw-shield\app\src\main\java\com\nsfwshield\app\ui\main\MainViewModel.kt, C:\Users\Administrator\Desktop\new app - Copy - Copy\nsfw-shield\app\src\main\java\com\nsfwshield\app\ui\navigation\AppNavigation.kt, C:\Users\Administrator\Desktop\new app - Copy - Copy\nsfw-shield\app\src\main\java\com\nsfwshield\app\ui\onboarding\AccessibilityDisclosureScreen.kt, C:\Users\Administrator\Desktop\new app - Copy - Copy\nsfw-shield\app\src\main\java\com\nsfwshield\app\ui\onboarding\OnboardingScreen.kt, C:\Users\Administrator\Desktop\new app - Copy - Copy\nsfw-shield\app\src\main\java\com\nsfwshield\app\ui\onboarding\VpnDisclosureScreen.kt, C:\Users\Administrator\Desktop\new app - Copy - Copy\nsfw-shield\app\src\main\java\com\nsfwshield\app\ui\pinlock\PinLockScreen.kt, C:\Users\Administrator\Desktop\new app - Copy - Copy\nsfw-shield\app\src\main\java\com\nsfwshield\app\ui\pinlock\PinLockViewModel.kt, C:\Users\Administrator\Desktop\new app - Copy - Copy\nsfw-shield\app\src\main\java\com\nsfwshield\app\ui\pinlock\PinManagementScreen.kt, C:\Users\Administrator\Desktop\new app - Copy - Copy\nsfw-shield\app\src\main\java\com\nsfwshield\app\ui\pinlock\PinPromptScreen.kt, C:\Users\Administrator\Desktop\new app - Copy - Copy\nsfw-shield\app\src\main\java\com\nsfwshield\app\ui\profiles\ProfilesScreen.kt, C:\Users\Administrator\Desktop\new app - Copy - Copy\nsfw-shield\app\src\main\java\com\nsfwshield\app\ui\profiles\ProfilesViewModel.kt, C:\Users\Administrator\Desktop\new app - Copy - Copy\nsfw-shield\app\src\main\java\com\nsfwshield\app\ui\profiles\QrGenerator.kt, C:\Users\Administrator\Desktop\new app - Copy - Copy\nsfw-shield\app\src\main\java\com\nsfwshield\app\ui\reports\ReportsScreen.kt, C:\Users\Administrator\Desktop\new app - Copy - Copy\nsfw-shield\app\src\main\java\com\nsfwshield\app\ui\reports\ReportsViewModel.kt, C:\Users\Administrator\Desktop\new app - Copy - Copy\nsfw-shield\app\src\main\java\com\nsfwshield\app\ui\settings\SettingsScreen.kt, C:\Users\Administrator\Desktop\new app - Copy - Copy\nsfw-shield\app\src\main\java\com\nsfwshield\app\ui\settings\SettingsViewModel.kt, C:\Users\Administrator\Desktop\new app - Copy - Copy\nsfw-shield\app\src\main\java\com\nsfwshield\app\ui\subscription\SubscriptionScreen.kt, C:\Users\Administrator\Desktop\new app - Copy - Copy\nsfw-shield\app\src\main\java\com\nsfwshield\app\ui\subscription\SubscriptionViewModel.kt, C:\Users\Administrator\Desktop\new app - Copy - Copy\nsfw-shield\app\src\main\java\com\nsfwshield\app\ui\theme\Theme.kt
Java source files: C:\Users\Administrator\Desktop\new app - Copy - Copy\nsfw-shield\app\build\generated\ksp\debug\java\com\nsfwshield\app\core\detection\AudioHandler_Factory.java, C:\Users\Administrator\Desktop\new app - Copy - Copy\nsfw-shield\app\build\generated\ksp\debug\java\com\nsfwshield\app\core\detection\ContextRescorer_Factory.java, C:\Users\Administrator\Desktop\new app - Copy - Copy\nsfw-shield\app\build\generated\ksp\debug\java\com\nsfwshield\app\core\detection\DecisionEngine_Factory.java, C:\Users\Administrator\Desktop\new app - Copy - Copy\nsfw-shield\app\build\generated\ksp\debug\java\com\nsfwshield\app\core\detection\ImageClassifier_Factory.java, C:\Users\Administrator\Desktop\new app - Copy - Copy\nsfw-shield\app\build\generated\ksp\debug\java\com\nsfwshield\app\core\detection\TextClassifier_Factory.java, C:\Users\Administrator\Desktop\new app - Copy - Copy\nsfw-shield\app\build\generated\ksp\debug\java\com\nsfwshield\app\core\detection\VideoHandler_Factory.java, C:\Users\Administrator\Desktop\new app - Copy - Copy\nsfw-shield\app\build\generated\ksp\debug\java\com\nsfwshield\app\core\logging\ActivityLogger_Factory.java, C:\Users\Administrator\Desktop\new app - Copy - Copy\nsfw-shield\app\build\generated\ksp\debug\java\com\nsfwshield\app\core\logging\EncryptedLogStore_Factory.java, C:\Users\Administrator\Desktop\new app - Copy - Copy\nsfw-shield\app\build\generated\ksp\debug\java\com\nsfwshield\app\core\profiles\ProfileManager_Factory.java, C:\Users\Administrator\Desktop\new app - Copy - Copy\nsfw-shield\app\build\generated\ksp\debug\java\com\nsfwshield\app\core\ProtectionManager_Factory.java, C:\Users\Administrator\Desktop\new app - Copy - Copy\nsfw-shield\app\build\generated\ksp\debug\java\com\nsfwshield\app\data\ActivityLogDao_Impl.java, C:\Users\Administrator\Desktop\new app - Copy - Copy\nsfw-shield\app\build\generated\ksp\debug\java\com\nsfwshield\app\data\AppDatabase_Impl.java, C:\Users\Administrator\Desktop\new app - Copy - Copy\nsfw-shield\app\build\generated\ksp\debug\java\com\nsfwshield\app\data\BlockedDomainDao_Impl.java, C:\Users\Administrator\Desktop\new app - Copy - Copy\nsfw-shield\app\build\generated\ksp\debug\java\com\nsfwshield\app\data\DatabaseModule_ProvideActivityLogDaoFactory.java, C:\Users\Administrator\Desktop\new app - Copy - Copy\nsfw-shield\app\build\generated\ksp\debug\java\com\nsfwshield\app\data\DatabaseModule_ProvideBlockedDomainDaoFactory.java, C:\Users\Administrator\Desktop\new app - Copy - Copy\nsfw-shield\app\build\generated\ksp\debug\java\com\nsfwshield\app\data\DatabaseModule_ProvideDatabaseFactory.java, C:\Users\Administrator\Desktop\new app - Copy - Copy\nsfw-shield\app\build\generated\ksp\debug\java\com\nsfwshield\app\data\DatabaseModule_ProvideProfileDaoFactory.java, C:\Users\Administrator\Desktop\new app - Copy - Copy\nsfw-shield\app\build\generated\ksp\debug\java\com\nsfwshield\app\data\ProfileDao_Impl.java, C:\Users\Administrator\Desktop\new app - Copy - Copy\nsfw-shield\app\build\generated\ksp\debug\java\com\nsfwshield\app\data\SettingsRepository_Factory.java, C:\Users\Administrator\Desktop\new app - Copy - Copy\nsfw-shield\app\build\generated\ksp\debug\java\com\nsfwshield\app\Hilt_MainActivity.java, C:\Users\Administrator\Desktop\new app - Copy - Copy\nsfw-shield\app\build\generated\ksp\debug\java\com\nsfwshield\app\MainActivity_GeneratedInjector.java, C:\Users\Administrator\Desktop\new app - Copy - Copy\nsfw-shield\app\build\generated\ksp\debug\java\com\nsfwshield\app\monitoring\AppActivityTracker_Factory.java, C:\Users\Administrator\Desktop\new app - Copy - Copy\nsfw-shield\app\build\generated\ksp\debug\java\com\nsfwshield\app\monitoring\BlurOverlayManager_Factory.java, C:\Users\Administrator\Desktop\new app - Copy - Copy\nsfw-shield\app\build\generated\ksp\debug\java\com\nsfwshield\app\monitoring\Hilt_NSFWAccessibilityService.java, C:\Users\Administrator\Desktop\new app - Copy - Copy\nsfw-shield\app\build\generated\ksp\debug\java\com\nsfwshield\app\monitoring\MediaScanner_Factory.java, C:\Users\Administrator\Desktop\new app - Copy - Copy\nsfw-shield\app\build\generated\ksp\debug\java\com\nsfwshield\app\monitoring\NSFWAccessibilityService_GeneratedInjector.java, C:\Users\Administrator\Desktop\new app - Copy - Copy\nsfw-shield\app\build\generated\ksp\debug\java\com\nsfwshield\app\monitoring\NSFWAccessibilityService_MembersInjector.java, C:\Users\Administrator\Desktop\new app - Copy - Copy\nsfw-shield\app\build\generated\ksp\debug\java\com\nsfwshield\app\network\BlocklistUpdateScheduler_Factory.java, C:\Users\Administrator\Desktop\new app - Copy - Copy\nsfw-shield\app\build\generated\ksp\debug\java\com\nsfwshield\app\network\BlocklistUpdateWorker_AssistedFactory.java, C:\Users\Administrator\Desktop\new app - Copy - Copy\nsfw-shield\app\build\generated\ksp\debug\java\com\nsfwshield\app\network\BlocklistUpdateWorker_AssistedFactory_Impl.java, C:\Users\Administrator\Desktop\new app - Copy - Copy\nsfw-shield\app\build\generated\ksp\debug\java\com\nsfwshield\app\network\BlocklistUpdateWorker_Factory.java, C:\Users\Administrator\Desktop\new app - Copy - Copy\nsfw-shield\app\build\generated\ksp\debug\java\com\nsfwshield\app\network\BlocklistUpdateWorker_HiltModule.java, C:\Users\Administrator\Desktop\new app - Copy - Copy\nsfw-shield\app\build\generated\ksp\debug\java\com\nsfwshield\app\network\DnsFilter_Factory.java, C:\Users\Administrator\Desktop\new app - Copy - Copy\nsfw-shield\app\build\generated\ksp\debug\java\com\nsfwshield\app\network\DomainBlocklist_Factory.java, C:\Users\Administrator\Desktop\new app - Copy - Copy\nsfw-shield\app\build\generated\ksp\debug\java\com\nsfwshield\app\network\Hilt_LocalVpnService.java, C:\Users\Administrator\Desktop\new app - Copy - Copy\nsfw-shield\app\build\generated\ksp\debug\java\com\nsfwshield\app\network\LocalVpnService_GeneratedInjector.java, C:\Users\Administrator\Desktop\new app - Copy - Copy\nsfw-shield\app\build\generated\ksp\debug\java\com\nsfwshield\app\network\LocalVpnService_MembersInjector.java, C:\Users\Administrator\Desktop\new app - Copy - Copy\nsfw-shield\app\build\generated\ksp\debug\java\com\nsfwshield\app\network\SafeSearchEnforcer_Factory.java, C:\Users\Administrator\Desktop\new app - Copy - Copy\nsfw-shield\app\build\generated\ksp\debug\java\com\nsfwshield\app\NSFWShieldApp_GeneratedInjector.java, C:\Users\Administrator\Desktop\new app - Copy - Copy\nsfw-shield\app\build\generated\ksp\debug\java\com\nsfwshield\app\NSFWShieldApp_MembersInjector.java, C:\Users\Administrator\Desktop\new app - Copy - Copy\nsfw-shield\app\build\generated\ksp\debug\java\com\nsfwshield\app\premium\AccountabilityReportService_Factory.java, C:\Users\Administrator\Desktop\new app - Copy - Copy\nsfw-shield\app\build\generated\ksp\debug\java\com\nsfwshield\app\premium\DelayToDisableManager_Factory.java, C:\Users\Administrator\Desktop\new app - Copy - Copy\nsfw-shield\app\build\generated\ksp\debug\java\com\nsfwshield\app\premium\SubscriptionGate_Factory.java, C:\Users\Administrator\Desktop\new app - Copy - Copy\nsfw-shield\app\build\generated\ksp\debug\java\com\nsfwshield\app\reports\AccountabilityReportWorker_Factory.java, C:\Users\Administrator\Desktop\new app - Copy - Copy\nsfw-shield\app\build\generated\ksp\debug\java\com\nsfwshield\app\security\AdminLockManager_Factory.java, C:\Users\Administrator\Desktop\new app - Copy - Copy\nsfw-shield\app\build\generated\ksp\debug\java\com\nsfwshield\app\security\AntiBypassModule_Factory.java, C:\Users\Administrator\Desktop\new app - Copy - Copy\nsfw-shield\app\build\generated\ksp\debug\java\com\nsfwshield\app\security\UninstallProtection_Factory.java, C:\Users\Administrator\Desktop\new app - Copy - Copy\nsfw-shield\app\build\generated\ksp\debug\java\com\nsfwshield\app\ui\accountability\AccountabilityViewModel_Factory.java, C:\Users\Administrator\Desktop\new app - Copy - Copy\nsfw-shield\app\build\generated\ksp\debug\java\com\nsfwshield\app\ui\accountability\AccountabilityViewModel_HiltModules.java, C:\Users\Administrator\Desktop\new app - Copy - Copy\nsfw-shield\app\build\generated\ksp\debug\java\com\nsfwshield\app\ui\accountability\AccountabilityViewModel_HiltModules_KeyModule_ProvideFactory.java, C:\Users\Administrator\Desktop\new app - Copy - Copy\nsfw-shield\app\build\generated\ksp\debug\java\com\nsfwshield\app\ui\dashboard\DashboardViewModel_Factory.java, C:\Users\Administrator\Desktop\new app - Copy - Copy\nsfw-shield\app\build\generated\ksp\debug\java\com\nsfwshield\app\ui\dashboard\DashboardViewModel_HiltModules.java, C:\Users\Administrator\Desktop\new app - Copy - Copy\nsfw-shield\app\build\generated\ksp\debug\java\com\nsfwshield\app\ui\dashboard\DashboardViewModel_HiltModules_KeyModule_ProvideFactory.java, C:\Users\Administrator\Desktop\new app - Copy - Copy\nsfw-shield\app\build\generated\ksp\debug\java\com\nsfwshield\app\ui\main\MainViewModel_Factory.java, C:\Users\Administrator\Desktop\new app - Copy - Copy\nsfw-shield\app\build\generated\ksp\debug\java\com\nsfwshield\app\ui\main\MainViewModel_HiltModules.java, C:\Users\Administrator\Desktop\new app - Copy - Copy\nsfw-shield\app\build\generated\ksp\debug\java\com\nsfwshield\app\ui\main\MainViewModel_HiltModules_KeyModule_ProvideFactory.java, C:\Users\Administrator\Desktop\new app - Copy - Copy\nsfw-shield\app\build\generated\ksp\debug\java\com\nsfwshield\app\ui\pinlock\PinLockViewModel_Factory.java, C:\Users\Administrator\Desktop\new app - Copy - Copy\nsfw-shield\app\build\generated\ksp\debug\java\com\nsfwshield\app\ui\pinlock\PinLockViewModel_HiltModules.java, C:\Users\Administrator\Desktop\new app - Copy - Copy\nsfw-shield\app\build\generated\ksp\debug\java\com\nsfwshield\app\ui\pinlock\PinLockViewModel_HiltModules_KeyModule_ProvideFactory.java, C:\Users\Administrator\Desktop\new app - Copy - Copy\nsfw-shield\app\build\generated\ksp\debug\java\com\nsfwshield\app\ui\profiles\ProfilesViewModel_Factory.java, C:\Users\Administrator\Desktop\new app - Copy - Copy\nsfw-shield\app\build\generated\ksp\debug\java\com\nsfwshield\app\ui\profiles\ProfilesViewModel_HiltModules.java, C:\Users\Administrator\Desktop\new app - Copy - Copy\nsfw-shield\app\build\generated\ksp\debug\java\com\nsfwshield\app\ui\profiles\ProfilesViewModel_HiltModules_KeyModule_ProvideFactory.java, C:\Users\Administrator\Desktop\new app - Copy - Copy\nsfw-shield\app\build\generated\ksp\debug\java\com\nsfwshield\app\ui\reports\ReportsViewModel_Factory.java, C:\Users\Administrator\Desktop\new app - Copy - Copy\nsfw-shield\app\build\generated\ksp\debug\java\com\nsfwshield\app\ui\reports\ReportsViewModel_HiltModules.java, C:\Users\Administrator\Desktop\new app - Copy - Copy\nsfw-shield\app\build\generated\ksp\debug\java\com\nsfwshield\app\ui\reports\ReportsViewModel_HiltModules_KeyModule_ProvideFactory.java, C:\Users\Administrator\Desktop\new app - Copy - Copy\nsfw-shield\app\build\generated\ksp\debug\java\com\nsfwshield\app\ui\settings\SettingsViewModel_Factory.java, C:\Users\Administrator\Desktop\new app - Copy - Copy\nsfw-shield\app\build\generated\ksp\debug\java\com\nsfwshield\app\ui\settings\SettingsViewModel_HiltModules.java, C:\Users\Administrator\Desktop\new app - Copy - Copy\nsfw-shield\app\build\generated\ksp\debug\java\com\nsfwshield\app\ui\settings\SettingsViewModel_HiltModules_KeyModule_ProvideFactory.java, C:\Users\Administrator\Desktop\new app - Copy - Copy\nsfw-shield\app\build\generated\ksp\debug\java\com\nsfwshield\app\ui\subscription\SubscriptionViewModel_Factory.java, C:\Users\Administrator\Desktop\new app - Copy - Copy\nsfw-shield\app\build\generated\ksp\debug\java\com\nsfwshield\app\ui\subscription\SubscriptionViewModel_HiltModules.java, C:\Users\Administrator\Desktop\new app - Copy - Copy\nsfw-shield\app\build\generated\ksp\debug\java\com\nsfwshield\app\ui\subscription\SubscriptionViewModel_HiltModules_KeyModule_ProvideFactory.java, C:\Users\Administrator\Desktop\new app - Copy - Copy\nsfw-shield\app\build\generated\ksp\debug\java\dagger\hilt\internal\aggregatedroot\codegen\_com_nsfwshield_app_NSFWShieldApp.java, C:\Users\Administrator\Desktop\new app - Copy - Copy\nsfw-shield\app\build\generated\ksp\debug\java\hilt_aggregated_deps\_com_nsfwshield_app_data_DatabaseModule.java, C:\Users\Administrator\Desktop\new app - Copy - Copy\nsfw-shield\app\build\generated\ksp\debug\java\hilt_aggregated_deps\_com_nsfwshield_app_MainActivity_GeneratedInjector.java, C:\Users\Administrator\Desktop\new app - Copy - Copy\nsfw-shield\app\build\generated\ksp\debug\java\hilt_aggregated_deps\_com_nsfwshield_app_monitoring_NSFWAccessibilityService_GeneratedInjector.java, C:\Users\Administrator\Desktop\new app - Copy - Copy\nsfw-shield\app\build\generated\ksp\debug\java\hilt_aggregated_deps\_com_nsfwshield_app_network_BlocklistUpdateWorker_HiltModule.java, C:\Users\Administrator\Desktop\new app - Copy - Copy\nsfw-shield\app\build\generated\ksp\debug\java\hilt_aggregated_deps\_com_nsfwshield_app_network_LocalVpnService_GeneratedInjector.java, C:\Users\Administrator\Desktop\new app - Copy - Copy\nsfw-shield\app\build\generated\ksp\debug\java\hilt_aggregated_deps\_com_nsfwshield_app_NSFWShieldApp_GeneratedInjector.java, C:\Users\Administrator\Desktop\new app - Copy - Copy\nsfw-shield\app\build\generated\ksp\debug\java\hilt_aggregated_deps\_com_nsfwshield_app_ui_accountability_AccountabilityViewModel_HiltModules_BindsModule.java, C:\Users\Administrator\Desktop\new app - Copy - Copy\nsfw-shield\app\build\generated\ksp\debug\java\hilt_aggregated_deps\_com_nsfwshield_app_ui_accountability_AccountabilityViewModel_HiltModules_KeyModule.java, C:\Users\Administrator\Desktop\new app - Copy - Copy\nsfw-shield\app\build\generated\ksp\debug\java\hilt_aggregated_deps\_com_nsfwshield_app_ui_dashboard_DashboardViewModel_HiltModules_BindsModule.java, C:\Users\Administrator\Desktop\new app - Copy - Copy\nsfw-shield\app\build\generated\ksp\debug\java\hilt_aggregated_deps\_com_nsfwshield_app_ui_dashboard_DashboardViewModel_HiltModules_KeyModule.java, C:\Users\Administrator\Desktop\new app - Copy - Copy\nsfw-shield\app\build\generated\ksp\debug\java\hilt_aggregated_deps\_com_nsfwshield_app_ui_main_MainViewModel_HiltModules_BindsModule.java, C:\Users\Administrator\Desktop\new app - Copy - Copy\nsfw-shield\app\build\generated\ksp\debug\java\hilt_aggregated_deps\_com_nsfwshield_app_ui_main_MainViewModel_HiltModules_KeyModule.java, C:\Users\Administrator\Desktop\new app - Copy - Copy\nsfw-shield\app\build\generated\ksp\debug\java\hilt_aggregated_deps\_com_nsfwshield_app_ui_pinlock_PinLockViewModel_HiltModules_BindsModule.java, C:\Users\Administrator\Desktop\new app - Copy - Copy\nsfw-shield\app\build\generated\ksp\debug\java\hilt_aggregated_deps\_com_nsfwshield_app_ui_pinlock_PinLockViewModel_HiltModules_KeyModule.java, C:\Users\Administrator\Desktop\new app - Copy - Copy\nsfw-shield\app\build\generated\ksp\debug\java\hilt_aggregated_deps\_com_nsfwshield_app_ui_profiles_ProfilesViewModel_HiltModules_BindsModule.java, C:\Users\Administrator\Desktop\new app - Copy - Copy\nsfw-shield\app\build\generated\ksp\debug\java\hilt_aggregated_deps\_com_nsfwshield_app_ui_profiles_ProfilesViewModel_HiltModules_KeyModule.java, C:\Users\Administrator\Desktop\new app - Copy - Copy\nsfw-shield\app\build\generated\ksp\debug\java\hilt_aggregated_deps\_com_nsfwshield_app_ui_reports_ReportsViewModel_HiltModules_BindsModule.java, C:\Users\Administrator\Desktop\new app - Copy - Copy\nsfw-shield\app\build\generated\ksp\debug\java\hilt_aggregated_deps\_com_nsfwshield_app_ui_reports_ReportsViewModel_HiltModules_KeyModule.java, C:\Users\Administrator\Desktop\new app - Copy - Copy\nsfw-shield\app\build\generated\ksp\debug\java\hilt_aggregated_deps\_com_nsfwshield_app_ui_settings_SettingsViewModel_HiltModules_BindsModule.java, C:\Users\Administrator\Desktop\new app - Copy - Copy\nsfw-shield\app\build\generated\ksp\debug\java\hilt_aggregated_deps\_com_nsfwshield_app_ui_settings_SettingsViewModel_HiltModules_KeyModule.java, C:\Users\Administrator\Desktop\new app - Copy - Copy\nsfw-shield\app\build\generated\ksp\debug\java\hilt_aggregated_deps\_com_nsfwshield_app_ui_subscription_SubscriptionViewModel_HiltModules_BindsModule.java, C:\Users\Administrator\Desktop\new app - Copy - Copy\nsfw-shield\app\build\generated\ksp\debug\java\hilt_aggregated_deps\_com_nsfwshield_app_ui_subscription_SubscriptionViewModel_HiltModules_KeyModule.java
Script source files: 
Script file extensions: 
Using Kotlin/JVM incremental compilation
e: Daemon compilation 
failed: Could not 
connect to Kotlin 
compile daemon
java.lang.RuntimeExcep
tion: Could not 
connect to Kotlin 
compile daemon
	at org.jetbrains.kotl
in.compilerRunner.Grad
leKotlinCompilerWork.c
ompileWithDaemon(Gradl
eKotlinCompilerWork.kt
:218)
	at org.jetbrains.kotl
in.compilerRunner.Grad
leKotlinCompilerWork.c
ompileWithDaemonOrFall
backImpl(GradleKotlinC
ompilerWork.kt:175)
[KOTLIN] Kotlin compilation 'jdkHome' argument: null
i: starting the daemon as: C:\Program Files\Android\Android Studio\jbr\bin\java -cp C:\Users\Administrator\.gradle\caches\modules-2\files-2.1\org.jetbrains.kotlin\kotlin-compiler-embeddable\1.9.22\9cd4dc7773cf2a99ecd961a88fbbc9a2da3fb5e1\kotlin-compiler-embeddable-1.9.22.jar;C:\Users\Administrator\.gradle\caches\modules-2\files-2.1\org.jetbrains.kotlin\kotlin-stdlib\1.9.22\d6c44cd08d8f3f9bece8101216dbe6553365c6e3\kotlin-stdlib-1.9.22.jar;C:\Users\Administrator\.gradle\caches\modules-2\files-2.1\org.jetbrains.kotlin\kotlin-script-runtime\1.9.22\f8139a46fc677ec9badc49ae954392f4f5e7e7c7\kotlin-script-runtime-1.9.22.jar;C:\Users\Administrator\.gradle\caches\modules-2\files-2.1\org.jetbrains.kotlin\kotlin-reflect\1.6.10\1cbe9c92c12a94eea200d23c2bbaedaf3daf5132\kotlin-reflect-1.6.10.jar;C:\Users\Administrator\.gradle\caches\modules-2\files-2.1\org.jetbrains.kotlin\kotlin-daemon-embeddable\1.9.22\20e2c5df715f3240c765cfc222530e2796542021\kotlin-daemon-embeddable-1.9.22.jar;C:\Users\Administrator\.gradle\caches\modules-2\files-2.1\org.jetbrains.intellij.deps\trove4j\1.0.20200330\3afb14d5f9ceb459d724e907a21145e8ff394f02\trove4j-1.0.20200330.jar;C:\Users\Administrator\.gradle\caches\modules-2\files-2.1\org.jetbrains\annotations\13.0\919f0dfe192fb4e063e7dacadee7f8bb9a2672a9\annotations-13.0.jar -Djava.awt.headless=true -D$java.rmi.server.hostname=127.0.0.1 -Xmx2048m -Dkotlin.environment.keepalive -ea --add-exports java.base/sun.nio.ch=ALL-UNNAMED org.jetbrains.kotlin.daemon.KotlinCompileDaemon --daemon-runFilesPath C:\Users\Administrator\AppData\Local\kotlin\daemon --daemon-autoshutdownIdleSeconds=7200 --daemon-compilerClasspath C:\Users\Administrator\.gradle\caches\modules-2\files-2.1\org.jetbrains.kotlin\kotlin-compiler-embeddable\1.9.22\9cd4dc7773cf2a99ecd961a88fbbc9a2da3fb5e1\kotlin-compiler-embeddable-1.9.22.jar;C:\Users\Administrator\.gradle\caches\modules-2\files-2.1\org.jetbrains.kotlin\kotlin-stdlib\1.9.22\d6c44cd08d8f3f9bece8101216dbe6553365c6e3\kotlin-stdlib-1.9.22.jar;C:\Users\Administrator\.gradle\caches\modules-2\files-2.1\org.jetbrains.kotlin\kotlin-script-runtime\1.9.22\f8139a46fc677ec9badc49ae954392f4f5e7e7c7\kotlin-script-runtime-1.9.22.jar;C:\Users\Administrator\.gradle\caches\modules-2\files-2.1\org.jetbrains.kotlin\kotlin-reflect\1.6.10\1cbe9c92c12a94eea200d23c2bbaedaf3daf5132\kotlin-reflect-1.6.10.jar;C:\Users\Administrator\.gradle\caches\modules-2\files-2.1\org.jetbrains.kotlin\kotlin-daemon-embeddable\1.9.22\20e2c5df715f3240c765cfc222530e2796542021\kotlin-daemon-embeddable-1.9.22.jar;C:\Users\Administrator\.gradle\caches\modules-2\files-2.1\org.jetbrains.intellij.deps\trove4j\1.0.20200330\3afb14d5f9ceb459d724e907a21145e8ff394f02\trove4j-1.0.20200330.jar;C:\Users\Administrator\.gradle\caches\modules-2\files-2.1\org.jetbrains\annotations\13.0\919f0dfe192fb4e063e7dacadee7f8bb9a2672a9\annotations-13.0.jar
	at org.jetbrains.kotl
in.compilerRunner.Grad
leKotlinCompilerWork.r
un(GradleKotlinCompile
rWork.kt:135)
	at org.jetbrains.kotl
in.compilerRunner.Grad
leCompilerRunnerWithWo
rkers$GradleKotlinComp
ilerWorkAction.execute
(GradleCompilerRunnerW
ithWorkers.kt:73)
i: Received the message signalling that the daemon is ready
i: new daemon started, trying to find it
	at org.gradle.workers
.internal.DefaultWorke
rServer.execute(Defaul
tWorkerServer.java:63)
	at org.gradle.workers
.internal.NoIsolationW
orkerFactory$1$1.creat
e(NoIsolationWorkerFac
tory.java:66)
i: found daemon on port 17126 (417 ms old), trying to connect
i: cannot connect to registry: Connection reset
	at org.gradle.workers
.internal.NoIsolationW
orkerFactory$1$1.creat
e(NoIsolationWorkerFac
tory.java:62)
	at org.gradle.interna
l.classloader.ClassLoa
derUtils.executeInClas
sloader(ClassLoaderUti
ls.java:100)
i: found fresh run file 'C:\Users\Administrator\AppData\Local\kotlin\daemon\kotlin-daemon.2026-03-16T20-58-40.666Z.4527b68d24f2a45436fa322c2ec60a1b.17126.run' (417 ms old), but no daemon, ignoring it
i: starting the daemon as: C:\Program Files\Android\Android Studio\jbr\bin\java -cp C:\Users\Administrator\.gradle\caches\modules-2\files-2.1\org.jetbrains.kotlin\kotlin-compiler-embeddable\1.9.22\9cd4dc7773cf2a99ecd961a88fbbc9a2da3fb5e1\kotlin-compiler-embeddable-1.9.22.jar;C:\Users\Administrator\.gradle\caches\modules-2\files-2.1\org.jetbrains.kotlin\kotlin-stdlib\1.9.22\d6c44cd08d8f3f9bece8101216dbe6553365c6e3\kotlin-stdlib-1.9.22.jar;C:\Users\Administrator\.gradle\caches\modules-2\files-2.1\org.jetbrains.kotlin\kotlin-script-runtime\1.9.22\f8139a46fc677ec9badc49ae954392f4f5e7e7c7\kotlin-script-runtime-1.9.22.jar;C:\Users\Administrator\.gradle\caches\modules-2\files-2.1\org.jetbrains.kotlin\kotlin-reflect\1.6.10\1cbe9c92c12a94eea200d23c2bbaedaf3daf5132\kotlin-reflect-1.6.10.jar;C:\Users\Administrator\.gradle\caches\modules-2\files-2.1\org.jetbrains.kotlin\kotlin-daemon-embeddable\1.9.22\20e2c5df715f3240c765cfc222530e2796542021\kotlin-daemon-embeddable-1.9.22.jar;C:\Users\Administrator\.gradle\caches\modules-2\files-2.1\org.jetbrains.intellij.deps\trove4j\1.0.20200330\3afb14d5f9ceb459d724e907a21145e8ff394f02\trove4j-1.0.20200330.jar;C:\Users\Administrator\.gradle\caches\modules-2\files-2.1\org.jetbrains\annotations\13.0\919f0dfe192fb4e063e7dacadee7f8bb9a2672a9\annotations-13.0.jar -Djava.awt.headless=true -D$java.rmi.server.hostname=127.0.0.1 -Xmx2048m -Dkotlin.environment.keepalive -ea --add-exports java.base/sun.nio.ch=ALL-UNNAMED org.jetbrains.kotlin.daemon.KotlinCompileDaemon --daemon-runFilesPath C:\Users\Administrator\AppData\Local\kotlin\daemon --daemon-autoshutdownIdleSeconds=7200 --daemon-compilerClasspath C:\Users\Administrator\.gradle\caches\modules-2\files-2.1\org.jetbrains.kotlin\kotlin-compiler-embeddable\1.9.22\9cd4dc7773cf2a99ecd961a88fbbc9a2da3fb5e1\kotlin-compiler-embeddable-1.9.22.jar;C:\Users\Administrator\.gradle\caches\modules-2\files-2.1\org.jetbrains.kotlin\kotlin-stdlib\1.9.22\d6c44cd08d8f3f9bece8101216dbe6553365c6e3\kotlin-stdlib-1.9.22.jar;C:\Users\Administrator\.gradle\caches\modules-2\files-2.1\org.jetbrains.kotlin\kotlin-script-runtime\1.9.22\f8139a46fc677ec9badc49ae954392f4f5e7e7c7\kotlin-script-runtime-1.9.22.jar;C:\Users\Administrator\.gradle\caches\modules-2\files-2.1\org.jetbrains.kotlin\kotlin-reflect\1.6.10\1cbe9c92c12a94eea200d23c2bbaedaf3daf5132\kotlin-reflect-1.6.10.jar;C:\Users\Administrator\.gradle\caches\modules-2\files-2.1\org.jetbrains.kotlin\kotlin-daemon-embeddable\1.9.22\20e2c5df715f3240c765cfc222530e2796542021\kotlin-daemon-embeddable-1.9.22.jar;C:\Users\Administrator\.gradle\caches\modules-2\files-2.1\org.jetbrains.intellij.deps\trove4j\1.0.20200330\3afb14d5f9ceb459d724e907a21145e8ff394f02\trove4j-1.0.20200330.jar;C:\Users\Administrator\.gradle\caches\modules-2\files-2.1\org.jetbrains\annotations\13.0\919f0dfe192fb4e063e7dacadee7f8bb9a2672a9\annotations-13.0.jar
	at org.gradle.workers
.internal.NoIsolationW
orkerFactory$1.lambda$
execute$0(NoIsolationW
orkerFactory.java:62)
	at org.gradle.workers
.internal.AbstractWork
er$1.call(AbstractWork
er.java:44)
i: Received the message signalling that the daemon is ready
i: new daemon started, trying to find it
i: found daemon on port 17810 (654 ms old), trying to connect
	at org.gradle.workers
.internal.AbstractWork
er$1.call(AbstractWork
er.java:41)
	at org.gradle.interna
l.operations.DefaultBu
ildOperationRunner$Cal
lableBuildOperationWor
ker.execute(DefaultBui
ldOperationRunner.java
:209)
i: cannot connect to registry: Connection reset
i: found fresh run file 'C:\Users\Administrator\AppData\Local\kotlin\daemon\kotlin-daemon.2026-03-16T20-58-59.022Z.4527b68d24f2a45436fa322c2ec60a1b.17810.run' (654 ms old), but no daemon, ignoring it
	at org.gradle.interna
l.operations.DefaultBu
ildOperationRunner$Cal
lableBuildOperationWor
ker.execute(DefaultBui
ldOperationRunner.java
:204)
	at org.gradle.interna
l.operations.DefaultBu
ildOperationRunner$2.e
xecute(DefaultBuildOpe
rationRunner.java:66)
Failed to compile with Kotlin daemon: java.lang.RuntimeException: Could not connect to Kotlin compile daemon
	at org.jetbrains.kotlin.compilerRunner.GradleKotlinCompilerWork.compileWithDaemon(GradleKotlinCompilerWork.kt:218)
	at org.gradle.interna
l.operations.DefaultBu
ildOperationRunner$2.e
xecute(DefaultBuildOpe
rationRunner.java:59)
	at org.gradle.interna
l.operations.DefaultBu
ildOperationRunner.exe
cute(DefaultBuildOpera
tionRunner.java:166)
	at org.jetbrains.kotlin.compilerRunner.GradleKotlinCompilerWork.compileWithDaemonOrFallbackImpl(GradleKotlinCompilerWork.kt:175)
	at org.jetbrains.kotlin.compilerRunner.GradleKotlinCompilerWork.run(GradleKotlinCompilerWork.kt:135)
	at org.gradle.interna
l.operations.DefaultBu
ildOperationRunner.exe
cute(DefaultBuildOpera
tionRunner.java:59)
	at org.gradle.interna
l.operations.DefaultBu
ildOperationRunner.cal
l(DefaultBuildOperatio
nRunner.java:53)
	at org.gradle.workers
.internal.AbstractWork
er.executeWrappedInBui
ldOperation(AbstractWo
rker.java:41)
	at org.jetbrains.kotlin.compilerRunner.GradleCompilerRunnerWithWorkers$GradleKotlinCompilerWorkAction.execute(GradleCompilerRunnerWithWorkers.kt:73)
	at org.gradle.workers.internal.DefaultWorkerServer.execute(DefaultWorkerServer.java:63)
	at org.gradle.workers
.internal.NoIsolationW
orkerFactory$1.execute
(NoIsolationWorkerFact
ory.java:59)
	at org.gradle.workers
.internal.DefaultWorke
rExecutor.lambda$submi
tWork$0(DefaultWorkerE
xecutor.java:174)
	at org.gradle.workers.internal.NoIsolationWorkerFactory$1$1.create(NoIsolationWorkerFactory.java:66)
	at org.gradle.workers.internal.NoIsolationWorkerFactory$1$1.create(NoIsolationWorkerFactory.java:62)
	at java.base/java.uti
l.concurrent.FutureTas
k.run(Unknown Source)
	at org.gradle.interna
l.work.DefaultConditio
nalExecutionQueue$Exec
utionRunner.runExecuti
on(DefaultConditionalE
xecutionQueue.java:194
)
	at org.gradle.internal.classloader.ClassLoaderUtils.executeInClassloader(ClassLoaderUtils.java:100)
	at org.gradle.workers.internal.NoIsolationWorkerFactory$1.lambda$execute$0(NoIsolationWorkerFactory.java:62)
	at org.gradle.workers.internal.AbstractWorker$1.call(AbstractWorker.java:44)
	at org.gradle.workers.internal.AbstractWorker$1.call(AbstractWorker.java:41)
	at org.gradle.interna
l.work.DefaultConditio
nalExecutionQueue$Exec
utionRunner.access$700
(DefaultConditionalExe
cutionQueue.java:127)
	at org.gradle.interna
l.work.DefaultConditio
nalExecutionQueue$Exec
utionRunner$1.run(Defa
ultConditionalExecutio
nQueue.java:169)
	at org.gradle.interna
l.Factories$1.create(F
actories.java:31)
	at org.gradle.interna
l.work.DefaultWorkerLe
aseService.withLocks(D
efaultWorkerLeaseServi
ce.java:263)
	at org.gradle.internal.operations.DefaultBuildOperationRunner$CallableBuildOperationWorker.execute(DefaultBuildOperationRunner.java:209)
	at org.gradle.internal.operations.DefaultBuildOperationRunner$CallableBuildOperationWorker.execute(DefaultBuildOperationRunner.java:204)
	at org.gradle.internal.operations.DefaultBuildOperationRunner$2.execute(DefaultBuildOperationRunner.java:66)
	at org.gradle.interna
l.work.DefaultWorkerLe
aseService.runAsWorker
Thread(DefaultWorkerLe
aseService.java:127)
	at org.gradle.interna
l.work.DefaultWorkerLe
aseService.runAsWorker
Thread(DefaultWorkerLe
aseService.java:132)
	at org.gradle.internal.operations.DefaultBuildOperationRunner$2.execute(DefaultBuildOperationRunner.java:59)
	at org.gradle.internal.operations.DefaultBuildOperationRunner.execute(DefaultBuildOperationRunner.java:166)
	at org.gradle.interna
l.work.DefaultConditio
nalExecutionQueue$Exec
utionRunner.runBatch(D
efaultConditionalExecu
tionQueue.java:164)
	at org.gradle.interna
l.work.DefaultConditio
nalExecutionQueue$Exec
utionRunner.run(Defaul
tConditionalExecutionQ
ueue.java:133)
	at org.gradle.internal.operations.DefaultBuildOperationRunner.execute(DefaultBuildOperationRunner.java:59)
	at org.gradle.internal.operations.DefaultBuildOperationRunner.call(DefaultBuildOperationRunner.java:53)
	at org.gradle.workers.internal.AbstractWorker.executeWrappedInBuildOperation(AbstractWorker.java:41)
	at java.base/java.uti
l.concurrent.Executors
$RunnableAdapter.call(
Unknown Source)
	at java.base/java.uti
l.concurrent.FutureTas
k.run(Unknown Source)
	at org.gradle.workers.internal.NoIsolationWorkerFactory$1.execute(NoIsolationWorkerFactory.java:59)
	at org.gradle.workers.internal.DefaultWorkerExecutor.lambda$submitWork$0(DefaultWorkerExecutor.java:174)
	at org.gradle.interna
l.concurrent.ExecutorP
olicy$CatchAndRecordFa
ilures.onExecute(Execu
torPolicy.java:64)
	at org.gradle.interna
l.concurrent.AbstractM
anagedExecutor$1.run(A
bstractManagedExecutor
.java:48)
	at java.base/java.util.concurrent.FutureTask.run(Unknown Source)
	at org.gradle.internal.work.DefaultConditionalExecutionQueue$ExecutionRunner.runExecution(DefaultConditionalExecutionQueue.java:194)
	at java.base/java.uti
l.concurrent.ThreadPoo
lExecutor.runWorker(Un
known Source)
	at java.base/java.uti
l.concurrent.ThreadPoo
lExecutor$Worker.run(U
nknown Source)
	at org.gradle.internal.work.DefaultConditionalExecutionQueue$ExecutionRunner.access$700(DefaultConditionalExecutionQueue.java:127)
	at org.gradle.internal.work.DefaultConditionalExecutionQueue$ExecutionRunner$1.run(DefaultConditionalExecutionQueue.java:169)
	at java.base/java.lan
g.Thread.run(Unknown 
Source)

	at org.gradle.internal.Factories$1.create(Factories.java:31)
	at org.gradle.internal.work.DefaultWorkerLeaseService.withLocks(DefaultWorkerLeaseService.java:263)
	at org.gradle.internal.work.DefaultWorkerLeaseService.runAsWorkerThread(DefaultWorkerLeaseService.java:127)
	at org.gradle.internal.work.DefaultWorkerLeaseService.runAsWorkerThread(DefaultWorkerLeaseService.java:132)
	at org.gradle.internal.work.DefaultConditionalExecutionQueue$ExecutionRunner.runBatch(DefaultConditionalExecutionQueue.java:164)
	at org.gradle.internal.work.DefaultConditionalExecutionQueue$ExecutionRunner.run(DefaultConditionalExecutionQueue.java:133)
	at java.base/java.util.concurrent.Executors$RunnableAdapter.call(Unknown Source)
	at java.base/java.util.concurrent.FutureTask.run(Unknown Source)
	at org.gradle.internal.concurrent.ExecutorPolicy$CatchAndRecordFailures.onExecute(ExecutorPolicy.java:64)
	at org.gradle.internal.concurrent.AbstractManagedExecutor$1.run(AbstractManagedExecutor.java:48)
	at java.base/java.util.concurrent.ThreadPoolExecutor.runWorker(Unknown Source)
	at java.base/java.util.concurrent.ThreadPoolExecutor$Worker.run(Unknown Source)
	at java.base/java.lang.Thread.run(Unknown Source)
Using fallback strategy: Compile without Kotlin daemon
Try ./gradlew --stop if this issue persists.

> Task :app:checkDebugDuplicateClasses
Transforming camera-video-1.3.1.aar (androidx.camera:camera-video:1.3.1) with AarToClassTransform
Transforming camera-view-1.3.1.aar (androidx.camera:camera-view:1.3.1) with AarToClassTransform
Transforming camera-lifecycle-1.3.1.aar (androidx.camera:camera-lifecycle:1.3.1) with AarToClassTransform
Transforming camera-camera2-1.3.1.aar (androidx.camera:camera-camera2:1.3.1) with AarToClassTransform
Transforming camera-core-1.3.1.aar (androidx.camera:camera-core:1.3.1) with AarToClassTransform
Transforming work-runtime-ktx-2.9.0.aar (androidx.work:work-runtime-ktx:2.9.0) with AarToClassTransform
Transforming hilt-work-1.1.0.aar (androidx.hilt:hilt-work:1.1.0) with AarToClassTransform
Transforming work-runtime-2.9.0.aar (androidx.work:work-runtime:2.9.0) with AarToClassTransform
Transforming text-recognition-16.0.0.aar (com.google.mlkit:text-recognition:16.0.0) with AarToClassTransform
Transforming billing-ktx-6.1.0.aar (com.android.billingclient:billing-ktx:6.1.0) with AarToClassTransform
Transforming billing-6.1.0.aar (com.android.billingclient:billing:6.1.0) with AarToClassTransform
Transforming play-services-mlkit-text-recognition-19.0.0.aar (com.google.android.gms:play-services-mlkit-text-recognition:19.0.0) with AarToClassTransform
Transforming camera-video-1.3.1.aar (androidx.camera:camera-video:1.3.1) with EnumerateClassesTransform
Transforming camera-view-1.3.1.aar (androidx.camera:camera-view:1.3.1) with EnumerateClassesTransform
Transforming camera-core-1.3.1.aar (androidx.camera:camera-core:1.3.1) with EnumerateClassesTransform
Transforming camera-camera2-1.3.1.aar (androidx.camera:camera-camera2:1.3.1) with EnumerateClassesTransform
Transforming work-runtime-ktx-2.9.0.aar (androidx.work:work-runtime-ktx:2.9.0) with EnumerateClassesTransform
Transforming hilt-work-1.1.0.aar (androidx.hilt:hilt-work:1.1.0) with EnumerateClassesTransform
Transforming text-recognition-16.0.0.aar (com.google.mlkit:text-recognition:16.0.0) with EnumerateClassesTransform
Transforming work-runtime-2.9.0.aar (androidx.work:work-runtime:2.9.0) with EnumerateClassesTransform
Transforming billing-6.1.0.aar (com.android.billingclient:billing:6.1.0) with EnumerateClassesTransform
Transforming billing-ktx-6.1.0.aar (com.android.billingclient:billing-ktx:6.1.0) with EnumerateClassesTransform
Transforming text-recognition-bundled-common-16.0.0.aar (com.google.mlkit:text-recognition-bundled-common:16.0.0) with AarToClassTransform
Transforming barcode-scanning-17.2.0.aar (com.google.mlkit:barcode-scanning:17.2.0) with AarToClassTransform
Transforming play-services-mlkit-barcode-scanning-18.3.0.aar (com.google.android.gms:play-services-mlkit-barcode-scanning:18.3.0) with AarToClassTransform
Transforming barcode-scanning-common-17.0.0.aar (com.google.mlkit:barcode-scanning-common:17.0.0) with AarToClassTransform
Transforming barcode-scanning-common-17.0.0.aar (com.google.mlkit:barcode-scanning-common:17.0.0) with AarToClassTransform
Transforming play-services-mlkit-text-recognition-common-19.0.0.aar (com.google.android.gms:play-services-mlkit-text-recognition-common:19.0.0) with AarToClassTransform
Transforming vision-common-17.3.0.aar (com.google.mlkit:vision-common:17.3.0) with AarToClassTransform
Transforming vision-common-17.3.0.aar (com.google.mlkit:vision-common:17.3.0) with AarToClassTransform
Transforming vision-common-17.3.0.aar (com.google.mlkit:vision-common:17.3.0) with AarToClassTransform
Transforming vision-common-17.3.0.aar (com.google.mlkit:vision-common:17.3.0) with AarToClassTransform
Transforming vision-common-17.3.0.aar (com.google.mlkit:vision-common:17.3.0) with AarToClassTransform
Transforming common-18.9.0.aar (com.google.mlkit:common:18.9.0) with AarToClassTransform
Transforming common-18.9.0.aar (com.google.mlkit:common:18.9.0) with AarToClassTransform
Transforming common-18.9.0.aar (com.google.mlkit:common:18.9.0) with AarToClassTransform
Transforming common-18.9.0.aar (com.google.mlkit:common:18.9.0) with AarToClassTransform
Transforming common-18.9.0.aar (com.google.mlkit:common:18.9.0) with AarToClassTransform
Transforming common-18.9.0.aar (com.google.mlkit:common:18.9.0) with AarToClassTransform
Transforming common-18.9.0.aar (com.google.mlkit:common:18.9.0) with AarToClassTransform
Transforming play-services-location-19.0.0.aar (com.google.android.gms:play-services-location:19.0.0) with AarToClassTransform
Transforming play-services-base-18.1.0.aar (com.google.android.gms:play-services-base:18.1.0) with AarToClassTransform
Transforming play-services-base-18.1.0.aar (com.google.android.gms:play-services-base:18.1.0) with AarToClassTransform
Transforming play-services-base-18.1.0.aar (com.google.android.gms:play-services-base:18.1.0) with AarToClassTransform
Transforming play-services-base-18.1.0.aar (com.google.android.gms:play-services-base:18.1.0) with AarToClassTransform
Transforming play-services-base-18.1.0.aar (com.google.android.gms:play-services-base:18.1.0) with AarToClassTransform
Transforming play-services-base-18.1.0.aar (com.google.android.gms:play-services-base:18.1.0) with AarToClassTransform
Transforming play-services-base-18.1.0.aar (com.google.android.gms:play-services-base:18.1.0) with AarToClassTransform
Transforming play-services-base-18.1.0.aar (com.google.android.gms:play-services-base:18.1.0) with AarToClassTransform
Transforming play-services-base-18.1.0.aar (com.google.android.gms:play-services-base:18.1.0) with AarToClassTransform
Transforming vision-interfaces-16.2.0.aar (com.google.mlkit:vision-interfaces:16.2.0) with AarToClassTransform
Transforming vision-interfaces-16.2.0.aar (com.google.mlkit:vision-interfaces:16.2.0) with AarToClassTransform
Transforming play-services-tasks-18.0.2.aar (com.google.android.gms:play-services-tasks:18.0.2) with AarToClassTransform
Transforming play-services-tasks-18.0.2.aar (com.google.android.gms:play-services-tasks:18.0.2) with AarToClassTransform
Transforming play-services-tasks-18.0.2.aar (com.google.android.gms:play-services-tasks:18.0.2) with AarToClassTransform
Transforming play-services-tasks-18.0.2.aar (com.google.android.gms:play-services-tasks:18.0.2) with AarToClassTransform
Transforming play-services-tasks-18.0.2.aar (com.google.android.gms:play-services-tasks:18.0.2) with AarToClassTransform
Transforming play-services-tasks-18.0.2.aar (com.google.android.gms:play-services-tasks:18.0.2) with AarToClassTransform
Transforming play-services-tasks-18.0.2.aar (com.google.android.gms:play-services-tasks:18.0.2) with AarToClassTransform
Transforming play-services-tasks-18.0.2.aar (com.google.android.gms:play-services-tasks:18.0.2) with AarToClassTransform
Transforming play-services-tasks-18.0.2.aar (com.google.android.gms:play-services-tasks:18.0.2) with AarToClassTransform
Transforming play-services-places-placereport-17.0.0.aar (com.google.android.gms:play-services-places-placereport:17.0.0) with AarToClassTransform
Transforming play-services-basement-18.1.0.aar (com.google.android.gms:play-services-basement:18.1.0) with AarToClassTransform
Transforming play-services-basement-18.1.0.aar (com.google.android.gms:play-services-basement:18.1.0) with AarToClassTransform
Transforming play-services-basement-18.1.0.aar (com.google.android.gms:play-services-basement:18.1.0) with AarToClassTransform
Transforming play-services-basement-18.1.0.aar (com.google.android.gms:play-services-basement:18.1.0) with AarToClassTransform
Transforming play-services-basement-18.1.0.aar (com.google.android.gms:play-services-basement:18.1.0) with AarToClassTransform
Transforming play-services-basement-18.1.0.aar (com.google.android.gms:play-services-basement:18.1.0) with AarToClassTransform
Transforming play-services-basement-18.1.0.aar (com.google.android.gms:play-services-basement:18.1.0) with AarToClassTransform
Transforming play-services-basement-18.1.0.aar (com.google.android.gms:play-services-basement:18.1.0) with AarToClassTransform
Transforming play-services-basement-18.1.0.aar (com.google.android.gms:play-services-basement:18.1.0) with AarToClassTransform
Transforming play-services-basement-18.1.0.aar (com.google.android.gms:play-services-basement:18.1.0) with AarToClassTransform
Transforming play-services-basement-18.1.0.aar (com.google.android.gms:play-services-basement:18.1.0) with AarToClassTransform
Transforming play-services-basement-18.1.0.aar (com.google.android.gms:play-services-basement:18.1.0) with AarToClassTransform
Transforming play-services-basement-18.1.0.aar (com.google.android.gms:play-services-basement:18.1.0) with AarToClassTransform
Transforming play-services-basement-18.1.0.aar (com.google.android.gms:play-services-basement:18.1.0) with AarToClassTransform
Transforming play-services-basement-18.1.0.aar (com.google.android.gms:play-services-basement:18.1.0) with AarToClassTransform
Transforming appcompat-1.1.0.aar (androidx.appcompat:appcompat:1.1.0) with AarToClassTransform
Transforming material3-1.1.2.aar (androidx.compose.material3:material3:1.1.2) with AarToClassTransform
Transforming hilt-navigation-compose-1.1.0.aar (androidx.hilt:hilt-navigation-compose:1.1.0) with AarToClassTransform
Transforming hilt-navigation-1.1.0.aar (androidx.hilt:hilt-navigation:1.1.0) with AarToClassTransform
Transforming hilt-android-2.50.aar (com.google.dagger:hilt-android:2.50) with AarToClassTransform
Transforming navigation-common-2.7.6.aar (androidx.navigation:navigation-common:2.7.6) with AarToClassTransform
Transforming navigation-runtime-2.7.6.aar (androidx.navigation:navigation-runtime:2.7.6) with AarToClassTransform
Transforming navigation-common-ktx-2.7.6.aar (androidx.navigation:navigation-common-ktx:2.7.6) with AarToClassTransform
Transforming navigation-runtime-ktx-2.7.6.aar (androidx.navigation:navigation-runtime-ktx:2.7.6) with AarToClassTransform
Transforming navigation-compose-2.7.6.aar (androidx.navigation:navigation-compose:2.7.6) with AarToClassTransform
Transforming material-ripple-release.aar (androidx.compose.material:material-ripple-android:1.6.0) with AarToClassTransform
Transforming material-icons-core-release.aar (androidx.compose.material:material-icons-core-android:1.6.0) with AarToClassTransform
Transforming material-icons-extended-release.aar (androidx.compose.material:material-icons-extended-android:1.6.0) with AarToClassTransform
Transforming material-release.aar (androidx.compose.material:material-android:1.6.0) with AarToClassTransform
Transforming animation-core-release.aar (androidx.compose.animation:animation-core-android:1.6.0) with AarToClassTransform
Transforming animation-release.aar (androidx.compose.animation:animation-android:1.6.0) with AarToClassTransform
Transforming foundation-layout-release.aar (androidx.compose.foundation:foundation-layout-android:1.6.0) with AarToClassTransform
Transforming foundation-release.aar (androidx.compose.foundation:foundation-android:1.6.0) with AarToClassTransform
Transforming ui-tooling-data-release.aar (androidx.compose.ui:ui-tooling-data-android:1.6.0) with AarToClassTransform
Transforming ui-unit-release.aar (androidx.compose.ui:ui-unit-android:1.6.0) with AarToClassTransform
Transforming ui-geometry-release.aar (androidx.compose.ui:ui-geometry-android:1.6.0) with AarToClassTransform
Transforming ui-util-release.aar (androidx.compose.ui:ui-util-android:1.6.0) with AarToClassTransform
Transforming ui-text-release.aar (androidx.compose.ui:ui-text-android:1.6.0) with AarToClassTransform
Transforming ui-tooling-preview-release.aar (androidx.compose.ui:ui-tooling-preview-android:1.6.0) with AarToClassTransform
Transforming ui-tooling-release.aar (androidx.compose.ui:ui-tooling-android:1.6.0) with AarToClassTransform
Transforming ui-graphics-release.aar (androidx.compose.ui:ui-graphics-android:1.6.0) with AarToClassTransform
Transforming ui-test-manifest-1.6.0.aar (androidx.compose.ui:ui-test-manifest:1.6.0) with AarToClassTransform
Transforming fragment-1.5.1.aar (androidx.fragment:fragment:1.5.1) with AarToClassTransform
Transforming fragment-1.5.1.aar (androidx.fragment:fragment:1.5.1) with AarToClassTransform
Transforming fragment-1.5.1.aar (androidx.fragment:fragment:1.5.1) with AarToClassTransform
Transforming fragment-1.5.1.aar (androidx.fragment:fragment:1.5.1) with AarToClassTransform
Transforming activity-1.8.2.aar (androidx.activity:activity:1.8.2) with AarToClassTransform
Transforming activity-1.8.2.aar (androidx.activity:activity:1.8.2) with AarToClassTransform
Transforming activity-ktx-1.8.2.aar (androidx.activity:activity-ktx:1.8.2) with AarToClassTransform
Transforming activity-compose-1.8.2.aar (androidx.activity:activity-compose:1.8.2) with AarToClassTransform
Transforming emoji2-1.3.0.aar (androidx.emoji2:emoji2:1.3.0) with AarToClassTransform
Transforming lifecycle-process-2.7.0.aar (androidx.lifecycle:lifecycle-process:2.7.0) with AarToClassTransform
Transforming lifecycle-livedata-core-ktx-2.7.0.aar (androidx.lifecycle:lifecycle-livedata-core-ktx:2.7.0) with AarToClassTransform
Transforming lifecycle-service-2.7.0.aar (androidx.lifecycle:lifecycle-service:2.7.0) with AarToClassTransform
Transforming lifecycle-livedata-core-2.7.0.aar (androidx.lifecycle:lifecycle-livedata-core:2.7.0) with AarToClassTransform
Transforming loader-1.0.0.aar (androidx.loader:loader:1.0.0) with AarToClassTransform
Transforming lifecycle-livedata-2.7.0.aar (androidx.lifecycle:lifecycle-livedata:2.7.0) with AarToClassTransform
Transforming lifecycle-livedata-2.7.0.aar (androidx.lifecycle:lifecycle-livedata:2.7.0) with AarToClassTransform
Transforming savedstate-ktx-1.2.1.aar (androidx.savedstate:savedstate-ktx:1.2.1) with AarToClassTransform
Transforming savedstate-1.2.1.aar (androidx.savedstate:savedstate:1.2.1) with AarToClassTransform
Transforming lifecycle-common-2.7.0.jar (androidx.lifecycle:lifecycle-common:2.7.0) with IdentityTransform
Transforming lifecycle-common-2.7.0.jar (androidx.lifecycle:lifecycle-common:2.7.0) with EnumerateClassesTransform
Transforming lifecycle-viewmodel-2.7.0.aar (androidx.lifecycle:lifecycle-viewmodel:2.7.0) with AarToClassTransform
Transforming lifecycle-viewmodel-2.7.0.aar (androidx.lifecycle:lifecycle-viewmodel:2.7.0) with AarToClassTransform
Transforming lifecycle-viewmodel-savedstate-2.7.0.aar (androidx.lifecycle:lifecycle-viewmodel-savedstate:2.7.0) with AarToClassTransform
Transforming lifecycle-viewmodel-ktx-2.7.0.aar (androidx.lifecycle:lifecycle-viewmodel-ktx:2.7.0) with AarToClassTransform
Transforming lifecycle-common-java8-2.7.0.jar (androidx.lifecycle:lifecycle-common-java8:2.7.0) with IdentityTransform
Transforming lifecycle-common-java8-2.7.0.jar (androidx.lifecycle:lifecycle-common-java8:2.7.0) with EnumerateClassesTransform
Transforming lifecycle-runtime-2.7.0.aar (androidx.lifecycle:lifecycle-runtime:2.7.0) with AarToClassTransform
Transforming lifecycle-runtime-ktx-2.7.0.aar (androidx.lifecycle:lifecycle-runtime-ktx:2.7.0) with AarToClassTransform
Transforming lifecycle-viewmodel-compose-2.7.0.aar (androidx.lifecycle:lifecycle-viewmodel-compose:2.7.0) with AarToClassTransform
Transforming ui-release.aar (androidx.compose.ui:ui-android:1.6.0) with AarToClassTransform
Transforming viewpager-1.0.0.aar (androidx.viewpager:viewpager:1.0.0) with AarToClassTransform
Transforming appcompat-resources-1.1.0.aar (androidx.appcompat:appcompat-resources:1.1.0) with AarToClassTransform
Transforming drawerlayout-1.0.0.aar (androidx.drawerlayout:drawerlayout:1.0.0) with AarToClassTransform
Transforming autofill-1.0.0.aar (androidx.autofill:autofill:1.0.0) with AarToClassTransform
Transforming customview-1.0.0.aar (androidx.customview:customview:1.0.0) with AarToClassTransform
Transforming customview-1.0.0.aar (androidx.customview:customview:1.0.0) with AarToClassTransform
Transforming vectordrawable-animated-1.1.0.aar (androidx.vectordrawable:vectordrawable-animated:1.1.0) with AarToClassTransform
Transforming vectordrawable-1.1.0.aar (androidx.vectordrawable:vectordrawable:1.1.0) with AarToClassTransform
Transforming vectordrawable-1.1.0.aar (androidx.vectordrawable:vectordrawable:1.1.0) with AarToClassTransform
Transforming core-1.12.0.aar (androidx.core:core:1.12.0) with AarToClassTransform
Transforming core-1.12.0.aar (androidx.core:core:1.12.0) with AarToClassTransform
Transforming core-1.12.0.aar (androidx.core:core:1.12.0) with AarToClassTransform
Transforming core-1.12.0.aar (androidx.core:core:1.12.0) with AarToClassTransform
Transforming core-1.12.0.aar (androidx.core:core:1.12.0) with AarToClassTransform
Transforming core-1.12.0.aar (androidx.core:core:1.12.0) with AarToClassTransform
Transforming core-1.12.0.aar (androidx.core:core:1.12.0) with AarToClassTransform
Transforming core-1.12.0.aar (androidx.core:core:1.12.0) with AarToClassTransform
Transforming core-1.12.0.aar (androidx.core:core:1.12.0) with AarToClassTransform
Transforming core-1.12.0.aar (androidx.core:core:1.12.0) with AarToClassTransform
Transforming core-1.12.0.aar (androidx.core:core:1.12.0) with AarToClassTransform
Transforming core-1.12.0.aar (androidx.core:core:1.12.0) with AarToClassTransform
Transforming customview-poolingcontainer-1.0.0.aar (androidx.customview:customview-poolingcontainer:1.0.0) with AarToClassTransform
Transforming core-ktx-1.12.0.aar (androidx.core:core-ktx:1.12.0) with AarToClassTransform
Transforming core-splashscreen-1.0.1.aar (androidx.core:core-splashscreen:1.0.1) with AarToClassTransform
Transforming room-common-2.6.1.jar (androidx.room:room-common:2.6.1) with IdentityTransform
Transforming room-common-2.6.1.jar (androidx.room:room-common:2.6.1) with EnumerateClassesTransform
Transforming room-runtime-2.6.1.aar (androidx.room:room-runtime:2.6.1) with AarToClassTransform
Transforming room-ktx-2.6.1.aar (androidx.room:room-ktx:2.6.1) with AarToClassTransform
Transforming datastore-preferences-1.0.0.aar (androidx.datastore:datastore-preferences:1.0.0) with AarToClassTransform
Transforming sqlite-framework-2.4.0.aar (androidx.sqlite:sqlite-framework:2.4.0) with AarToClassTransform
Transforming sqlite-2.4.0.aar (androidx.sqlite:sqlite:2.4.0) with AarToClassTransform
Transforming annotation-experimental-1.3.1.aar (androidx.annotation:annotation-experimental:1.3.1) with AarToClassTransform
Transforming datastore-1.0.0.aar (androidx.datastore:datastore:1.0.0) with AarToClassTransform
Transforming datastore-preferences-core-1.0.0.jar (androidx.datastore:datastore-preferences-core:1.0.0) with IdentityTransform
Transforming datastore-preferences-core-1.0.0.jar (androidx.datastore:datastore-preferences-core:1.0.0) with EnumerateClassesTransform
Transforming runtime-saveable-release.aar (androidx.compose.runtime:runtime-saveable-android:1.6.0) with AarToClassTransform
Transforming runtime-release.aar (androidx.compose.runtime:runtime-android:1.6.0) with AarToClassTransform
Transforming kotlinx-coroutines-android-1.7.3.jar (org.jetbrains.kotlinx:kotlinx-coroutines-android:1.7.3) with IdentityTransform
Transforming kotlinx-coroutines-android-1.7.3.jar (org.jetbrains.kotlinx:kotlinx-coroutines-android:1.7.3) with EnumerateClassesTransform
Transforming datastore-core-1.0.0.jar (androidx.datastore:datastore-core:1.0.0) with IdentityTransform
Transforming datastore-core-1.0.0.jar (androidx.datastore:datastore-core:1.0.0) with EnumerateClassesTransform
Transforming kotlinx-coroutines-core-jvm-1.7.3.jar (org.jetbrains.kotlinx:kotlinx-coroutines-core-jvm:1.7.3) with IdentityTransform
Transforming kotlinx-coroutines-core-jvm-1.7.3.jar (org.jetbrains.kotlinx:kotlinx-coroutines-core-jvm:1.7.3) with EnumerateClassesTransform
Transforming kotlin-stdlib-jdk8-1.8.22.jar (org.jetbrains.kotlin:kotlin-stdlib-jdk8:1.8.22) with IdentityTransform
Transforming kotlin-stdlib-jdk8-1.8.22.jar (org.jetbrains.kotlin:kotlin-stdlib-jdk8:1.8.22) with EnumerateClassesTransform
Transforming security-crypto-1.1.0-alpha06.aar (androidx.security:security-crypto:1.1.0-alpha06) with AarToClassTransform
Transforming versionedparcelable-1.1.1.aar (androidx.versionedparcelable:versionedparcelable:1.1.1) with AarToClassTransform
Transforming collection-jvm-1.4.0.jar (androidx.collection:collection-jvm:1.4.0) with IdentityTransform
Transforming collection-jvm-1.4.0.jar (androidx.collection:collection-jvm:1.4.0) with EnumerateClassesTransform
Transforming core-runtime-2.2.0.aar (androidx.arch.core:core-runtime:2.2.0) with AarToClassTransform
Transforming exifinterface-1.3.2.aar (androidx.exifinterface:exifinterface:1.3.2) with AarToClassTransform
Transforming exifinterface-1.3.2.aar (androidx.exifinterface:exifinterface:1.3.2) with AarToClassTransform
Transforming interpolator-1.0.0.aar (androidx.interpolator:interpolator:1.0.0) with AarToClassTransform
Transforming interpolator-1.0.0.aar (androidx.interpolator:interpolator:1.0.0) with AarToClassTransform
Transforming core-common-2.2.0.jar (androidx.arch.core:core-common:2.2.0) with IdentityTransform
Transforming core-common-2.2.0.jar (androidx.arch.core:core-common:2.2.0) with EnumerateClassesTransform
Transforming profileinstaller-1.3.0.aar (androidx.profileinstaller:profileinstaller:1.3.0) with AarToClassTransform
Transforming transport-backend-cct-3.1.8.aar (com.google.android.datatransport:transport-backend-cct:3.1.8) with AarToClassTransform
Transforming transport-backend-cct-3.1.8.aar (com.google.android.datatransport:transport-backend-cct:3.1.8) with AarToClassTransform
Transforming transport-backend-cct-3.1.8.aar (com.google.android.datatransport:transport-backend-cct:3.1.8) with AarToClassTransform
Transforming transport-backend-cct-3.1.8.aar (com.google.android.datatransport:transport-backend-cct:3.1.8) with AarToClassTransform
Transforming transport-backend-cct-3.1.8.aar (com.google.android.datatransport:transport-backend-cct:3.1.8) with AarToClassTransform
Transforming transport-runtime-3.1.8.aar (com.google.android.datatransport:transport-runtime:3.1.8) with AarToClassTransform
Transforming transport-runtime-3.1.8.aar (com.google.android.datatransport:transport-runtime:3.1.8) with AarToClassTransform
Transforming transport-runtime-3.1.8.aar (com.google.android.datatransport:transport-runtime:3.1.8) with AarToClassTransform
Transforming transport-runtime-3.1.8.aar (com.google.android.datatransport:transport-runtime:3.1.8) with AarToClassTransform
Transforming transport-runtime-3.1.8.aar (com.google.android.datatransport:transport-runtime:3.1.8) with AarToClassTransform
Transforming transport-runtime-3.1.8.aar (com.google.android.datatransport:transport-runtime:3.1.8) with AarToClassTransform
Transforming transport-api-3.0.0.aar (com.google.android.datatransport:transport-api:3.0.0) with AarToClassTransform
Transforming transport-api-3.0.0.aar (com.google.android.datatransport:transport-api:3.0.0) with AarToClassTransform
Transforming transport-api-3.0.0.aar (com.google.android.datatransport:transport-api:3.0.0) with AarToClassTransform
Transforming transport-api-3.0.0.aar (com.google.android.datatransport:transport-api:3.0.0) with AarToClassTransform
Transforming transport-api-3.0.0.aar (com.google.android.datatransport:transport-api:3.0.0) with AarToClassTransform
Transforming transport-api-3.0.0.aar (com.google.android.datatransport:transport-api:3.0.0) with AarToClassTransform
Transforming transport-api-3.0.0.aar (com.google.android.datatransport:transport-api:3.0.0) with AarToClassTransform
Transforming startup-runtime-1.1.1.aar (androidx.startup:startup-runtime:1.1.1) with AarToClassTransform
Transforming cursoradapter-1.0.0.aar (androidx.cursoradapter:cursoradapter:1.0.0) with AarToClassTransform
Transforming firebase-components-16.1.0.aar (com.google.firebase:firebase-components:16.1.0) with AarToClassTransform
Transforming firebase-components-16.1.0.aar (com.google.firebase:firebase-components:16.1.0) with AarToClassTransform
Transforming firebase-components-16.1.0.aar (com.google.firebase:firebase-components:16.1.0) with AarToClassTransform
Transforming firebase-components-16.1.0.aar (com.google.firebase:firebase-components:16.1.0) with AarToClassTransform
Transforming tracing-1.0.0.aar (androidx.tracing:tracing:1.0.0) with AarToClassTransform
Transforming firebase-encoders-json-18.0.0.aar (com.google.firebase:firebase-encoders-json:18.0.0) with AarToClassTransform
Transforming firebase-encoders-json-18.0.0.aar (com.google.firebase:firebase-encoders-json:18.0.0) with AarToClassTransform
Transforming firebase-encoders-json-18.0.0.aar (com.google.firebase:firebase-encoders-json:18.0.0) with AarToClassTransform
Transforming firebase-encoders-json-18.0.0.aar (com.google.firebase:firebase-encoders-json:18.0.0) with AarToClassTransform
Transforming firebase-encoders-json-18.0.0.aar (com.google.firebase:firebase-encoders-json:18.0.0) with AarToClassTransform
Transforming firebase-encoders-proto-16.0.0.jar (com.google.firebase:firebase-encoders-proto:16.0.0) with IdentityTransform
Transforming firebase-encoders-proto-16.0.0.jar (com.google.firebase:firebase-encoders-proto:16.0.0) with EnumerateClassesTransform
Transforming firebase-encoders-17.0.0.jar (com.google.firebase:firebase-encoders:17.0.0) with IdentityTransform
Transforming firebase-encoders-17.0.0.jar (com.google.firebase:firebase-encoders:17.0.0) with EnumerateClassesTransform
Transforming annotation-jvm-1.7.0.jar (androidx.annotation:annotation-jvm:1.7.0) with IdentityTransform
Transforming annotation-jvm-1.7.0.jar (androidx.annotation:annotation-jvm:1.7.0) with EnumerateClassesTransform
Transforming kotlin-stdlib-jdk7-1.8.22.jar (org.jetbrains.kotlin:kotlin-stdlib-jdk7:1.8.22) with IdentityTransform
Transforming kotlin-stdlib-jdk7-1.8.22.jar (org.jetbrains.kotlin:kotlin-stdlib-jdk7:1.8.22) with EnumerateClassesTransform
Transforming kotlin-stdlib-1.9.22.jar (org.jetbrains.kotlin:kotlin-stdlib:1.9.22) with IdentityTransform
Transforming kotlin-stdlib-1.9.22.jar (org.jetbrains.kotlin:kotlin-stdlib:1.9.22) with EnumerateClassesTransform
Transforming tensorflow-lite-support-0.4.4.aar (org.tensorflow:tensorflow-lite-support:0.4.4) with AarToClassTransform
Transforming tensorflow-lite-2.14.0.aar (org.tensorflow:tensorflow-lite:2.14.0) with AarToClassTransform
Transforming tensorflow-lite-gpu-2.14.0.aar (org.tensorflow:tensorflow-lite-gpu:2.14.0) with AarToClassTransform
Transforming core-3.5.3.jar (com.google.zxing:core:3.5.3) with IdentityTransform
Transforming core-3.5.3.jar (com.google.zxing:core:3.5.3) with EnumerateClassesTransform
Transforming annotations-23.0.0.jar (org.jetbrains:annotations:23.0.0) with IdentityTransform
Transforming annotations-23.0.0.jar (org.jetbrains:annotations:23.0.0) with EnumerateClassesTransform
Transforming hilt-common-1.1.0.jar (androidx.hilt:hilt-common:1.1.0) with IdentityTransform
Transforming hilt-common-1.1.0.jar (androidx.hilt:hilt-common:1.1.0) with EnumerateClassesTransform
Transforming hilt-core-2.50.jar (com.google.dagger:hilt-core:2.50) with IdentityTransform
Transforming hilt-core-2.50.jar (com.google.dagger:hilt-core:2.50) with EnumerateClassesTransform
Transforming dagger-2.50.jar (com.google.dagger:dagger:2.50) with IdentityTransform
Transforming dagger-2.50.jar (com.google.dagger:dagger:2.50) with EnumerateClassesTransform
Transforming dagger-lint-aar-2.50.aar (com.google.dagger:dagger-lint-aar:2.50) with AarToClassTransform
Transforming jsr305-3.0.2.jar (com.google.code.findbugs:jsr305:3.0.2) with IdentityTransform
Transforming jsr305-3.0.2.jar (com.google.code.findbugs:jsr305:3.0.2) with EnumerateClassesTransform
Transforming javax.inject-1.jar (javax.inject:javax.inject:1) with IdentityTransform
Transforming javax.inject-1.jar (javax.inject:javax.inject:1) with EnumerateClassesTransform
Transforming tensorflow-lite-support-api-0.4.4.aar (org.tensorflow:tensorflow-lite-support-api:0.4.4) with AarToClassTransform
Transforming tensorflow-lite-api-2.14.0.aar (org.tensorflow:tensorflow-lite-api:2.14.0) with AarToClassTransform
Transforming auto-value-annotations-1.6.3.jar (com.google.auto.value:auto-value-annotations:1.6.3) with IdentityTransform
Transforming listenablefuture-1.0.jar (com.google.guava:listenablefuture:1.0) with IdentityTransform
Transforming listenablefuture-1.0.jar (com.google.guava:listenablefuture:1.0) with EnumerateClassesTransform
Transforming checker-qual-2.5.8.jar (org.checkerframework:checker-qual:2.5.8) with IdentityTransform
Transforming checker-qual-2.5.8.jar (org.checkerframework:checker-qual:2.5.8) with EnumerateClassesTransform
Transforming image-1.0.0-beta1.aar (com.google.android.odml:image:1.0.0-beta1) with AarToClassTransform
Transforming image-1.0.0-beta1.aar (com.google.android.odml:image:1.0.0-beta1) with AarToClassTransform
Transforming image-1.0.0-beta1.aar (com.google.android.odml:image:1.0.0-beta1) with AarToClassTransform
Transforming image-1.0.0-beta1.aar (com.google.android.odml:image:1.0.0-beta1) with AarToClassTransform
Transforming firebase-annotations-16.0.0.jar (com.google.firebase:firebase-annotations:16.0.0) with IdentityTransform
Transforming firebase-annotations-16.0.0.jar (com.google.firebase:firebase-annotations:16.0.0) with EnumerateClassesTransform
Transforming text-recognition-bundled-common-16.0.0.aar (com.google.mlkit:text-recognition-bundled-common:16.0.0) with EnumerateClassesTransform
Transforming barcode-scanning-17.2.0.aar (com.google.mlkit:barcode-scanning:17.2.0) with EnumerateClassesTransform
Transforming play-services-mlkit-barcode-scanning-18.3.0.aar (com.google.android.gms:play-services-mlkit-barcode-scanning:18.3.0) with EnumerateClassesTransform
Transforming play-services-mlkit-text-recognition-19.0.0.aar (com.google.android.gms:play-services-mlkit-text-recognition:19.0.0) with EnumerateClassesTransform
Transforming barcode-scanning-common-17.0.0.aar (com.google.mlkit:barcode-scanning-common:17.0.0) with EnumerateClassesTransform
Transforming vision-common-17.3.0.aar (com.google.mlkit:vision-common:17.3.0) with EnumerateClassesTransform
Transforming play-services-mlkit-text-recognition-common-19.0.0.aar (com.google.android.gms:play-services-mlkit-text-recognition-common:19.0.0) with EnumerateClassesTransform
Transforming common-18.9.0.aar (com.google.mlkit:common:18.9.0) with EnumerateClassesTransform
Transforming play-services-location-19.0.0.aar (com.google.android.gms:play-services-location:19.0.0) with EnumerateClassesTransform
Transforming play-services-base-18.1.0.aar (com.google.android.gms:play-services-base:18.1.0) with EnumerateClassesTransform
Transforming vision-interfaces-16.2.0.aar (com.google.mlkit:vision-interfaces:16.2.0) with EnumerateClassesTransform
Transforming play-services-tasks-18.0.2.aar (com.google.android.gms:play-services-tasks:18.0.2) with EnumerateClassesTransform
Transforming play-services-places-placereport-17.0.0.aar (com.google.android.gms:play-services-places-placereport:17.0.0) with EnumerateClassesTransform
Transforming play-services-basement-18.1.0.aar (com.google.android.gms:play-services-basement:18.1.0) with EnumerateClassesTransform
Transforming appcompat-1.1.0.aar (androidx.appcompat:appcompat:1.1.0) with EnumerateClassesTransform
Transforming material3-1.1.2.aar (androidx.compose.material3:material3:1.1.2) with EnumerateClassesTransform
Transforming hilt-navigation-compose-1.1.0.aar (androidx.hilt:hilt-navigation-compose:1.1.0) with EnumerateClassesTransform
Transforming hilt-navigation-1.1.0.aar (androidx.hilt:hilt-navigation:1.1.0) with EnumerateClassesTransform
Transforming hilt-android-2.50.aar (com.google.dagger:hilt-android:2.50) with EnumerateClassesTransform
Transforming navigation-common-2.7.6.aar (androidx.navigation:navigation-common:2.7.6) with EnumerateClassesTransform
Transforming navigation-runtime-2.7.6.aar (androidx.navigation:navigation-runtime:2.7.6) with EnumerateClassesTransform
Transforming navigation-common-ktx-2.7.6.aar (androidx.navigation:navigation-common-ktx:2.7.6) with EnumerateClassesTransform
Transforming navigation-runtime-ktx-2.7.6.aar (androidx.navigation:navigation-runtime-ktx:2.7.6) with EnumerateClassesTransform
Transforming material-ripple-release.aar (androidx.compose.material:material-ripple-android:1.6.0) with EnumerateClassesTransform
Transforming material-icons-core-release.aar (androidx.compose.material:material-icons-core-android:1.6.0) with EnumerateClassesTransform
Transforming material-icons-extended-release.aar (androidx.compose.material:material-icons-extended-android:1.6.0) with EnumerateClassesTransform
Transforming material-release.aar (androidx.compose.material:material-android:1.6.0) with EnumerateClassesTransform
Transforming navigation-compose-2.7.6.aar (androidx.navigation:navigation-compose:2.7.6) with EnumerateClassesTransform
Transforming animation-core-release.aar (androidx.compose.animation:animation-core-android:1.6.0) with EnumerateClassesTransform
Transforming animation-release.aar (androidx.compose.animation:animation-android:1.6.0) with EnumerateClassesTransform
Transforming foundation-layout-release.aar (androidx.compose.foundation:foundation-layout-android:1.6.0) with EnumerateClassesTransform
Transforming ui-tooling-data-release.aar (androidx.compose.ui:ui-tooling-data-android:1.6.0) with EnumerateClassesTransform
Transforming foundation-release.aar (androidx.compose.foundation:foundation-android:1.6.0) with EnumerateClassesTransform
Transforming ui-unit-release.aar (androidx.compose.ui:ui-unit-android:1.6.0) with EnumerateClassesTransform
Transforming ui-util-release.aar (androidx.compose.ui:ui-util-android:1.6.0) with EnumerateClassesTransform
Transforming ui-geometry-release.aar (androidx.compose.ui:ui-geometry-android:1.6.0) with EnumerateClassesTransform
Transforming ui-text-release.aar (androidx.compose.ui:ui-text-android:1.6.0) with EnumerateClassesTransform
Transforming ui-tooling-preview-release.aar (androidx.compose.ui:ui-tooling-preview-android:1.6.0) with EnumerateClassesTransform
Transforming ui-tooling-release.aar (androidx.compose.ui:ui-tooling-android:1.6.0) with EnumerateClassesTransform
Transforming ui-graphics-release.aar (androidx.compose.ui:ui-graphics-android:1.6.0) with EnumerateClassesTransform
Transforming fragment-1.5.1.aar (androidx.fragment:fragment:1.5.1) with EnumerateClassesTransform
Transforming ui-test-manifest-1.6.0.aar (androidx.compose.ui:ui-test-manifest:1.6.0) with EnumerateClassesTransform
Transforming fragment-1.5.1.aar (androidx.fragment:fragment:1.5.1) with EnumerateClassesTransform
Transforming activity-1.8.2.aar (androidx.activity:activity:1.8.2) with EnumerateClassesTransform
Transforming activity-1.8.2.aar (androidx.activity:activity:1.8.2) with EnumerateClassesTransform
Transforming activity-ktx-1.8.2.aar (androidx.activity:activity-ktx:1.8.2) with EnumerateClassesTransform
Transforming activity-compose-1.8.2.aar (androidx.activity:activity-compose:1.8.2) with EnumerateClassesTransform
Transforming emoji2-1.3.0.aar (androidx.emoji2:emoji2:1.3.0) with EnumerateClassesTransform
Transforming lifecycle-livedata-core-ktx-2.7.0.aar (androidx.lifecycle:lifecycle-livedata-core-ktx:2.7.0) with EnumerateClassesTransform
Transforming lifecycle-livedata-core-2.7.0.aar (androidx.lifecycle:lifecycle-livedata-core:2.7.0) with EnumerateClassesTransform
Transforming loader-1.0.0.aar (androidx.loader:loader:1.0.0) with EnumerateClassesTransform
Transforming lifecycle-process-2.7.0.aar (androidx.lifecycle:lifecycle-process:2.7.0) with EnumerateClassesTransform
Transforming lifecycle-service-2.7.0.aar (androidx.lifecycle:lifecycle-service:2.7.0) with EnumerateClassesTransform
Transforming lifecycle-livedata-2.7.0.aar (androidx.lifecycle:lifecycle-livedata:2.7.0) with EnumerateClassesTransform
Transforming lifecycle-livedata-2.7.0.aar (androidx.lifecycle:lifecycle-livedata:2.7.0) with EnumerateClassesTransform
Transforming savedstate-1.2.1.aar (androidx.savedstate:savedstate:1.2.1) with EnumerateClassesTransform
Transforming lifecycle-viewmodel-2.7.0.aar (androidx.lifecycle:lifecycle-viewmodel:2.7.0) with EnumerateClassesTransform
Transforming lifecycle-viewmodel-2.7.0.aar (androidx.lifecycle:lifecycle-viewmodel:2.7.0) with EnumerateClassesTransform
Transforming lifecycle-viewmodel-savedstate-2.7.0.aar (androidx.lifecycle:lifecycle-viewmodel-savedstate:2.7.0) with EnumerateClassesTransform
Transforming lifecycle-viewmodel-ktx-2.7.0.aar (androidx.lifecycle:lifecycle-viewmodel-ktx:2.7.0) with EnumerateClassesTransform
Transforming lifecycle-runtime-2.7.0.aar (androidx.lifecycle:lifecycle-runtime:2.7.0) with EnumerateClassesTransform
Transforming lifecycle-runtime-ktx-2.7.0.aar (androidx.lifecycle:lifecycle-runtime-ktx:2.7.0) with EnumerateClassesTransform
Transforming lifecycle-viewmodel-compose-2.7.0.aar (androidx.lifecycle:lifecycle-viewmodel-compose:2.7.0) with EnumerateClassesTransform
Transforming savedstate-ktx-1.2.1.aar (androidx.savedstate:savedstate-ktx:1.2.1) with EnumerateClassesTransform
Transforming ui-release.aar (androidx.compose.ui:ui-android:1.6.0) with EnumerateClassesTransform
Transforming viewpager-1.0.0.aar (androidx.viewpager:viewpager:1.0.0) with EnumerateClassesTransform
Transforming appcompat-resources-1.1.0.aar (androidx.appcompat:appcompat-resources:1.1.0) with EnumerateClassesTransform
Transforming drawerlayout-1.0.0.aar (androidx.drawerlayout:drawerlayout:1.0.0) with EnumerateClassesTransform
Transforming autofill-1.0.0.aar (androidx.autofill:autofill:1.0.0) with EnumerateClassesTransform
Transforming customview-1.0.0.aar (androidx.customview:customview:1.0.0) with EnumerateClassesTransform
Transforming vectordrawable-animated-1.1.0.aar (androidx.vectordrawable:vectordrawable-animated:1.1.0) with EnumerateClassesTransform
Transforming vectordrawable-1.1.0.aar (androidx.vectordrawable:vectordrawable:1.1.0) with EnumerateClassesTransform
Transforming core-1.12.0.aar (androidx.core:core:1.12.0) with EnumerateClassesTransform
Transforming core-1.12.0.aar (androidx.core:core:1.12.0) with EnumerateClassesTransform
Transforming customview-poolingcontainer-1.0.0.aar (androidx.customview:customview-poolingcontainer:1.0.0) with EnumerateClassesTransform
Transforming core-splashscreen-1.0.1.aar (androidx.core:core-splashscreen:1.0.1) with EnumerateClassesTransform
Transforming room-runtime-2.6.1.aar (androidx.room:room-runtime:2.6.1) with EnumerateClassesTransform
Transforming room-ktx-2.6.1.aar (androidx.room:room-ktx:2.6.1) with EnumerateClassesTransform
Transforming core-ktx-1.12.0.aar (androidx.core:core-ktx:1.12.0) with EnumerateClassesTransform
Transforming sqlite-framework-2.4.0.aar (androidx.sqlite:sqlite-framework:2.4.0) with EnumerateClassesTransform
Transforming sqlite-2.4.0.aar (androidx.sqlite:sqlite:2.4.0) with EnumerateClassesTransform
Transforming annotation-experimental-1.3.1.aar (androidx.annotation:annotation-experimental:1.3.1) with EnumerateClassesTransform
Transforming datastore-preferences-1.0.0.aar (androidx.datastore:datastore-preferences:1.0.0) with EnumerateClassesTransform
Transforming runtime-saveable-release.aar (androidx.compose.runtime:runtime-saveable-android:1.6.0) with EnumerateClassesTransform
Transforming runtime-release.aar (androidx.compose.runtime:runtime-android:1.6.0) with EnumerateClassesTransform
Transforming security-crypto-1.1.0-alpha06.aar (androidx.security:security-crypto:1.1.0-alpha06) with EnumerateClassesTransform
Transforming versionedparcelable-1.1.1.aar (androidx.versionedparcelable:versionedparcelable:1.1.1) with EnumerateClassesTransform
Transforming collection-ktx-1.4.0.jar (androidx.collection:collection-ktx:1.4.0) with IdentityTransform
Transforming collection-ktx-1.4.0.jar (androidx.collection:collection-ktx:1.4.0) with EnumerateClassesTransform
Transforming core-runtime-2.2.0.aar (androidx.arch.core:core-runtime:2.2.0) with EnumerateClassesTransform
Transforming exifinterface-1.3.2.aar (androidx.exifinterface:exifinterface:1.3.2) with EnumerateClassesTransform
Transforming exifinterface-1.3.2.aar (androidx.exifinterface:exifinterface:1.3.2) with EnumerateClassesTransform
Transforming interpolator-1.0.0.aar (androidx.interpolator:interpolator:1.0.0) with EnumerateClassesTransform
Transforming interpolator-1.0.0.aar (androidx.interpolator:interpolator:1.0.0) with EnumerateClassesTransform
Transforming profileinstaller-1.3.0.aar (androidx.profileinstaller:profileinstaller:1.3.0) with EnumerateClassesTransform
Transforming datastore-1.0.0.aar (androidx.datastore:datastore:1.0.0) with EnumerateClassesTransform
Transforming transport-backend-cct-3.1.8.aar (com.google.android.datatransport:transport-backend-cct:3.1.8) with EnumerateClassesTransform
Transforming transport-runtime-3.1.8.aar (com.google.android.datatransport:transport-runtime:3.1.8) with EnumerateClassesTransform
Transforming transport-api-3.0.0.aar (com.google.android.datatransport:transport-api:3.0.0) with EnumerateClassesTransform
Transforming cursoradapter-1.0.0.aar (androidx.cursoradapter:cursoradapter:1.0.0) with EnumerateClassesTransform
Transforming firebase-components-16.1.0.aar (com.google.firebase:firebase-components:16.1.0) with EnumerateClassesTransform
Transforming concurrent-futures-1.1.0.jar (androidx.concurrent:concurrent-futures:1.1.0) with IdentityTransform
Transforming concurrent-futures-1.1.0.jar (androidx.concurrent:concurrent-futures:1.1.0) with EnumerateClassesTransform
Transforming tracing-1.0.0.aar (androidx.tracing:tracing:1.0.0) with EnumerateClassesTransform
Transforming firebase-encoders-json-18.0.0.aar (com.google.firebase:firebase-encoders-json:18.0.0) with EnumerateClassesTransform
Transforming startup-runtime-1.1.1.aar (androidx.startup:startup-runtime:1.1.1) with EnumerateClassesTransform
Transforming tensorflow-lite-support-0.4.4.aar (org.tensorflow:tensorflow-lite-support:0.4.4) with EnumerateClassesTransform
Transforming tensorflow-lite-2.14.0.aar (org.tensorflow:tensorflow-lite:2.14.0) with EnumerateClassesTransform
Transforming dagger-lint-aar-2.50.aar (com.google.dagger:dagger-lint-aar:2.50) with EnumerateClassesTransform
Transforming tensorflow-lite-gpu-2.14.0.aar (org.tensorflow:tensorflow-lite-gpu:2.14.0) with EnumerateClassesTransform
Transforming tink-android-1.8.0.jar (com.google.crypto.tink:tink-android:1.8.0) with IdentityTransform
Transforming tensorflow-lite-support-api-0.4.4.aar (org.tensorflow:tensorflow-lite-support-api:0.4.4) with EnumerateClassesTransform
Transforming tensorflow-lite-api-2.14.0.aar (org.tensorflow:tensorflow-lite-api:2.14.0) with EnumerateClassesTransform
Transforming tink-android-1.8.0.jar (com.google.crypto.tink:tink-android:1.8.0) with EnumerateClassesTransform
Transforming auto-value-annotations-1.6.3.jar (com.google.auto.value:auto-value-annotations:1.6.3) with EnumerateClassesTransform
Transforming image-1.0.0-beta1.aar (com.google.android.odml:image:1.0.0-beta1) with EnumerateClassesTransform
Transforming image-1.0.0-beta1.aar (com.google.android.odml:image:1.0.0-beta1) with EnumerateClassesTransform
Transforming gson-2.8.9.jar (com.google.code.gson:gson:2.8.9) with IdentityTransform
Transforming camera-lifecycle-1.3.1.aar (androidx.camera:camera-lifecycle:1.3.1) with EnumerateClassesTransform
Transforming gson-2.8.9.jar (com.google.code.gson:gson:2.8.9) with EnumerateClassesTransform
Caching disabled for task ':app:checkDebugDuplicateClasses' because:
  Caching has been disabled for the task
Task ':app:checkDebugDuplicateClasses' is not up-to-date because:
  Output property 'dummyOutputDirectory' file C:\Users\Administrator\Desktop\new app - Copy - Copy\nsfw-shield\app\build\intermediates\duplicate_classes_check\debug has been removed.

> Task :app:mergeDebugNativeLibs
Transforming camera-video-1.3.1.aar (androidx.camera:camera-video:1.3.1) with ExtractAarTransform
Transforming camera-video-1.3.1.aar (androidx.camera:camera-video:1.3.1) with AarTransform
Transforming camera-view-1.3.1.aar (androidx.camera:camera-view:1.3.1) with ExtractAarTransform
Transforming camera-view-1.3.1.aar (androidx.camera:camera-view:1.3.1) with AarTransform
Transforming camera-lifecycle-1.3.1.aar (androidx.camera:camera-lifecycle:1.3.1) with ExtractAarTransform
Transforming camera-lifecycle-1.3.1.aar (androidx.camera:camera-lifecycle:1.3.1) with AarTransform
Transforming camera-camera2-1.3.1.aar (androidx.camera:camera-camera2:1.3.1) with ExtractAarTransform
Transforming camera-camera2-1.3.1.aar (androidx.camera:camera-camera2:1.3.1) with AarTransform
Transforming camera-core-1.3.1.aar (androidx.camera:camera-core:1.3.1) with ExtractAarTransform
Transforming camera-core-1.3.1.aar (androidx.camera:camera-core:1.3.1) with AarTransform
Transforming work-runtime-ktx-2.9.0.aar (androidx.work:work-runtime-ktx:2.9.0) with ExtractAarTransform
Transforming work-runtime-ktx-2.9.0.aar (androidx.work:work-runtime-ktx:2.9.0) with AarTransform
Transforming hilt-work-1.1.0.aar (androidx.hilt:hilt-work:1.1.0) with ExtractAarTransform
Transforming hilt-work-1.1.0.aar (androidx.hilt:hilt-work:1.1.0) with AarTransform
Transforming work-runtime-2.9.0.aar (androidx.work:work-runtime:2.9.0) with ExtractAarTransform
Transforming work-runtime-2.9.0.aar (androidx.work:work-runtime:2.9.0) with AarTransform
Transforming text-recognition-16.0.0.aar (com.google.mlkit:text-recognition:16.0.0) with ExtractAarTransform
Transforming text-recognition-16.0.0.aar (com.google.mlkit:text-recognition:16.0.0) with AarTransform
Transforming billing-ktx-6.1.0.aar (com.android.billingclient:billing-ktx:6.1.0) with ExtractAarTransform
Transforming billing-ktx-6.1.0.aar (com.android.billingclient:billing-ktx:6.1.0) with AarTransform
Transforming billing-6.1.0.aar (com.android.billingclient:billing:6.1.0) with ExtractAarTransform
Transforming billing-6.1.0.aar (com.android.billingclient:billing:6.1.0) with AarTransform
Transforming play-services-mlkit-text-recognition-19.0.0.aar (com.google.android.gms:play-services-mlkit-text-recognition:19.0.0) with ExtractAarTransform
Transforming play-services-mlkit-text-recognition-19.0.0.aar (com.google.android.gms:play-services-mlkit-text-recognition:19.0.0) with AarTransform
Transforming text-recognition-bundled-common-16.0.0.aar (com.google.mlkit:text-recognition-bundled-common:16.0.0) with ExtractAarTransform
Transforming text-recognition-bundled-common-16.0.0.aar (com.google.mlkit:text-recognition-bundled-common:16.0.0) with AarTransform
Transforming barcode-scanning-17.2.0.aar (com.google.mlkit:barcode-scanning:17.2.0) with ExtractAarTransform
Transforming barcode-scanning-17.2.0.aar (com.google.mlkit:barcode-scanning:17.2.0) with AarTransform
Transforming play-services-mlkit-barcode-scanning-18.3.0.aar (com.google.android.gms:play-services-mlkit-barcode-scanning:18.3.0) with ExtractAarTransform
Transforming play-services-mlkit-barcode-scanning-18.3.0.aar (com.google.android.gms:play-services-mlkit-barcode-scanning:18.3.0) with AarTransform
Transforming barcode-scanning-common-17.0.0.aar (com.google.mlkit:barcode-scanning-common:17.0.0) with ExtractAarTransform
Transforming barcode-scanning-common-17.0.0.aar (com.google.mlkit:barcode-scanning-common:17.0.0) with AarTransform
Transforming barcode-scanning-common-17.0.0.aar (com.google.mlkit:barcode-scanning-common:17.0.0) with ExtractAarTransform
Transforming barcode-scanning-common-17.0.0.aar (com.google.mlkit:barcode-scanning-common:17.0.0) with AarTransform
Transforming play-services-mlkit-text-recognition-common-19.0.0.aar (com.google.android.gms:play-services-mlkit-text-recognition-common:19.0.0) with ExtractAarTransform
Transforming play-services-mlkit-text-recognition-common-19.0.0.aar (com.google.android.gms:play-services-mlkit-text-recognition-common:19.0.0) with AarTransform
Transforming vision-common-17.3.0.aar (com.google.mlkit:vision-common:17.3.0) with ExtractAarTransform
Transforming vision-common-17.3.0.aar (com.google.mlkit:vision-common:17.3.0) with AarTransform
Transforming vision-common-17.3.0.aar (com.google.mlkit:vision-common:17.3.0) with ExtractAarTransform
Transforming vision-common-17.3.0.aar (com.google.mlkit:vision-common:17.3.0) with AarTransform
Transforming vision-common-17.3.0.aar (com.google.mlkit:vision-common:17.3.0) with ExtractAarTransform
Transforming vision-common-17.3.0.aar (com.google.mlkit:vision-common:17.3.0) with AarTransform
Transforming vision-common-17.3.0.aar (com.google.mlkit:vision-common:17.3.0) with ExtractAarTransform
Transforming vision-common-17.3.0.aar (com.google.mlkit:vision-common:17.3.0) with AarTransform
Transforming vision-common-17.3.0.aar (com.google.mlkit:vision-common:17.3.0) with ExtractAarTransform
Transforming vision-common-17.3.0.aar (com.google.mlkit:vision-common:17.3.0) with AarTransform
Transforming common-18.9.0.aar (com.google.mlkit:common:18.9.0) with ExtractAarTransform
Transforming common-18.9.0.aar (com.google.mlkit:common:18.9.0) with AarTransform
Transforming common-18.9.0.aar (com.google.mlkit:common:18.9.0) with ExtractAarTransform
Transforming common-18.9.0.aar (com.google.mlkit:common:18.9.0) with AarTransform
Transforming common-18.9.0.aar (com.google.mlkit:common:18.9.0) with ExtractAarTransform
Transforming common-18.9.0.aar (com.google.mlkit:common:18.9.0) with AarTransform
Transforming common-18.9.0.aar (com.google.mlkit:common:18.9.0) with ExtractAarTransform
Transforming common-18.9.0.aar (com.google.mlkit:common:18.9.0) with AarTransform
Transforming common-18.9.0.aar (com.google.mlkit:common:18.9.0) with ExtractAarTransform
Transforming common-18.9.0.aar (com.google.mlkit:common:18.9.0) with AarTransform
Transforming common-18.9.0.aar (com.google.mlkit:common:18.9.0) with ExtractAarTransform
Transforming common-18.9.0.aar (com.google.mlkit:common:18.9.0) with AarTransform
Transforming common-18.9.0.aar (com.google.mlkit:common:18.9.0) with ExtractAarTransform
Transforming common-18.9.0.aar (com.google.mlkit:common:18.9.0) with AarTransform
Transforming play-services-location-19.0.0.aar (com.google.android.gms:play-services-location:19.0.0) with ExtractAarTransform
Transforming play-services-location-19.0.0.aar (com.google.android.gms:play-services-location:19.0.0) with AarTransform
Transforming play-services-base-18.1.0.aar (com.google.android.gms:play-services-base:18.1.0) with ExtractAarTransform
Transforming play-services-base-18.1.0.aar (com.google.android.gms:play-services-base:18.1.0) with AarTransform
Transforming play-services-base-18.1.0.aar (com.google.android.gms:play-services-base:18.1.0) with ExtractAarTransform
Transforming play-services-base-18.1.0.aar (com.google.android.gms:play-services-base:18.1.0) with AarTransform
Transforming play-services-base-18.1.0.aar (com.google.android.gms:play-services-base:18.1.0) with ExtractAarTransform
Transforming play-services-base-18.1.0.aar (com.google.android.gms:play-services-base:18.1.0) with AarTransform
Transforming play-services-base-18.1.0.aar (com.google.android.gms:play-services-base:18.1.0) with ExtractAarTransform
Transforming play-services-base-18.1.0.aar (com.google.android.gms:play-services-base:18.1.0) with AarTransform
Transforming play-services-base-18.1.0.aar (com.google.android.gms:play-services-base:18.1.0) with ExtractAarTransform
Transforming play-services-base-18.1.0.aar (com.google.android.gms:play-services-base:18.1.0) with AarTransform
Transforming play-services-base-18.1.0.aar (com.google.android.gms:play-services-base:18.1.0) with ExtractAarTransform
Transforming play-services-base-18.1.0.aar (com.google.android.gms:play-services-base:18.1.0) with AarTransform
Transforming play-services-base-18.1.0.aar (com.google.android.gms:play-services-base:18.1.0) with ExtractAarTransform
Transforming play-services-base-18.1.0.aar (com.google.android.gms:play-services-base:18.1.0) with AarTransform
Transforming play-services-base-18.1.0.aar (com.google.android.gms:play-services-base:18.1.0) with ExtractAarTransform
Transforming play-services-base-18.1.0.aar (com.google.android.gms:play-services-base:18.1.0) with AarTransform
Transforming play-services-base-18.1.0.aar (com.google.android.gms:play-services-base:18.1.0) with ExtractAarTransform
Transforming play-services-base-18.1.0.aar (com.google.android.gms:play-services-base:18.1.0) with AarTransform
Transforming vision-interfaces-16.2.0.aar (com.google.mlkit:vision-interfaces:16.2.0) with ExtractAarTransform
Transforming vision-interfaces-16.2.0.aar (com.google.mlkit:vision-interfaces:16.2.0) with AarTransform
Transforming vision-interfaces-16.2.0.aar (com.google.mlkit:vision-interfaces:16.2.0) with ExtractAarTransform
Transforming vision-interfaces-16.2.0.aar (com.google.mlkit:vision-interfaces:16.2.0) with AarTransform
Transforming play-services-tasks-18.0.2.aar (com.google.android.gms:play-services-tasks:18.0.2) with ExtractAarTransform
Transforming play-services-tasks-18.0.2.aar (com.google.android.gms:play-services-tasks:18.0.2) with AarTransform
Transforming play-services-tasks-18.0.2.aar (com.google.android.gms:play-services-tasks:18.0.2) with ExtractAarTransform
Transforming play-services-tasks-18.0.2.aar (com.google.android.gms:play-services-tasks:18.0.2) with AarTransform
Transforming play-services-tasks-18.0.2.aar (com.google.android.gms:play-services-tasks:18.0.2) with ExtractAarTransform
Transforming play-services-tasks-18.0.2.aar (com.google.android.gms:play-services-tasks:18.0.2) with AarTransform
Transforming play-services-tasks-18.0.2.aar (com.google.android.gms:play-services-tasks:18.0.2) with ExtractAarTransform
Transforming play-services-tasks-18.0.2.aar (com.google.android.gms:play-services-tasks:18.0.2) with AarTransform
Transforming play-services-tasks-18.0.2.aar (com.google.android.gms:play-services-tasks:18.0.2) with ExtractAarTransform
Transforming play-services-tasks-18.0.2.aar (com.google.android.gms:play-services-tasks:18.0.2) with AarTransform
Transforming play-services-tasks-18.0.2.aar (com.google.android.gms:play-services-tasks:18.0.2) with ExtractAarTransform
Transforming play-services-tasks-18.0.2.aar (com.google.android.gms:play-services-tasks:18.0.2) with AarTransform
Transforming play-services-tasks-18.0.2.aar (com.google.android.gms:play-services-tasks:18.0.2) with ExtractAarTransform
Transforming play-services-tasks-18.0.2.aar (com.google.android.gms:play-services-tasks:18.0.2) with AarTransform
Transforming play-services-tasks-18.0.2.aar (com.google.android.gms:play-services-tasks:18.0.2) with ExtractAarTransform
Transforming play-services-tasks-18.0.2.aar (com.google.android.gms:play-services-tasks:18.0.2) with AarTransform
Transforming play-services-tasks-18.0.2.aar (com.google.android.gms:play-services-tasks:18.0.2) with ExtractAarTransform
Transforming play-services-tasks-18.0.2.aar (com.google.android.gms:play-services-tasks:18.0.2) with AarTransform
Transforming play-services-places-placereport-17.0.0.aar (com.google.android.gms:play-services-places-placereport:17.0.0) with ExtractAarTransform
Transforming play-services-places-placereport-17.0.0.aar (com.google.android.gms:play-services-places-placereport:17.0.0) with AarTransform
Transforming play-services-basement-18.1.0.aar (com.google.android.gms:play-services-basement:18.1.0) with ExtractAarTransform
Transforming play-services-basement-18.1.0.aar (com.google.android.gms:play-services-basement:18.1.0) with AarTransform
Transforming play-services-basement-18.1.0.aar (com.google.android.gms:play-services-basement:18.1.0) with ExtractAarTransform
Transforming play-services-basement-18.1.0.aar (com.google.android.gms:play-services-basement:18.1.0) with AarTransform
Transforming play-services-basement-18.1.0.aar (com.google.android.gms:play-services-basement:18.1.0) with ExtractAarTransform
Transforming play-services-basement-18.1.0.aar (com.google.android.gms:play-services-basement:18.1.0) with AarTransform
Transforming play-services-basement-18.1.0.aar (com.google.android.gms:play-services-basement:18.1.0) with ExtractAarTransform
Transforming play-services-basement-18.1.0.aar (com.google.android.gms:play-services-basement:18.1.0) with AarTransform
Transforming play-services-basement-18.1.0.aar (com.google.android.gms:play-services-basement:18.1.0) with ExtractAarTransform
Transforming play-services-basement-18.1.0.aar (com.google.android.gms:play-services-basement:18.1.0) with AarTransform
Transforming play-services-basement-18.1.0.aar (com.google.android.gms:play-services-basement:18.1.0) with ExtractAarTransform
Transforming play-services-basement-18.1.0.aar (com.google.android.gms:play-services-basement:18.1.0) with AarTransform
Transforming play-services-basement-18.1.0.aar (com.google.android.gms:play-services-basement:18.1.0) with ExtractAarTransform
Transforming play-services-basement-18.1.0.aar (com.google.android.gms:play-services-basement:18.1.0) with AarTransform
Transforming play-services-basement-18.1.0.aar (com.google.android.gms:play-services-basement:18.1.0) with ExtractAarTransform
Transforming play-services-basement-18.1.0.aar (com.google.android.gms:play-services-basement:18.1.0) with AarTransform
Transforming play-services-basement-18.1.0.aar (com.google.android.gms:play-services-basement:18.1.0) with ExtractAarTransform
Transforming play-services-basement-18.1.0.aar (com.google.android.gms:play-services-basement:18.1.0) with AarTransform
Transforming play-services-basement-18.1.0.aar (com.google.android.gms:play-services-basement:18.1.0) with ExtractAarTransform
Transforming play-services-basement-18.1.0.aar (com.google.android.gms:play-services-basement:18.1.0) with AarTransform
Transforming play-services-basement-18.1.0.aar (com.google.android.gms:play-services-basement:18.1.0) with ExtractAarTransform
Transforming play-services-basement-18.1.0.aar (com.google.android.gms:play-services-basement:18.1.0) with AarTransform
Transforming play-services-basement-18.1.0.aar (com.google.android.gms:play-services-basement:18.1.0) with ExtractAarTransform
Transforming play-services-basement-18.1.0.aar (com.google.android.gms:play-services-basement:18.1.0) with AarTransform
Transforming play-services-basement-18.1.0.aar (com.google.android.gms:play-services-basement:18.1.0) with ExtractAarTransform
Transforming play-services-basement-18.1.0.aar (com.google.android.gms:play-services-basement:18.1.0) with AarTransform
Transforming play-services-basement-18.1.0.aar (com.google.android.gms:play-services-basement:18.1.0) with ExtractAarTransform
Transforming play-services-basement-18.1.0.aar (com.google.android.gms:play-services-basement:18.1.0) with AarTransform
Transforming play-services-basement-18.1.0.aar (com.google.android.gms:play-services-basement:18.1.0) with ExtractAarTransform
Transforming play-services-basement-18.1.0.aar (com.google.android.gms:play-services-basement:18.1.0) with AarTransform
Transforming appcompat-1.1.0.aar (androidx.appcompat:appcompat:1.1.0) with ExtractAarTransform
Transforming appcompat-1.1.0.aar (androidx.appcompat:appcompat:1.1.0) with AarTransform
Transforming material3-1.1.2.aar (androidx.compose.material3:material3:1.1.2) with ExtractAarTransform
Transforming material3-1.1.2.aar (androidx.compose.material3:material3:1.1.2) with AarTransform
Transforming hilt-navigation-compose-1.1.0.aar (androidx.hilt:hilt-navigation-compose:1.1.0) with ExtractAarTransform
Transforming hilt-navigation-compose-1.1.0.aar (androidx.hilt:hilt-navigation-compose:1.1.0) with AarTransform
Transforming hilt-navigation-1.1.0.aar (androidx.hilt:hilt-navigation:1.1.0) with ExtractAarTransform
Transforming hilt-navigation-1.1.0.aar (androidx.hilt:hilt-navigation:1.1.0) with AarTransform
Transforming hilt-android-2.50.aar (com.google.dagger:hilt-android:2.50) with ExtractAarTransform
Transforming hilt-android-2.50.aar (com.google.dagger:hilt-android:2.50) with AarTransform
Transforming navigation-common-2.7.6.aar (androidx.navigation:navigation-common:2.7.6) with ExtractAarTransform
Transforming navigation-common-2.7.6.aar (androidx.navigation:navigation-common:2.7.6) with AarTransform
Transforming navigation-runtime-2.7.6.aar (androidx.navigation:navigation-runtime:2.7.6) with ExtractAarTransform
Transforming navigation-runtime-2.7.6.aar (androidx.navigation:navigation-runtime:2.7.6) with AarTransform
Transforming navigation-common-ktx-2.7.6.aar (androidx.navigation:navigation-common-ktx:2.7.6) with ExtractAarTransform
Transforming navigation-common-ktx-2.7.6.aar (androidx.navigation:navigation-common-ktx:2.7.6) with AarTransform
Transforming navigation-runtime-ktx-2.7.6.aar (androidx.navigation:navigation-runtime-ktx:2.7.6) with ExtractAarTransform
Transforming navigation-runtime-ktx-2.7.6.aar (androidx.navigation:navigation-runtime-ktx:2.7.6) with AarTransform
Transforming navigation-compose-2.7.6.aar (androidx.navigation:navigation-compose:2.7.6) with ExtractAarTransform
Transforming navigation-compose-2.7.6.aar (androidx.navigation:navigation-compose:2.7.6) with AarTransform
Transforming material-ripple-release.aar (androidx.compose.material:material-ripple-android:1.6.0) with ExtractAarTransform
Transforming material-ripple-release.aar (androidx.compose.material:material-ripple-android:1.6.0) with AarTransform
Transforming material-icons-core-release.aar (androidx.compose.material:material-icons-core-android:1.6.0) with ExtractAarTransform
Transforming material-icons-core-release.aar (androidx.compose.material:material-icons-core-android:1.6.0) with AarTransform
Transforming material-icons-extended-release.aar (androidx.compose.material:material-icons-extended-android:1.6.0) with ExtractAarTransform
Transforming material-icons-extended-release.aar (androidx.compose.material:material-icons-extended-android:1.6.0) with AarTransform
Transforming material-release.aar (androidx.compose.material:material-android:1.6.0) with ExtractAarTransform
Transforming material-release.aar (androidx.compose.material:material-android:1.6.0) with AarTransform
Transforming animation-core-release.aar (androidx.compose.animation:animation-core-android:1.6.0) with ExtractAarTransform
Transforming animation-core-release.aar (androidx.compose.animation:animation-core-android:1.6.0) with AarTransform
Transforming animation-release.aar (androidx.compose.animation:animation-android:1.6.0) with ExtractAarTransform
Transforming animation-release.aar (androidx.compose.animation:animation-android:1.6.0) with AarTransform
Transforming foundation-layout-release.aar (androidx.compose.foundation:foundation-layout-android:1.6.0) with ExtractAarTransform
Transforming foundation-layout-release.aar (androidx.compose.foundation:foundation-layout-android:1.6.0) with AarTransform
Transforming foundation-release.aar (androidx.compose.foundation:foundation-android:1.6.0) with ExtractAarTransform
Transforming foundation-release.aar (androidx.compose.foundation:foundation-android:1.6.0) with AarTransform
Transforming ui-tooling-data-release.aar (androidx.compose.ui:ui-tooling-data-android:1.6.0) with ExtractAarTransform
Transforming ui-tooling-data-release.aar (androidx.compose.ui:ui-tooling-data-android:1.6.0) with AarTransform
Transforming ui-unit-release.aar (androidx.compose.ui:ui-unit-android:1.6.0) with ExtractAarTransform
Transforming ui-unit-release.aar (androidx.compose.ui:ui-unit-android:1.6.0) with AarTransform
Transforming ui-geometry-release.aar (androidx.compose.ui:ui-geometry-android:1.6.0) with ExtractAarTransform
Transforming ui-geometry-release.aar (androidx.compose.ui:ui-geometry-android:1.6.0) with AarTransform
Transforming ui-util-release.aar (androidx.compose.ui:ui-util-android:1.6.0) with ExtractAarTransform
Transforming ui-util-release.aar (androidx.compose.ui:ui-util-android:1.6.0) with AarTransform
Transforming ui-text-release.aar (androidx.compose.ui:ui-text-android:1.6.0) with ExtractAarTransform
Transforming ui-text-release.aar (androidx.compose.ui:ui-text-android:1.6.0) with AarTransform
Transforming ui-tooling-preview-release.aar (androidx.compose.ui:ui-tooling-preview-android:1.6.0) with ExtractAarTransform
Transforming ui-tooling-preview-release.aar (androidx.compose.ui:ui-tooling-preview-android:1.6.0) with AarTransform
Transforming ui-tooling-release.aar (androidx.compose.ui:ui-tooling-android:1.6.0) with ExtractAarTransform
Transforming ui-tooling-release.aar (androidx.compose.ui:ui-tooling-android:1.6.0) with AarTransform
Transforming ui-graphics-release.aar (androidx.compose.ui:ui-graphics-android:1.6.0) with ExtractAarTransform
Transforming ui-graphics-release.aar (androidx.compose.ui:ui-graphics-android:1.6.0) with AarTransform
Transforming ui-test-manifest-1.6.0.aar (androidx.compose.ui:ui-test-manifest:1.6.0) with ExtractAarTransform
Transforming ui-test-manifest-1.6.0.aar (androidx.compose.ui:ui-test-manifest:1.6.0) with AarTransform
Transforming fragment-1.5.1.aar (androidx.fragment:fragment:1.5.1) with ExtractAarTransform
Transforming fragment-1.5.1.aar (androidx.fragment:fragment:1.5.1) with AarTransform
Transforming fragment-1.5.1.aar (androidx.fragment:fragment:1.5.1) with ExtractAarTransform
Transforming fragment-1.5.1.aar (androidx.fragment:fragment:1.5.1) with AarTransform
Transforming fragment-1.5.1.aar (androidx.fragment:fragment:1.5.1) with ExtractAarTransform
Transforming fragment-1.5.1.aar (androidx.fragment:fragment:1.5.1) with AarTransform
Transforming fragment-1.5.1.aar (androidx.fragment:fragment:1.5.1) with ExtractAarTransform
Transforming fragment-1.5.1.aar (androidx.fragment:fragment:1.5.1) with AarTransform
Transforming activity-1.8.2.aar (androidx.activity:activity:1.8.2) with ExtractAarTransform
Transforming activity-1.8.2.aar (androidx.activity:activity:1.8.2) with AarTransform
Transforming activity-1.8.2.aar (androidx.activity:activity:1.8.2) with ExtractAarTransform
Transforming activity-1.8.2.aar (androidx.activity:activity:1.8.2) with AarTransform
Transforming activity-ktx-1.8.2.aar (androidx.activity:activity-ktx:1.8.2) with ExtractAarTransform
Transforming activity-ktx-1.8.2.aar (androidx.activity:activity-ktx:1.8.2) with AarTransform
Transforming activity-compose-1.8.2.aar (androidx.activity:activity-compose:1.8.2) with ExtractAarTransform
Transforming activity-compose-1.8.2.aar (androidx.activity:activity-compose:1.8.2) with AarTransform
Transforming emoji2-1.3.0.aar (androidx.emoji2:emoji2:1.3.0) with ExtractAarTransform
Transforming emoji2-1.3.0.aar (androidx.emoji2:emoji2:1.3.0) with AarTransform
Transforming lifecycle-process-2.7.0.aar (androidx.lifecycle:lifecycle-process:2.7.0) with ExtractAarTransform
Transforming lifecycle-process-2.7.0.aar (androidx.lifecycle:lifecycle-process:2.7.0) with AarTransform
Transforming lifecycle-livedata-core-ktx-2.7.0.aar (androidx.lifecycle:lifecycle-livedata-core-ktx:2.7.0) with ExtractAarTransform
Transforming lifecycle-livedata-core-ktx-2.7.0.aar (androidx.lifecycle:lifecycle-livedata-core-ktx:2.7.0) with AarTransform
Transforming lifecycle-service-2.7.0.aar (androidx.lifecycle:lifecycle-service:2.7.0) with ExtractAarTransform
Transforming lifecycle-service-2.7.0.aar (androidx.lifecycle:lifecycle-service:2.7.0) with AarTransform
Transforming lifecycle-livedata-core-2.7.0.aar (androidx.lifecycle:lifecycle-livedata-core:2.7.0) with ExtractAarTransform
Transforming lifecycle-livedata-core-2.7.0.aar (androidx.lifecycle:lifecycle-livedata-core:2.7.0) with AarTransform
Transforming loader-1.0.0.aar (androidx.loader:loader:1.0.0) with ExtractAarTransform
Transforming loader-1.0.0.aar (androidx.loader:loader:1.0.0) with AarTransform
Transforming lifecycle-livedata-2.7.0.aar (androidx.lifecycle:lifecycle-livedata:2.7.0) with ExtractAarTransform
Transforming lifecycle-livedata-2.7.0.aar (androidx.lifecycle:lifecycle-livedata:2.7.0) with AarTransform
Transforming lifecycle-livedata-2.7.0.aar (androidx.lifecycle:lifecycle-livedata:2.7.0) with ExtractAarTransform
Transforming lifecycle-livedata-2.7.0.aar (androidx.lifecycle:lifecycle-livedata:2.7.0) with AarTransform
Transforming savedstate-ktx-1.2.1.aar (androidx.savedstate:savedstate-ktx:1.2.1) with ExtractAarTransform
Transforming savedstate-ktx-1.2.1.aar (androidx.savedstate:savedstate-ktx:1.2.1) with AarTransform
Transforming savedstate-1.2.1.aar (androidx.savedstate:savedstate:1.2.1) with ExtractAarTransform
Transforming savedstate-1.2.1.aar (androidx.savedstate:savedstate:1.2.1) with AarTransform
Transforming lifecycle-common-2.7.0.jar (androidx.lifecycle:lifecycle-common:2.7.0) with ExtractJniTransform
Transforming lifecycle-viewmodel-2.7.0.aar (androidx.lifecycle:lifecycle-viewmodel:2.7.0) with ExtractAarTransform
Transforming lifecycle-viewmodel-2.7.0.aar (androidx.lifecycle:lifecycle-viewmodel:2.7.0) with AarTransform
Transforming lifecycle-viewmodel-2.7.0.aar (androidx.lifecycle:lifecycle-viewmodel:2.7.0) with ExtractAarTransform
Transforming lifecycle-viewmodel-2.7.0.aar (androidx.lifecycle:lifecycle-viewmodel:2.7.0) with AarTransform
Transforming lifecycle-viewmodel-savedstate-2.7.0.aar (androidx.lifecycle:lifecycle-viewmodel-savedstate:2.7.0) with ExtractAarTransform
Transforming lifecycle-viewmodel-savedstate-2.7.0.aar (androidx.lifecycle:lifecycle-viewmodel-savedstate:2.7.0) with AarTransform
Transforming lifecycle-viewmodel-ktx-2.7.0.aar (androidx.lifecycle:lifecycle-viewmodel-ktx:2.7.0) with ExtractAarTransform
Transforming lifecycle-viewmodel-ktx-2.7.0.aar (androidx.lifecycle:lifecycle-viewmodel-ktx:2.7.0) with AarTransform
Transforming lifecycle-common-java8-2.7.0.jar (androidx.lifecycle:lifecycle-common-java8:2.7.0) with ExtractJniTransform
Transforming lifecycle-runtime-2.7.0.aar (androidx.lifecycle:lifecycle-runtime:2.7.0) with ExtractAarTransform
Transforming lifecycle-runtime-2.7.0.aar (androidx.lifecycle:lifecycle-runtime:2.7.0) with AarTransform
Transforming lifecycle-runtime-ktx-2.7.0.aar (androidx.lifecycle:lifecycle-runtime-ktx:2.7.0) with ExtractAarTransform
Transforming lifecycle-runtime-ktx-2.7.0.aar (androidx.lifecycle:lifecycle-runtime-ktx:2.7.0) with AarTransform
Transforming lifecycle-viewmodel-compose-2.7.0.aar (androidx.lifecycle:lifecycle-viewmodel-compose:2.7.0) with ExtractAarTransform
Transforming lifecycle-viewmodel-compose-2.7.0.aar (androidx.lifecycle:lifecycle-viewmodel-compose:2.7.0) with AarTransform
Transforming ui-release.aar (androidx.compose.ui:ui-android:1.6.0) with ExtractAarTransform
Transforming ui-release.aar (androidx.compose.ui:ui-android:1.6.0) with AarTransform
Transforming viewpager-1.0.0.aar (androidx.viewpager:viewpager:1.0.0) with ExtractAarTransform
Transforming viewpager-1.0.0.aar (androidx.viewpager:viewpager:1.0.0) with AarTransform
Transforming appcompat-resources-1.1.0.aar (androidx.appcompat:appcompat-resources:1.1.0) with ExtractAarTransform
Transforming appcompat-resources-1.1.0.aar (androidx.appcompat:appcompat-resources:1.1.0) with AarTransform
Transforming drawerlayout-1.0.0.aar (androidx.drawerlayout:drawerlayout:1.0.0) with ExtractAarTransform
Transforming drawerlayout-1.0.0.aar (androidx.drawerlayout:drawerlayout:1.0.0) with AarTransform
Transforming autofill-1.0.0.aar (androidx.autofill:autofill:1.0.0) with ExtractAarTransform
Transforming autofill-1.0.0.aar (androidx.autofill:autofill:1.0.0) with AarTransform
Transforming customview-1.0.0.aar (androidx.customview:customview:1.0.0) with ExtractAarTransform
Transforming customview-1.0.0.aar (androidx.customview:customview:1.0.0) with AarTransform
Transforming customview-1.0.0.aar (androidx.customview:customview:1.0.0) with ExtractAarTransform
Transforming customview-1.0.0.aar (androidx.customview:customview:1.0.0) with AarTransform
Transforming vectordrawable-animated-1.1.0.aar (androidx.vectordrawable:vectordrawable-animated:1.1.0) with ExtractAarTransform
Transforming vectordrawable-animated-1.1.0.aar (androidx.vectordrawable:vectordrawable-animated:1.1.0) with AarTransform
Transforming vectordrawable-1.1.0.aar (androidx.vectordrawable:vectordrawable:1.1.0) with ExtractAarTransform
Transforming vectordrawable-1.1.0.aar (androidx.vectordrawable:vectordrawable:1.1.0) with AarTransform
Transforming vectordrawable-1.1.0.aar (androidx.vectordrawable:vectordrawable:1.1.0) with ExtractAarTransform
Transforming vectordrawable-1.1.0.aar (androidx.vectordrawable:vectordrawable:1.1.0) with AarTransform
Transforming core-1.12.0.aar (androidx.core:core:1.12.0) with ExtractAarTransform
Transforming core-1.12.0.aar (androidx.core:core:1.12.0) with AarTransform
Transforming core-1.12.0.aar (androidx.core:core:1.12.0) with ExtractAarTransform
Transforming core-1.12.0.aar (androidx.core:core:1.12.0) with AarTransform
Transforming core-1.12.0.aar (androidx.core:core:1.12.0) with ExtractAarTransform
Transforming core-1.12.0.aar (androidx.core:core:1.12.0) with AarTransform
Transforming core-1.12.0.aar (androidx.core:core:1.12.0) with ExtractAarTransform
Transforming core-1.12.0.aar (androidx.core:core:1.12.0) with AarTransform
Transforming core-1.12.0.aar (androidx.core:core:1.12.0) with ExtractAarTransform
Transforming core-1.12.0.aar (androidx.core:core:1.12.0) with AarTransform
Transforming core-1.12.0.aar (androidx.core:core:1.12.0) with ExtractAarTransform
Transforming core-1.12.0.aar (androidx.core:core:1.12.0) with AarTransform
Transforming core-1.12.0.aar (androidx.core:core:1.12.0) with ExtractAarTransform
Transforming core-1.12.0.aar (androidx.core:core:1.12.0) with AarTransform
Transforming core-1.12.0.aar (androidx.core:core:1.12.0) with ExtractAarTransform
Transforming core-1.12.0.aar (androidx.core:core:1.12.0) with AarTransform
Transforming core-1.12.0.aar (androidx.core:core:1.12.0) with ExtractAarTransform
Transforming core-1.12.0.aar (androidx.core:core:1.12.0) with AarTransform
Transforming core-1.12.0.aar (androidx.core:core:1.12.0) with ExtractAarTransform
Transforming core-1.12.0.aar (androidx.core:core:1.12.0) with AarTransform
Transforming core-1.12.0.aar (androidx.core:core:1.12.0) with ExtractAarTransform
Transforming core-1.12.0.aar (androidx.core:core:1.12.0) with AarTransform
Transforming core-1.12.0.aar (androidx.core:core:1.12.0) with ExtractAarTransform
Transforming core-1.12.0.aar (androidx.core:core:1.12.0) with AarTransform
Transforming customview-poolingcontainer-1.0.0.aar (androidx.customview:customview-poolingcontainer:1.0.0) with ExtractAarTransform
Transforming customview-poolingcontainer-1.0.0.aar (androidx.customview:customview-poolingcontainer:1.0.0) with AarTransform
Transforming core-ktx-1.12.0.aar (androidx.core:core-ktx:1.12.0) with ExtractAarTransform
Transforming core-ktx-1.12.0.aar (androidx.core:core-ktx:1.12.0) with AarTransform
Transforming core-splashscreen-1.0.1.aar (androidx.core:core-splashscreen:1.0.1) with ExtractAarTransform
Transforming core-splashscreen-1.0.1.aar (androidx.core:core-splashscreen:1.0.1) with AarTransform
Transforming room-common-2.6.1.jar (androidx.room:room-common:2.6.1) with ExtractJniTransform
Transforming room-runtime-2.6.1.aar (androidx.room:room-runtime:2.6.1) with ExtractAarTransform
Transforming room-runtime-2.6.1.aar (androidx.room:room-runtime:2.6.1) with AarTransform
Transforming room-ktx-2.6.1.aar (androidx.room:room-ktx:2.6.1) with ExtractAarTransform
Transforming room-ktx-2.6.1.aar (androidx.room:room-ktx:2.6.1) with AarTransform
Transforming datastore-preferences-1.0.0.aar (androidx.datastore:datastore-preferences:1.0.0) with ExtractAarTransform
Transforming datastore-preferences-1.0.0.aar (androidx.datastore:datastore-preferences:1.0.0) with AarTransform
Transforming sqlite-framework-2.4.0.aar (androidx.sqlite:sqlite-framework:2.4.0) with ExtractAarTransform
Transforming sqlite-framework-2.4.0.aar (androidx.sqlite:sqlite-framework:2.4.0) with AarTransform
Transforming sqlite-2.4.0.aar (androidx.sqlite:sqlite:2.4.0) with ExtractAarTransform
Transforming sqlite-2.4.0.aar (androidx.sqlite:sqlite:2.4.0) with AarTransform
Transforming annotation-experimental-1.3.1.aar (androidx.annotation:annotation-experimental:1.3.1) with ExtractAarTransform
Transforming annotation-experimental-1.3.1.aar (androidx.annotation:annotation-experimental:1.3.1) with AarTransform
Transforming datastore-1.0.0.aar (androidx.datastore:datastore:1.0.0) with ExtractAarTransform
Transforming datastore-1.0.0.aar (androidx.datastore:datastore:1.0.0) with AarTransform
Transforming datastore-preferences-core-1.0.0.jar (androidx.datastore:datastore-preferences-core:1.0.0) with ExtractJniTransform
Transforming runtime-saveable-release.aar (androidx.compose.runtime:runtime-saveable-android:1.6.0) with ExtractAarTransform
Transforming runtime-saveable-release.aar (androidx.compose.runtime:runtime-saveable-android:1.6.0) with AarTransform
Transforming runtime-release.aar (androidx.compose.runtime:runtime-android:1.6.0) with ExtractAarTransform
Transforming runtime-release.aar (androidx.compose.runtime:runtime-android:1.6.0) with AarTransform
Transforming kotlinx-coroutines-android-1.7.3.jar (org.jetbrains.kotlinx:kotlinx-coroutines-android:1.7.3) with ExtractJniTransform
Transforming datastore-core-1.0.0.jar (androidx.datastore:datastore-core:1.0.0) with ExtractJniTransform
Transforming kotlinx-coroutines-core-jvm-1.7.3.jar (org.jetbrains.kotlinx:kotlinx-coroutines-core-jvm:1.7.3) with ExtractJniTransform
Transforming kotlin-stdlib-jdk8-1.8.22.jar (org.jetbrains.kotlin:kotlin-stdlib-jdk8:1.8.22) with ExtractJniTransform
Transforming security-crypto-1.1.0-alpha06.aar (androidx.security:security-crypto:1.1.0-alpha06) with ExtractAarTransform
Transforming security-crypto-1.1.0-alpha06.aar (androidx.security:security-crypto:1.1.0-alpha06) with AarTransform
Transforming versionedparcelable-1.1.1.aar (androidx.versionedparcelable:versionedparcelable:1.1.1) with ExtractAarTransform
Transforming versionedparcelable-1.1.1.aar (androidx.versionedparcelable:versionedparcelable:1.1.1) with AarTransform
Transforming collection-ktx-1.4.0.jar (androidx.collection:collection-ktx:1.4.0) with ExtractJniTransform
Transforming collection-jvm-1.4.0.jar (androidx.collection:collection-jvm:1.4.0) with ExtractJniTransform
Transforming core-runtime-2.2.0.aar (androidx.arch.core:core-runtime:2.2.0) with ExtractAarTransform
Transforming core-runtime-2.2.0.aar (androidx.arch.core:core-runtime:2.2.0) with AarTransform
Transforming exifinterface-1.3.2.aar (androidx.exifinterface:exifinterface:1.3.2) with ExtractAarTransform
Transforming exifinterface-1.3.2.aar (androidx.exifinterface:exifinterface:1.3.2) with AarTransform
Transforming exifinterface-1.3.2.aar (androidx.exifinterface:exifinterface:1.3.2) with ExtractAarTransform
Transforming exifinterface-1.3.2.aar (androidx.exifinterface:exifinterface:1.3.2) with AarTransform
Transforming interpolator-1.0.0.aar (androidx.interpolator:interpolator:1.0.0) with ExtractAarTransform
Transforming interpolator-1.0.0.aar (androidx.interpolator:interpolator:1.0.0) with AarTransform
Transforming interpolator-1.0.0.aar (androidx.interpolator:interpolator:1.0.0) with ExtractAarTransform
Transforming interpolator-1.0.0.aar (androidx.interpolator:interpolator:1.0.0) with AarTransform
Transforming core-common-2.2.0.jar (androidx.arch.core:core-common:2.2.0) with ExtractJniTransform
Transforming profileinstaller-1.3.0.aar (androidx.profileinstaller:profileinstaller:1.3.0) with ExtractAarTransform
Transforming profileinstaller-1.3.0.aar (androidx.profileinstaller:profileinstaller:1.3.0) with AarTransform
Transforming transport-backend-cct-3.1.8.aar (com.google.android.datatransport:transport-backend-cct:3.1.8) with ExtractAarTransform
Transforming transport-backend-cct-3.1.8.aar (com.google.android.datatransport:transport-backend-cct:3.1.8) with AarTransform
Transforming transport-backend-cct-3.1.8.aar (com.google.android.datatransport:transport-backend-cct:3.1.8) with ExtractAarTransform
Transforming transport-backend-cct-3.1.8.aar (com.google.android.datatransport:transport-backend-cct:3.1.8) with AarTransform
Transforming transport-backend-cct-3.1.8.aar (com.google.android.datatransport:transport-backend-cct:3.1.8) with ExtractAarTransform
Transforming transport-backend-cct-3.1.8.aar (com.google.android.datatransport:transport-backend-cct:3.1.8) with AarTransform
Transforming transport-backend-cct-3.1.8.aar (com.google.android.datatransport:transport-backend-cct:3.1.8) with ExtractAarTransform
Transforming transport-backend-cct-3.1.8.aar (com.google.android.datatransport:transport-backend-cct:3.1.8) with AarTransform
Transforming transport-backend-cct-3.1.8.aar (com.google.android.datatransport:transport-backend-cct:3.1.8) with ExtractAarTransform
Transforming transport-backend-cct-3.1.8.aar (com.google.android.datatransport:transport-backend-cct:3.1.8) with AarTransform
Transforming transport-runtime-3.1.8.aar (com.google.android.datatransport:transport-runtime:3.1.8) with ExtractAarTransform
Transforming transport-runtime-3.1.8.aar (com.google.android.datatransport:transport-runtime:3.1.8) with AarTransform
Transforming transport-runtime-3.1.8.aar (com.google.android.datatransport:transport-runtime:3.1.8) with ExtractAarTransform
Transforming transport-runtime-3.1.8.aar (com.google.android.datatransport:transport-runtime:3.1.8) with AarTransform
Transforming transport-runtime-3.1.8.aar (com.google.android.datatransport:transport-runtime:3.1.8) with ExtractAarTransform
Transforming transport-runtime-3.1.8.aar (com.google.android.datatransport:transport-runtime:3.1.8) with AarTransform
Transforming transport-runtime-3.1.8.aar (com.google.android.datatransport:transport-runtime:3.1.8) with ExtractAarTransform
Transforming transport-runtime-3.1.8.aar (com.google.android.datatransport:transport-runtime:3.1.8) with AarTransform
Transforming transport-runtime-3.1.8.aar (com.google.android.datatransport:transport-runtime:3.1.8) with ExtractAarTransform
Transforming transport-runtime-3.1.8.aar (com.google.android.datatransport:transport-runtime:3.1.8) with AarTransform
Transforming transport-runtime-3.1.8.aar (com.google.android.datatransport:transport-runtime:3.1.8) with ExtractAarTransform
Transforming transport-runtime-3.1.8.aar (com.google.android.datatransport:transport-runtime:3.1.8) with AarTransform
Transforming transport-api-3.0.0.aar (com.google.android.datatransport:transport-api:3.0.0) with ExtractAarTransform
Transforming transport-api-3.0.0.aar (com.google.android.datatransport:transport-api:3.0.0) with AarTransform
Transforming transport-api-3.0.0.aar (com.google.android.datatransport:transport-api:3.0.0) with ExtractAarTransform
Transforming transport-api-3.0.0.aar (com.google.android.datatransport:transport-api:3.0.0) with AarTransform
Transforming transport-api-3.0.0.aar (com.google.android.datatransport:transport-api:3.0.0) with ExtractAarTransform
Transforming transport-api-3.0.0.aar (com.google.android.datatransport:transport-api:3.0.0) with AarTransform
Transforming transport-api-3.0.0.aar (com.google.android.datatransport:transport-api:3.0.0) with ExtractAarTransform
Transforming transport-api-3.0.0.aar (com.google.android.datatransport:transport-api:3.0.0) with AarTransform
Transforming transport-api-3.0.0.aar (com.google.android.datatransport:transport-api:3.0.0) with ExtractAarTransform
Transforming transport-api-3.0.0.aar (com.google.android.datatransport:transport-api:3.0.0) with AarTransform
Transforming transport-api-3.0.0.aar (com.google.android.datatransport:transport-api:3.0.0) with ExtractAarTransform
Transforming transport-api-3.0.0.aar (com.google.android.datatransport:transport-api:3.0.0) with AarTransform
Transforming transport-api-3.0.0.aar (com.google.android.datatransport:transport-api:3.0.0) with ExtractAarTransform
Transforming transport-api-3.0.0.aar (com.google.android.datatransport:transport-api:3.0.0) with AarTransform
Transforming startup-runtime-1.1.1.aar (androidx.startup:startup-runtime:1.1.1) with ExtractAarTransform
Transforming startup-runtime-1.1.1.aar (androidx.startup:startup-runtime:1.1.1) with AarTransform
Transforming cursoradapter-1.0.0.aar (androidx.cursoradapter:cursoradapter:1.0.0) with ExtractAarTransform
Transforming cursoradapter-1.0.0.aar (androidx.cursoradapter:cursoradapter:1.0.0) with AarTransform
Transforming firebase-components-16.1.0.aar (com.google.firebase:firebase-components:16.1.0) with ExtractAarTransform
Transforming firebase-components-16.1.0.aar (com.google.firebase:firebase-components:16.1.0) with AarTransform
Transforming firebase-components-16.1.0.aar (com.google.firebase:firebase-components:16.1.0) with ExtractAarTransform
Transforming firebase-components-16.1.0.aar (com.google.firebase:firebase-components:16.1.0) with AarTransform
Transforming firebase-components-16.1.0.aar (com.google.firebase:firebase-components:16.1.0) with ExtractAarTransform
Transforming firebase-components-16.1.0.aar (com.google.firebase:firebase-components:16.1.0) with AarTransform
Transforming firebase-components-16.1.0.aar (com.google.firebase:firebase-components:16.1.0) with ExtractAarTransform
Transforming firebase-components-16.1.0.aar (com.google.firebase:firebase-components:16.1.0) with AarTransform
Transforming concurrent-futures-1.1.0.jar (androidx.concurrent:concurrent-futures:1.1.0) with ExtractJniTransform
Transforming tracing-1.0.0.aar (androidx.tracing:tracing:1.0.0) with ExtractAarTransform
Transforming tracing-1.0.0.aar (androidx.tracing:tracing:1.0.0) with AarTransform
Transforming firebase-encoders-json-18.0.0.aar (com.google.firebase:firebase-encoders-json:18.0.0) with ExtractAarTransform
Transforming firebase-encoders-json-18.0.0.aar (com.google.firebase:firebase-encoders-json:18.0.0) with AarTransform
Transforming firebase-encoders-json-18.0.0.aar (com.google.firebase:firebase-encoders-json:18.0.0) with ExtractAarTransform
Transforming firebase-encoders-json-18.0.0.aar (com.google.firebase:firebase-encoders-json:18.0.0) with AarTransform
Transforming firebase-encoders-json-18.0.0.aar (com.google.firebase:firebase-encoders-json:18.0.0) with ExtractAarTransform
Transforming firebase-encoders-json-18.0.0.aar (com.google.firebase:firebase-encoders-json:18.0.0) with AarTransform
Transforming firebase-encoders-json-18.0.0.aar (com.google.firebase:firebase-encoders-json:18.0.0) with ExtractAarTransform
Transforming firebase-encoders-json-18.0.0.aar (com.google.firebase:firebase-encoders-json:18.0.0) with AarTransform
Transforming firebase-encoders-json-18.0.0.aar (com.google.firebase:firebase-encoders-json:18.0.0) with ExtractAarTransform
Transforming firebase-encoders-json-18.0.0.aar (com.google.firebase:firebase-encoders-json:18.0.0) with AarTransform
Transforming firebase-encoders-proto-16.0.0.jar (com.google.firebase:firebase-encoders-proto:16.0.0) with ExtractJniTransform
Transforming firebase-encoders-17.0.0.jar (com.google.firebase:firebase-encoders:17.0.0) with ExtractJniTransform
Transforming annotation-jvm-1.7.0.jar (androidx.annotation:annotation-jvm:1.7.0) with ExtractJniTransform
Transforming kotlin-stdlib-jdk7-1.8.22.jar (org.jetbrains.kotlin:kotlin-stdlib-jdk7:1.8.22) with ExtractJniTransform
Transforming kotlin-stdlib-1.9.22.jar (org.jetbrains.kotlin:kotlin-stdlib:1.9.22) with ExtractJniTransform
Transforming tensorflow-lite-support-0.4.4.aar (org.tensorflow:tensorflow-lite-support:0.4.4) with ExtractAarTransform
Transforming tensorflow-lite-support-0.4.4.aar (org.tensorflow:tensorflow-lite-support:0.4.4) with AarTransform
Transforming tensorflow-lite-2.14.0.aar (org.tensorflow:tensorflow-lite:2.14.0) with ExtractAarTransform
Transforming tensorflow-lite-2.14.0.aar (org.tensorflow:tensorflow-lite:2.14.0) with AarTransform
Transforming tensorflow-lite-gpu-2.14.0.aar (org.tensorflow:tensorflow-lite-gpu:2.14.0) with ExtractAarTransform
Transforming tensorflow-lite-gpu-2.14.0.aar (org.tensorflow:tensorflow-lite-gpu:2.14.0) with AarTransform
Transforming core-3.5.3.jar (com.google.zxing:core:3.5.3) with ExtractJniTransform
Transforming annotations-23.0.0.jar (org.jetbrains:annotations:23.0.0) with ExtractJniTransform
Transforming hilt-common-1.1.0.jar (androidx.hilt:hilt-common:1.1.0) with ExtractJniTransform
Transforming hilt-core-2.50.jar (com.google.dagger:hilt-core:2.50) with ExtractJniTransform
Transforming dagger-2.50.jar (com.google.dagger:dagger:2.50) with ExtractJniTransform
Transforming dagger-lint-aar-2.50.aar (com.google.dagger:dagger-lint-aar:2.50) with ExtractAarTransform
Transforming dagger-lint-aar-2.50.aar (com.google.dagger:dagger-lint-aar:2.50) with AarTransform
Transforming jsr305-3.0.2.jar (com.google.code.findbugs:jsr305:3.0.2) with ExtractJniTransform
Transforming javax.inject-1.jar (javax.inject:javax.inject:1) with ExtractJniTransform
Transforming tensorflow-lite-support-api-0.4.4.aar (org.tensorflow:tensorflow-lite-support-api:0.4.4) with ExtractAarTransform
Transforming tensorflow-lite-support-api-0.4.4.aar (org.tensorflow:tensorflow-lite-support-api:0.4.4) with AarTransform
Transforming tensorflow-lite-api-2.14.0.aar (org.tensorflow:tensorflow-lite-api:2.14.0) with ExtractAarTransform
Transforming tensorflow-lite-api-2.14.0.aar (org.tensorflow:tensorflow-lite-api:2.14.0) with AarTransform
Transforming tink-android-1.8.0.jar (com.google.crypto.tink:tink-android:1.8.0) with ExtractJniTransform
Transforming auto-value-annotations-1.6.3.jar (com.google.auto.value:auto-value-annotations:1.6.3) with ExtractJniTransform
Transforming listenablefuture-1.0.jar (com.google.guava:listenablefuture:1.0) with ExtractJniTransform
Transforming checker-qual-2.5.8.jar (org.checkerframework:checker-qual:2.5.8) with ExtractJniTransform
Transforming image-1.0.0-beta1.aar (com.google.android.odml:image:1.0.0-beta1) with ExtractAarTransform
Transforming image-1.0.0-beta1.aar (com.google.android.odml:image:1.0.0-beta1) with AarTransform
Transforming image-1.0.0-beta1.aar (com.google.android.odml:image:1.0.0-beta1) with ExtractAarTransform
Transforming image-1.0.0-beta1.aar (com.google.android.odml:image:1.0.0-beta1) with AarTransform
Transforming image-1.0.0-beta1.aar (com.google.android.odml:image:1.0.0-beta1) with ExtractAarTransform
Transforming image-1.0.0-beta1.aar (com.google.android.odml:image:1.0.0-beta1) with AarTransform
Transforming image-1.0.0-beta1.aar (com.google.android.odml:image:1.0.0-beta1) with ExtractAarTransform
Transforming image-1.0.0-beta1.aar (com.google.android.odml:image:1.0.0-beta1) with AarTransform
Transforming gson-2.8.9.jar (com.google.code.gson:gson:2.8.9) with ExtractJniTransform
Transforming firebase-annotations-16.0.0.jar (com.google.firebase:firebase-annotations:16.0.0) with ExtractJniTransform
Caching disabled for task ':app:mergeDebugNativeLibs' because:
  Caching has been disabled for the task
Task ':app:mergeDebugNativeLibs' is not up-to-date because:
  Output property 'outputDir' file C:\Users\Administrator\Desktop\new app - Copy - Copy\nsfw-shield\app\build\intermediates\merged_native_libs\debug\out has been removed.
  Output property 'outputDir' file C:\Users\Administrator\Desktop\new app - Copy - Copy\nsfw-shield\app\build\intermediates\merged_native_libs\debug\out\lib has been removed.
  Output property 'outputDir' file C:\Users\Administrator\Desktop\new app - Copy - Copy\nsfw-shield\app\build\intermediates\merged_native_libs\debug\out\lib\arm64-v8a has been removed.
  and more...
  and more...
  and more...
  and more...
  and more...
  and more...
  and more...
  and more...

Resolve mutations for :app:mergeExtDexDebug (Thread[#61,Execution worker Thread 3,5,main]) started.
:app:mergeExtDexDebug (Thread[#61,Execution worker Thread 3,5,main]) started.

> Task :app:mergeExtDexDebug FROM-CACHE
Transforming camera-video-1.3.1.aar (androidx.camera:camera-video:1.3.1) with AarToClassTransform
Transforming camera-video-1.3.1.aar (androidx.camera:camera-video:1.3.1) with IdentityTransform
Transforming camera-view-1.3.1.aar (androidx.camera:camera-view:1.3.1) with AarToClassTransform
Transforming camera-view-1.3.1.aar (androidx.camera:camera-view:1.3.1) with IdentityTransform
Transforming camera-lifecycle-1.3.1.aar (androidx.camera:camera-lifecycle:1.3.1) with AarToClassTransform
Transforming camera-lifecycle-1.3.1.aar (androidx.camera:camera-lifecycle:1.3.1) with IdentityTransform
Transforming camera-camera2-1.3.1.aar (androidx.camera:camera-camera2:1.3.1) with AarToClassTransform
Transforming camera-camera2-1.3.1.aar (androidx.camera:camera-camera2:1.3.1) with IdentityTransform
Transforming camera-core-1.3.1.aar (androidx.camera:camera-core:1.3.1) with AarToClassTransform
Transforming camera-core-1.3.1.aar (androidx.camera:camera-core:1.3.1) with IdentityTransform
Transforming work-runtime-ktx-2.9.0.aar (androidx.work:work-runtime-ktx:2.9.0) with AarToClassTransform
Transforming work-runtime-ktx-2.9.0.aar (androidx.work:work-runtime-ktx:2.9.0) with IdentityTransform
Transforming hilt-work-1.1.0.aar (androidx.hilt:hilt-work:1.1.0) with AarToClassTransform
Transforming hilt-work-1.1.0.aar (androidx.hilt:hilt-work:1.1.0) with IdentityTransform
Transforming work-runtime-2.9.0.aar (androidx.work:work-runtime:2.9.0) with AarToClassTransform
Transforming work-runtime-2.9.0.aar (androidx.work:work-runtime:2.9.0) with IdentityTransform
Transforming text-recognition-16.0.0.aar (com.google.mlkit:text-recognition:16.0.0) with AarToClassTransform
Transforming text-recognition-16.0.0.aar (com.google.mlkit:text-recognition:16.0.0) with IdentityTransform
Transforming billing-ktx-6.1.0.aar (com.android.billingclient:billing-ktx:6.1.0) with AarToClassTransform
Transforming billing-ktx-6.1.0.aar (com.android.billingclient:billing-ktx:6.1.0) with IdentityTransform
Transforming billing-6.1.0.aar (com.android.billingclient:billing:6.1.0) with AarToClassTransform
Transforming billing-6.1.0.aar (com.android.billingclient:billing:6.1.0) with IdentityTransform
Transforming play-services-mlkit-text-recognition-19.0.0.aar (com.google.android.gms:play-services-mlkit-text-recognition:19.0.0) with AarToClassTransform
Transforming play-services-mlkit-text-recognition-19.0.0.aar (com.google.android.gms:play-services-mlkit-text-recognition:19.0.0) with IdentityTransform
Transforming text-recognition-bundled-common-16.0.0.aar (com.google.mlkit:text-recognition-bundled-common:16.0.0) with AarToClassTransform
Transforming text-recognition-bundled-common-16.0.0.aar (com.google.mlkit:text-recognition-bundled-common:16.0.0) with IdentityTransform
Transforming barcode-scanning-17.2.0.aar (com.google.mlkit:barcode-scanning:17.2.0) with AarToClassTransform
Transforming barcode-scanning-17.2.0.aar (com.google.mlkit:barcode-scanning:17.2.0) with IdentityTransform
Transforming play-services-mlkit-barcode-scanning-18.3.0.aar (com.google.android.gms:play-services-mlkit-barcode-scanning:18.3.0) with AarToClassTransform
Transforming play-services-mlkit-barcode-scanning-18.3.0.aar (com.google.android.gms:play-services-mlkit-barcode-scanning:18.3.0) with IdentityTransform
Transforming barcode-scanning-common-17.0.0.aar (com.google.mlkit:barcode-scanning-common:17.0.0) with AarToClassTransform
Transforming barcode-scanning-common-17.0.0.aar (com.google.mlkit:barcode-scanning-common:17.0.0) with IdentityTransform
Transforming barcode-scanning-common-17.0.0.aar (com.google.mlkit:barcode-scanning-common:17.0.0) with AarToClassTransform
Transforming barcode-scanning-common-17.0.0.aar (com.google.mlkit:barcode-scanning-common:17.0.0) with IdentityTransform
Transforming play-services-mlkit-text-recognition-common-19.0.0.aar (com.google.android.gms:play-services-mlkit-text-recognition-common:19.0.0) with AarToClassTransform
Transforming play-services-mlkit-text-recognition-common-19.0.0.aar (com.google.android.gms:play-services-mlkit-text-recognition-common:19.0.0) with IdentityTransform
Transforming vision-common-17.3.0.aar (com.google.mlkit:vision-common:17.3.0) with AarToClassTransform
Transforming vision-common-17.3.0.aar (com.google.mlkit:vision-common:17.3.0) with IdentityTransform
Transforming vision-common-17.3.0.aar (com.google.mlkit:vision-common:17.3.0) with AarToClassTransform
Transforming vision-common-17.3.0.aar (com.google.mlkit:vision-common:17.3.0) with IdentityTransform
Transforming vision-common-17.3.0.aar (com.google.mlkit:vision-common:17.3.0) with AarToClassTransform
Transforming vision-common-17.3.0.aar (com.google.mlkit:vision-common:17.3.0) with IdentityTransform
Transforming vision-common-17.3.0.aar (com.google.mlkit:vision-common:17.3.0) with AarToClassTransform
Transforming vision-common-17.3.0.aar (com.google.mlkit:vision-common:17.3.0) with IdentityTransform
Transforming vision-common-17.3.0.aar (com.google.mlkit:vision-common:17.3.0) with AarToClassTransform
Transforming vision-common-17.3.0.aar (com.google.mlkit:vision-common:17.3.0) with IdentityTransform
Transforming common-18.9.0.aar (com.google.mlkit:common:18.9.0) with AarToClassTransform
Transforming common-18.9.0.aar (com.google.mlkit:common:18.9.0) with IdentityTransform
Transforming common-18.9.0.aar (com.google.mlkit:common:18.9.0) with AarToClassTransform
Transforming common-18.9.0.aar (com.google.mlkit:common:18.9.0) with IdentityTransform
Transforming common-18.9.0.aar (com.google.mlkit:common:18.9.0) with AarToClassTransform
Transforming common-18.9.0.aar (com.google.mlkit:common:18.9.0) with IdentityTransform
Transforming common-18.9.0.aar (com.google.mlkit:common:18.9.0) with AarToClassTransform
Transforming common-18.9.0.aar (com.google.mlkit:common:18.9.0) with IdentityTransform
Transforming common-18.9.0.aar (com.google.mlkit:common:18.9.0) with AarToClassTransform
Transforming common-18.9.0.aar (com.google.mlkit:common:18.9.0) with IdentityTransform
Transforming common-18.9.0.aar (com.google.mlkit:common:18.9.0) with AarToClassTransform
Transforming common-18.9.0.aar (com.google.mlkit:common:18.9.0) with IdentityTransform
Transforming common-18.9.0.aar (com.google.mlkit:common:18.9.0) with AarToClassTransform
Transforming common-18.9.0.aar (com.google.mlkit:common:18.9.0) with IdentityTransform
Transforming play-services-location-19.0.0.aar (com.google.android.gms:play-services-location:19.0.0) with AarToClassTransform
Transforming play-services-location-19.0.0.aar (com.google.android.gms:play-services-location:19.0.0) with IdentityTransform
Transforming play-services-base-18.1.0.aar (com.google.android.gms:play-services-base:18.1.0) with AarToClassTransform
Transforming play-services-base-18.1.0.aar (com.google.android.gms:play-services-base:18.1.0) with IdentityTransform
Transforming play-services-base-18.1.0.aar (com.google.android.gms:play-services-base:18.1.0) with AarToClassTransform
Transforming play-services-base-18.1.0.aar (com.google.android.gms:play-services-base:18.1.0) with IdentityTransform
Transforming play-services-base-18.1.0.aar (com.google.android.gms:play-services-base:18.1.0) with AarToClassTransform
Transforming play-services-base-18.1.0.aar (com.google.android.gms:play-services-base:18.1.0) with IdentityTransform
Transforming play-services-base-18.1.0.aar (com.google.android.gms:play-services-base:18.1.0) with AarToClassTransform
Transforming play-services-base-18.1.0.aar (com.google.android.gms:play-services-base:18.1.0) with IdentityTransform
Transforming play-services-base-18.1.0.aar (com.google.android.gms:play-services-base:18.1.0) with AarToClassTransform
Transforming play-services-base-18.1.0.aar (com.google.android.gms:play-services-base:18.1.0) with IdentityTransform
Transforming play-services-base-18.1.0.aar (com.google.android.gms:play-services-base:18.1.0) with AarToClassTransform
Transforming play-services-base-18.1.0.aar (com.google.android.gms:play-services-base:18.1.0) with IdentityTransform
Transforming play-services-base-18.1.0.aar (com.google.android.gms:play-services-base:18.1.0) with AarToClassTransform
Transforming play-services-base-18.1.0.aar (com.google.android.gms:play-services-base:18.1.0) with IdentityTransform
Transforming play-services-base-18.1.0.aar (com.google.android.gms:play-services-base:18.1.0) with AarToClassTransform
Transforming play-services-base-18.1.0.aar (com.google.android.gms:play-services-base:18.1.0) with IdentityTransform
Transforming play-services-base-18.1.0.aar (com.google.android.gms:play-services-base:18.1.0) with AarToClassTransform
Transforming play-services-base-18.1.0.aar (com.google.android.gms:play-services-base:18.1.0) with IdentityTransform
Transforming vision-interfaces-16.2.0.aar (com.google.mlkit:vision-interfaces:16.2.0) with AarToClassTransform
Transforming vision-interfaces-16.2.0.aar (com.google.mlkit:vision-interfaces:16.2.0) with IdentityTransform
Transforming vision-interfaces-16.2.0.aar (com.google.mlkit:vision-interfaces:16.2.0) with AarToClassTransform
Transforming vision-interfaces-16.2.0.aar (com.google.mlkit:vision-interfaces:16.2.0) with IdentityTransform
Transforming play-services-tasks-18.0.2.aar (com.google.android.gms:play-services-tasks:18.0.2) with AarToClassTransform
Transforming play-services-tasks-18.0.2.aar (com.google.android.gms:play-services-tasks:18.0.2) with IdentityTransform
Transforming play-services-tasks-18.0.2.aar (com.google.android.gms:play-services-tasks:18.0.2) with AarToClassTransform
Transforming camera-video-1.3.1.aar (androidx.camera:camera-video:1.3.1) with DexingNoClasspathTransform
Transforming play-services-tasks-18.0.2.aar (com.google.android.gms:play-services-tasks:18.0.2) with IdentityTransform
Transforming camera-video-1.3.1.aar (androidx.camera:camera-video:1.3.1) with DexingOutputSplitTransform
Transforming camera-camera2-1.3.1.aar (androidx.camera:camera-camera2:1.3.1) with DexingNoClasspathTransform
Transforming camera-camera2-1.3.1.aar (androidx.camera:camera-camera2:1.3.1) with DexingOutputSplitTransform
Transforming play-services-tasks-18.0.2.aar (com.google.android.gms:play-services-tasks:18.0.2) with AarToClassTransform
Transforming play-services-tasks-18.0.2.aar (com.google.android.gms:play-services-tasks:18.0.2) with IdentityTransform
Transforming play-services-tasks-18.0.2.aar (com.google.android.gms:play-services-tasks:18.0.2) with AarToClassTransform
Transforming camera-core-1.3.1.aar (androidx.camera:camera-core:1.3.1) with DexingNoClasspathTransform
Transforming play-services-tasks-18.0.2.aar (com.google.android.gms:play-services-tasks:18.0.2) with IdentityTransform
Transforming play-services-tasks-18.0.2.aar (com.google.android.gms:play-services-tasks:18.0.2) with AarToClassTransform
Transforming play-services-tasks-18.0.2.aar (com.google.android.gms:play-services-tasks:18.0.2) with IdentityTransform
Transforming play-services-tasks-18.0.2.aar (com.google.android.gms:play-services-tasks:18.0.2) with AarToClassTransform
Transforming play-services-tasks-18.0.2.aar (com.google.android.gms:play-services-tasks:18.0.2) with IdentityTransform
Transforming play-services-tasks-18.0.2.aar (com.google.android.gms:play-services-tasks:18.0.2) with AarToClassTransform
Transforming play-services-tasks-18.0.2.aar (com.google.android.gms:play-services-tasks:18.0.2) with IdentityTransform
Transforming play-services-tasks-18.0.2.aar (com.google.android.gms:play-services-tasks:18.0.2) with AarToClassTransform
Transforming play-services-tasks-18.0.2.aar (com.google.android.gms:play-services-tasks:18.0.2) with IdentityTransform
Transforming play-services-tasks-18.0.2.aar (com.google.android.gms:play-services-tasks:18.0.2) with AarToClassTransform
Transforming play-services-tasks-18.0.2.aar (com.google.android.gms:play-services-tasks:18.0.2) with IdentityTransform
Transforming play-services-places-placereport-17.0.0.aar (com.google.android.gms:play-services-places-placereport:17.0.0) with AarToClassTransform
Transforming play-services-places-placereport-17.0.0.aar (com.google.android.gms:play-services-places-placereport:17.0.0) with IdentityTransform
Transforming play-services-basement-18.1.0.aar (com.google.android.gms:play-services-basement:18.1.0) with AarToClassTransform
Transforming play-services-basement-18.1.0.aar (com.google.android.gms:play-services-basement:18.1.0) with IdentityTransform
Transforming play-services-basement-18.1.0.aar (com.google.android.gms:play-services-basement:18.1.0) with AarToClassTransform
Transforming play-services-basement-18.1.0.aar (com.google.android.gms:play-services-basement:18.1.0) with IdentityTransform
Transforming play-services-basement-18.1.0.aar (com.google.android.gms:play-services-basement:18.1.0) with AarToClassTransform
Transforming play-services-basement-18.1.0.aar (com.google.android.gms:play-services-basement:18.1.0) with IdentityTransform
Transforming camera-core-1.3.1.aar (androidx.camera:camera-core:1.3.1) with DexingOutputSplitTransform
Transforming play-services-basement-18.1.0.aar (com.google.android.gms:play-services-basement:18.1.0) with AarToClassTransform
Transforming play-services-basement-18.1.0.aar (com.google.android.gms:play-services-basement:18.1.0) with IdentityTransform
Transforming play-services-basement-18.1.0.aar (com.google.android.gms:play-services-basement:18.1.0) with AarToClassTransform
Transforming play-services-basement-18.1.0.aar (com.google.android.gms:play-services-basement:18.1.0) with IdentityTransform
Transforming work-runtime-ktx-2.9.0.aar (androidx.work:work-runtime-ktx:2.9.0) with DexingNoClasspathTransform
Transforming play-services-basement-18.1.0.aar (com.google.android.gms:play-services-basement:18.1.0) with AarToClassTransform
Transforming play-services-basement-18.1.0.aar (com.google.android.gms:play-services-basement:18.1.0) with IdentityTransform
Transforming play-services-basement-18.1.0.aar (com.google.android.gms:play-services-basement:18.1.0) with AarToClassTransform
Transforming play-services-basement-18.1.0.aar (com.google.android.gms:play-services-basement:18.1.0) with IdentityTransform
Transforming play-services-basement-18.1.0.aar (com.google.android.gms:play-services-basement:18.1.0) with AarToClassTransform
Transforming play-services-basement-18.1.0.aar (com.google.android.gms:play-services-basement:18.1.0) with IdentityTransform
Transforming play-services-basement-18.1.0.aar (com.google.android.gms:play-services-basement:18.1.0) with AarToClassTransform
Transforming play-services-basement-18.1.0.aar (com.google.android.gms:play-services-basement:18.1.0) with IdentityTransform
Transforming play-services-basement-18.1.0.aar (com.google.android.gms:play-services-basement:18.1.0) with AarToClassTransform
Transforming play-services-basement-18.1.0.aar (com.google.android.gms:play-services-basement:18.1.0) with IdentityTransform
Transforming play-services-basement-18.1.0.aar (com.google.android.gms:play-services-basement:18.1.0) with AarToClassTransform
Transforming play-services-basement-18.1.0.aar (com.google.android.gms:play-services-basement:18.1.0) with IdentityTransform
Transforming play-services-basement-18.1.0.aar (com.google.android.gms:play-services-basement:18.1.0) with AarToClassTransform
Transforming play-services-basement-18.1.0.aar (com.google.android.gms:play-services-basement:18.1.0) with IdentityTransform
Transforming play-services-basement-18.1.0.aar (com.google.android.gms:play-services-basement:18.1.0) with AarToClassTransform
Transforming play-services-basement-18.1.0.aar (com.google.android.gms:play-services-basement:18.1.0) with IdentityTransform
Transforming play-services-basement-18.1.0.aar (com.google.android.gms:play-services-basement:18.1.0) with AarToClassTransform
Transforming play-services-basement-18.1.0.aar (com.google.android.gms:play-services-basement:18.1.0) with IdentityTransform
Transforming play-services-basement-18.1.0.aar (com.google.android.gms:play-services-basement:18.1.0) with AarToClassTransform
Transforming play-services-basement-18.1.0.aar (com.google.android.gms:play-services-basement:18.1.0) with IdentityTransform
Transforming appcompat-1.1.0.aar (androidx.appcompat:appcompat:1.1.0) with AarToClassTransform
Transforming appcompat-1.1.0.aar (androidx.appcompat:appcompat:1.1.0) with IdentityTransform
Transforming material3-1.1.2.aar (androidx.compose.material3:material3:1.1.2) with AarToClassTransform
Transforming material3-1.1.2.aar (androidx.compose.material3:material3:1.1.2) with IdentityTransform
Transforming hilt-navigation-compose-1.1.0.aar (androidx.hilt:hilt-navigation-compose:1.1.0) with AarToClassTransform
Transforming hilt-navigation-compose-1.1.0.aar (androidx.hilt:hilt-navigation-compose:1.1.0) with IdentityTransform
Transforming hilt-navigation-1.1.0.aar (androidx.hilt:hilt-navigation:1.1.0) with AarToClassTransform
Transforming hilt-navigation-1.1.0.aar (androidx.hilt:hilt-navigation:1.1.0) with IdentityTransform
Transforming hilt-android-2.50.aar (com.google.dagger:hilt-android:2.50) with AarToClassTransform
Transforming work-runtime-ktx-2.9.0.aar (androidx.work:work-runtime-ktx:2.9.0) with DexingOutputSplitTransform
Transforming hilt-android-2.50.aar (com.google.dagger:hilt-android:2.50) with IdentityTransform
Transforming navigation-common-2.7.6.aar (androidx.navigation:navigation-common:2.7.6) with AarToClassTransform
Transforming navigation-common-2.7.6.aar (androidx.navigation:navigation-common:2.7.6) with IdentityTransform
Transforming navigation-runtime-2.7.6.aar (androidx.navigation:navigation-runtime:2.7.6) with AarToClassTransform
Transforming navigation-runtime-2.7.6.aar (androidx.navigation:navigation-runtime:2.7.6) with IdentityTransform
Transforming navigation-common-ktx-2.7.6.aar (androidx.navigation:navigation-common-ktx:2.7.6) with AarToClassTransform
Transforming navigation-common-ktx-2.7.6.aar (androidx.navigation:navigation-common-ktx:2.7.6) with IdentityTransform
Transforming navigation-runtime-ktx-2.7.6.aar (androidx.navigation:navigation-runtime-ktx:2.7.6) with AarToClassTransform
Transforming navigation-runtime-ktx-2.7.6.aar (androidx.navigation:navigation-runtime-ktx:2.7.6) with IdentityTransform
Transforming navigation-compose-2.7.6.aar (androidx.navigation:navigation-compose:2.7.6) with AarToClassTransform
Transforming navigation-compose-2.7.6.aar (androidx.navigation:navigation-compose:2.7.6) with IdentityTransform
Transforming material-ripple-release.aar (androidx.compose.material:material-ripple-android:1.6.0) with AarToClassTransform
Transforming material-ripple-release.aar (androidx.compose.material:material-ripple-android:1.6.0) with IdentityTransform
Transforming material-icons-core-release.aar (androidx.compose.material:material-icons-core-android:1.6.0) with AarToClassTransform
Transforming material-icons-core-release.aar (androidx.compose.material:material-icons-core-android:1.6.0) with IdentityTransform
Transforming material-icons-extended-release.aar (androidx.compose.material:material-icons-extended-android:1.6.0) with AarToClassTransform
Transforming material-icons-extended-release.aar (androidx.compose.material:material-icons-extended-android:1.6.0) with IdentityTransform
Transforming material-release.aar (androidx.compose.material:material-android:1.6.0) with AarToClassTransform
Transforming material-release.aar (androidx.compose.material:material-android:1.6.0) with IdentityTransform
Transforming animation-core-release.aar (androidx.compose.animation:animation-core-android:1.6.0) with AarToClassTransform
Transforming animation-core-release.aar (androidx.compose.animation:animation-core-android:1.6.0) with IdentityTransform
Transforming animation-release.aar (androidx.compose.animation:animation-android:1.6.0) with AarToClassTransform
Transforming animation-release.aar (androidx.compose.animation:animation-android:1.6.0) with IdentityTransform
Transforming foundation-layout-release.aar (androidx.compose.foundation:foundation-layout-android:1.6.0) with AarToClassTransform
Transforming foundation-layout-release.aar (androidx.compose.foundation:foundation-layout-android:1.6.0) with IdentityTransform
Transforming foundation-release.aar (androidx.compose.foundation:foundation-android:1.6.0) with AarToClassTransform
Transforming foundation-release.aar (androidx.compose.foundation:foundation-android:1.6.0) with IdentityTransform
Transforming ui-tooling-data-release.aar (androidx.compose.ui:ui-tooling-data-android:1.6.0) with AarToClassTransform
Transforming ui-tooling-data-release.aar (androidx.compose.ui:ui-tooling-data-android:1.6.0) with IdentityTransform
Transforming ui-unit-release.aar (androidx.compose.ui:ui-unit-android:1.6.0) with AarToClassTransform
Transforming ui-unit-release.aar (androidx.compose.ui:ui-unit-android:1.6.0) with IdentityTransform
Transforming ui-geometry-release.aar (androidx.compose.ui:ui-geometry-android:1.6.0) with AarToClassTransform
Transforming ui-geometry-release.aar (androidx.compose.ui:ui-geometry-android:1.6.0) with IdentityTransform
Transforming ui-util-release.aar (androidx.compose.ui:ui-util-android:1.6.0) with AarToClassTransform
Transforming ui-util-release.aar (androidx.compose.ui:ui-util-android:1.6.0) with IdentityTransform
Transforming ui-text-release.aar (androidx.compose.ui:ui-text-android:1.6.0) with AarToClassTransform
Transforming ui-text-release.aar (androidx.compose.ui:ui-text-android:1.6.0) with IdentityTransform
Transforming ui-tooling-preview-release.aar (androidx.compose.ui:ui-tooling-preview-android:1.6.0) with AarToClassTransform
Transforming ui-tooling-preview-release.aar (androidx.compose.ui:ui-tooling-preview-android:1.6.0) with IdentityTransform
Transforming ui-tooling-release.aar (androidx.compose.ui:ui-tooling-android:1.6.0) with AarToClassTransform
Transforming ui-tooling-release.aar (androidx.compose.ui:ui-tooling-android:1.6.0) with IdentityTransform
Transforming hilt-work-1.1.0.aar (androidx.hilt:hilt-work:1.1.0) with DexingNoClasspathTransform
Transforming ui-graphics-release.aar (androidx.compose.ui:ui-graphics-android:1.6.0) with AarToClassTransform
Transforming ui-graphics-release.aar (androidx.compose.ui:ui-graphics-android:1.6.0) with IdentityTransform
Transforming ui-test-manifest-1.6.0.aar (androidx.compose.ui:ui-test-manifest:1.6.0) with AarToClassTransform
Transforming ui-test-manifest-1.6.0.aar (androidx.compose.ui:ui-test-manifest:1.6.0) with IdentityTransform
Transforming fragment-1.5.1.aar (androidx.fragment:fragment:1.5.1) with AarToClassTransform
Transforming fragment-1.5.1.aar (androidx.fragment:fragment:1.5.1) with IdentityTransform
Transforming fragment-1.5.1.aar (androidx.fragment:fragment:1.5.1) with AarToClassTransform
Transforming fragment-1.5.1.aar (androidx.fragment:fragment:1.5.1) with IdentityTransform
Transforming fragment-1.5.1.aar (androidx.fragment:fragment:1.5.1) with AarToClassTransform
Transforming fragment-1.5.1.aar (androidx.fragment:fragment:1.5.1) with IdentityTransform
Transforming fragment-1.5.1.aar (androidx.fragment:fragment:1.5.1) with AarToClassTransform
Transforming fragment-1.5.1.aar (androidx.fragment:fragment:1.5.1) with IdentityTransform
Transforming activity-1.8.2.aar (androidx.activity:activity:1.8.2) with AarToClassTransform
Transforming activity-1.8.2.aar (androidx.activity:activity:1.8.2) with IdentityTransform
Transforming activity-1.8.2.aar (androidx.activity:activity:1.8.2) with AarToClassTransform
Transforming activity-1.8.2.aar (androidx.activity:activity:1.8.2) with IdentityTransform
Transforming activity-ktx-1.8.2.aar (androidx.activity:activity-ktx:1.8.2) with AarToClassTransform
Transforming activity-ktx-1.8.2.aar (androidx.activity:activity-ktx:1.8.2) with IdentityTransform
Transforming activity-compose-1.8.2.aar (androidx.activity:activity-compose:1.8.2) with AarToClassTransform
Transforming activity-compose-1.8.2.aar (androidx.activity:activity-compose:1.8.2) with IdentityTransform
Transforming emoji2-1.3.0.aar (androidx.emoji2:emoji2:1.3.0) with AarToClassTransform
Transforming emoji2-1.3.0.aar (androidx.emoji2:emoji2:1.3.0) with IdentityTransform
Transforming lifecycle-process-2.7.0.aar (androidx.lifecycle:lifecycle-process:2.7.0) with AarToClassTransform
Transforming lifecycle-process-2.7.0.aar (androidx.lifecycle:lifecycle-process:2.7.0) with IdentityTransform
Transforming lifecycle-livedata-core-ktx-2.7.0.aar (androidx.lifecycle:lifecycle-livedata-core-ktx:2.7.0) with AarToClassTransform
Transforming lifecycle-livedata-core-ktx-2.7.0.aar (androidx.lifecycle:lifecycle-livedata-core-ktx:2.7.0) with IdentityTransform
Transforming lifecycle-service-2.7.0.aar (androidx.lifecycle:lifecycle-service:2.7.0) with AarToClassTransform
Transforming lifecycle-service-2.7.0.aar (androidx.lifecycle:lifecycle-service:2.7.0) with IdentityTransform
Transforming lifecycle-livedata-core-2.7.0.aar (androidx.lifecycle:lifecycle-livedata-core:2.7.0) with AarToClassTransform
Transforming lifecycle-livedata-core-2.7.0.aar (androidx.lifecycle:lifecycle-livedata-core:2.7.0) with IdentityTransform
Transforming loader-1.0.0.aar (androidx.loader:loader:1.0.0) with AarToClassTransform
Transforming loader-1.0.0.aar (androidx.loader:loader:1.0.0) with IdentityTransform
Transforming lifecycle-livedata-2.7.0.aar (androidx.lifecycle:lifecycle-livedata:2.7.0) with AarToClassTransform
Transforming lifecycle-livedata-2.7.0.aar (androidx.lifecycle:lifecycle-livedata:2.7.0) with IdentityTransform
Transforming lifecycle-livedata-2.7.0.aar (androidx.lifecycle:lifecycle-livedata:2.7.0) with AarToClassTransform
Transforming hilt-work-1.1.0.aar (androidx.hilt:hilt-work:1.1.0) with DexingOutputSplitTransform
Transforming lifecycle-livedata-2.7.0.aar (androidx.lifecycle:lifecycle-livedata:2.7.0) with IdentityTransform
Transforming savedstate-ktx-1.2.1.aar (androidx.savedstate:savedstate-ktx:1.2.1) with AarToClassTransform
Transforming savedstate-ktx-1.2.1.aar (androidx.savedstate:savedstate-ktx:1.2.1) with IdentityTransform
Transforming savedstate-1.2.1.aar (androidx.savedstate:savedstate:1.2.1) with AarToClassTransform
Transforming savedstate-1.2.1.aar (androidx.savedstate:savedstate:1.2.1) with IdentityTransform
Transforming lifecycle-common-2.7.0.jar (androidx.lifecycle:lifecycle-common:2.7.0) with IdentityTransform
Transforming lifecycle-common-2.7.0.jar (androidx.lifecycle:lifecycle-common:2.7.0) with IdentityTransform
Transforming lifecycle-common-2.7.0.jar (androidx.lifecycle:lifecycle-common:2.7.0) with DexingNoClasspathTransform
Transforming lifecycle-viewmodel-2.7.0.aar (androidx.lifecycle:lifecycle-viewmodel:2.7.0) with AarToClassTransform
Transforming lifecycle-viewmodel-2.7.0.aar (androidx.lifecycle:lifecycle-viewmodel:2.7.0) with IdentityTransform
Transforming lifecycle-viewmodel-2.7.0.aar (androidx.lifecycle:lifecycle-viewmodel:2.7.0) with AarToClassTransform
Transforming lifecycle-viewmodel-2.7.0.aar (androidx.lifecycle:lifecycle-viewmodel:2.7.0) with IdentityTransform
Transforming lifecycle-viewmodel-savedstate-2.7.0.aar (androidx.lifecycle:lifecycle-viewmodel-savedstate:2.7.0) with AarToClassTransform
Transforming lifecycle-viewmodel-savedstate-2.7.0.aar (androidx.lifecycle:lifecycle-viewmodel-savedstate:2.7.0) with IdentityTransform
Transforming lifecycle-viewmodel-ktx-2.7.0.aar (androidx.lifecycle:lifecycle-viewmodel-ktx:2.7.0) with AarToClassTransform
Transforming lifecycle-viewmodel-ktx-2.7.0.aar (androidx.lifecycle:lifecycle-viewmodel-ktx:2.7.0) with IdentityTransform
Transforming lifecycle-common-java8-2.7.0.jar (androidx.lifecycle:lifecycle-common-java8:2.7.0) with IdentityTransform
Transforming lifecycle-common-java8-2.7.0.jar (androidx.lifecycle:lifecycle-common-java8:2.7.0) with IdentityTransform
Transforming lifecycle-common-java8-2.7.0.jar (androidx.lifecycle:lifecycle-common-java8:2.7.0) with DexingNoClasspathTransform
Transforming lifecycle-runtime-2.7.0.aar (androidx.lifecycle:lifecycle-runtime:2.7.0) with AarToClassTransform
Transforming lifecycle-runtime-2.7.0.aar (androidx.lifecycle:lifecycle-runtime:2.7.0) with IdentityTransform
Transforming lifecycle-runtime-ktx-2.7.0.aar (androidx.lifecycle:lifecycle-runtime-ktx:2.7.0) with AarToClassTransform
Transforming lifecycle-runtime-ktx-2.7.0.aar (androidx.lifecycle:lifecycle-runtime-ktx:2.7.0) with IdentityTransform
Transforming lifecycle-viewmodel-compose-2.7.0.aar (androidx.lifecycle:lifecycle-viewmodel-compose:2.7.0) with AarToClassTransform
Transforming lifecycle-viewmodel-compose-2.7.0.aar (androidx.lifecycle:lifecycle-viewmodel-compose:2.7.0) with IdentityTransform
Transforming ui-release.aar (androidx.compose.ui:ui-android:1.6.0) with AarToClassTransform
Transforming ui-release.aar (androidx.compose.ui:ui-android:1.6.0) with IdentityTransform
Transforming viewpager-1.0.0.aar (androidx.viewpager:viewpager:1.0.0) with AarToClassTransform
Transforming viewpager-1.0.0.aar (androidx.viewpager:viewpager:1.0.0) with IdentityTransform
Transforming appcompat-resources-1.1.0.aar (androidx.appcompat:appcompat-resources:1.1.0) with AarToClassTransform
Transforming appcompat-resources-1.1.0.aar (androidx.appcompat:appcompat-resources:1.1.0) with IdentityTransform
Transforming drawerlayout-1.0.0.aar (androidx.drawerlayout:drawerlayout:1.0.0) with AarToClassTransform
Transforming drawerlayout-1.0.0.aar (androidx.drawerlayout:drawerlayout:1.0.0) with IdentityTransform
Transforming autofill-1.0.0.aar (androidx.autofill:autofill:1.0.0) with AarToClassTransform
Transforming autofill-1.0.0.aar (androidx.autofill:autofill:1.0.0) with IdentityTransform
Transforming customview-1.0.0.aar (androidx.customview:customview:1.0.0) with AarToClassTransform
Transforming customview-1.0.0.aar (androidx.customview:customview:1.0.0) with IdentityTransform
Transforming customview-1.0.0.aar (androidx.customview:customview:1.0.0) with AarToClassTransform
Transforming customview-1.0.0.aar (androidx.customview:customview:1.0.0) with IdentityTransform
Transforming vectordrawable-animated-1.1.0.aar (androidx.vectordrawable:vectordrawable-animated:1.1.0) with AarToClassTransform
Transforming vectordrawable-animated-1.1.0.aar (androidx.vectordrawable:vectordrawable-animated:1.1.0) with IdentityTransform
Transforming vectordrawable-1.1.0.aar (androidx.vectordrawable:vectordrawable:1.1.0) with AarToClassTransform
Transforming vectordrawable-1.1.0.aar (androidx.vectordrawable:vectordrawable:1.1.0) with IdentityTransform
Transforming vectordrawable-1.1.0.aar (androidx.vectordrawable:vectordrawable:1.1.0) with AarToClassTransform
Transforming work-runtime-2.9.0.aar (androidx.work:work-runtime:2.9.0) with DexingNoClasspathTransform
Transforming vectordrawable-1.1.0.aar (androidx.vectordrawable:vectordrawable:1.1.0) with IdentityTransform
Transforming core-1.12.0.aar (androidx.core:core:1.12.0) with AarToClassTransform
Transforming core-1.12.0.aar (androidx.core:core:1.12.0) with IdentityTransform
Transforming core-1.12.0.aar (androidx.core:core:1.12.0) with AarToClassTransform
Transforming core-1.12.0.aar (androidx.core:core:1.12.0) with IdentityTransform
Transforming core-1.12.0.aar (androidx.core:core:1.12.0) with AarToClassTransform
Transforming core-1.12.0.aar (androidx.core:core:1.12.0) with IdentityTransform
Transforming core-1.12.0.aar (androidx.core:core:1.12.0) with AarToClassTransform
Transforming core-1.12.0.aar (androidx.core:core:1.12.0) with IdentityTransform
Transforming core-1.12.0.aar (androidx.core:core:1.12.0) with AarToClassTransform
Transforming core-1.12.0.aar (androidx.core:core:1.12.0) with IdentityTransform
Transforming core-1.12.0.aar (androidx.core:core:1.12.0) with AarToClassTransform
Transforming core-1.12.0.aar (androidx.core:core:1.12.0) with IdentityTransform
Transforming core-1.12.0.aar (androidx.core:core:1.12.0) with AarToClassTransform
Transforming core-1.12.0.aar (androidx.core:core:1.12.0) with IdentityTransform
Transforming core-1.12.0.aar (androidx.core:core:1.12.0) with AarToClassTransform
Transforming core-1.12.0.aar (androidx.core:core:1.12.0) with IdentityTransform
Transforming core-1.12.0.aar (androidx.core:core:1.12.0) with AarToClassTransform
Transforming core-1.12.0.aar (androidx.core:core:1.12.0) with IdentityTransform
Transforming core-1.12.0.aar (androidx.core:core:1.12.0) with AarToClassTransform
Transforming core-1.12.0.aar (androidx.core:core:1.12.0) with IdentityTransform
Transforming core-1.12.0.aar (androidx.core:core:1.12.0) with AarToClassTransform
Transforming core-1.12.0.aar (androidx.core:core:1.12.0) with IdentityTransform
Transforming core-1.12.0.aar (androidx.core:core:1.12.0) with AarToClassTransform
Transforming core-1.12.0.aar (androidx.core:core:1.12.0) with IdentityTransform
Transforming customview-poolingcontainer-1.0.0.aar (androidx.customview:customview-poolingcontainer:1.0.0) with AarToClassTransform
Transforming customview-poolingcontainer-1.0.0.aar (androidx.customview:customview-poolingcontainer:1.0.0) with IdentityTransform
Transforming core-ktx-1.12.0.aar (androidx.core:core-ktx:1.12.0) with AarToClassTransform
Transforming core-ktx-1.12.0.aar (androidx.core:core-ktx:1.12.0) with IdentityTransform
Transforming core-splashscreen-1.0.1.aar (androidx.core:core-splashscreen:1.0.1) with AarToClassTransform
Transforming core-splashscreen-1.0.1.aar (androidx.core:core-splashscreen:1.0.1) with IdentityTransform
Transforming room-common-2.6.1.jar (androidx.room:room-common:2.6.1) with IdentityTransform
Transforming room-common-2.6.1.jar (androidx.room:room-common:2.6.1) with IdentityTransform
Transforming room-common-2.6.1.jar (androidx.room:room-common:2.6.1) with DexingNoClasspathTransform
Transforming room-runtime-2.6.1.aar (androidx.room:room-runtime:2.6.1) with AarToClassTransform
Transforming room-runtime-2.6.1.aar (androidx.room:room-runtime:2.6.1) with IdentityTransform
Transforming room-ktx-2.6.1.aar (androidx.room:room-ktx:2.6.1) with AarToClassTransform
Transforming room-ktx-2.6.1.aar (androidx.room:room-ktx:2.6.1) with IdentityTransform
Transforming datastore-preferences-1.0.0.aar (androidx.datastore:datastore-preferences:1.0.0) with AarToClassTransform
Transforming datastore-preferences-1.0.0.aar (androidx.datastore:datastore-preferences:1.0.0) with IdentityTransform
Transforming sqlite-framework-2.4.0.aar (androidx.sqlite:sqlite-framework:2.4.0) with AarToClassTransform
Transforming sqlite-framework-2.4.0.aar (androidx.sqlite:sqlite-framework:2.4.0) with IdentityTransform
Transforming sqlite-2.4.0.aar (androidx.sqlite:sqlite:2.4.0) with AarToClassTransform
Transforming sqlite-2.4.0.aar (androidx.sqlite:sqlite:2.4.0) with IdentityTransform
Transforming annotation-experimental-1.3.1.aar (androidx.annotation:annotation-experimental:1.3.1) with AarToClassTransform
Transforming annotation-experimental-1.3.1.aar (androidx.annotation:annotation-experimental:1.3.1) with IdentityTransform
Transforming datastore-1.0.0.aar (androidx.datastore:datastore:1.0.0) with AarToClassTransform
Transforming datastore-1.0.0.aar (androidx.datastore:datastore:1.0.0) with IdentityTransform
Transforming datastore-preferences-core-1.0.0.jar (androidx.datastore:datastore-preferences-core:1.0.0) with IdentityTransform
Transforming datastore-preferences-core-1.0.0.jar (androidx.datastore:datastore-preferences-core:1.0.0) with IdentityTransform
Transforming datastore-preferences-core-1.0.0.jar (androidx.datastore:datastore-preferences-core:1.0.0) with DexingNoClasspathTransform
Transforming runtime-saveable-release.aar (androidx.compose.runtime:runtime-saveable-android:1.6.0) with AarToClassTransform
Transforming runtime-saveable-release.aar (androidx.compose.runtime:runtime-saveable-android:1.6.0) with IdentityTransform
Transforming runtime-release.aar (androidx.compose.runtime:runtime-android:1.6.0) with AarToClassTransform
Transforming runtime-release.aar (androidx.compose.runtime:runtime-android:1.6.0) with IdentityTransform
Transforming kotlinx-coroutines-android-1.7.3.jar (org.jetbrains.kotlinx:kotlinx-coroutines-android:1.7.3) with IdentityTransform
Transforming kotlinx-coroutines-android-1.7.3.jar (org.jetbrains.kotlinx:kotlinx-coroutines-android:1.7.3) with IdentityTransform
Transforming kotlinx-coroutines-android-1.7.3.jar (org.jetbrains.kotlinx:kotlinx-coroutines-android:1.7.3) with DexingNoClasspathTransform
Transforming datastore-core-1.0.0.jar (androidx.datastore:datastore-core:1.0.0) with IdentityTransform
Transforming datastore-core-1.0.0.jar (androidx.datastore:datastore-core:1.0.0) with IdentityTransform
Transforming datastore-core-1.0.0.jar (androidx.datastore:datastore-core:1.0.0) with DexingNoClasspathTransform
Transforming kotlinx-coroutines-core-jvm-1.7.3.jar (org.jetbrains.kotlinx:kotlinx-coroutines-core-jvm:1.7.3) with IdentityTransform
Transforming kotlinx-coroutines-core-jvm-1.7.3.jar (org.jetbrains.kotlinx:kotlinx-coroutines-core-jvm:1.7.3) with IdentityTransform
Transforming kotlinx-coroutines-core-jvm-1.7.3.jar (org.jetbrains.kotlinx:kotlinx-coroutines-core-jvm:1.7.3) with DexingNoClasspathTransform
Transforming kotlin-stdlib-jdk8-1.8.22.jar (org.jetbrains.kotlin:kotlin-stdlib-jdk8:1.8.22) with IdentityTransform
Transforming kotlin-stdlib-jdk8-1.8.22.jar (org.jetbrains.kotlin:kotlin-stdlib-jdk8:1.8.22) with IdentityTransform
Transforming kotlin-stdlib-jdk8-1.8.22.jar (org.jetbrains.kotlin:kotlin-stdlib-jdk8:1.8.22) with DexingNoClasspathTransform
Transforming security-crypto-1.1.0-alpha06.aar (androidx.security:security-crypto:1.1.0-alpha06) with AarToClassTransform
Transforming security-crypto-1.1.0-alpha06.aar (androidx.security:security-crypto:1.1.0-alpha06) with IdentityTransform
Transforming versionedparcelable-1.1.1.aar (androidx.versionedparcelable:versionedparcelable:1.1.1) with AarToClassTransform
Transforming versionedparcelable-1.1.1.aar (androidx.versionedparcelable:versionedparcelable:1.1.1) with IdentityTransform
Transforming collection-ktx-1.4.0.jar (androidx.collection:collection-ktx:1.4.0) with IdentityTransform
Transforming collection-ktx-1.4.0.jar (androidx.collection:collection-ktx:1.4.0) with IdentityTransform
Transforming collection-ktx-1.4.0.jar (androidx.collection:collection-ktx:1.4.0) with DexingNoClasspathTransform
Transforming collection-jvm-1.4.0.jar (androidx.collection:collection-jvm:1.4.0) with IdentityTransform
Transforming collection-jvm-1.4.0.jar (androidx.collection:collection-jvm:1.4.0) with IdentityTransform
Transforming collection-jvm-1.4.0.jar (androidx.collection:collection-jvm:1.4.0) with DexingNoClasspathTransform
Transforming core-runtime-2.2.0.aar (androidx.arch.core:core-runtime:2.2.0) with AarToClassTransform
Transforming core-runtime-2.2.0.aar (androidx.arch.core:core-runtime:2.2.0) with IdentityTransform
Transforming exifinterface-1.3.2.aar (androidx.exifinterface:exifinterface:1.3.2) with AarToClassTransform
Transforming exifinterface-1.3.2.aar (androidx.exifinterface:exifinterface:1.3.2) with IdentityTransform
Transforming exifinterface-1.3.2.aar (androidx.exifinterface:exifinterface:1.3.2) with AarToClassTransform
Transforming exifinterface-1.3.2.aar (androidx.exifinterface:exifinterface:1.3.2) with IdentityTransform
Transforming interpolator-1.0.0.aar (androidx.interpolator:interpolator:1.0.0) with AarToClassTransform
Transforming interpolator-1.0.0.aar (androidx.interpolator:interpolator:1.0.0) with IdentityTransform
Transforming interpolator-1.0.0.aar (androidx.interpolator:interpolator:1.0.0) with AarToClassTransform
Transforming interpolator-1.0.0.aar (androidx.interpolator:interpolator:1.0.0) with IdentityTransform
Transforming core-common-2.2.0.jar (androidx.arch.core:core-common:2.2.0) with IdentityTransform
Transforming core-common-2.2.0.jar (androidx.arch.core:core-common:2.2.0) with IdentityTransform
Transforming core-common-2.2.0.jar (androidx.arch.core:core-common:2.2.0) with DexingNoClasspathTransform
Transforming profileinstaller-1.3.0.aar (androidx.profileinstaller:profileinstaller:1.3.0) with AarToClassTransform
Transforming profileinstaller-1.3.0.aar (androidx.profileinstaller:profileinstaller:1.3.0) with IdentityTransform
Transforming transport-backend-cct-3.1.8.aar (com.google.android.datatransport:transport-backend-cct:3.1.8) with AarToClassTransform
Transforming transport-backend-cct-3.1.8.aar (com.google.android.datatransport:transport-backend-cct:3.1.8) with IdentityTransform
Transforming transport-backend-cct-3.1.8.aar (com.google.android.datatransport:transport-backend-cct:3.1.8) with AarToClassTransform
Transforming transport-backend-cct-3.1.8.aar (com.google.android.datatransport:transport-backend-cct:3.1.8) with IdentityTransform
Transforming transport-backend-cct-3.1.8.aar (com.google.android.datatransport:transport-backend-cct:3.1.8) with AarToClassTransform
Transforming transport-backend-cct-3.1.8.aar (com.google.android.datatransport:transport-backend-cct:3.1.8) with IdentityTransform
Transforming transport-backend-cct-3.1.8.aar (com.google.android.datatransport:transport-backend-cct:3.1.8) with AarToClassTransform
Transforming transport-backend-cct-3.1.8.aar (com.google.android.datatransport:transport-backend-cct:3.1.8) with IdentityTransform
Transforming transport-backend-cct-3.1.8.aar (com.google.android.datatransport:transport-backend-cct:3.1.8) with AarToClassTransform
Transforming transport-backend-cct-3.1.8.aar (com.google.android.datatransport:transport-backend-cct:3.1.8) with IdentityTransform
Transforming transport-runtime-3.1.8.aar (com.google.android.datatransport:transport-runtime:3.1.8) with AarToClassTransform
Transforming transport-runtime-3.1.8.aar (com.google.android.datatransport:transport-runtime:3.1.8) with IdentityTransform
Transforming transport-runtime-3.1.8.aar (com.google.android.datatransport:transport-runtime:3.1.8) with AarToClassTransform
Transforming transport-runtime-3.1.8.aar (com.google.android.datatransport:transport-runtime:3.1.8) with IdentityTransform
Transforming transport-runtime-3.1.8.aar (com.google.android.datatransport:transport-runtime:3.1.8) with AarToClassTransform
Transforming transport-runtime-3.1.8.aar (com.google.android.datatransport:transport-runtime:3.1.8) with IdentityTransform
Transforming transport-runtime-3.1.8.aar (com.google.android.datatransport:transport-runtime:3.1.8) with AarToClassTransform
Transforming transport-runtime-3.1.8.aar (com.google.android.datatransport:transport-runtime:3.1.8) with IdentityTransform
Transforming transport-runtime-3.1.8.aar (com.google.android.datatransport:transport-runtime:3.1.8) with AarToClassTransform
Transforming transport-runtime-3.1.8.aar (com.google.android.datatransport:transport-runtime:3.1.8) with IdentityTransform
Transforming transport-runtime-3.1.8.aar (com.google.android.datatransport:transport-runtime:3.1.8) with AarToClassTransform
Transforming transport-runtime-3.1.8.aar (com.google.android.datatransport:transport-runtime:3.1.8) with IdentityTransform
Transforming transport-api-3.0.0.aar (com.google.android.datatransport:transport-api:3.0.0) with AarToClassTransform
Transforming transport-api-3.0.0.aar (com.google.android.datatransport:transport-api:3.0.0) with IdentityTransform
Transforming transport-api-3.0.0.aar (com.google.android.datatransport:transport-api:3.0.0) with AarToClassTransform
Transforming transport-api-3.0.0.aar (com.google.android.datatransport:transport-api:3.0.0) with IdentityTransform
Transforming transport-api-3.0.0.aar (com.google.android.datatransport:transport-api:3.0.0) with AarToClassTransform
Transforming transport-api-3.0.0.aar (com.google.android.datatransport:transport-api:3.0.0) with IdentityTransform
Transforming transport-api-3.0.0.aar (com.google.android.datatransport:transport-api:3.0.0) with AarToClassTransform
Transforming transport-api-3.0.0.aar (com.google.android.datatransport:transport-api:3.0.0) with IdentityTransform
Transforming transport-api-3.0.0.aar (com.google.android.datatransport:transport-api:3.0.0) with AarToClassTransform
Transforming transport-api-3.0.0.aar (com.google.android.datatransport:transport-api:3.0.0) with IdentityTransform
Transforming transport-api-3.0.0.aar (com.google.android.datatransport:transport-api:3.0.0) with AarToClassTransform
Transforming transport-api-3.0.0.aar (com.google.android.datatransport:transport-api:3.0.0) with IdentityTransform
Transforming work-runtime-2.9.0.aar (androidx.work:work-runtime:2.9.0) with DexingOutputSplitTransform
Transforming text-recognition-16.0.0.aar (com.google.mlkit:text-recognition:16.0.0) with DexingNoClasspathTransform
Transforming text-recognition-16.0.0.aar (com.google.mlkit:text-recognition:16.0.0) with DexingOutputSplitTransform
Transforming transport-api-3.0.0.aar (com.google.android.datatransport:transport-api:3.0.0) with AarToClassTransform
Transforming transport-api-3.0.0.aar (com.google.android.datatransport:transport-api:3.0.0) with IdentityTransform
Transforming startup-runtime-1.1.1.aar (androidx.startup:startup-runtime:1.1.1) with AarToClassTransform
Transforming startup-runtime-1.1.1.aar (androidx.startup:startup-runtime:1.1.1) with IdentityTransform
Transforming cursoradapter-1.0.0.aar (androidx.cursoradapter:cursoradapter:1.0.0) with AarToClassTransform
Transforming cursoradapter-1.0.0.aar (androidx.cursoradapter:cursoradapter:1.0.0) with IdentityTransform
Transforming firebase-components-16.1.0.aar (com.google.firebase:firebase-components:16.1.0) with AarToClassTransform
Transforming firebase-components-16.1.0.aar (com.google.firebase:firebase-components:16.1.0) with IdentityTransform
Transforming firebase-components-16.1.0.aar (com.google.firebase:firebase-components:16.1.0) with AarToClassTransform
Transforming firebase-components-16.1.0.aar (com.google.firebase:firebase-components:16.1.0) with IdentityTransform
Transforming firebase-components-16.1.0.aar (com.google.firebase:firebase-components:16.1.0) with AarToClassTransform
Transforming firebase-components-16.1.0.aar (com.google.firebase:firebase-components:16.1.0) with IdentityTransform
Transforming firebase-components-16.1.0.aar (com.google.firebase:firebase-components:16.1.0) with AarToClassTransform
Transforming firebase-components-16.1.0.aar (com.google.firebase:firebase-components:16.1.0) with IdentityTransform
Transforming concurrent-futures-1.1.0.jar (androidx.concurrent:concurrent-futures:1.1.0) with IdentityTransform
Transforming billing-ktx-6.1.0.aar (com.android.billingclient:billing-ktx:6.1.0) with DexingNoClasspathTransform
Transforming concurrent-futures-1.1.0.jar (androidx.concurrent:concurrent-futures:1.1.0) with IdentityTransform
Transforming concurrent-futures-1.1.0.jar (androidx.concurrent:concurrent-futures:1.1.0) with DexingNoClasspathTransform
Transforming tracing-1.0.0.aar (androidx.tracing:tracing:1.0.0) with AarToClassTransform
Transforming tracing-1.0.0.aar (androidx.tracing:tracing:1.0.0) with IdentityTransform
Transforming firebase-encoders-json-18.0.0.aar (com.google.firebase:firebase-encoders-json:18.0.0) with AarToClassTransform
Transforming firebase-encoders-json-18.0.0.aar (com.google.firebase:firebase-encoders-json:18.0.0) with IdentityTransform
Transforming firebase-encoders-json-18.0.0.aar (com.google.firebase:firebase-encoders-json:18.0.0) with AarToClassTransform
Transforming firebase-encoders-json-18.0.0.aar (com.google.firebase:firebase-encoders-json:18.0.0) with IdentityTransform
Transforming firebase-encoders-json-18.0.0.aar (com.google.firebase:firebase-encoders-json:18.0.0) with AarToClassTransform
Transforming firebase-encoders-json-18.0.0.aar (com.google.firebase:firebase-encoders-json:18.0.0) with IdentityTransform
Transforming firebase-encoders-json-18.0.0.aar (com.google.firebase:firebase-encoders-json:18.0.0) with AarToClassTransform
Transforming firebase-encoders-json-18.0.0.aar (com.google.firebase:firebase-encoders-json:18.0.0) with IdentityTransform
Transforming firebase-encoders-json-18.0.0.aar (com.google.firebase:firebase-encoders-json:18.0.0) with AarToClassTransform
Transforming firebase-encoders-json-18.0.0.aar (com.google.firebase:firebase-encoders-json:18.0.0) with IdentityTransform
Transforming firebase-encoders-proto-16.0.0.jar (com.google.firebase:firebase-encoders-proto:16.0.0) with IdentityTransform
Transforming firebase-encoders-proto-16.0.0.jar (com.google.firebase:firebase-encoders-proto:16.0.0) with IdentityTransform
Transforming firebase-encoders-proto-16.0.0.jar (com.google.firebase:firebase-encoders-proto:16.0.0) with DexingNoClasspathTransform
Transforming firebase-encoders-17.0.0.jar (com.google.firebase:firebase-encoders:17.0.0) with IdentityTransform
Transforming firebase-encoders-17.0.0.jar (com.google.firebase:firebase-encoders:17.0.0) with IdentityTransform
Transforming firebase-encoders-17.0.0.jar (com.google.firebase:firebase-encoders:17.0.0) with DexingNoClasspathTransform
Transforming annotation-jvm-1.7.0.jar (androidx.annotation:annotation-jvm:1.7.0) with IdentityTransform
Transforming annotation-jvm-1.7.0.jar (androidx.annotation:annotation-jvm:1.7.0) with IdentityTransform
Transforming annotation-jvm-1.7.0.jar (androidx.annotation:annotation-jvm:1.7.0) with DexingNoClasspathTransform
Transforming kotlin-stdlib-jdk7-1.8.22.jar (org.jetbrains.kotlin:kotlin-stdlib-jdk7:1.8.22) with IdentityTransform
Transforming kotlin-stdlib-jdk7-1.8.22.jar (org.jetbrains.kotlin:kotlin-stdlib-jdk7:1.8.22) with IdentityTransform
Transforming kotlin-stdlib-jdk7-1.8.22.jar (org.jetbrains.kotlin:kotlin-stdlib-jdk7:1.8.22) with DexingNoClasspathTransform
Transforming kotlin-stdlib-1.9.22.jar (org.jetbrains.kotlin:kotlin-stdlib:1.9.22) with IdentityTransform
Transforming kotlin-stdlib-1.9.22.jar (org.jetbrains.kotlin:kotlin-stdlib:1.9.22) with IdentityTransform
Transforming kotlin-stdlib-1.9.22.jar (org.jetbrains.kotlin:kotlin-stdlib:1.9.22) with DexingNoClasspathTransform
Transforming tensorflow-lite-support-0.4.4.aar (org.tensorflow:tensorflow-lite-support:0.4.4) with AarToClassTransform
Transforming tensorflow-lite-support-0.4.4.aar (org.tensorflow:tensorflow-lite-support:0.4.4) with IdentityTransform
Transforming tensorflow-lite-2.14.0.aar (org.tensorflow:tensorflow-lite:2.14.0) with AarToClassTransform
Transforming tensorflow-lite-2.14.0.aar (org.tensorflow:tensorflow-lite:2.14.0) with IdentityTransform
Transforming tensorflow-lite-gpu-2.14.0.aar (org.tensorflow:tensorflow-lite-gpu:2.14.0) with AarToClassTransform
Transforming tensorflow-lite-gpu-2.14.0.aar (org.tensorflow:tensorflow-lite-gpu:2.14.0) with IdentityTransform
Transforming billing-ktx-6.1.0.aar (com.android.billingclient:billing-ktx:6.1.0) with DexingOutputSplitTransform
Transforming core-3.5.3.jar (com.google.zxing:core:3.5.3) with IdentityTransform
Transforming core-3.5.3.jar (com.google.zxing:core:3.5.3) with IdentityTransform
Transforming core-3.5.3.jar (com.google.zxing:core:3.5.3) with DexingNoClasspathTransform
Transforming annotations-23.0.0.jar (org.jetbrains:annotations:23.0.0) with IdentityTransform
Transforming annotations-23.0.0.jar (org.jetbrains:annotations:23.0.0) with IdentityTransform
Transforming annotations-23.0.0.jar (org.jetbrains:annotations:23.0.0) with DexingNoClasspathTransform
Transforming hilt-common-1.1.0.jar (androidx.hilt:hilt-common:1.1.0) with IdentityTransform
Transforming hilt-common-1.1.0.jar (androidx.hilt:hilt-common:1.1.0) with IdentityTransform
Transforming hilt-common-1.1.0.jar (androidx.hilt:hilt-common:1.1.0) with DexingNoClasspathTransform
Transforming hilt-core-2.50.jar (com.google.dagger:hilt-core:2.50) with IdentityTransform
Transforming hilt-core-2.50.jar (com.google.dagger:hilt-core:2.50) with IdentityTransform
Transforming hilt-core-2.50.jar (com.google.dagger:hilt-core:2.50) with DexingNoClasspathTransform
Transforming dagger-2.50.jar (com.google.dagger:dagger:2.50) with IdentityTransform
Transforming dagger-2.50.jar (com.google.dagger:dagger:2.50) with IdentityTransform
Transforming dagger-2.50.jar (com.google.dagger:dagger:2.50) with DexingNoClasspathTransform
Transforming dagger-lint-aar-2.50.aar (com.google.dagger:dagger-lint-aar:2.50) with AarToClassTransform
Transforming dagger-lint-aar-2.50.aar (com.google.dagger:dagger-lint-aar:2.50) with IdentityTransform
Transforming jsr305-3.0.2.jar (com.google.code.findbugs:jsr305:3.0.2) with IdentityTransform
Transforming jsr305-3.0.2.jar (com.google.code.findbugs:jsr305:3.0.2) with IdentityTransform
Transforming jsr305-3.0.2.jar (com.google.code.findbugs:jsr305:3.0.2) with DexingNoClasspathTransform
Transforming javax.inject-1.jar (javax.inject:javax.inject:1) with IdentityTransform
Transforming javax.inject-1.jar (javax.inject:javax.inject:1) with IdentityTransform
Transforming javax.inject-1.jar (javax.inject:javax.inject:1) with DexingNoClasspathTransform
Transforming tensorflow-lite-support-api-0.4.4.aar (org.tensorflow:tensorflow-lite-support-api:0.4.4) with AarToClassTransform
Transforming tensorflow-lite-support-api-0.4.4.aar (org.tensorflow:tensorflow-lite-support-api:0.4.4) with IdentityTransform
Transforming tensorflow-lite-api-2.14.0.aar (org.tensorflow:tensorflow-lite-api:2.14.0) with AarToClassTransform
Transforming tensorflow-lite-api-2.14.0.aar (org.tensorflow:tensorflow-lite-api:2.14.0) with IdentityTransform
Transforming tink-android-1.8.0.jar (com.google.crypto.tink:tink-android:1.8.0) with IdentityTransform
Transforming tink-android-1.8.0.jar (com.google.crypto.tink:tink-android:1.8.0) with IdentityTransform
Transforming tink-android-1.8.0.jar (com.google.crypto.tink:tink-android:1.8.0) with DexingNoClasspathTransform
Transforming auto-value-annotations-1.6.3.jar (com.google.auto.value:auto-value-annotations:1.6.3) with IdentityTransform
Transforming auto-value-annotations-1.6.3.jar (com.google.auto.value:auto-value-annotations:1.6.3) with IdentityTransform
Transforming auto-value-annotations-1.6.3.jar (com.google.auto.value:auto-value-annotations:1.6.3) with DexingNoClasspathTransform
Transforming listenablefuture-1.0.jar (com.google.guava:listenablefuture:1.0) with IdentityTransform
Transforming listenablefuture-1.0.jar (com.google.guava:listenablefuture:1.0) with IdentityTransform
Transforming listenablefuture-1.0.jar (com.google.guava:listenablefuture:1.0) with DexingNoClasspathTransform
Transforming checker-qual-2.5.8.jar (org.checkerframework:checker-qual:2.5.8) with IdentityTransform
Transforming checker-qual-2.5.8.jar (org.checkerframework:checker-qual:2.5.8) with IdentityTransform
Transforming checker-qual-2.5.8.jar (org.checkerframework:checker-qual:2.5.8) with DexingNoClasspathTransform
Transforming billing-6.1.0.aar (com.android.billingclient:billing:6.1.0) with DexingNoClasspathTransform
Transforming image-1.0.0-beta1.aar (com.google.android.odml:image:1.0.0-beta1) with AarToClassTransform
Transforming image-1.0.0-beta1.aar (com.google.android.odml:image:1.0.0-beta1) with IdentityTransform
Transforming image-1.0.0-beta1.aar (com.google.android.odml:image:1.0.0-beta1) with AarToClassTransform
Transforming image-1.0.0-beta1.aar (com.google.android.odml:image:1.0.0-beta1) with IdentityTransform
Transforming image-1.0.0-beta1.aar (com.google.android.odml:image:1.0.0-beta1) with AarToClassTransform
Transforming image-1.0.0-beta1.aar (com.google.android.odml:image:1.0.0-beta1) with IdentityTransform
Transforming image-1.0.0-beta1.aar (com.google.android.odml:image:1.0.0-beta1) with AarToClassTransform
Transforming image-1.0.0-beta1.aar (com.google.android.odml:image:1.0.0-beta1) with IdentityTransform
Transforming gson-2.8.9.jar (com.google.code.gson:gson:2.8.9) with IdentityTransform
Transforming gson-2.8.9.jar (com.google.code.gson:gson:2.8.9) with IdentityTransform
Transforming gson-2.8.9.jar (com.google.code.gson:gson:2.8.9) with DexingNoClasspathTransform
Transforming firebase-annotations-16.0.0.jar (com.google.firebase:firebase-annotations:16.0.0) with IdentityTransform
Transforming firebase-annotations-16.0.0.jar (com.google.firebase:firebase-annotations:16.0.0) with IdentityTransform
Transforming firebase-annotations-16.0.0.jar (com.google.firebase:firebase-annotations:16.0.0) with DexingNoClasspathTransform
Transforming billing-6.1.0.aar (com.android.billingclient:billing:6.1.0) with DexingOutputSplitTransform
Transforming text-recognition-bundled-common-16.0.0.aar (com.google.mlkit:text-recognition-bundled-common:16.0.0) with DexingNoClasspathTransform
Transforming play-services-mlkit-text-recognition-19.0.0.aar (com.google.android.gms:play-services-mlkit-text-recognition:19.0.0) with DexingNoClasspathTransform
Transforming text-recognition-bundled-common-16.0.0.aar (com.google.mlkit:text-recognition-bundled-common:16.0.0) with DexingOutputSplitTransform
Transforming play-services-mlkit-text-recognition-19.0.0.aar (com.google.android.gms:play-services-mlkit-text-recognition:19.0.0) with DexingOutputSplitTransform
Transforming barcode-scanning-17.2.0.aar (com.google.mlkit:barcode-scanning:17.2.0) with DexingNoClasspathTransform
Transforming barcode-scanning-17.2.0.aar (com.google.mlkit:barcode-scanning:17.2.0) with DexingOutputSplitTransform
Transforming play-services-mlkit-barcode-scanning-18.3.0.aar (com.google.android.gms:play-services-mlkit-barcode-scanning:18.3.0) with DexingNoClasspathTransform
Transforming play-services-mlkit-barcode-scanning-18.3.0.aar (com.google.android.gms:play-services-mlkit-barcode-scanning:18.3.0) with DexingOutputSplitTransform
Transforming barcode-scanning-common-17.0.0.aar (com.google.mlkit:barcode-scanning-common:17.0.0) with DexingNoClasspathTransform
Transforming barcode-scanning-common-17.0.0.aar (com.google.mlkit:barcode-scanning-common:17.0.0) with DexingOutputSplitTransform
Transforming play-services-mlkit-text-recognition-common-19.0.0.aar (com.google.android.gms:play-services-mlkit-text-recognition-common:19.0.0) with DexingNoClasspathTransform
Transforming play-services-mlkit-text-recognition-common-19.0.0.aar (com.google.android.gms:play-services-mlkit-text-recognition-common:19.0.0) with DexingOutputSplitTransform
Transforming vision-common-17.3.0.aar (com.google.mlkit:vision-common:17.3.0) with DexingNoClasspathTransform
Transforming vision-common-17.3.0.aar (com.google.mlkit:vision-common:17.3.0) with DexingOutputSplitTransform
Transforming common-18.9.0.aar (com.google.mlkit:common:18.9.0) with DexingNoClasspathTransform
Transforming common-18.9.0.aar (com.google.mlkit:common:18.9.0) with DexingOutputSplitTransform
Transforming play-services-location-19.0.0.aar (com.google.android.gms:play-services-location:19.0.0) with DexingNoClasspathTransform
Transforming play-services-location-19.0.0.aar (com.google.android.gms:play-services-location:19.0.0) with DexingOutputSplitTransform
Transforming play-services-base-18.1.0.aar (com.google.android.gms:play-services-base:18.1.0) with DexingNoClasspathTransform
Transforming play-services-base-18.1.0.aar (com.google.android.gms:play-services-base:18.1.0) with DexingOutputSplitTransform
Transforming vision-interfaces-16.2.0.aar (com.google.mlkit:vision-interfaces:16.2.0) with DexingNoClasspathTransform
Transforming vision-interfaces-16.2.0.aar (com.google.mlkit:vision-interfaces:16.2.0) with DexingOutputSplitTransform
Transforming play-services-tasks-18.0.2.aar (com.google.android.gms:play-services-tasks:18.0.2) with DexingNoClasspathTransform
Transforming play-services-tasks-18.0.2.aar (com.google.android.gms:play-services-tasks:18.0.2) with DexingOutputSplitTransform
Transforming play-services-places-placereport-17.0.0.aar (com.google.android.gms:play-services-places-placereport:17.0.0) with DexingNoClasspathTransform
Transforming play-services-places-placereport-17.0.0.aar (com.google.android.gms:play-services-places-placereport:17.0.0) with DexingOutputSplitTransform
Transforming play-services-basement-18.1.0.aar (com.google.android.gms:play-services-basement:18.1.0) with DexingNoClasspathTransform
Transforming play-services-basement-18.1.0.aar (com.google.android.gms:play-services-basement:18.1.0) with DexingOutputSplitTransform
Transforming appcompat-1.1.0.aar (androidx.appcompat:appcompat:1.1.0) with DexingNoClasspathTransform
Transforming material3-1.1.2.aar (androidx.compose.material3:material3:1.1.2) with DexingNoClasspathTransform
Transforming appcompat-1.1.0.aar (androidx.appcompat:appcompat:1.1.0) with DexingOutputSplitTransform
Transforming material3-1.1.2.aar (androidx.compose.material3:material3:1.1.2) with DexingOutputSplitTransform
Transforming hilt-navigation-compose-1.1.0.aar (androidx.hilt:hilt-navigation-compose:1.1.0) with DexingNoClasspathTransform
Transforming hilt-navigation-1.1.0.aar (androidx.hilt:hilt-navigation:1.1.0) with DexingNoClasspathTransform
Transforming hilt-navigation-compose-1.1.0.aar (androidx.hilt:hilt-navigation-compose:1.1.0) with DexingOutputSplitTransform
Transforming hilt-navigation-1.1.0.aar (androidx.hilt:hilt-navigation:1.1.0) with DexingOutputSplitTransform
Transforming hilt-android-2.50.aar (com.google.dagger:hilt-android:2.50) with DexingNoClasspathTransform
Transforming navigation-common-2.7.6.aar (androidx.navigation:navigation-common:2.7.6) with DexingNoClasspathTransform
Transforming hilt-android-2.50.aar (com.google.dagger:hilt-android:2.50) with DexingOutputSplitTransform
Transforming navigation-common-2.7.6.aar (androidx.navigation:navigation-common:2.7.6) with DexingOutputSplitTransform
Transforming navigation-common-ktx-2.7.6.aar (androidx.navigation:navigation-common-ktx:2.7.6) with DexingNoClasspathTransform
Transforming navigation-runtime-2.7.6.aar (androidx.navigation:navigation-runtime:2.7.6) with DexingNoClasspathTransform
Transforming navigation-common-ktx-2.7.6.aar (androidx.navigation:navigation-common-ktx:2.7.6) with DexingOutputSplitTransform
Transforming navigation-runtime-2.7.6.aar (androidx.navigation:navigation-runtime:2.7.6) with DexingOutputSplitTransform
Transforming navigation-runtime-ktx-2.7.6.aar (androidx.navigation:navigation-runtime-ktx:2.7.6) with DexingNoClasspathTransform
Transforming navigation-compose-2.7.6.aar (androidx.navigation:navigation-compose:2.7.6) with DexingNoClasspathTransform
Transforming navigation-runtime-ktx-2.7.6.aar (androidx.navigation:navigation-runtime-ktx:2.7.6) with DexingOutputSplitTransform
Transforming navigation-compose-2.7.6.aar (androidx.navigation:navigation-compose:2.7.6) with DexingOutputSplitTransform
Transforming material-ripple-release.aar (androidx.compose.material:material-ripple-android:1.6.0) with DexingNoClasspathTransform
Transforming material-ripple-release.aar (androidx.compose.material:material-ripple-android:1.6.0) with DexingOutputSplitTransform
Transforming material-icons-core-release.aar (androidx.compose.material:material-icons-core-android:1.6.0) with DexingNoClasspathTransform
Transforming material-icons-core-release.aar (androidx.compose.material:material-icons-core-android:1.6.0) with DexingOutputSplitTransform
Transforming material-icons-extended-release.aar (androidx.compose.material:material-icons-extended-android:1.6.0) with DexingNoClasspathTransform
Transforming material-release.aar (androidx.compose.material:material-android:1.6.0) with DexingNoClasspathTransform
Transforming material-icons-extended-release.aar (androidx.compose.material:material-icons-extended-android:1.6.0) with DexingOutputSplitTransform
Transforming material-release.aar (androidx.compose.material:material-android:1.6.0) with DexingOutputSplitTransform
Transforming animation-core-release.aar (androidx.compose.animation:animation-core-android:1.6.0) with DexingNoClasspathTransform
Transforming animation-core-release.aar (androidx.compose.animation:animation-core-android:1.6.0) with DexingOutputSplitTransform
Transforming animation-release.aar (androidx.compose.animation:animation-android:1.6.0) with DexingNoClasspathTransform
Transforming animation-release.aar (androidx.compose.animation:animation-android:1.6.0) with DexingOutputSplitTransform
Transforming foundation-layout-release.aar (androidx.compose.foundation:foundation-layout-android:1.6.0) with DexingNoClasspathTransform
Transforming foundation-release.aar (androidx.compose.foundation:foundation-android:1.6.0) with DexingNoClasspathTransform
Transforming foundation-release.aar (androidx.compose.foundation:foundation-android:1.6.0) with DexingOutputSplitTransform
Transforming ui-tooling-data-release.aar (androidx.compose.ui:ui-tooling-data-android:1.6.0) with DexingNoClasspathTransform
Transforming ui-tooling-data-release.aar (androidx.compose.ui:ui-tooling-data-android:1.6.0) with DexingOutputSplitTransform
Transforming ui-unit-release.aar (androidx.compose.ui:ui-unit-android:1.6.0) with DexingNoClasspathTransform
Transforming ui-unit-release.aar (androidx.compose.ui:ui-unit-android:1.6.0) with DexingOutputSplitTransform
Transforming ui-geometry-release.aar (androidx.compose.ui:ui-geometry-android:1.6.0) with DexingNoClasspathTransform
Transforming ui-geometry-release.aar (androidx.compose.ui:ui-geometry-android:1.6.0) with DexingOutputSplitTransform
Transforming ui-util-release.aar (androidx.compose.ui:ui-util-android:1.6.0) with DexingNoClasspathTransform
Transforming foundation-layout-release.aar (androidx.compose.foundation:foundation-layout-android:1.6.0) with DexingOutputSplitTransform
Transforming ui-text-release.aar (androidx.compose.ui:ui-text-android:1.6.0) with DexingNoClasspathTransform
Transforming ui-text-release.aar (androidx.compose.ui:ui-text-android:1.6.0) with DexingOutputSplitTransform
Transforming ui-tooling-preview-release.aar (androidx.compose.ui:ui-tooling-preview-android:1.6.0) with DexingNoClasspathTransform
Transforming ui-util-release.aar (androidx.compose.ui:ui-util-android:1.6.0) with DexingOutputSplitTransform
Transforming ui-tooling-preview-release.aar (androidx.compose.ui:ui-tooling-preview-android:1.6.0) with DexingOutputSplitTransform
Transforming ui-tooling-release.aar (androidx.compose.ui:ui-tooling-android:1.6.0) with DexingNoClasspathTransform
Transforming ui-graphics-release.aar (androidx.compose.ui:ui-graphics-android:1.6.0) with DexingNoClasspathTransform
Transforming ui-tooling-release.aar (androidx.compose.ui:ui-tooling-android:1.6.0) with DexingOutputSplitTransform
Transforming ui-graphics-release.aar (androidx.compose.ui:ui-graphics-android:1.6.0) with DexingOutputSplitTransform
Transforming ui-test-manifest-1.6.0.aar (androidx.compose.ui:ui-test-manifest:1.6.0) with DexingNoClasspathTransform
Transforming ui-test-manifest-1.6.0.aar (androidx.compose.ui:ui-test-manifest:1.6.0) with DexingOutputSplitTransform
Transforming fragment-1.5.1.aar (androidx.fragment:fragment:1.5.1) with DexingNoClasspathTransform
Transforming fragment-1.5.1.aar (androidx.fragment:fragment:1.5.1) with DexingNoClasspathTransform
Transforming fragment-1.5.1.aar (androidx.fragment:fragment:1.5.1) with DexingOutputSplitTransform
Transforming fragment-1.5.1.aar (androidx.fragment:fragment:1.5.1) with DexingOutputSplitTransform
Transforming activity-1.8.2.aar (androidx.activity:activity:1.8.2) with DexingNoClasspathTransform
Transforming activity-1.8.2.aar (androidx.activity:activity:1.8.2) with DexingNoClasspathTransform
Transforming activity-1.8.2.aar (androidx.activity:activity:1.8.2) with DexingOutputSplitTransform
Transforming activity-1.8.2.aar (androidx.activity:activity:1.8.2) with DexingOutputSplitTransform
Transforming activity-compose-1.8.2.aar (androidx.activity:activity-compose:1.8.2) with DexingNoClasspathTransform
Transforming activity-compose-1.8.2.aar (androidx.activity:activity-compose:1.8.2) with DexingOutputSplitTransform
Transforming emoji2-1.3.0.aar (androidx.emoji2:emoji2:1.3.0) with DexingNoClasspathTransform
Transforming emoji2-1.3.0.aar (androidx.emoji2:emoji2:1.3.0) with DexingOutputSplitTransform
Transforming lifecycle-process-2.7.0.aar (androidx.lifecycle:lifecycle-process:2.7.0) with DexingNoClasspathTransform
Transforming activity-ktx-1.8.2.aar (androidx.activity:activity-ktx:1.8.2) with DexingNoClasspathTransform
Transforming lifecycle-process-2.7.0.aar (androidx.lifecycle:lifecycle-process:2.7.0) with DexingOutputSplitTransform
Transforming activity-ktx-1.8.2.aar (androidx.activity:activity-ktx:1.8.2) with DexingOutputSplitTransform
Transforming lifecycle-service-2.7.0.aar (androidx.lifecycle:lifecycle-service:2.7.0) with DexingNoClasspathTransform
Transforming lifecycle-livedata-core-ktx-2.7.0.aar (androidx.lifecycle:lifecycle-livedata-core-ktx:2.7.0) with DexingNoClasspathTransform
Transforming lifecycle-service-2.7.0.aar (androidx.lifecycle:lifecycle-service:2.7.0) with DexingOutputSplitTransform
Transforming lifecycle-livedata-core-ktx-2.7.0.aar (androidx.lifecycle:lifecycle-livedata-core-ktx:2.7.0) with DexingOutputSplitTransform
Transforming lifecycle-livedata-core-2.7.0.aar (androidx.lifecycle:lifecycle-livedata-core:2.7.0) with DexingNoClasspathTransform
Transforming loader-1.0.0.aar (androidx.loader:loader:1.0.0) with DexingNoClasspathTransform
Transforming lifecycle-livedata-core-2.7.0.aar (androidx.lifecycle:lifecycle-livedata-core:2.7.0) with DexingOutputSplitTransform
Transforming loader-1.0.0.aar (androidx.loader:loader:1.0.0) with DexingOutputSplitTransform
Transforming lifecycle-livedata-2.7.0.aar (androidx.lifecycle:lifecycle-livedata:2.7.0) with DexingNoClasspathTransform
Transforming lifecycle-livedata-2.7.0.aar (androidx.lifecycle:lifecycle-livedata:2.7.0) with DexingNoClasspathTransform
Transforming lifecycle-livedata-2.7.0.aar (androidx.lifecycle:lifecycle-livedata:2.7.0) with DexingOutputSplitTransform
Transforming lifecycle-livedata-2.7.0.aar (androidx.lifecycle:lifecycle-livedata:2.7.0) with DexingOutputSplitTransform
Transforming savedstate-1.2.1.aar (androidx.savedstate:savedstate:1.2.1) with DexingNoClasspathTransform
Transforming savedstate-ktx-1.2.1.aar (androidx.savedstate:savedstate-ktx:1.2.1) with DexingNoClasspathTransform
Transforming savedstate-1.2.1.aar (androidx.savedstate:savedstate:1.2.1) with DexingOutputSplitTransform
Transforming savedstate-ktx-1.2.1.aar (androidx.savedstate:savedstate-ktx:1.2.1) with DexingOutputSplitTransform
Transforming lifecycle-viewmodel-2.7.0.aar (androidx.lifecycle:lifecycle-viewmodel:2.7.0) with DexingNoClasspathTransform
Transforming lifecycle-common-2.7.0.jar (androidx.lifecycle:lifecycle-common:2.7.0) with DexingOutputSplitTransform
Transforming lifecycle-viewmodel-2.7.0.aar (androidx.lifecycle:lifecycle-viewmodel:2.7.0) with DexingNoClasspathTransform
Transforming lifecycle-viewmodel-2.7.0.aar (androidx.lifecycle:lifecycle-viewmodel:2.7.0) with DexingOutputSplitTransform
Transforming lifecycle-viewmodel-2.7.0.aar (androidx.lifecycle:lifecycle-viewmodel:2.7.0) with DexingOutputSplitTransform
Transforming lifecycle-viewmodel-savedstate-2.7.0.aar (androidx.lifecycle:lifecycle-viewmodel-savedstate:2.7.0) with DexingNoClasspathTransform
Transforming lifecycle-viewmodel-ktx-2.7.0.aar (androidx.lifecycle:lifecycle-viewmodel-ktx:2.7.0) with DexingNoClasspathTransform
Transforming lifecycle-viewmodel-ktx-2.7.0.aar (androidx.lifecycle:lifecycle-viewmodel-ktx:2.7.0) with DexingOutputSplitTransform
Transforming lifecycle-common-java8-2.7.0.jar (androidx.lifecycle:lifecycle-common-java8:2.7.0) with DexingOutputSplitTransform
Transforming lifecycle-runtime-2.7.0.aar (androidx.lifecycle:lifecycle-runtime:2.7.0) with DexingNoClasspathTransform
Transforming lifecycle-runtime-2.7.0.aar (androidx.lifecycle:lifecycle-runtime:2.7.0) with DexingOutputSplitTransform
Transforming lifecycle-viewmodel-savedstate-2.7.0.aar (androidx.lifecycle:lifecycle-viewmodel-savedstate:2.7.0) with DexingOutputSplitTransform
Transforming lifecycle-runtime-ktx-2.7.0.aar (androidx.lifecycle:lifecycle-runtime-ktx:2.7.0) with DexingNoClasspathTransform
Transforming lifecycle-runtime-ktx-2.7.0.aar (androidx.lifecycle:lifecycle-runtime-ktx:2.7.0) with DexingOutputSplitTransform
Transforming lifecycle-viewmodel-compose-2.7.0.aar (androidx.lifecycle:lifecycle-viewmodel-compose:2.7.0) with DexingNoClasspathTransform
Transforming lifecycle-viewmodel-compose-2.7.0.aar (androidx.lifecycle:lifecycle-viewmodel-compose:2.7.0) with DexingOutputSplitTransform
Transforming viewpager-1.0.0.aar (androidx.viewpager:viewpager:1.0.0) with DexingNoClasspathTransform
Transforming viewpager-1.0.0.aar (androidx.viewpager:viewpager:1.0.0) with DexingOutputSplitTransform
Transforming appcompat-resources-1.1.0.aar (androidx.appcompat:appcompat-resources:1.1.0) with DexingNoClasspathTransform
Transforming appcompat-resources-1.1.0.aar (androidx.appcompat:appcompat-resources:1.1.0) with DexingOutputSplitTransform
Transforming ui-release.aar (androidx.compose.ui:ui-android:1.6.0) with DexingNoClasspathTransform
Transforming ui-release.aar (androidx.compose.ui:ui-android:1.6.0) with DexingOutputSplitTransform
Transforming drawerlayout-1.0.0.aar (androidx.drawerlayout:drawerlayout:1.0.0) with DexingNoClasspathTransform
Transforming autofill-1.0.0.aar (androidx.autofill:autofill:1.0.0) with DexingNoClasspathTransform
Transforming drawerlayout-1.0.0.aar (androidx.drawerlayout:drawerlayout:1.0.0) with DexingOutputSplitTransform
Transforming autofill-1.0.0.aar (androidx.autofill:autofill:1.0.0) with DexingOutputSplitTransform
Transforming customview-1.0.0.aar (androidx.customview:customview:1.0.0) with DexingNoClasspathTransform
Transforming customview-1.0.0.aar (androidx.customview:customview:1.0.0) with DexingOutputSplitTransform
Transforming vectordrawable-1.1.0.aar (androidx.vectordrawable:vectordrawable:1.1.0) with DexingNoClasspathTransform
Transforming vectordrawable-animated-1.1.0.aar (androidx.vectordrawable:vectordrawable-animated:1.1.0) with DexingNoClasspathTransform
Transforming vectordrawable-1.1.0.aar (androidx.vectordrawable:vectordrawable:1.1.0) with DexingOutputSplitTransform
Transforming vectordrawable-animated-1.1.0.aar (androidx.vectordrawable:vectordrawable-animated:1.1.0) with DexingOutputSplitTransform
Transforming core-1.12.0.aar (androidx.core:core:1.12.0) with DexingNoClasspathTransform
Transforming core-1.12.0.aar (androidx.core:core:1.12.0) with DexingNoClasspathTransform
Transforming core-1.12.0.aar (androidx.core:core:1.12.0) with DexingOutputSplitTransform
Transforming core-1.12.0.aar (androidx.core:core:1.12.0) with DexingOutputSplitTransform
Transforming core-ktx-1.12.0.aar (androidx.core:core-ktx:1.12.0) with DexingNoClasspathTransform
Transforming customview-poolingcontainer-1.0.0.aar (androidx.customview:customview-poolingcontainer:1.0.0) with DexingNoClasspathTransform
Transforming core-ktx-1.12.0.aar (androidx.core:core-ktx:1.12.0) with DexingOutputSplitTransform
Transforming customview-poolingcontainer-1.0.0.aar (androidx.customview:customview-poolingcontainer:1.0.0) with DexingOutputSplitTransform
Transforming core-splashscreen-1.0.1.aar (androidx.core:core-splashscreen:1.0.1) with DexingNoClasspathTransform
Transforming core-splashscreen-1.0.1.aar (androidx.core:core-splashscreen:1.0.1) with DexingOutputSplitTransform
Transforming room-common-2.6.1.jar (androidx.room:room-common:2.6.1) with DexingOutputSplitTransform
Transforming room-runtime-2.6.1.aar (androidx.room:room-runtime:2.6.1) with DexingNoClasspathTransform
Transforming room-runtime-2.6.1.aar (androidx.room:room-runtime:2.6.1) with DexingOutputSplitTransform
Transforming room-ktx-2.6.1.aar (androidx.room:room-ktx:2.6.1) with DexingNoClasspathTransform
Transforming datastore-preferences-1.0.0.aar (androidx.datastore:datastore-preferences:1.0.0) with DexingNoClasspathTransform
Transforming room-ktx-2.6.1.aar (androidx.room:room-ktx:2.6.1) with DexingOutputSplitTransform
Transforming datastore-preferences-1.0.0.aar (androidx.datastore:datastore-preferences:1.0.0) with DexingOutputSplitTransform
Transforming sqlite-framework-2.4.0.aar (androidx.sqlite:sqlite-framework:2.4.0) with DexingNoClasspathTransform
Transforming sqlite-framework-2.4.0.aar (androidx.sqlite:sqlite-framework:2.4.0) with DexingOutputSplitTransform
Transforming sqlite-2.4.0.aar (androidx.sqlite:sqlite:2.4.0) with DexingNoClasspathTransform
Transforming sqlite-2.4.0.aar (androidx.sqlite:sqlite:2.4.0) with DexingOutputSplitTransform
Transforming annotation-experimental-1.3.1.aar (androidx.annotation:annotation-experimental:1.3.1) with DexingNoClasspathTransform
Transforming annotation-experimental-1.3.1.aar (androidx.annotation:annotation-experimental:1.3.1) with DexingOutputSplitTransform
Transforming datastore-1.0.0.aar (androidx.datastore:datastore:1.0.0) with DexingNoClasspathTransform
Transforming datastore-1.0.0.aar (androidx.datastore:datastore:1.0.0) with DexingOutputSplitTransform
Transforming datastore-preferences-core-1.0.0.jar (androidx.datastore:datastore-preferences-core:1.0.0) with DexingOutputSplitTransform
Transforming runtime-saveable-release.aar (androidx.compose.runtime:runtime-saveable-android:1.6.0) with DexingNoClasspathTransform
Transforming runtime-saveable-release.aar (androidx.compose.runtime:runtime-saveable-android:1.6.0) with DexingOutputSplitTransform
Transforming runtime-release.aar (androidx.compose.runtime:runtime-android:1.6.0) with DexingNoClasspathTransform
Transforming runtime-release.aar (androidx.compose.runtime:runtime-android:1.6.0) with DexingOutputSplitTransform
Transforming kotlinx-coroutines-android-1.7.3.jar (org.jetbrains.kotlinx:kotlinx-coroutines-android:1.7.3) with DexingOutputSplitTransform
Transforming datastore-core-1.0.0.jar (androidx.datastore:datastore-core:1.0.0) with DexingOutputSplitTransform
Transforming kotlinx-coroutines-core-jvm-1.7.3.jar (org.jetbrains.kotlinx:kotlinx-coroutines-core-jvm:1.7.3) with DexingOutputSplitTransform
Transforming kotlin-stdlib-jdk8-1.8.22.jar (org.jetbrains.kotlin:kotlin-stdlib-jdk8:1.8.22) with DexingOutputSplitTransform
Transforming security-crypto-1.1.0-alpha06.aar (androidx.security:security-crypto:1.1.0-alpha06) with DexingNoClasspathTransform
Transforming security-crypto-1.1.0-alpha06.aar (androidx.security:security-crypto:1.1.0-alpha06) with DexingOutputSplitTransform
Transforming versionedparcelable-1.1.1.aar (androidx.versionedparcelable:versionedparcelable:1.1.1) with DexingNoClasspathTransform
Transforming versionedparcelable-1.1.1.aar (androidx.versionedparcelable:versionedparcelable:1.1.1) with DexingOutputSplitTransform
Transforming collection-ktx-1.4.0.jar (androidx.collection:collection-ktx:1.4.0) with DexingOutputSplitTransform
Transforming core-runtime-2.2.0.aar (androidx.arch.core:core-runtime:2.2.0) with DexingNoClasspathTransform
Transforming collection-jvm-1.4.0.jar (androidx.collection:collection-jvm:1.4.0) with DexingOutputSplitTransform
Transforming core-runtime-2.2.0.aar (androidx.arch.core:core-runtime:2.2.0) with DexingOutputSplitTransform
Transforming exifinterface-1.3.2.aar (androidx.exifinterface:exifinterface:1.3.2) with DexingNoClasspathTransform
Transforming exifinterface-1.3.2.aar (androidx.exifinterface:exifinterface:1.3.2) with DexingNoClasspathTransform
Transforming exifinterface-1.3.2.aar (androidx.exifinterface:exifinterface:1.3.2) with DexingOutputSplitTransform
Transforming exifinterface-1.3.2.aar (androidx.exifinterface:exifinterface:1.3.2) with DexingOutputSplitTransform
Transforming interpolator-1.0.0.aar (androidx.interpolator:interpolator:1.0.0) with DexingNoClasspathTransform
Transforming interpolator-1.0.0.aar (androidx.interpolator:interpolator:1.0.0) with DexingNoClasspathTransform
Transforming interpolator-1.0.0.aar (androidx.interpolator:interpolator:1.0.0) with DexingOutputSplitTransform
Transforming interpolator-1.0.0.aar (androidx.interpolator:interpolator:1.0.0) with DexingOutputSplitTransform
Transforming profileinstaller-1.3.0.aar (androidx.profileinstaller:profileinstaller:1.3.0) with DexingNoClasspathTransform
Transforming core-common-2.2.0.jar (androidx.arch.core:core-common:2.2.0) with DexingOutputSplitTransform
Transforming profileinstaller-1.3.0.aar (androidx.profileinstaller:profileinstaller:1.3.0) with DexingOutputSplitTransform
Transforming transport-backend-cct-3.1.8.aar (com.google.android.datatransport:transport-backend-cct:3.1.8) with DexingNoClasspathTransform
Transforming transport-backend-cct-3.1.8.aar (com.google.android.datatransport:transport-backend-cct:3.1.8) with DexingOutputSplitTransform
Transforming transport-runtime-3.1.8.aar (com.google.android.datatransport:transport-runtime:3.1.8) with DexingNoClasspathTransform
Transforming transport-runtime-3.1.8.aar (com.google.android.datatransport:transport-runtime:3.1.8) with DexingOutputSplitTransform
Transforming transport-api-3.0.0.aar (com.google.android.datatransport:transport-api:3.0.0) with DexingNoClasspathTransform
Transforming transport-api-3.0.0.aar (com.google.android.datatransport:transport-api:3.0.0) with DexingOutputSplitTransform
Transforming startup-runtime-1.1.1.aar (androidx.startup:startup-runtime:1.1.1) with DexingNoClasspathTransform
Transforming startup-runtime-1.1.1.aar (androidx.startup:startup-runtime:1.1.1) with DexingOutputSplitTransform
Transforming cursoradapter-1.0.0.aar (androidx.cursoradapter:cursoradapter:1.0.0) with DexingNoClasspathTransform
Transforming cursoradapter-1.0.0.aar (androidx.cursoradapter:cursoradapter:1.0.0) with DexingOutputSplitTransform
Transforming firebase-components-16.1.0.aar (com.google.firebase:firebase-components:16.1.0) with DexingNoClasspathTransform
Transforming firebase-components-16.1.0.aar (com.google.firebase:firebase-components:16.1.0) with DexingOutputSplitTransform
Transforming concurrent-futures-1.1.0.jar (androidx.concurrent:concurrent-futures:1.1.0) with DexingOutputSplitTransform
Transforming tracing-1.0.0.aar (androidx.tracing:tracing:1.0.0) with DexingNoClasspathTransform
Transforming firebase-encoders-json-18.0.0.aar (com.google.firebase:firebase-encoders-json:18.0.0) with DexingNoClasspathTransform
Transforming tracing-1.0.0.aar (androidx.tracing:tracing:1.0.0) with DexingOutputSplitTransform
Transforming firebase-encoders-json-18.0.0.aar (com.google.firebase:firebase-encoders-json:18.0.0) with DexingOutputSplitTransform
Transforming firebase-encoders-proto-16.0.0.jar (com.google.firebase:firebase-encoders-proto:16.0.0) with DexingOutputSplitTransform
Transforming firebase-encoders-17.0.0.jar (com.google.firebase:firebase-encoders:17.0.0) with DexingOutputSplitTransform
Transforming annotation-jvm-1.7.0.jar (androidx.annotation:annotation-jvm:1.7.0) with DexingOutputSplitTransform
Transforming kotlin-stdlib-jdk7-1.8.22.jar (org.jetbrains.kotlin:kotlin-stdlib-jdk7:1.8.22) with DexingOutputSplitTransform
Transforming kotlin-stdlib-1.9.22.jar (org.jetbrains.kotlin:kotlin-stdlib:1.9.22) with DexingOutputSplitTransform
Transforming tensorflow-lite-support-0.4.4.aar (org.tensorflow:tensorflow-lite-support:0.4.4) with DexingNoClasspathTransform
Transforming tensorflow-lite-support-0.4.4.aar (org.tensorflow:tensorflow-lite-support:0.4.4) with DexingOutputSplitTransform
Transforming tensorflow-lite-gpu-2.14.0.aar (org.tensorflow:tensorflow-lite-gpu:2.14.0) with DexingNoClasspathTransform
Transforming tensorflow-lite-gpu-2.14.0.aar (org.tensorflow:tensorflow-lite-gpu:2.14.0) with DexingOutputSplitTransform
Transforming tensorflow-lite-2.14.0.aar (org.tensorflow:tensorflow-lite:2.14.0) with DexingNoClasspathTransform
Transforming tensorflow-lite-2.14.0.aar (org.tensorflow:tensorflow-lite:2.14.0) with DexingOutputSplitTransform
Transforming core-3.5.3.jar (com.google.zxing:core:3.5.3) with DexingOutputSplitTransform
Transforming annotations-23.0.0.jar (org.jetbrains:annotations:23.0.0) with DexingOutputSplitTransform
Transforming hilt-common-1.1.0.jar (androidx.hilt:hilt-common:1.1.0) with DexingOutputSplitTransform
Transforming hilt-core-2.50.jar (com.google.dagger:hilt-core:2.50) with DexingOutputSplitTransform
Transforming dagger-2.50.jar (com.google.dagger:dagger:2.50) with DexingOutputSplitTransform
Transforming dagger-lint-aar-2.50.aar (com.google.dagger:dagger-lint-aar:2.50) with DexingNoClasspathTransform
Transforming dagger-lint-aar-2.50.aar (com.google.dagger:dagger-lint-aar:2.50) with DexingOutputSplitTransform
Transforming jsr305-3.0.2.jar (com.google.code.findbugs:jsr305:3.0.2) with DexingOutputSplitTransform
Transforming javax.inject-1.jar (javax.inject:javax.inject:1) with DexingOutputSplitTransform
Transforming tensorflow-lite-support-api-0.4.4.aar (org.tensorflow:tensorflow-lite-support-api:0.4.4) with DexingNoClasspathTransform
Transforming tensorflow-lite-api-2.14.0.aar (org.tensorflow:tensorflow-lite-api:2.14.0) with DexingNoClasspathTransform
Transforming tensorflow-lite-support-api-0.4.4.aar (org.tensorflow:tensorflow-lite-support-api:0.4.4) with DexingOutputSplitTransform
Transforming tink-android-1.8.0.jar (com.google.crypto.tink:tink-android:1.8.0) with DexingOutputSplitTransform
Transforming tensorflow-lite-api-2.14.0.aar (org.tensorflow:tensorflow-lite-api:2.14.0) with DexingOutputSplitTransform
Transforming auto-value-annotations-1.6.3.jar (com.google.auto.value:auto-value-annotations:1.6.3) with DexingOutputSplitTransform
Transforming listenablefuture-1.0.jar (com.google.guava:listenablefuture:1.0) with DexingOutputSplitTransform
Transforming image-1.0.0-beta1.aar (com.google.android.odml:image:1.0.0-beta1) with DexingNoClasspathTransform
Transforming checker-qual-2.5.8.jar (org.checkerframework:checker-qual:2.5.8) with DexingOutputSplitTransform
Transforming image-1.0.0-beta1.aar (com.google.android.odml:image:1.0.0-beta1) with DexingNoClasspathTransform
Transforming image-1.0.0-beta1.aar (com.google.android.odml:image:1.0.0-beta1) with DexingOutputSplitTransform
Transforming image-1.0.0-beta1.aar (com.google.android.odml:image:1.0.0-beta1) with DexingOutputSplitTransform
Transforming firebase-annotations-16.0.0.jar (com.google.firebase:firebase-annotations:16.0.0) with DexingOutputSplitTransform
Transforming gson-2.8.9.jar (com.google.code.gson:gson:2.8.9) with DexingOutputSplitTransform
Transforming camera-lifecycle-1.3.1.aar (androidx.camera:camera-lifecycle:1.3.1) with DexingNoClasspathTransform
Transforming camera-lifecycle-1.3.1.aar (androidx.camera:camera-lifecycle:1.3.1) with DexingOutputSplitTransform
Transforming camera-view-1.3.1.aar (androidx.camera:camera-view:1.3.1) with DexingNoClasspathTransform
Transforming camera-view-1.3.1.aar (androidx.camera:camera-view:1.3.1) with DexingOutputSplitTransform
Build cache key for task ':app:mergeExtDexDebug' is 0341042ab950dcfe9ba29fed7d44c9fe
Task ':app:mergeExtDexDebug' is not up-to-date because:
  Output property 'outputDir' file C:\Users\Administrator\Desktop\new app - Copy - Copy\nsfw-shield\app\build\intermediates\dex\debug\mergeExtDexDebug has been removed.
  Output property 'outputDir' file C:\Users\Administrator\Desktop\new app - Copy - Copy\nsfw-shield\app\build\intermediates\dex\debug\mergeExtDexDebug\classes.dex has been removed.
  Output property 'outputDir' file C:\Users\Administrator\Desktop\new app - Copy - Copy\nsfw-shield\app\build\intermediates\dex\debug\mergeExtDexDebug\classes2.dex has been removed.
  and more...
Loaded cache entry for task ':app:mergeExtDexDebug' with cache key 0341042ab950dcfe9ba29fed7d44c9fe
Resolve mutations for :app:mergeLibDexDebug (Thread[#60,Execution worker Thread 2,5,main]) started.
:app:mergeLibDexDebug (Thread[#61,Execution worker Thread 3,5,main]) started.

> Task :app:mergeLibDexDebug FROM-CACHE
Build cache key for task ':app:mergeLibDexDebug' is 67c6f29362763db6c7d7fce5e289daf7
Task ':app:mergeLibDexDebug' is not up-to-date because:
  Output property 'outputDir' file C:\Users\Administrator\Desktop\new app - Copy - Copy\nsfw-shield\app\build\intermediates\dex\debug\mergeLibDexDebug has been removed.
  Output property 'outputDir' file C:\Users\Administrator\Desktop\new app - Copy - Copy\nsfw-shield\app\build\intermediates\dex\debug\mergeLibDexDebug\0 has been removed.
  Output property 'outputDir' file C:\Users\Administrator\Desktop\new app - Copy - Copy\nsfw-shield\app\build\intermediates\dex\debug\mergeLibDexDebug\1 has been removed.
  and more...
  and more...
  and more...
  and more...
  and more...
  and more...
  and more...
  and more...
  and more...
  and more...
  and more...
  and more...
  and more...
  and more...
Loaded cache entry for task ':app:mergeLibDexDebug' with cache key 67c6f29362763db6c7d7fce5e289daf7
Resolve mutations for :app:validateSigningDebug (Thread[#61,Execution worker Thread 3,5,main]) started.
:app:validateSigningDebug (Thread[#61,Execution worker Thread 3,5,main]) started.

> Task :app:validateSigningDebug
Caching disabled for task ':app:validateSigningDebug' because:
  Caching has been disabled for the task
Task ':app:validateSigningDebug' is not up-to-date because:
  Output property 'dummyOutputDirectory' file C:\Users\Administrator\Desktop\new app - Copy - Copy\nsfw-shield\app\build\intermediates\validate_signing_config\debug has been removed.
Resolve mutations for :app:writeDebugAppMetadata (Thread[#61,Execution worker Thread 3,5,main]) started.
:app:writeDebugAppMetadata (Thread[#61,Execution worker Thread 3,5,main]) started.

> Task :app:writeDebugAppMetadata
Caching disabled for task ':app:writeDebugAppMetadata' because:
  Caching has been disabled for the task
Task ':app:writeDebugAppMetadata' is not up-to-date because:
  Output property 'outputFile' file C:\Users\Administrator\Desktop\new app - Copy - Copy\nsfw-shield\app\build\intermediates\app_metadata\debug\app-metadata.properties has been removed.
Resolve mutations for :app:stripDebugDebugSymbols (Thread[#61,Execution worker Thread 3,5,main]) started.
:app:stripDebugDebugSymbols (Thread[#61,Execution worker Thread 3,5,main]) started.
Resolve mutations for :app:writeDebugSigningConfigVersions (Thread[#59,Execution worker,5,main]) started.
:app:writeDebugSigningConfigVersions (Thread[#59,Execution worker,5,main]) started.

> Task :app:writeDebugSigningConfigVersions
Caching disabled for task ':app:writeDebugSigningConfigVersions' because:
  Caching has been disabled for the task
Task ':app:writeDebugSigningConfigVersions' is not up-to-date because:
  Output property 'outputFile' file C:\Users\Administrator\Desktop\new app - Copy - Copy\nsfw-shield\app\build\intermediates\signing_config_versions\debug\signing-config-versions.json has been removed.

> Task :app:stripDebugDebugSymbols
Caching disabled for task ':app:stripDebugDebugSymbols' because:
  Caching has been disabled for the task
Task ':app:stripDebugDebugSymbols' is not up-to-date because:
  Output property 'outputDir' file C:\Users\Administrator\Desktop\new app - Copy - Copy\nsfw-shield\app\build\intermediates\stripped_native_libs\debug\out has been removed.
  Output property 'outputDir' file C:\Users\Administrator\Desktop\new app - Copy - Copy\nsfw-shield\app\build\intermediates\stripped_native_libs\debug\out\lib has been removed.
  Output property 'outputDir' file C:\Users\Administrator\Desktop\new app - Copy - Copy\nsfw-shield\app\build\intermediates\stripped_native_libs\debug\out\lib\arm64-v8a has been removed.
  and more...
  and more...
  and more...
  and more...
  and more...
  and more...
  and more...
  and more...
The input changes require a full rebuild for incremental task ':app:stripDebugDebugSymbols'.
C/C++: android.ndkVersion from module build.gradle is [25.1.8937393]
C/C++: android.ndkVersion from module build.gradle is [25.1.8937393]
C/C++: android.ndkPath from module build.gradle is not set
C/C++: android.ndkVersion from module build.gradle is [25.1.8937393]
C/C++: ndk.dir in local.properties is not set
C/C++: android.ndkPath from module build.gradle is not set
C/C++: Not considering ANDROID_NDK_HOME because support was removed after deprecation period.
C/C++: android.ndkPath from module build.gradle is not set
C/C++: ndk.dir in local.properties is not set
C/C++: ndk.dir in local.properties is not set
C/C++: Not considering ANDROID_NDK_HOME because support was removed after deprecation period.
C/C++: sdkFolder is C:\Users\Administrator\AppData\Local\Android\Sdk
C/C++: sdkFolder is C:\Users\Administrator\AppData\Local\Android\Sdk
C/C++: Not considering ANDROID_NDK_HOME because support was removed after deprecation period.
C/C++: sdkFolder is C:\Users\Administrator\AppData\Local\Android\Sdk
C/C++: Folder C:\Users\Administrator\AppData\Local\Android\Sdk\ndk\25.1.8937393 does not exist. Ignoring.
C/C++: Folder C:\Users\Administrator\AppData\Local\Android\Sdk\ndk-bundle does not exist. Ignoring.
C/C++: Folder C:\Users\Administrator\AppData\Local\Android\Sdk\ndk\25.1.8937393 does not exist. Ignoring.
C/C++: Folder C:\Users\Administrator\AppData\Local\Android\Sdk\ndk-bundle does not exist. Ignoring.
C/C++: Folder C:\Users\Administrator\AppData\Local\Android\Sdk\ndk\25.1.8937393 does not exist. Ignoring.
C/C++: Folder C:\Users\Administrator\AppData\Local\Android\Sdk\ndk-bundle does not exist. Ignoring.
Unable to strip library 'C:\Users\Administrator\Desktop\new app - Copy - Copy\nsfw-shield\app\build\intermediates\merged_native_libs\debug\out\lib\arm64-v8a\libimage_processing_util_jni.so' due to missing strip tool for ABI 'arm64-v8a'. Packaging it as is.
Unable to strip library 'C:\Users\Administrator\Desktop\new app - Copy - Copy\nsfw-shield\app\build\intermediates\merged_native_libs\debug\out\lib\arm64-v8a\libmlkit_google_ocr_pipeline.so' due to missing strip tool for ABI 'arm64-v8a'. Packaging it as is.
Unable to strip library 'C:\Users\Administrator\Desktop\new app - Copy - Copy\nsfw-shield\app\build\intermediates\merged_native_libs\debug\out\lib\arm64-v8a\libbarhopper_v3.so' due to missing strip tool for ABI 'arm64-v8a'. Packaging it as is.
C/C++: android.ndkVersion from module build.gradle is [25.1.8937393]
C/C++: android.ndkPath from module build.gradle is not set
C/C++: ndk.dir in local.properties is not set
C/C++: Not considering ANDROID_NDK_HOME because support was removed after deprecation period.
C/C++: sdkFolder is C:\Users\Administrator\AppData\Local\Android\Sdk
C/C++: Folder C:\Users\Administrator\AppData\Local\Android\Sdk\ndk\25.1.8937393 does not exist. Ignoring.
C/C++: Folder C:\Users\Administrator\AppData\Local\Android\Sdk\ndk-bundle does not exist. Ignoring.
Unable to strip library 'C:\Users\Administrator\Desktop\new app - Copy - Copy\nsfw-shield\app\build\intermediates\merged_native_libs\debug\out\lib\arm64-v8a\libtensorflowlite_jni.so' due to missing strip tool for ABI 'arm64-v8a'. Packaging it as is.
C/C++: android.ndkVersion from module build.gradle is [25.1.8937393]
C/C++: android.ndkPath from module build.gradle is not set
C/C++: ndk.dir in local.properties is not set
C/C++: Not considering ANDROID_NDK_HOME because support was removed after deprecation period.
C/C++: sdkFolder is C:\Users\Administrator\AppData\Local\Android\Sdk
C/C++: Folder C:\Users\Administrator\AppData\Local\Android\Sdk\ndk\25.1.8937393 does not exist. Ignoring.
C/C++: Folder C:\Users\Administrator\AppData\Local\Android\Sdk\ndk-bundle does not exist. Ignoring.
Unable to strip library 'C:\Users\Administrator\Desktop\new app - Copy - Copy\nsfw-shield\app\build\intermediates\merged_native_libs\debug\out\lib\armeabi-v7a\libbarhopper_v3.so' due to missing strip tool for ABI 'armeabi-v7a'. Packaging it as is.
C/C++: android.ndkVersion from module build.gradle is [25.1.8937393]
C/C++: android.ndkPath from module build.gradle is not set
C/C++: ndk.dir in local.properties is not set
C/C++: Not considering ANDROID_NDK_HOME because support was removed after deprecation period.
C/C++: sdkFolder is C:\Users\Administrator\AppData\Local\Android\Sdk
C/C++: Folder C:\Users\Administrator\AppData\Local\Android\Sdk\ndk\25.1.8937393 does not exist. Ignoring.
C/C++: Folder C:\Users\Administrator\AppData\Local\Android\Sdk\ndk-bundle does not exist. Ignoring.
Unable to strip library 'C:\Users\Administrator\Desktop\new app - Copy - Copy\nsfw-shield\app\build\intermediates\merged_native_libs\debug\out\lib\armeabi-v7a\libimage_processing_util_jni.so' due to missing strip tool for ABI 'armeabi-v7a'. Packaging it as is.
C/C++: android.ndkVersion from module build.gradle is [25.1.8937393]
C/C++: android.ndkPath from module build.gradle is not set
C/C++: ndk.dir in local.properties is not set
C/C++: Not considering ANDROID_NDK_HOME because support was removed after deprecation period.
C/C++: sdkFolder is C:\Users\Administrator\AppData\Local\Android\Sdk
C/C++: Folder C:\Users\Administrator\AppData\Local\Android\Sdk\ndk\25.1.8937393 does not exist. Ignoring.
C/C++: Folder C:\Users\Administrator\AppData\Local\Android\Sdk\ndk-bundle does not exist. Ignoring.
Unable to strip library 'C:\Users\Administrator\Desktop\new app - Copy - Copy\nsfw-shield\app\build\intermediates\merged_native_libs\debug\out\lib\armeabi-v7a\libmlkit_google_ocr_pipeline.so' due to missing strip tool for ABI 'armeabi-v7a'. Packaging it as is.
C/C++: android.ndkVersion from module build.gradle is [25.1.8937393]
C/C++: android.ndkPath from module build.gradle is not set
C/C++: ndk.dir in local.properties is not set
C/C++: Not considering ANDROID_NDK_HOME because support was removed after deprecation period.
C/C++: sdkFolder is C:\Users\Administrator\AppData\Local\Android\Sdk
C/C++: Folder C:\Users\Administrator\AppData\Local\Android\Sdk\ndk\25.1.8937393 does not exist. Ignoring.
C/C++: Folder C:\Users\Administrator\AppData\Local\Android\Sdk\ndk-bundle does not exist. Ignoring.
Unable to strip library 'C:\Users\Administrator\Desktop\new app - Copy - Copy\nsfw-shield\app\build\intermediates\merged_native_libs\debug\out\lib\armeabi-v7a\libtensorflowlite_gpu_jni.so' due to missing strip tool for ABI 'armeabi-v7a'. Packaging it as is.
C/C++: android.ndkVersion from module build.gradle is [25.1.8937393]
C/C++: android.ndkPath from module build.gradle is not set
C/C++: ndk.dir in local.properties is not set
C/C++: Not considering ANDROID_NDK_HOME because support was removed after deprecation period.
C/C++: sdkFolder is C:\Users\Administrator\AppData\Local\Android\Sdk
C/C++: Folder C:\Users\Administrator\AppData\Local\Android\Sdk\ndk\25.1.8937393 does not exist. Ignoring.
C/C++: Folder C:\Users\Administrator\AppData\Local\Android\Sdk\ndk-bundle does not exist. Ignoring.
Unable to strip library 'C:\Users\Administrator\Desktop\new app - Copy - Copy\nsfw-shield\app\build\intermediates\merged_native_libs\debug\out\lib\armeabi-v7a\libtensorflowlite_jni.so' due to missing strip tool for ABI 'armeabi-v7a'. Packaging it as is.
C/C++: android.ndkVersion from module build.gradle is [25.1.8937393]
C/C++: android.ndkPath from module build.gradle is not set
C/C++: ndk.dir in local.properties is not set
C/C++: Not considering ANDROID_NDK_HOME because support was removed after deprecation period.
C/C++: sdkFolder is C:\Users\Administrator\AppData\Local\Android\Sdk
C/C++: Folder C:\Users\Administrator\AppData\Local\Android\Sdk\ndk\25.1.8937393 does not exist. Ignoring.
C/C++: Folder C:\Users\Administrator\AppData\Local\Android\Sdk\ndk-bundle does not exist. Ignoring.
Unable to strip library 'C:\Users\Administrator\Desktop\new app - Copy - Copy\nsfw-shield\app\build\intermediates\merged_native_libs\debug\out\lib\x86\libbarhopper_v3.so' due to missing strip tool for ABI 'x86'. Packaging it as is.
C/C++: android.ndkVersion from module build.gradle is [25.1.8937393]
C/C++: android.ndkPath from module build.gradle is not set
C/C++: ndk.dir in local.properties is not set
C/C++: Not considering ANDROID_NDK_HOME because support was removed after deprecation period.
C/C++: sdkFolder is C:\Users\Administrator\AppData\Local\Android\Sdk
C/C++: Folder C:\Users\Administrator\AppData\Local\Android\Sdk\ndk\25.1.8937393 does not exist. Ignoring.
C/C++: Folder C:\Users\Administrator\AppData\Local\Android\Sdk\ndk-bundle does not exist. Ignoring.
Unable to strip library 'C:\Users\Administrator\Desktop\new app - Copy - Copy\nsfw-shield\app\build\intermediates\merged_native_libs\debug\out\lib\x86\libimage_processing_util_jni.so' due to missing strip tool for ABI 'x86'. Packaging it as is.
C/C++: android.ndkVersion from module build.gradle is [25.1.8937393]
C/C++: android.ndkPath from module build.gradle is not set
C/C++: ndk.dir in local.properties is not set
C/C++: Not considering ANDROID_NDK_HOME because support was removed after deprecation period.
C/C++: sdkFolder is C:\Users\Administrator\AppData\Local\Android\Sdk
C/C++: Folder C:\Users\Administrator\AppData\Local\Android\Sdk\ndk\25.1.8937393 does not exist. Ignoring.
C/C++: Folder C:\Users\Administrator\AppData\Local\Android\Sdk\ndk-bundle does not exist. Ignoring.
Unable to strip library 'C:\Users\Administrator\Desktop\new app - Copy - Copy\nsfw-shield\app\build\intermediates\merged_native_libs\debug\out\lib\arm64-v8a\libtensorflowlite_gpu_jni.so' due to missing strip tool for ABI 'arm64-v8a'. Packaging it as is.
C/C++: android.ndkVersion from module build.gradle is [25.1.8937393]
C/C++: android.ndkPath from module build.gradle is not set
C/C++: ndk.dir in local.properties is not set
C/C++: Not considering ANDROID_NDK_HOME because support was removed after deprecation period.
C/C++: sdkFolder is C:\Users\Administrator\AppData\Local\Android\Sdk
C/C++: Folder C:\Users\Administrator\AppData\Local\Android\Sdk\ndk\25.1.8937393 does not exist. Ignoring.
C/C++: Folder C:\Users\Administrator\AppData\Local\Android\Sdk\ndk-bundle does not exist. Ignoring.
exception: app\src\mai
n\java\com\nsfwshield\
app\network\BlocklistU
pdateScheduler.kt:41:3
7: error: unresolved 
reference: 
MIN_BACKOFF_MILLIS
exception:            
     PeriodicWorkReque
st.MIN_BACKOFF_MILLIS,
exception:            
                      
   ^

FAILURE: Build failed 
with an exception.
Unable to strip library 'C:\Users\Administrator\Desktop\new app - Copy - Copy\nsfw-shield\app\build\intermediates\merged_native_libs\debug\out\lib\x86\libmlkit_google_ocr_pipeline.so' due to missing strip tool for ABI 'x86'. Packaging it as is.
C/C++: android.ndkVersion from module build.gradle is [25.1.8937393]
C/C++: android.ndkPath from module build.gradle is not set

* What went wrong:
Execution failed for 
task ':app:compileDebu
gKotlin'.
> A failure occurred 
while executing org.je
tbrains.kotlin.compile
rRunner.GradleCompiler
RunnerWithWorkers$Grad
leKotlinCompilerWorkAc
tion
C/C++: ndk.dir in local.properties is not set
C/C++: Not considering ANDROID_NDK_HOME because support was removed after deprecation period.
C/C++: sdkFolder is C:\Users\Administrator\AppData\Local\Android\Sdk
C/C++: Folder C:\Users\Administrator\AppData\Local\Android\Sdk\ndk\25.1.8937393 does not exist. Ignoring.
C/C++: Folder C:\Users\Administrator\AppData\Local\Android\Sdk\ndk-bundle does not exist. Ignoring.
Unable to strip library 'C:\Users\Administrator\Desktop\new app - Copy - Copy\nsfw-shield\app\build\intermediates\merged_native_libs\debug\out\lib\x86\libtensorflowlite_gpu_jni.so' due to missing strip tool for ABI 'x86'. Packaging it as is.
   > Compilation 
error. See log for 
more details

* Try:
> Run with 
--stacktrace option 
to get the stack 
trace.
> Run with --debug 
option to get more 
log output.
C/C++: android.ndkVersion from module build.gradle is [25.1.8937393]
C/C++: android.ndkPath from module build.gradle is not set
C/C++: ndk.dir in local.properties is not set
C/C++: Not considering ANDROID_NDK_HOME because support was removed after deprecation period.
C/C++: sdkFolder is C:\Users\Administrator\AppData\Local\Android\Sdk
C/C++: Folder C:\Users\Administrator\AppData\Local\Android\Sdk\ndk\25.1.8937393 does not exist. Ignoring.
> Run with --scan to 
get full insights.
> Get more help at htt
ps://help.gradle.org.

BUILD FAILED in 5m 47s
C/C++: Folder C:\Users\Administrator\AppData\Local\Android\Sdk\ndk-bundle does not exist. Ignoring.
Unable to strip library 'C:\Users\Administrator\Desktop\new app - Copy - Copy\nsfw-shield\app\build\intermediates\merged_native_libs\debug\out\lib\x86\libtensorflowlite_jni.so' due to missing strip tool for ABI 'x86'. Packaging it as is.
C/C++: android.ndkVersion from module build.gradle is [25.1.8937393]
C/C++: android.ndkPath from module build.gradle is not set
C/C++: ndk.dir in local.properties is not set
C/C++: Not considering ANDROID_NDK_HOME because support was removed after deprecation period.
C/C++: sdkFolder is C:\Users\Administrator\AppData\Local\Android\Sdk
C/C++: Folder C:\Users\Administrator\AppData\Local\Android\Sdk\ndk\25.1.8937393 does not exist. Ignoring.
C/C++: Folder C:\Users\Administrator\AppData\Local\Android\Sdk\ndk-bundle does not exist. Ignoring.
Unable to strip library 'C:\Users\Administrator\Desktop\new app - Copy - Copy\nsfw-shield\app\build\intermediates\merged_native_libs\debug\out\lib\x86_64\libbarhopper_v3.so' due to missing strip tool for ABI 'x86_64'. Packaging it as is.
C/C++: android.ndkVersion from module build.gradle is [25.1.8937393]
C/C++: android.ndkPath from module build.gradle is not set
C/C++: ndk.dir in local.properties is not set
C/C++: Not considering ANDROID_NDK_HOME because support was removed after deprecation period.
C/C++: sdkFolder is C:\Users\Administrator\AppData\Local\Android\Sdk
C/C++: Folder C:\Users\Administrator\AppData\Local\Android\Sdk\ndk\25.1.8937393 does not exist. Ignoring.
C/C++: Folder C:\Users\Administrator\AppData\Local\Android\Sdk\ndk-bundle does not exist. Ignoring.
Unable to strip library 'C:\Users\Administrator\Desktop\new app - Copy - Copy\nsfw-shield\app\build\intermediates\merged_native_libs\debug\out\lib\x86_64\libmlkit_google_ocr_pipeline.so' due to missing strip tool for ABI 'x86_64'. Packaging it as is.
C/C++: android.ndkVersion from module build.gradle is [25.1.8937393]
C/C++: android.ndkPath from module build.gradle is not set
C/C++: ndk.dir in local.properties is not set
C/C++: Not considering ANDROID_NDK_HOME because support was removed after deprecation period.
C/C++: sdkFolder is C:\Users\Administrator\AppData\Local\Android\Sdk
C/C++: Folder C:\Users\Administrator\AppData\Local\Android\Sdk\ndk\25.1.8937393 does not exist. Ignoring.
C/C++: Folder C:\Users\Administrator\AppData\Local\Android\Sdk\ndk-bundle does not exist. Ignoring.
Unable to strip library 'C:\Users\Administrator\Desktop\new app - Copy - Copy\nsfw-shield\app\build\intermediates\merged_native_libs\debug\out\lib\x86_64\libtensorflowlite_gpu_jni.so' due to missing strip tool for ABI 'x86_64'. Packaging it as is.
C/C++: android.ndkVersion from module build.gradle is [25.1.8937393]
C/C++: android.ndkPath from module build.gradle is not set
C/C++: ndk.dir in local.properties is not set
C/C++: Not considering ANDROID_NDK_HOME because support was removed after deprecation period.
C/C++: sdkFolder is C:\Users\Administrator\AppData\Local\Android\Sdk
C/C++: Folder C:\Users\Administrator\AppData\Local\Android\Sdk\ndk\25.1.8937393 does not exist. Ignoring.
C/C++: Folder C:\Users\Administrator\AppData\Local\Android\Sdk\ndk-bundle does not exist. Ignoring.
Unable to strip library 'C:\Users\Administrator\Desktop\new app - Copy - Copy\nsfw-shield\app\build\intermediates\merged_native_libs\debug\out\lib\x86_64\libtensorflowlite_jni.so' due to missing strip tool for ABI 'x86_64'. Packaging it as is.
C/C++: android.ndkVersion from module build.gradle is [25.1.8937393]
C/C++: android.ndkPath from module build.gradle is not set
C/C++: ndk.dir in local.properties is not set
C/C++: Not considering ANDROID_NDK_HOME because support was removed after deprecation period.
C/C++: sdkFolder is C:\Users\Administrator\AppData\Local\Android\Sdk
C/C++: Folder C:\Users\Administrator\AppData\Local\Android\Sdk\ndk\25.1.8937393 does not exist. Ignoring.
C/C++: Folder C:\Users\Administrator\AppData\Local\Android\Sdk\ndk-bundle does not exist. Ignoring.
Unable to strip library 'C:\Users\Administrator\Desktop\new app - Copy - Copy\nsfw-shield\app\build\intermediates\merged_native_libs\debug\out\lib\x86_64\libimage_processing_util_jni.so' due to missing strip tool for ABI 'x86_64'. Packaging it as is.
Unable to strip the following libraries, packaging them as they are: libbarhopper_v3.so, libimage_processing_util_jni.so, libmlkit_google_ocr_pipeline.so, libtensorflowlite_gpu_jni.so, libtensorflowlite_jni.so.

> Task :app:compileDebugKotlin FAILED
[Incubating] Problems report is available at: file:///C:/Users/Administrator/Desktop/new%20app%20-%20Copy%20-%20Copy/nsfw-shield/build/reports/problems/problems-report.html

Deprecated Gradle features were used in this build, making it incompatible with Gradle 9.0.

You can use '--warning-mode all' to show the individual deprecation warnings and determine if they come from your own scripts or plugins.

For more on this, please refer to https://docs.gradle.org/8.11.1/userguide/command_line_interface.html#sec:command_line_warnings in the Gradle documentation.
30 actionable tasks: 12 executed, 18 from cache
Watched directory hierarchies: [C:\Users\Administrator\Desktop\new app - Copy - Copy\nsfw-shield]
